[1.763s] Invoking command in '/home/nvidia/Documents/ACC_Development/Development/ros2/src/qcar2_autonomy': AMENT_PREFIX_PATH=/home/nvidia/Documents/ACC_Development/Development/ros2/install/qcar2_interfaces CMAKE_PREFIX_PATH=/home/nvidia/Documents/ACC_Development/Development/ros2/install/qcar2_interfaces LD_LIBRARY_PATH=/home/nvidia/Documents/ACC_Development/Development/ros2/install/qcar2_interfaces/lib:/usr/local/cuda/lib64:/usr/local/cuda/lib64:/usr/local/cuda/lib64 PYTHONPATH=/home/nvidia/Documents/ACC_Development/Development/ros2/build/qcar2_autonomy/prefix_override:/usr/lib/python3/dist-packages/colcon_core/task/python/colcon_distutils_commands:/home/nvidia/Documents/ACC_Development/Development/ros2/install/qcar2_autonomy/lib/python3.8/site-packages:/home/nvidia/Documents/ACC_Development/Development/ros2/install/qcar2_interfaces/lib/python3.9/site-packages:${PYTHONPATH} /usr/bin/python3 -W ignore:setup.py install is deprecated setup.py egg_info --egg-base ../../build/qcar2_autonomy build --build-base /home/nvidia/Documents/ACC_Development/Development/ros2/build/qcar2_autonomy/build install --record /home/nvidia/Documents/ACC_Development/Development/ros2/build/qcar2_autonomy/install.log --single-version-externally-managed install_data
[2.323s] running egg_info
[2.341s] writing ../../build/qcar2_autonomy/qcar2_autonomy.egg-info/PKG-INFO
[2.341s] writing dependency_links to ../../build/qcar2_autonomy/qcar2_autonomy.egg-info/dependency_links.txt
[2.342s] writing entry points to ../../build/qcar2_autonomy/qcar2_autonomy.egg-info/entry_points.txt
[2.342s] writing requirements to ../../build/qcar2_autonomy/qcar2_autonomy.egg-info/requires.txt
[2.342s] writing top-level names to ../../build/qcar2_autonomy/qcar2_autonomy.egg-info/top_level.txt
[2.382s] reading manifest file '../../build/qcar2_autonomy/qcar2_autonomy.egg-info/SOURCES.txt'
[2.384s] writing manifest file '../../build/qcar2_autonomy/qcar2_autonomy.egg-info/SOURCES.txt'
[2.384s] running build
[2.384s] running build_py
[2.385s] copying autonomy/yolo_detector.py -> /home/nvidia/Documents/ACC_Development/Development/ros2/build/qcar2_autonomy/build/lib/autonomy
[2.386s] copying autonomy/cuda_utils.py -> /home/nvidia/Documents/ACC_Development/Development/ros2/build/qcar2_autonomy/build/lib/autonomy
[2.386s] copying autonomy/sidewalk_detection.py -> /home/nvidia/Documents/ACC_Development/Development/ros2/build/qcar2_autonomy/build/lib/autonomy
[2.386s] copying autonomy/lane_detection.py -> /home/nvidia/Documents/ACC_Development/Development/ros2/build/qcar2_autonomy/build/lib/autonomy
[2.387s] running install
[2.396s] running install_lib
[2.414s] copying /home/nvidia/Documents/ACC_Development/Development/ros2/build/qcar2_autonomy/build/lib/autonomy/yolo_detector.py -> /home/nvidia/Documents/ACC_Development/Development/ros2/install/qcar2_autonomy/lib/python3.8/site-packages/autonomy
[2.415s] copying /home/nvidia/Documents/ACC_Development/Development/ros2/build/qcar2_autonomy/build/lib/autonomy/cuda_utils.py -> /home/nvidia/Documents/ACC_Development/Development/ros2/install/qcar2_autonomy/lib/python3.8/site-packages/autonomy
[2.415s] copying /home/nvidia/Documents/ACC_Development/Development/ros2/build/qcar2_autonomy/build/lib/autonomy/sidewalk_detection.py -> /home/nvidia/Documents/ACC_Development/Development/ros2/install/qcar2_autonomy/lib/python3.8/site-packages/autonomy
[2.415s] copying /home/nvidia/Documents/ACC_Development/Development/ros2/build/qcar2_autonomy/build/lib/autonomy/lane_detection.py -> /home/nvidia/Documents/ACC_Development/Development/ros2/install/qcar2_autonomy/lib/python3.8/site-packages/autonomy
[2.416s] byte-compiling /home/nvidia/Documents/ACC_Development/Development/ros2/install/qcar2_autonomy/lib/python3.8/site-packages/autonomy/yolo_detector.py to yolo_detector.cpython-38.pyc
[2.420s] byte-compiling /home/nvidia/Documents/ACC_Development/Development/ros2/install/qcar2_autonomy/lib/python3.8/site-packages/autonomy/cuda_utils.py to cuda_utils.cpython-38.pyc
[2.422s] byte-compiling /home/nvidia/Documents/ACC_Development/Development/ros2/install/qcar2_autonomy/lib/python3.8/site-packages/autonomy/sidewalk_detection.py to sidewalk_detection.cpython-38.pyc
[2.424s] byte-compiling /home/nvidia/Documents/ACC_Development/Development/ros2/install/qcar2_autonomy/lib/python3.8/site-packages/autonomy/lane_detection.py to lane_detection.cpython-38.pyc
[2.426s] running install_data
[2.426s] copying launch/controller_drive_launch.py -> /home/nvidia/Documents/ACC_Development/Development/ros2/install/qcar2_autonomy/share/qcar2_autonomy/launch
[2.426s] copying launch/autonomy_planner_launch.py -> /home/nvidia/Documents/ACC_Development/Development/ros2/install/qcar2_autonomy/share/qcar2_autonomy/launch
[2.427s] running install_egg_info
[2.447s] removing '/home/nvidia/Documents/ACC_Development/Development/ros2/install/qcar2_autonomy/lib/python3.8/site-packages/qcar2_autonomy-0.0.0-py3.8.egg-info' (and everything under it)
[2.448s] Copying ../../build/qcar2_autonomy/qcar2_autonomy.egg-info to /home/nvidia/Documents/ACC_Development/Development/ros2/install/qcar2_autonomy/lib/python3.8/site-packages/qcar2_autonomy-0.0.0-py3.8.egg-info
[2.449s] running install_scripts
[2.557s] Installing auto_teach_mapper script to /home/nvidia/Documents/ACC_Development/Development/ros2/install/qcar2_autonomy/lib/qcar2_autonomy
[2.557s] Installing bev_csi_node script to /home/nvidia/Documents/ACC_Development/Development/ros2/install/qcar2_autonomy/lib/qcar2_autonomy
[2.558s] Installing bev_csi_seg script to /home/nvidia/Documents/ACC_Development/Development/ros2/install/qcar2_autonomy/lib/qcar2_autonomy
[2.558s] Installing controller_drive script to /home/nvidia/Documents/ACC_Development/Development/ros2/install/qcar2_autonomy/lib/qcar2_autonomy
[2.558s] Installing lane_assist_blend script to /home/nvidia/Documents/ACC_Development/Development/ros2/install/qcar2_autonomy/lib/qcar2_autonomy
[2.558s] Installing lane_detection script to /home/nvidia/Documents/ACC_Development/Development/ros2/install/qcar2_autonomy/lib/qcar2_autonomy
[2.559s] Installing lane_stanley_node script to /home/nvidia/Documents/ACC_Development/Development/ros2/install/qcar2_autonomy/lib/qcar2_autonomy
[2.559s] Installing manual_drive script to /home/nvidia/Documents/ACC_Development/Development/ros2/install/qcar2_autonomy/lib/qcar2_autonomy
[2.559s] Installing path_follower script to /home/nvidia/Documents/ACC_Development/Development/ros2/install/qcar2_autonomy/lib/qcar2_autonomy
[2.559s] Installing path_teacher script to /home/nvidia/Documents/ACC_Development/Development/ros2/install/qcar2_autonomy/lib/qcar2_autonomy
[2.559s] Installing recorded_map_visualizer script to /home/nvidia/Documents/ACC_Development/Development/ros2/install/qcar2_autonomy/lib/qcar2_autonomy
[2.559s] Installing sidewalk_detection script to /home/nvidia/Documents/ACC_Development/Development/ros2/install/qcar2_autonomy/lib/qcar2_autonomy
[2.560s] Installing stanley_live_plot script to /home/nvidia/Documents/ACC_Development/Development/ros2/install/qcar2_autonomy/lib/qcar2_autonomy
[2.560s] Installing traffic_system_detector script to /home/nvidia/Documents/ACC_Development/Development/ros2/install/qcar2_autonomy/lib/qcar2_autonomy
[2.560s] Installing trip_planner script to /home/nvidia/Documents/ACC_Development/Development/ros2/install/qcar2_autonomy/lib/qcar2_autonomy
[2.560s] Installing yolo_detector script to /home/nvidia/Documents/ACC_Development/Development/ros2/install/qcar2_autonomy/lib/qcar2_autonomy
[2.560s] writing list of installed files to '/home/nvidia/Documents/ACC_Development/Development/ros2/build/qcar2_autonomy/install.log'
[2.668s] Invoked command in '/home/nvidia/Documents/ACC_Development/Development/ros2/src/qcar2_autonomy' returned '0': AMENT_PREFIX_PATH=/home/nvidia/Documents/ACC_Development/Development/ros2/install/qcar2_interfaces CMAKE_PREFIX_PATH=/home/nvidia/Documents/ACC_Development/Development/ros2/install/qcar2_interfaces LD_LIBRARY_PATH=/home/nvidia/Documents/ACC_Development/Development/ros2/install/qcar2_interfaces/lib:/usr/local/cuda/lib64:/usr/local/cuda/lib64:/usr/local/cuda/lib64 PYTHONPATH=/home/nvidia/Documents/ACC_Development/Development/ros2/build/qcar2_autonomy/prefix_override:/usr/lib/python3/dist-packages/colcon_core/task/python/colcon_distutils_commands:/home/nvidia/Documents/ACC_Development/Development/ros2/install/qcar2_autonomy/lib/python3.8/site-packages:/home/nvidia/Documents/ACC_Development/Development/ros2/install/qcar2_interfaces/lib/python3.9/site-packages:${PYTHONPATH} /usr/bin/python3 -W ignore:setup.py install is deprecated setup.py egg_info --egg-base ../../build/qcar2_autonomy build --build-base /home/nvidia/Documents/ACC_Development/Development/ros2/build/qcar2_autonomy/build install --record /home/nvidia/Documents/ACC_Development/Development/ros2/build/qcar2_autonomy/install.log --single-version-externally-managed install_data
