[0.801s] Invoking command in '/workspaces/isaac_ros-dev/ros2/build/qcar2_perception': PYTHONPATH=/workspaces/isaac_ros-dev/ros2/build/qcar2_perception/prefix_override:/workspaces/isaac_ros-dev/ros2/install/qcar2_perception/lib/python3.8/site-packages:${PYTHONPATH} _=/usr/bin/env /usr/bin/python3 setup.py develop --editable --build-directory /workspaces/isaac_ros-dev/ros2/build/qcar2_perception/build --no-deps install_data
[0.975s] running develop
[1.080s] running egg_info
[1.085s] writing qcar2_perception.egg-info/PKG-INFO
[1.085s] writing dependency_links to qcar2_perception.egg-info/dependency_links.txt
[1.086s] writing entry points to qcar2_perception.egg-info/entry_points.txt
[1.086s] writing requirements to qcar2_perception.egg-info/requires.txt
[1.086s] writing top-level names to qcar2_perception.egg-info/top_level.txt
[1.096s] reading manifest file 'qcar2_perception.egg-info/SOURCES.txt'
[1.097s] writing manifest file 'qcar2_perception.egg-info/SOURCES.txt'
[1.121s] running build_ext
[1.121s] Creating /workspaces/isaac_ros-dev/ros2/install/qcar2_perception/lib/python3.8/site-packages/qcar2-perception.egg-link (link to .)
[1.121s] Installing car_stop script to /workspaces/isaac_ros-dev/ros2/install/qcar2_perception/lib/qcar2_perception
[1.121s] Installing cmd_vel_blender script to /workspaces/isaac_ros-dev/ros2/install/qcar2_perception/lib/qcar2_perception
[1.121s] Installing d435_aligned_source script to /workspaces/isaac_ros-dev/ros2/install/qcar2_perception/lib/qcar2_perception
[1.121s] Installing lane_detector script to /workspaces/isaac_ros-dev/ros2/install/qcar2_perception/lib/qcar2_perception
[1.121s] Installing lane_stanley_controller script to /workspaces/isaac_ros-dev/ros2/install/qcar2_perception/lib/qcar2_perception
[1.121s] Installing object_3d_estimator script to /workspaces/isaac_ros-dev/ros2/install/qcar2_perception/lib/qcar2_perception
[1.121s] Installing perception_behavior_interface script to /workspaces/isaac_ros-dev/ros2/install/qcar2_perception/lib/qcar2_perception
[1.122s] Installing semantic_consistency_monitor script to /workspaces/isaac_ros-dev/ros2/install/qcar2_perception/lib/qcar2_perception
[1.122s] Installing semantic_landmark_mapper script to /workspaces/isaac_ros-dev/ros2/install/qcar2_perception/lib/qcar2_perception
[1.122s] Installing semantic_yolo_detector script to /workspaces/isaac_ros-dev/ros2/install/qcar2_perception/lib/qcar2_perception
[1.122s] 
[1.122s] Installed /workspaces/isaac_ros-dev/ros2/build/qcar2_perception
[1.122s] running install_data
[1.158s] Invoked command in '/workspaces/isaac_ros-dev/ros2/build/qcar2_perception' returned '0': PYTHONPATH=/workspaces/isaac_ros-dev/ros2/build/qcar2_perception/prefix_override:/workspaces/isaac_ros-dev/ros2/install/qcar2_perception/lib/python3.8/site-packages:${PYTHONPATH} _=/usr/bin/env /usr/bin/python3 setup.py develop --editable --build-directory /workspaces/isaac_ros-dev/ros2/build/qcar2_perception/build --no-deps install_data
