[0.000000] (-) TimerEvent: {}
[0.000177] (-) JobUnselected: {'identifier': 'qcar2_interfaces'}
[0.000382] (-) JobUnselected: {'identifier': 'qcar2_nodes'}
[0.000421] (-) JobUnselected: {'identifier': 'qcar2_perception'}
[0.000463] (qcar2_autonomy) JobQueued: {'identifier': 'qcar2_autonomy', 'dependencies': OrderedDict([('qcar2_interfaces', '/workspaces/isaac_ros-dev/ros2/install/qcar2_interfaces')])}
[0.000593] (qcar2_autonomy) JobStarted: {'identifier': 'qcar2_autonomy'}
[0.099929] (-) TimerEvent: {}
[0.200232] (-) TimerEvent: {}
[0.300492] (-) TimerEvent: {}
[0.400785] (-) TimerEvent: {}
[0.500996] (-) TimerEvent: {}
[0.601221] (-) TimerEvent: {}
[0.701765] (-) TimerEvent: {}
[0.703042] (qcar2_autonomy) Command: {'cmd': ['/usr/bin/python3', 'setup.py', 'develop', '--editable', '--build-directory', '/workspaces/isaac_ros-dev/ros2/build/qcar2_autonomy/build', '--no-deps', 'install_data'], 'cwd': '/workspaces/isaac_ros-dev/ros2/build/qcar2_autonomy', 'env': {'NPP_VERSION': '11.8.0.86', 'SHELL': '/bin/bash', 'ROS_VERSION': '2', 'NVIDIA_VISIBLE_DEVICES': 'all', 'DALI_BUILD': '5838886', 'CUSOLVER_VERSION': '11.4.1.48', 'USER_UID': '1000', 'CUBLAS_VERSION': '11.11.3.6', 'PKG_CONFIG_PATH': '/workspace/cartographer_ws/install/cartographer/lib/x86_64-linux-gnu/pkgconfig:/workspace/cartographer_ws/install/cartographer/lib/pkgconfig', 'ROS_PYTHON_VERSION': '3', 'HOSTNAME': 'bp02-ubuntu-ROG-Strix-G16-G615LR-G615LR', 'FASTRTPS_DEFAULT_PROFILES_FILE': '/usr/local/share/middleware_profiles/rtps_udp_profile.xml', 'DCGM_VERSION': '2.2.9', 'NVIDIA_REQUIRE_CUDA': 'cuda>=9.0', 'CUFFT_VERSION': '10.9.0.58', 'CUDA_CACHE_DISABLE': '1', 'NCCL_VERSION': '2.15.1', 'CUSPARSE_VERSION': '11.7.5.86', 'ENV': '/etc/shinit_v2', 'PWD': '/workspaces/isaac_ros-dev/ros2/build/qcar2_autonomy', 'OPENUCX_VERSION': '1.14.0', 'NSIGHT_SYSTEMS_VERSION': '2022.3.1.43', 'NVIDIA_DRIVER_CAPABILITIES': 'all', 'ROS_DOMAIN_ID': '69', 'POLYGRAPHY_VERSION': '0.38.0', 'TF_ENABLE_WINOGRAD_NONFUSED': '1', 'TRT_VERSION': '8.5.0.12', 'USER_GID': '1000', 'NVIDIA_PRODUCT_NAME': 'Triton Server', 'RDMACORE_VERSION': '36.0', 'HOME': '/home/admin', 'USERNAME': 'admin', 'LANG': 'en_US.UTF-8', 'CUDA_VERSION': '11.8.0.062', 'CURAND_VERSION': '10.3.0.86', 'AMENT_PREFIX_PATH': '/workspaces/isaac_ros-dev/ros2/install/qcar2_perception:/workspaces/isaac_ros-dev/ros2/install/qcar2_nodes:/workspaces/isaac_ros-dev/ros2/install/qcar2_autonomy:/workspaces/isaac_ros-dev/ros2/install/qcar2_interfaces:/workspace/cartographer_ws/install/perception_pcl:/workspace/cartographer_ws/install/pcl_ros:/workspace/cartographer_ws/install/cartographer_rviz:/workspace/cartographer_ws/install/cartographer_ros:/workspace/cartographer_ws/install/pcl_conversions:/workspace/cartographer_ws/install/pcl_msgs:/workspace/cartographer_ws/install/isaac_ros_test:/workspace/cartographer_ws/install/isaac_ros_tensor_list_interfaces:/workspace/cartographer_ws/install/isaac_ros_pointcloud_interfaces:/workspace/cartographer_ws/install/isaac_ros_nova_interfaces:/workspace/cartographer_ws/install/isaac_ros_nitros_bridge_interfaces:/workspace/cartographer_ws/install/isaac_ros_common:/workspace/cartographer_ws/install/isaac_ros_bi3d_interfaces:/workspace/cartographer_ws/install/isaac_ros_apriltag_interfaces:/workspace/cartographer_ws/install/control_msgs:/workspace/cartographer_ws/install/cartographer_ros_msgs:/opt/ros/humble', 'CMAKE_PREFIX_PATH': '/workspaces/isaac_ros-dev/ros2/install/qcar2_interfaces:/workspaces/isaac_ros-dev/ros2/install/qcar2_nodes:/workspace/cartographer_ws/install/perception_pcl:/workspace/cartographer_ws/install/pcl_ros:/workspace/cartographer_ws/install/cartographer_rviz:/workspace/cartographer_ws/install/cartographer_ros:/workspace/cartographer_ws/install/pcl_conversions:/workspace/cartographer_ws/install/pcl_msgs:/workspace/cartographer_ws/install/isaac_ros_tensor_list_interfaces:/workspace/cartographer_ws/install/isaac_ros_pointcloud_interfaces:/workspace/cartographer_ws/install/isaac_ros_nova_interfaces:/workspace/cartographer_ws/install/isaac_ros_nitros_bridge_interfaces:/workspace/cartographer_ws/install/isaac_ros_common:/workspace/cartographer_ws/install/isaac_ros_bi3d_interfaces:/workspace/cartographer_ws/install/isaac_ros_apriltag_interfaces:/workspace/cartographer_ws/install/control_msgs:/workspace/cartographer_ws/install/cartographer_ros_msgs:/workspace/cartographer_ws/install/cartographer:/workspace/cartographer_ws/install/absl', 'COLCON_PREFIX_PATH': '/workspaces/isaac_ros-dev/ros2/install:/workspace/cartographer_ws/install:/workspaces/isaac_ros-dev/install', 'CUTENSOR_VERSION': '1.6.1.5', 'TRITON_SERVER_GPU_ENABLED': '1', 'HPCX_VERSION': '2.12.1a0', 'PYTHONPATH': '/workspaces/isaac_ros-dev/ros2/build/qcar2_autonomy/prefix_override:/workspaces/isaac_ros-dev/ros2/install/qcar2_autonomy/lib/python3.8/site-packages:/workspaces/isaac_ros-dev/ros2/install/qcar2_interfaces/lib/python3.8/site-packages:/workspaces/isaac_ros-dev/ros2/build/qcar2_perception:/workspaces/isaac_ros-dev/ros2/install/qcar2_perception/lib/python3.8/site-packages:/workspaces/isaac_ros-dev/ros2/build/qcar2_autonomy:/workspaces/isaac_ros-dev/ros2/install/qcar2_autonomy/lib/python3.8/site-packages:/workspace/cartographer_ws/install/pcl_msgs/lib/python3.8/site-packages:/workspace/cartographer_ws/build/isaac_ros_test:/workspace/cartographer_ws/install/isaac_ros_test/lib/python3.8/site-packages:/workspace/cartographer_ws/install/isaac_ros_tensor_list_interfaces/lib/python3.8/site-packages:/workspace/cartographer_ws/install/isaac_ros_pointcloud_interfaces/lib/python3.8/site-packages:/workspace/cartographer_ws/install/isaac_ros_nova_interfaces/lib/python3.8/site-packages:/workspace/cartographer_ws/install/isaac_ros_nitros_bridge_interfaces/lib/python3.8/site-packages:/workspace/cartographer_ws/install/isaac_ros_bi3d_interfaces/lib/python3.8/site-packages:/workspace/cartographer_ws/install/isaac_ros_apriltag_interfaces/lib/python3.8/site-packages:/workspace/cartographer_ws/install/control_msgs/lib/python3.8/site-packages:/workspace/cartographer_ws/install/cartographer_ros_msgs/lib/python3.8/site-packages:/opt/ros/humble/lib/python3.8/site-packages:/home/Quanser/0_libraries/python', 'COLCON': '1', 'TERM': 'xterm', 'TRITON_SERVER_VERSION': '2.26.0', 'GDRCOPY_VERSION': '2.3', 'USER': 'bp02-ubuntu', 'OPENMPI_VERSION': '4.1.4', 'NVJPEG_VERSION': '11.9.0.86', 'LIBRARY_PATH': '/usr/local/cuda/lib64/stubs:', 'DISPLAY': ':1', 'SHLVL': '1', 'BASH_ENV': '/etc/bash.bashrc', 'TF_AUTOTUNE_THRESHOLD': '2', 'CUDNN_VERSION': '8.6.0.163', 'NSIGHT_COMPUTE_VERSION': '2022.3.0.22', 'DALI_VERSION': '1.17.0', 'NVIDIA_TRITON_SERVER_VERSION': '22.09', 'LD_LIBRARY_PATH': '/workspaces/isaac_ros-dev/ros2/install/qcar2_interfaces/lib:/workspace/cartographer_ws/install/pcl_ros/lib:/workspace/cartographer_ws/install/cartographer_rviz/lib:/workspace/cartographer_ws/install/cartographer_ros/lib:/workspace/cartographer_ws/install/pcl_msgs/lib:/workspace/cartographer_ws/install/isaac_ros_tensor_list_interfaces/lib:/workspace/cartographer_ws/install/isaac_ros_pointcloud_interfaces/lib:/workspace/cartographer_ws/install/isaac_ros_nova_interfaces/lib:/workspace/cartographer_ws/install/isaac_ros_nitros_bridge_interfaces/lib:/workspace/cartographer_ws/install/isaac_ros_common/lib:/workspace/cartographer_ws/install/isaac_ros_bi3d_interfaces/lib:/workspace/cartographer_ws/install/isaac_ros_apriltag_interfaces/lib:/workspace/cartographer_ws/install/control_msgs/lib:/workspace/cartographer_ws/install/cartographer_ros_msgs/lib:/opt/ros/humble/opt/rviz_ogre_vendor/lib:/opt/ros/humble/lib/x86_64-linux-gnu:/opt/ros/humble/lib:/opt/tritonserver/backends/onnxruntime:/usr/local/cuda/compat/lib:/usr/local/nvidia/lib:/usr/local/nvidia/lib64:/opt/tritonserver/lib', 'NVIDIA_BUILD_ID': '44909143', 'ROS_LOCALHOST_ONLY': '0', 'OMPI_MCA_coll_hcoll_enable': '0', 'OPAL_PREFIX': '/opt/hpcx/ompi', 'CUDA_DRIVER_VERSION': '520.61.03', '_CUDA_COMPAT_PATH': '/usr/local/cuda/compat', 'PATH': '/workspace/cartographer_ws/install/cartographer/bin:/opt/ros/humble/bin:/opt/tritonserver/bin:/usr/local/mpi/bin:/usr/local/nvidia/bin:/usr/local/cuda/bin:/usr/local/sbin:/usr/local/bin:/usr/sbin:/usr/bin:/sbin:/bin:/usr/local/ucx/bin:/opt/nvidia/tao', 'TRITON_SERVER_USER': 'triton-server', 'PYTHONWARNINGS': 'ignore:::setuptools.command.install,ignore:::setuptools.command.easy_install,ignore:::pkg_resources', 'MOFED_VERSION': '5.4-rdmacore36.0', 'TRTOSS_VERSION': '', 'DEBIAN_FRONTEND': 'noninteractive', 'ROS_ROOT': '/opt/ros/humble', 'ROS_DISTRO': 'humble', 'TF_ADJUST_HUE_FUSED': '1', 'TF_ADJUST_SATURATION_FUSED': '1', 'SHARP_COLL_ENABLE_CUDA': '0', 'RMW_IMPLEMENTATION': 'rmw_fastrtps_cpp', 'OLDPWD': '/workspaces/isaac_ros-dev/ros2', '_': '/usr/bin/env'}, 'shell': False}
[0.801893] (-) TimerEvent: {}
[0.902154] (-) TimerEvent: {}
[0.903388] (qcar2_autonomy) StdoutLine: {'line': b'running develop\n'}
[1.002240] (-) TimerEvent: {}
[1.017053] (qcar2_autonomy) StdoutLine: {'line': b'running egg_info\n'}
[1.017218] (qcar2_autonomy) StdoutLine: {'line': b'creating qcar2_autonomy.egg-info\n'}
[1.022401] (qcar2_autonomy) StdoutLine: {'line': b'writing qcar2_autonomy.egg-info/PKG-INFO\n'}
[1.022546] (qcar2_autonomy) StdoutLine: {'line': b'writing dependency_links to qcar2_autonomy.egg-info/dependency_links.txt\n'}
[1.022710] (qcar2_autonomy) StdoutLine: {'line': b'writing entry points to qcar2_autonomy.egg-info/entry_points.txt\n'}
[1.022752] (qcar2_autonomy) StdoutLine: {'line': b'writing requirements to qcar2_autonomy.egg-info/requires.txt\n'}
[1.022791] (qcar2_autonomy) StdoutLine: {'line': b'writing top-level names to qcar2_autonomy.egg-info/top_level.txt\n'}
[1.022845] (qcar2_autonomy) StdoutLine: {'line': b"writing manifest file 'qcar2_autonomy.egg-info/SOURCES.txt'\n"}
[1.034021] (qcar2_autonomy) StdoutLine: {'line': b"reading manifest file 'qcar2_autonomy.egg-info/SOURCES.txt'\n"}
[1.034468] (qcar2_autonomy) StdoutLine: {'line': b"writing manifest file 'qcar2_autonomy.egg-info/SOURCES.txt'\n"}
[1.059416] (qcar2_autonomy) StdoutLine: {'line': b'running build_ext\n'}
[1.059544] (qcar2_autonomy) StdoutLine: {'line': b'Creating /workspaces/isaac_ros-dev/ros2/install/qcar2_autonomy/lib/python3.8/site-packages/qcar2-autonomy.egg-link (link to .)\n'}
[1.059915] (qcar2_autonomy) StdoutLine: {'line': b'Installing bev_csi_node script to /workspaces/isaac_ros-dev/ros2/install/qcar2_autonomy/lib/qcar2_autonomy\n'}
[1.060037] (qcar2_autonomy) StdoutLine: {'line': b'Installing bev_csi_seg script to /workspaces/isaac_ros-dev/ros2/install/qcar2_autonomy/lib/qcar2_autonomy\n'}
[1.060095] (qcar2_autonomy) StdoutLine: {'line': b'Installing controller_watchdog script to /workspaces/isaac_ros-dev/ros2/install/qcar2_autonomy/lib/qcar2_autonomy\n'}
[1.060146] (qcar2_autonomy) StdoutLine: {'line': b'Installing ekf_fusor script to /workspaces/isaac_ros-dev/ros2/install/qcar2_autonomy/lib/qcar2_autonomy\n'}
[1.060192] (qcar2_autonomy) StdoutLine: {'line': b'Installing lane_detection script to /workspaces/isaac_ros-dev/ros2/install/qcar2_autonomy/lib/qcar2_autonomy\n'}
[1.060241] (qcar2_autonomy) StdoutLine: {'line': b'Installing lane_stanley_node script to /workspaces/isaac_ros-dev/ros2/install/qcar2_autonomy/lib/qcar2_autonomy\n'}
[1.060289] (qcar2_autonomy) StdoutLine: {'line': b'Installing manual_drive script to /workspaces/isaac_ros-dev/ros2/install/qcar2_autonomy/lib/qcar2_autonomy\n'}
[1.060332] (qcar2_autonomy) StdoutLine: {'line': b'Installing path_follower script to /workspaces/isaac_ros-dev/ros2/install/qcar2_autonomy/lib/qcar2_autonomy\n'}
[1.060373] (qcar2_autonomy) StdoutLine: {'line': b'Installing pose_estimator script to /workspaces/isaac_ros-dev/ros2/install/qcar2_autonomy/lib/qcar2_autonomy\n'}
[1.060416] (qcar2_autonomy) StdoutLine: {'line': b'Installing qcar2_ekf_odometry script to /workspaces/isaac_ros-dev/ros2/install/qcar2_autonomy/lib/qcar2_autonomy\n'}
[1.060456] (qcar2_autonomy) StdoutLine: {'line': b'Installing roadmap_alignment_node script to /workspaces/isaac_ros-dev/ros2/install/qcar2_autonomy/lib/qcar2_autonomy\n'}
[1.060497] (qcar2_autonomy) StdoutLine: {'line': b'Installing sidewalk_detection script to /workspaces/isaac_ros-dev/ros2/install/qcar2_autonomy/lib/qcar2_autonomy\n'}
[1.060538] (qcar2_autonomy) StdoutLine: {'line': b'Installing stanley_live_plot script to /workspaces/isaac_ros-dev/ros2/install/qcar2_autonomy/lib/qcar2_autonomy\n'}
[1.060585] (qcar2_autonomy) StdoutLine: {'line': b'Installing trip_planner script to /workspaces/isaac_ros-dev/ros2/install/qcar2_autonomy/lib/qcar2_autonomy\n'}
[1.060622] (qcar2_autonomy) StdoutLine: {'line': b'Installing visual_odometry script to /workspaces/isaac_ros-dev/ros2/install/qcar2_autonomy/lib/qcar2_autonomy\n'}
[1.060690] (qcar2_autonomy) StdoutLine: {'line': b'\n'}
[1.060729] (qcar2_autonomy) StdoutLine: {'line': b'Installed /workspaces/isaac_ros-dev/ros2/build/qcar2_autonomy\n'}
[1.060758] (qcar2_autonomy) StdoutLine: {'line': b'running install_data\n'}
[1.060795] (qcar2_autonomy) StdoutLine: {'line': b'creating /workspaces/isaac_ros-dev/ros2/install/qcar2_autonomy/share/ament_index\n'}
[1.060840] (qcar2_autonomy) StdoutLine: {'line': b'creating /workspaces/isaac_ros-dev/ros2/install/qcar2_autonomy/share/ament_index/resource_index\n'}
[1.060873] (qcar2_autonomy) StdoutLine: {'line': b'creating /workspaces/isaac_ros-dev/ros2/install/qcar2_autonomy/share/ament_index/resource_index/packages\n'}
[1.060938] (qcar2_autonomy) StdoutLine: {'line': b'copying resource/qcar2_autonomy -> /workspaces/isaac_ros-dev/ros2/install/qcar2_autonomy/share/ament_index/resource_index/packages\n'}
[1.060968] (qcar2_autonomy) StdoutLine: {'line': b'copying package.xml -> /workspaces/isaac_ros-dev/ros2/install/qcar2_autonomy/share/qcar2_autonomy\n'}
[1.061011] (qcar2_autonomy) StdoutLine: {'line': b'creating /workspaces/isaac_ros-dev/ros2/install/qcar2_autonomy/share/qcar2_autonomy/launch\n'}
[1.061051] (qcar2_autonomy) StdoutLine: {'line': b'copying launch/autonomy_planner_launch.py -> /workspaces/isaac_ros-dev/ros2/install/qcar2_autonomy/share/qcar2_autonomy/launch\n'}
[1.061091] (qcar2_autonomy) StdoutLine: {'line': b'copying launch/realsense_static_tf_launch.py -> /workspaces/isaac_ros-dev/ros2/install/qcar2_autonomy/share/qcar2_autonomy/launch\n'}
[1.061137] (qcar2_autonomy) StdoutLine: {'line': b'creating /workspaces/isaac_ros-dev/ros2/install/qcar2_autonomy/share/qcar2_autonomy/models\n'}
[1.061165] (qcar2_autonomy) StdoutLine: {'line': b'copying models/yoloObjDetBP01.pt -> /workspaces/isaac_ros-dev/ros2/install/qcar2_autonomy/share/qcar2_autonomy/models\n'}
[1.080863] (qcar2_autonomy) StdoutLine: {'line': b'copying models/lane_seg_yolo.pt -> /workspaces/isaac_ros-dev/ros2/install/qcar2_autonomy/share/qcar2_autonomy/models\n'}
[1.093382] (qcar2_autonomy) StdoutLine: {'line': b'copying models/quanser_yolov8s-seg.pt -> /workspaces/isaac_ros-dev/ros2/install/qcar2_autonomy/share/qcar2_autonomy/models\n'}
[1.102297] (-) TimerEvent: {}
[1.202493] (-) TimerEvent: {}
[1.221768] (qcar2_autonomy) StdoutLine: {'line': b'copying models/quanser_yolov8s-seg.onnx -> /workspaces/isaac_ros-dev/ros2/install/qcar2_autonomy/share/qcar2_autonomy/models\n'}
[1.302579] (-) TimerEvent: {}
[1.399651] (qcar2_autonomy) StdoutLine: {'line': b'copying models/sidewalk_seg_yolo.pt -> /workspaces/isaac_ros-dev/ros2/install/qcar2_autonomy/share/qcar2_autonomy/models\n'}
[1.402647] (-) TimerEvent: {}
[1.448757] (qcar2_autonomy) CommandEnded: {'returncode': 0}
[1.482180] (qcar2_autonomy) JobEnded: {'identifier': 'qcar2_autonomy', 'rc': 0}
[1.482684] (-) EventReactorShutdown: {}
