[0.060s] Invoking command in '/workspaces/isaac_ros-dev/build/gxf_isaac_timestamp_correlator': CMAKE_PREFIX_PATH=${CMAKE_PREFIX_PATH}:/workspaces/isaac_ros-dev/install/qcar2_autonomy:/workspace/cartographer_ws/install/isaac_ros_test:/opt/ros/humble /usr/bin/cmake /workspaces/isaac_ros-dev/ros2/src/isaac_ros_nitros/isaac_ros_gxf_extensions/gxf_isaac_timestamp_correlator -DCMAKE_INSTALL_PREFIX=/workspaces/isaac_ros-dev/install/gxf_isaac_timestamp_correlator
[0.099s] -- The C compiler identification is GNU 9.4.0
[0.140s] -- The CXX compiler identification is GNU 9.4.0
[0.144s] -- Detecting C compiler ABI info
[0.185s] -- Detecting C compiler ABI info - done
[0.190s] -- Check for working C compiler: /usr/bin/cc - skipped
[0.190s] -- Detecting C compile features
[0.190s] -- Detecting C compile features - done
[0.192s] -- Detecting CXX compiler ABI info
[0.239s] -- Detecting CXX compiler ABI info - done
[0.245s] -- Check for working CXX compiler: /usr/bin/c++ - skipped
[0.245s] -- Detecting CXX compile features
[0.245s] -- Detecting CXX compile features - done
[0.247s] -- Found ament_cmake_auto: 1.3.5 (/opt/ros/humble/share/ament_cmake_auto/cmake)
[0.721s] -- Found Python3: /usr/bin/python3.8 (found version "3.8.10") found components: Interpreter 
[0.841s] -- Loading isaac_ros_common extras
[0.841s] -- CMAKE_BUILD_TYPE: Release
[0.855s] -- Looking for pthread.h
[0.901s] -- Looking for pthread.h - found
[0.902s] -- Performing Test CMAKE_HAVE_LIBC_PTHREAD
[0.947s] -- Performing Test CMAKE_HAVE_LIBC_PTHREAD - Failed
[0.948s] -- Looking for pthread_create in pthreads
[0.981s] -- Looking for pthread_create in pthreads - not found
[0.981s] -- Looking for pthread_create in pthread
[1.031s] -- Looking for pthread_create in pthread - found
[1.032s] -- Found Threads: TRUE  
[1.044s] -- Found CUDA: /usr/local/cuda (found version "11.8") 
[1.044s] -- Loading isaac_ros_common extras (modules)
[1.085s] -- Found rosidl_generator_c: 3.1.5 (/opt/ros/humble/share/rosidl_generator_c/cmake)
[1.090s] -- Found rosidl_adapter: 3.1.5 (/opt/ros/humble/share/rosidl_adapter/cmake)
[1.098s] -- Found rosidl_generator_cpp: 3.1.5 (/opt/ros/humble/share/rosidl_generator_cpp/cmake)
[1.109s] -- Using all available rosidl_typesupport_c: rosidl_typesupport_fastrtps_c;rosidl_typesupport_introspection_c
[1.126s] -- Using all available rosidl_typesupport_cpp: rosidl_typesupport_fastrtps_cpp;rosidl_typesupport_introspection_cpp
[1.185s] -- Found rmw_implementation_cmake: 6.1.1 (/opt/ros/humble/share/rmw_implementation_cmake/cmake)
[1.188s] -- Found rmw_fastrtps_cpp: 6.2.4 (/opt/ros/humble/share/rmw_fastrtps_cpp/cmake)
[1.308s] -- Found OpenSSL: /usr/lib/x86_64-linux-gnu/libcrypto.so (found version "1.1.1f")  
[1.333s] -- Found FastRTPS: /opt/ros/humble/include  
[1.383s] -- Using RMW implementation 'rmw_fastrtps_cpp' as default
[1.501s] -- Configuring done
[1.504s] -- Generating done
[1.505s] -- Build files have been written to: /workspaces/isaac_ros-dev/build/gxf_isaac_timestamp_correlator
[1.510s] Invoked command in '/workspaces/isaac_ros-dev/build/gxf_isaac_timestamp_correlator' returned '0': CMAKE_PREFIX_PATH=${CMAKE_PREFIX_PATH}:/workspaces/isaac_ros-dev/install/qcar2_autonomy:/workspace/cartographer_ws/install/isaac_ros_test:/opt/ros/humble /usr/bin/cmake /workspaces/isaac_ros-dev/ros2/src/isaac_ros_nitros/isaac_ros_gxf_extensions/gxf_isaac_timestamp_correlator -DCMAKE_INSTALL_PREFIX=/workspaces/isaac_ros-dev/install/gxf_isaac_timestamp_correlator
[1.513s] Invoking command in '/workspaces/isaac_ros-dev/build/gxf_isaac_timestamp_correlator': CMAKE_PREFIX_PATH=${CMAKE_PREFIX_PATH}:/workspaces/isaac_ros-dev/install/qcar2_autonomy:/workspace/cartographer_ws/install/isaac_ros_test:/opt/ros/humble /usr/bin/cmake --build /workspaces/isaac_ros-dev/build/gxf_isaac_timestamp_correlator -- -j20 -l20
[1.530s] Invoked command in '/workspaces/isaac_ros-dev/build/gxf_isaac_timestamp_correlator' returned '0': CMAKE_PREFIX_PATH=${CMAKE_PREFIX_PATH}:/workspaces/isaac_ros-dev/install/qcar2_autonomy:/workspace/cartographer_ws/install/isaac_ros_test:/opt/ros/humble /usr/bin/cmake --build /workspaces/isaac_ros-dev/build/gxf_isaac_timestamp_correlator -- -j20 -l20
[1.601s] Invoking command in '/workspaces/isaac_ros-dev/build/gxf_isaac_timestamp_correlator': CMAKE_PREFIX_PATH=${CMAKE_PREFIX_PATH}:/workspaces/isaac_ros-dev/install/qcar2_autonomy:/workspace/cartographer_ws/install/isaac_ros_test:/opt/ros/humble /usr/bin/cmake --install /workspaces/isaac_ros-dev/build/gxf_isaac_timestamp_correlator
[1.606s] -- Install configuration: "Release"
[1.606s] -- Installing: /workspaces/isaac_ros-dev/install/gxf_isaac_timestamp_correlator/share/gxf_isaac_timestamp_correlator/gxf/lib/libgxf_isaac_timestamp_correlator.so
[1.612s] -- Installing: /workspaces/isaac_ros-dev/install/gxf_isaac_timestamp_correlator/share/gxf_isaac_timestamp_correlator/environment/library_path.sh
[1.612s] -- Installing: /workspaces/isaac_ros-dev/install/gxf_isaac_timestamp_correlator/share/gxf_isaac_timestamp_correlator/environment/library_path.dsv
[1.612s] -- Installing: /workspaces/isaac_ros-dev/install/gxf_isaac_timestamp_correlator/share/ament_index/resource_index/package_run_dependencies/gxf_isaac_timestamp_correlator
[1.612s] -- Installing: /workspaces/isaac_ros-dev/install/gxf_isaac_timestamp_correlator/share/ament_index/resource_index/parent_prefix_path/gxf_isaac_timestamp_correlator
[1.612s] -- Installing: /workspaces/isaac_ros-dev/install/gxf_isaac_timestamp_correlator/share/gxf_isaac_timestamp_correlator/environment/ament_prefix_path.sh
[1.612s] -- Installing: /workspaces/isaac_ros-dev/install/gxf_isaac_timestamp_correlator/share/gxf_isaac_timestamp_correlator/environment/ament_prefix_path.dsv
[1.612s] -- Installing: /workspaces/isaac_ros-dev/install/gxf_isaac_timestamp_correlator/share/gxf_isaac_timestamp_correlator/environment/path.sh
[1.612s] -- Installing: /workspaces/isaac_ros-dev/install/gxf_isaac_timestamp_correlator/share/gxf_isaac_timestamp_correlator/environment/path.dsv
[1.612s] -- Installing: /workspaces/isaac_ros-dev/install/gxf_isaac_timestamp_correlator/share/gxf_isaac_timestamp_correlator/local_setup.bash
[1.612s] -- Installing: /workspaces/isaac_ros-dev/install/gxf_isaac_timestamp_correlator/share/gxf_isaac_timestamp_correlator/local_setup.sh
[1.612s] -- Installing: /workspaces/isaac_ros-dev/install/gxf_isaac_timestamp_correlator/share/gxf_isaac_timestamp_correlator/local_setup.zsh
[1.612s] -- Installing: /workspaces/isaac_ros-dev/install/gxf_isaac_timestamp_correlator/share/gxf_isaac_timestamp_correlator/local_setup.dsv
[1.613s] -- Installing: /workspaces/isaac_ros-dev/install/gxf_isaac_timestamp_correlator/share/gxf_isaac_timestamp_correlator/package.dsv
[1.613s] -- Installing: /workspaces/isaac_ros-dev/install/gxf_isaac_timestamp_correlator/share/ament_index/resource_index/packages/gxf_isaac_timestamp_correlator
[1.613s] -- Installing: /workspaces/isaac_ros-dev/install/gxf_isaac_timestamp_correlator/share/gxf_isaac_timestamp_correlator/cmake/export_gxf_isaac_timestamp_correlatorExport.cmake
[1.613s] -- Installing: /workspaces/isaac_ros-dev/install/gxf_isaac_timestamp_correlator/share/gxf_isaac_timestamp_correlator/cmake/ament_cmake_export_targets-extras.cmake
[1.613s] -- Installing: /workspaces/isaac_ros-dev/install/gxf_isaac_timestamp_correlator/share/gxf_isaac_timestamp_correlator/cmake/ament_cmake_export_dependencies-extras.cmake
[1.613s] -- Installing: /workspaces/isaac_ros-dev/install/gxf_isaac_timestamp_correlator/share/gxf_isaac_timestamp_correlator/cmake/gxf_isaac_timestamp_correlatorConfig.cmake
[1.613s] -- Installing: /workspaces/isaac_ros-dev/install/gxf_isaac_timestamp_correlator/share/gxf_isaac_timestamp_correlator/cmake/gxf_isaac_timestamp_correlatorConfig-version.cmake
[1.613s] -- Installing: /workspaces/isaac_ros-dev/install/gxf_isaac_timestamp_correlator/share/gxf_isaac_timestamp_correlator/package.xml
[1.615s] Invoked command in '/workspaces/isaac_ros-dev/build/gxf_isaac_timestamp_correlator' returned '0': CMAKE_PREFIX_PATH=${CMAKE_PREFIX_PATH}:/workspaces/isaac_ros-dev/install/qcar2_autonomy:/workspace/cartographer_ws/install/isaac_ros_test:/opt/ros/humble /usr/bin/cmake --install /workspaces/isaac_ros-dev/build/gxf_isaac_timestamp_correlator
