[0.228s] Invoking command in '/workspaces/isaac_ros-dev/Development/ros2/build/rtabmap_sync': AMENT_PREFIX_PATH=/workspaces/isaac_ros-dev/Development/ros2/install/rtabmap_conversions:/workspaces/isaac_ros-dev/Development/ros2/install/rtabmap_msgs:${AMENT_PREFIX_PATH} CMAKE_PREFIX_PATH=/workspaces/isaac_ros-dev/Development/ros2/install/rtabmap_conversions:/workspaces/isaac_ros-dev/Development/ros2/install/rtabmap_msgs:/workspaces/isaac_ros-dev/Development/ros2/install/rtabmap:/workspace/cartographer_ws/install/perception_pcl:/workspace/cartographer_ws/install/pcl_ros:/workspace/cartographer_ws/install/cartographer_rviz:/workspace/cartographer_ws/install/cartographer_ros:/workspace/cartographer_ws/install/pcl_conversions:/workspace/cartographer_ws/install/pcl_msgs:/workspace/cartographer_ws/install/isaac_ros_tensor_list_interfaces:/workspace/cartographer_ws/install/isaac_ros_pointcloud_interfaces:/workspace/cartographer_ws/install/isaac_ros_nova_interfaces:/workspace/cartographer_ws/install/isaac_ros_nitros_bridge_interfaces:/workspace/cartographer_ws/install/isaac_ros_common:/workspace/cartographer_ws/install/isaac_ros_bi3d_interfaces:/workspace/cartographer_ws/install/isaac_ros_apriltag_interfaces:/workspace/cartographer_ws/install/control_msgs:/workspace/cartographer_ws/install/cartographer_ros_msgs:/workspace/cartographer_ws/install/cartographer:/workspace/cartographer_ws/install/absl:/workspace/cartographer_ws/install/isaac_ros_test:/opt/ros/humble LD_LIBRARY_PATH=/workspaces/isaac_ros-dev/Development/ros2/install/rtabmap_conversions/lib:/workspaces/isaac_ros-dev/Development/ros2/install/rtabmap_msgs/lib:/workspaces/isaac_ros-dev/Development/ros2/install/rtabmap/lib:${LD_LIBRARY_PATH} PATH=/workspaces/isaac_ros-dev/Development/ros2/install/rtabmap/bin:${PATH} PKG_CONFIG_PATH=/workspaces/isaac_ros-dev/Development/ros2/install/rtabmap/lib/x86_64-linux-gnu/pkgconfig:/workspaces/isaac_ros-dev/Development/ros2/install/rtabmap/lib/pkgconfig:${PKG_CONFIG_PATH} PYTHONPATH=/workspaces/isaac_ros-dev/Development/ros2/install/rtabmap_msgs/lib/python3.8/site-packages:${PYTHONPATH} /usr/bin/cmake --build /workspaces/isaac_ros-dev/Development/ros2/build/rtabmap_sync -- -j24 -l24
[0.284s] [  8%] [32mBuilding CXX object CMakeFiles/rtabmap_sync.dir/src/impl/CommonDataSubscriberDepth.cpp.o[0m
[0.285s] [  8%] [32mBuilding CXX object CMakeFiles/rtabmap_sync_plugins.dir/src/nodelets/rgbdx_sync.cpp.o[0m
[0.285s] [ 17%] [32mBuilding CXX object CMakeFiles/rtabmap_sync_plugins.dir/src/nodelets/rgbd_sync.cpp.o[0m
[0.285s] [ 26%] [32mBuilding CXX object CMakeFiles/rtabmap_sync.dir/src/impl/CommonDataSubscriberStereo.cpp.o[0m
[0.285s] [ 26%] [32mBuilding CXX object CMakeFiles/rtabmap_sync_plugins.dir/src/nodelets/rgb_sync.cpp.o[0m
[0.285s] [ 26%] [32mBuilding CXX object CMakeFiles/rtabmap_sync_plugins.dir/src/nodelets/stereo_sync.cpp.o[0m
[0.285s] [ 30%] [32mBuilding CXX object CMakeFiles/rtabmap_sync.dir/src/impl/CommonDataSubscriberRGB.cpp.o[0m
[0.285s] [ 34%] [32mBuilding CXX object CMakeFiles/rtabmap_sync.dir/src/impl/CommonDataSubscriberScan.cpp.o[0m
[0.286s] [ 43%] [32mBuilding CXX object CMakeFiles/rtabmap_sync.dir/src/impl/CommonDataSubscriberOdom.cpp.o[0m
[0.286s] [ 43%] [32mBuilding CXX object CMakeFiles/rtabmap_sync.dir/src/CommonDataSubscriber.cpp.o[0m
[0.286s] [ 47%] [32mBuilding CXX object CMakeFiles/rtabmap_sync.dir/src/impl/CommonDataSubscriberRGBD.cpp.o[0m
[0.286s] [ 52%] [32mBuilding CXX object CMakeFiles/rtabmap_sync.dir/src/impl/CommonDataSubscriberRGBDX.cpp.o[0m
[0.287s] [ 56%] [32mBuilding CXX object CMakeFiles/rtabmap_sync.dir/src/impl/CommonDataSubscriberSensorData.cpp.o[0m
[0.303s] In file included from [01m[K/workspaces/isaac_ros-dev/Development/ros2/src/rtabmap_ros/rtabmap_sync/src/impl/CommonDataSubscriberDepth.cpp:28[m[K:
[0.304s] [01m[K/workspaces/isaac_ros-dev/Development/ros2/src/rtabmap_ros/rtabmap_sync/include/rtabmap_sync/CommonDataSubscriber.h:32:10:[m[K [01;31m[Kfatal error: [m[Kmessage_filters/subscriber.hpp: No such file or directory
[0.304s]    32 | #include [01;31m[K<message_filters/subscriber.hpp>[m[K
[0.305s]       |          [01;31m[K^~~~~~~~~~~~~~~~~~~~~~~~~~~~~~~~[m[K
[0.305s] compilation terminated.
[0.305s] In file included from [01m[K/workspaces/isaac_ros-dev/Development/ros2/src/rtabmap_ros/rtabmap_sync/src/impl/CommonDataSubscriberRGB.cpp:28[m[K:
[0.306s] [01m[K/workspaces/isaac_ros-dev/Development/ros2/src/rtabmap_ros/rtabmap_sync/include/rtabmap_sync/CommonDataSubscriber.h:32:10:[m[K [01;31m[Kfatal error: [m[Kmessage_filters/subscriber.hpp: No such file or directory
[0.306s]    32 | #include [01;31m[K<message_filters/subscriber.hpp>[m[K
[0.306s]       |          [01;31m[K^~~~~~~~~~~~~~~~~~~~~~~~~~~~~~~~[m[K
[0.306s] compilation terminated.
[0.307s] In file included from [01m[K/workspaces/isaac_ros-dev/Development/ros2/src/rtabmap_ros/rtabmap_sync/src/CommonDataSubscriber.cpp:28[m[K:
[0.307s] [01m[K/workspaces/isaac_ros-dev/Development/ros2/src/rtabmap_ros/rtabmap_sync/include/rtabmap_sync/CommonDataSubscriber.h:32:10:[m[K [01;31m[Kfatal error: [m[Kmessage_filters/subscriber.hpp: No such file or directory
[0.307s]    32 | #include [01;31m[K<message_filters/subscriber.hpp>[m[K
[0.307s]       |          [01;31m[K^~~~~~~~~~~~~~~~~~~~~~~~~~~~~~~~[m[K
[0.307s] compilation terminated.
[0.307s] In file included from [01m[K/workspaces/isaac_ros-dev/Development/ros2/src/rtabmap_ros/rtabmap_sync/src/impl/CommonDataSubscriberOdom.cpp:28[m[K:
[0.307s] [01m[K/workspaces/isaac_ros-dev/Development/ros2/src/rtabmap_ros/rtabmap_sync/include/rtabmap_sync/CommonDataSubscriber.h:32:10:[m[K [01;31m[Kfatal error: [m[Kmessage_filters/subscriber.hpp: No such file or directory
[0.307s]    32 | #include [01;31m[K<message_filters/subscriber.hpp>[m[K
[0.307s]       |          [01;31m[K^~~~~~~~~~~~~~~~~~~~~~~~~~~~~~~~[m[K
[0.308s] compilation terminated.
[0.308s] In file included from [01m[K/workspaces/isaac_ros-dev/Development/ros2/src/rtabmap_ros/rtabmap_sync/src/impl/CommonDataSubscriberStereo.cpp:28[m[K:
[0.308s] [01m[K/workspaces/isaac_ros-dev/Development/ros2/src/rtabmap_ros/rtabmap_sync/include/rtabmap_sync/CommonDataSubscriber.h:32:10:[m[K [01;31m[Kfatal error: [m[Kmessage_filters/subscriber.hpp: No such file or directory
[0.308s]    32 | #include [01;31m[K<message_filters/subscriber.hpp>[m[K
[0.308s]       |          [01;31m[K^~~~~~~~~~~~~~~~~~~~~~~~~~~~~~~~[m[K
[0.308s] compilation terminated.
[0.308s] make[2]: *** [CMakeFiles/rtabmap_sync.dir/build.make:90: CMakeFiles/rtabmap_sync.dir/src/impl/CommonDataSubscriberDepth.cpp.o] Error 1
[0.308s] make[2]: *** Waiting for unfinished jobs....
[0.308s] make[2]: *** [CMakeFiles/rtabmap_sync.dir/build.make:118: CMakeFiles/rtabmap_sync.dir/src/impl/CommonDataSubscriberRGB.cpp.o] Error 1
[0.309s] make[2]: *** [CMakeFiles/rtabmap_sync.dir/build.make:76: CMakeFiles/rtabmap_sync.dir/src/CommonDataSubscriber.cpp.o] Error 1
[0.309s] make[2]: *** [CMakeFiles/rtabmap_sync.dir/build.make:104: CMakeFiles/rtabmap_sync.dir/src/impl/CommonDataSubscriberStereo.cpp.o] Error 1
[0.309s] make[2]: *** [CMakeFiles/rtabmap_sync.dir/build.make:174: CMakeFiles/rtabmap_sync.dir/src/impl/CommonDataSubscriberOdom.cpp.o] Error 1
[0.309s] In file included from [01m[K/workspaces/isaac_ros-dev/Development/ros2/src/rtabmap_ros/rtabmap_sync/src/impl/CommonDataSubscriberRGBDX.cpp:28[m[K:
[0.309s] [01m[K/workspaces/isaac_ros-dev/Development/ros2/src/rtabmap_ros/rtabmap_sync/include/rtabmap_sync/CommonDataSubscriber.h:32:10:[m[K [01;31m[Kfatal error: [m[Kmessage_filters/subscriber.hpp: No such file or directory
[0.309s]    32 | #include [01;31m[K<message_filters/subscriber.hpp>[m[K
[0.309s]       |          [01;31m[K^~~~~~~~~~~~~~~~~~~~~~~~~~~~~~~~[m[K
[0.309s] compilation terminated.
[0.309s] In file included from [01m[K/workspaces/isaac_ros-dev/Development/ros2/src/rtabmap_ros/rtabmap_sync/src/impl/CommonDataSubscriberRGBD.cpp:28[m[K:
[0.309s] [01m[K/workspaces/isaac_ros-dev/Development/ros2/src/rtabmap_ros/rtabmap_sync/include/rtabmap_sync/CommonDataSubscriber.h:32:10:[m[K [01;31m[Kfatal error: [m[Kmessage_filters/subscriber.hpp: No such file or directory
[0.309s]    32 | #include [01;31m[K<message_filters/subscriber.hpp>[m[K
[0.309s]       |          [01;31m[K^~~~~~~~~~~~~~~~~~~~~~~~~~~~~~~~[m[K
[0.309s] compilation terminated.
[0.309s] make[2]: *** [CMakeFiles/rtabmap_sync.dir/build.make:146: CMakeFiles/rtabmap_sync.dir/src/impl/CommonDataSubscriberRGBDX.cpp.o] Error 1
[0.310s] make[2]: *** [CMakeFiles/rtabmap_sync.dir/build.make:132: CMakeFiles/rtabmap_sync.dir/src/impl/CommonDataSubscriberRGBD.cpp.o] Error 1
[0.310s] In file included from [01m[K/workspaces/isaac_ros-dev/Development/ros2/src/rtabmap_ros/rtabmap_sync/src/impl/CommonDataSubscriberScan.cpp:28[m[K:
[0.310s] [01m[K/workspaces/isaac_ros-dev/Development/ros2/src/rtabmap_ros/rtabmap_sync/include/rtabmap_sync/CommonDataSubscriber.h:32:10:[m[K [01;31m[Kfatal error: [m[Kmessage_filters/subscriber.hpp: No such file or directory
[0.310s]    32 | #include [01;31m[K<message_filters/subscriber.hpp>[m[K
[0.310s]       |          [01;31m[K^~~~~~~~~~~~~~~~~~~~~~~~~~~~~~~~[m[K
[0.311s] compilation terminated.
[0.311s] make[2]: *** [CMakeFiles/rtabmap_sync.dir/build.make:160: CMakeFiles/rtabmap_sync.dir/src/impl/CommonDataSubscriberScan.cpp.o] Error 1
[0.314s] In file included from [01m[K/workspaces/isaac_ros-dev/Development/ros2/src/rtabmap_ros/rtabmap_sync/src/impl/CommonDataSubscriberSensorData.cpp:28[m[K:
[0.314s] [01m[K/workspaces/isaac_ros-dev/Development/ros2/src/rtabmap_ros/rtabmap_sync/include/rtabmap_sync/CommonDataSubscriber.h:32:10:[m[K [01;31m[Kfatal error: [m[Kmessage_filters/subscriber.hpp: No such file or directory
[0.314s]    32 | #include [01;31m[K<message_filters/subscriber.hpp>[m[K
[0.315s]       |          [01;31m[K^~~~~~~~~~~~~~~~~~~~~~~~~~~~~~~~[m[K
[0.315s] compilation terminated.
[0.315s] make[2]: *** [CMakeFiles/rtabmap_sync.dir/build.make:188: CMakeFiles/rtabmap_sync.dir/src/impl/CommonDataSubscriberSensorData.cpp.o] Error 1
[0.315s] make[1]: *** [CMakeFiles/Makefile2:147: CMakeFiles/rtabmap_sync.dir/all] Error 2
[0.315s] make[1]: *** Waiting for unfinished jobs....
[0.579s] In file included from [01m[K/workspaces/isaac_ros-dev/Development/ros2/src/rtabmap_ros/rtabmap_sync/src/nodelets/rgb_sync.cpp:28[m[K:
[0.580s] [01m[K/workspaces/isaac_ros-dev/Development/ros2/src/rtabmap_ros/rtabmap_sync/include/rtabmap_sync/rgb_sync.hpp:37:10:[m[K [01;31m[Kfatal error: [m[Kmessage_filters/sync_policies/approximate_time.hpp: No such file or directory
[0.580s]    37 | #include [01;31m[K<message_filters/sync_policies/approximate_time.hpp>[m[K
[0.580s]       |          [01;31m[K^~~~~~~~~~~~~~~~~~~~~~~~~~~~~~~~~~~~~~~~~~~~~~~~~~~~[m[K
[0.580s] compilation terminated.
[0.583s] make[2]: *** [CMakeFiles/rtabmap_sync_plugins.dir/build.make:118: CMakeFiles/rtabmap_sync_plugins.dir/src/nodelets/rgb_sync.cpp.o] Error 1
[0.584s] make[2]: *** Waiting for unfinished jobs....
[0.586s] In file included from [01m[K/workspaces/isaac_ros-dev/Development/ros2/src/rtabmap_ros/rtabmap_sync/src/nodelets/rgbd_sync.cpp:28[m[K:
[0.586s] [01m[K/workspaces/isaac_ros-dev/Development/ros2/src/rtabmap_ros/rtabmap_sync/include/rtabmap_sync/rgbd_sync.hpp:37:10:[m[K [01;31m[Kfatal error: [m[Kmessage_filters/sync_policies/approximate_time.hpp: No such file or directory
[0.586s]    37 | #include [01;31m[K<message_filters/sync_policies/approximate_time.hpp>[m[K
[0.586s]       |          [01;31m[K^~~~~~~~~~~~~~~~~~~~~~~~~~~~~~~~~~~~~~~~~~~~~~~~~~~~[m[K
[0.586s] compilation terminated.
[0.590s] make[2]: *** [CMakeFiles/rtabmap_sync_plugins.dir/build.make:90: CMakeFiles/rtabmap_sync_plugins.dir/src/nodelets/rgbd_sync.cpp.o] Error 1
[0.678s] In file included from [01m[K/workspaces/isaac_ros-dev/Development/ros2/src/rtabmap_ros/rtabmap_sync/src/nodelets/rgbdx_sync.cpp:28[m[K:
[0.679s] [01m[K/workspaces/isaac_ros-dev/Development/ros2/src/rtabmap_ros/rtabmap_sync/include/rtabmap_sync/rgbdx_sync.hpp:37:10:[m[K [01;31m[Kfatal error: [m[Kmessage_filters/sync_policies/approximate_time.hpp: No such file or directory
[0.679s]    37 | #include [01;31m[K<message_filters/sync_policies/approximate_time.hpp>[m[K
[0.679s]       |          [01;31m[K^~~~~~~~~~~~~~~~~~~~~~~~~~~~~~~~~~~~~~~~~~~~~~~~~~~~[m[K
[0.679s] compilation terminated.
[0.685s] make[2]: *** [CMakeFiles/rtabmap_sync_plugins.dir/build.make:76: CMakeFiles/rtabmap_sync_plugins.dir/src/nodelets/rgbdx_sync.cpp.o] Error 1
[0.700s] In file included from [01m[K/workspaces/isaac_ros-dev/Development/ros2/src/rtabmap_ros/rtabmap_sync/src/nodelets/stereo_sync.cpp:28[m[K:
[0.701s] [01m[K/workspaces/isaac_ros-dev/Development/ros2/src/rtabmap_ros/rtabmap_sync/include/rtabmap_sync/stereo_sync.hpp:37:10:[m[K [01;31m[Kfatal error: [m[Kmessage_filters/sync_policies/approximate_time.hpp: No such file or directory
[0.701s]    37 | #include [01;31m[K<message_filters/sync_policies/approximate_time.hpp>[m[K
[0.701s]       |          [01;31m[K^~~~~~~~~~~~~~~~~~~~~~~~~~~~~~~~~~~~~~~~~~~~~~~~~~~~[m[K
[0.701s] compilation terminated.
[0.705s] make[2]: *** [CMakeFiles/rtabmap_sync_plugins.dir/build.make:104: CMakeFiles/rtabmap_sync_plugins.dir/src/nodelets/stereo_sync.cpp.o] Error 1
[0.706s] make[1]: *** [CMakeFiles/Makefile2:173: CMakeFiles/rtabmap_sync_plugins.dir/all] Error 2
[0.706s] make: *** [Makefile:146: all] Error 2
[0.712s] Invoked command in '/workspaces/isaac_ros-dev/Development/ros2/build/rtabmap_sync' returned '2': AMENT_PREFIX_PATH=/workspaces/isaac_ros-dev/Development/ros2/install/rtabmap_conversions:/workspaces/isaac_ros-dev/Development/ros2/install/rtabmap_msgs:${AMENT_PREFIX_PATH} CMAKE_PREFIX_PATH=/workspaces/isaac_ros-dev/Development/ros2/install/rtabmap_conversions:/workspaces/isaac_ros-dev/Development/ros2/install/rtabmap_msgs:/workspaces/isaac_ros-dev/Development/ros2/install/rtabmap:/workspace/cartographer_ws/install/perception_pcl:/workspace/cartographer_ws/install/pcl_ros:/workspace/cartographer_ws/install/cartographer_rviz:/workspace/cartographer_ws/install/cartographer_ros:/workspace/cartographer_ws/install/pcl_conversions:/workspace/cartographer_ws/install/pcl_msgs:/workspace/cartographer_ws/install/isaac_ros_tensor_list_interfaces:/workspace/cartographer_ws/install/isaac_ros_pointcloud_interfaces:/workspace/cartographer_ws/install/isaac_ros_nova_interfaces:/workspace/cartographer_ws/install/isaac_ros_nitros_bridge_interfaces:/workspace/cartographer_ws/install/isaac_ros_common:/workspace/cartographer_ws/install/isaac_ros_bi3d_interfaces:/workspace/cartographer_ws/install/isaac_ros_apriltag_interfaces:/workspace/cartographer_ws/install/control_msgs:/workspace/cartographer_ws/install/cartographer_ros_msgs:/workspace/cartographer_ws/install/cartographer:/workspace/cartographer_ws/install/absl:/workspace/cartographer_ws/install/isaac_ros_test:/opt/ros/humble LD_LIBRARY_PATH=/workspaces/isaac_ros-dev/Development/ros2/install/rtabmap_conversions/lib:/workspaces/isaac_ros-dev/Development/ros2/install/rtabmap_msgs/lib:/workspaces/isaac_ros-dev/Development/ros2/install/rtabmap/lib:${LD_LIBRARY_PATH} PATH=/workspaces/isaac_ros-dev/Development/ros2/install/rtabmap/bin:${PATH} PKG_CONFIG_PATH=/workspaces/isaac_ros-dev/Development/ros2/install/rtabmap/lib/x86_64-linux-gnu/pkgconfig:/workspaces/isaac_ros-dev/Development/ros2/install/rtabmap/lib/pkgconfig:${PKG_CONFIG_PATH} PYTHONPATH=/workspaces/isaac_ros-dev/Development/ros2/install/rtabmap_msgs/lib/python3.8/site-packages:${PYTHONPATH} /usr/bin/cmake --build /workspaces/isaac_ros-dev/Development/ros2/build/rtabmap_sync -- -j24 -l24
