[0.664s] Invoking command in '/workspaces/isaac_ros-dev/ros2/build/qcar2_autonomy': AMENT_PREFIX_PATH=/workspaces/isaac_ros-dev/ros2/install/qcar2_interfaces:${AMENT_PREFIX_PATH} CMAKE_PREFIX_PATH=/workspaces/isaac_ros-dev/ros2/install/qcar2_interfaces:${CMAKE_PREFIX_PATH} LD_LIBRARY_PATH=/workspaces/isaac_ros-dev/ros2/install/qcar2_interfaces/lib:${LD_LIBRARY_PATH} PYTHONPATH=/workspaces/isaac_ros-dev/ros2/build/qcar2_autonomy/prefix_override:/workspaces/isaac_ros-dev/ros2/install/qcar2_autonomy/lib/python3.8/site-packages:/workspaces/isaac_ros-dev/ros2/install/qcar2_interfaces/lib/python3.8/site-packages:${PYTHONPATH} _=/usr/bin/env /usr/bin/python3 setup.py develop --editable --build-directory /workspaces/isaac_ros-dev/ros2/build/qcar2_autonomy/build --no-deps install_data
[0.864s] running develop
[0.984s] running egg_info
[0.991s] writing qcar2_autonomy.egg-info/PKG-INFO
[0.991s] writing dependency_links to qcar2_autonomy.egg-info/dependency_links.txt
[0.991s] writing entry points to qcar2_autonomy.egg-info/entry_points.txt
[0.991s] writing requirements to qcar2_autonomy.egg-info/requires.txt
[0.991s] writing top-level names to qcar2_autonomy.egg-info/top_level.txt
[1.002s] reading manifest file 'qcar2_autonomy.egg-info/SOURCES.txt'
[1.003s] writing manifest file 'qcar2_autonomy.egg-info/SOURCES.txt'
[1.031s] running build_ext
[1.031s] Creating /workspaces/isaac_ros-dev/ros2/install/qcar2_autonomy/lib/python3.8/site-packages/qcar2-autonomy.egg-link (link to .)
[1.031s] Installing bev_csi_node script to /workspaces/isaac_ros-dev/ros2/install/qcar2_autonomy/lib/qcar2_autonomy
[1.031s] Installing bev_csi_seg script to /workspaces/isaac_ros-dev/ros2/install/qcar2_autonomy/lib/qcar2_autonomy
[1.031s] Installing ekf_fusor script to /workspaces/isaac_ros-dev/ros2/install/qcar2_autonomy/lib/qcar2_autonomy
[1.031s] Installing lane_detection script to /workspaces/isaac_ros-dev/ros2/install/qcar2_autonomy/lib/qcar2_autonomy
[1.032s] Installing lane_stanley_node script to /workspaces/isaac_ros-dev/ros2/install/qcar2_autonomy/lib/qcar2_autonomy
[1.032s] Installing manual_drive script to /workspaces/isaac_ros-dev/ros2/install/qcar2_autonomy/lib/qcar2_autonomy
[1.032s] Installing path_follower script to /workspaces/isaac_ros-dev/ros2/install/qcar2_autonomy/lib/qcar2_autonomy
[1.032s] Installing pose_estimator script to /workspaces/isaac_ros-dev/ros2/install/qcar2_autonomy/lib/qcar2_autonomy
[1.032s] Installing qcar2_ekf_odometry script to /workspaces/isaac_ros-dev/ros2/install/qcar2_autonomy/lib/qcar2_autonomy
[1.032s] Installing roadmap_alignment_node script to /workspaces/isaac_ros-dev/ros2/install/qcar2_autonomy/lib/qcar2_autonomy
[1.032s] Installing sidewalk_detection script to /workspaces/isaac_ros-dev/ros2/install/qcar2_autonomy/lib/qcar2_autonomy
[1.032s] Installing stanley_live_plot script to /workspaces/isaac_ros-dev/ros2/install/qcar2_autonomy/lib/qcar2_autonomy
[1.032s] Installing teleop_csi script to /workspaces/isaac_ros-dev/ros2/install/qcar2_autonomy/lib/qcar2_autonomy
[1.032s] Installing traffic_system_detector script to /workspaces/isaac_ros-dev/ros2/install/qcar2_autonomy/lib/qcar2_autonomy
[1.032s] Installing trip_planner script to /workspaces/isaac_ros-dev/ros2/install/qcar2_autonomy/lib/qcar2_autonomy
[1.032s] Installing visual_odometry script to /workspaces/isaac_ros-dev/ros2/install/qcar2_autonomy/lib/qcar2_autonomy
[1.032s] Installing yolo_detector script to /workspaces/isaac_ros-dev/ros2/install/qcar2_autonomy/lib/qcar2_autonomy
[1.032s] 
[1.032s] Installed /workspaces/isaac_ros-dev/ros2/build/qcar2_autonomy
[1.032s] running install_data
[1.064s] Invoked command in '/workspaces/isaac_ros-dev/ros2/build/qcar2_autonomy' returned '0': AMENT_PREFIX_PATH=/workspaces/isaac_ros-dev/ros2/install/qcar2_interfaces:${AMENT_PREFIX_PATH} CMAKE_PREFIX_PATH=/workspaces/isaac_ros-dev/ros2/install/qcar2_interfaces:${CMAKE_PREFIX_PATH} LD_LIBRARY_PATH=/workspaces/isaac_ros-dev/ros2/install/qcar2_interfaces/lib:${LD_LIBRARY_PATH} PYTHONPATH=/workspaces/isaac_ros-dev/ros2/build/qcar2_autonomy/prefix_override:/workspaces/isaac_ros-dev/ros2/install/qcar2_autonomy/lib/python3.8/site-packages:/workspaces/isaac_ros-dev/ros2/install/qcar2_interfaces/lib/python3.8/site-packages:${PYTHONPATH} _=/usr/bin/env /usr/bin/python3 setup.py develop --editable --build-directory /workspaces/isaac_ros-dev/ros2/build/qcar2_autonomy/build --no-deps install_data
