[0.102s] Invoking command in '/workspaces/isaac_ros-dev/ros2/build/qcar2_interfaces': CMAKE_PREFIX_PATH=${CMAKE_PREFIX_PATH}:/workspaces/isaac_ros-dev/ros2/install/qcar2_perception:/workspaces/isaac_ros-dev/ros2/install/qcar2_autonomy:/workspace/cartographer_ws/install/isaac_ros_test:/opt/ros/humble _=/usr/bin/env /usr/bin/cmake --build /workspaces/isaac_ros-dev/ros2/build/qcar2_interfaces -- -j24 -l24
[0.223s] [  2%] Built target qcar2_interfaces__cpp
[0.226s] [  2%] Built target ament_cmake_python_symlink_qcar2_interfaces
[0.244s] [ 12%] Built target qcar2_interfaces__rosidl_generator_c
[0.259s] [ 30%] Built target qcar2_interfaces__rosidl_typesupport_cpp
[0.259s] [ 33%] Built target qcar2_interfaces__rosidl_typesupport_introspection_cpp
[0.259s] [ 43%] Built target qcar2_interfaces__rosidl_typesupport_fastrtps_cpp
[0.269s] [ 64%] Built target qcar2_interfaces__rosidl_typesupport_c
[0.269s] [ 64%] Built target qcar2_interfaces__rosidl_typesupport_introspection_c
[0.272s] [ 74%] Built target qcar2_interfaces__rosidl_typesupport_fastrtps_c
[0.309s] [ 74%] Built target qcar2_interfaces
[0.344s] [ 76%] Built target qcar2_interfaces__py
[0.391s] [ 84%] Built target qcar2_interfaces__rosidl_generator_py
[0.430s] [ 89%] Built target qcar2_interfaces__rosidl_typesupport_c__pyext
[0.434s] [ 94%] Built target qcar2_interfaces__rosidl_typesupport_introspection_c__pyext
[0.438s] [100%] Built target qcar2_interfaces__rosidl_typesupport_fastrtps_c__pyext
[0.556s] running egg_info
[0.563s] writing qcar2_interfaces.egg-info/PKG-INFO
[0.563s] writing dependency_links to qcar2_interfaces.egg-info/dependency_links.txt
[0.563s] writing top-level names to qcar2_interfaces.egg-info/top_level.txt
[0.587s] reading manifest file 'qcar2_interfaces.egg-info/SOURCES.txt'
[0.587s] writing manifest file 'qcar2_interfaces.egg-info/SOURCES.txt'
[0.635s] [100%] Built target ament_cmake_python_build_qcar2_interfaces_egg
[0.643s] Invoked command in '/workspaces/isaac_ros-dev/ros2/build/qcar2_interfaces' returned '0': CMAKE_PREFIX_PATH=${CMAKE_PREFIX_PATH}:/workspaces/isaac_ros-dev/ros2/install/qcar2_perception:/workspaces/isaac_ros-dev/ros2/install/qcar2_autonomy:/workspace/cartographer_ws/install/isaac_ros_test:/opt/ros/humble _=/usr/bin/env /usr/bin/cmake --build /workspaces/isaac_ros-dev/ros2/build/qcar2_interfaces -- -j24 -l24
[1.416s] Invoking command in '/workspaces/isaac_ros-dev/ros2/build/qcar2_interfaces': CMAKE_PREFIX_PATH=${CMAKE_PREFIX_PATH}:/workspaces/isaac_ros-dev/ros2/install/qcar2_perception:/workspaces/isaac_ros-dev/ros2/install/qcar2_autonomy:/workspace/cartographer_ws/install/isaac_ros_test:/opt/ros/humble _=/usr/bin/env /usr/bin/cmake --install /workspaces/isaac_ros-dev/ros2/build/qcar2_interfaces
[1.422s] -- Install configuration: ""
[1.423s] -- Execute custom install script
[1.424s] -- Up-to-date symlink: /workspaces/isaac_ros-dev/ros2/install/qcar2_interfaces/share/ament_index/resource_index/rosidl_interfaces/qcar2_interfaces
[1.425s] -- Up-to-date symlink: /workspaces/isaac_ros-dev/ros2/install/qcar2_interfaces/include/qcar2_interfaces/qcar2_interfaces/msg/boolean_leds.h
[1.425s] -- Up-to-date symlink: /workspaces/isaac_ros-dev/ros2/install/qcar2_interfaces/include/qcar2_interfaces/qcar2_interfaces/msg/detail/boolean_leds__functions.h
[1.425s] -- Up-to-date symlink: /workspaces/isaac_ros-dev/ros2/install/qcar2_interfaces/include/qcar2_interfaces/qcar2_interfaces/msg/detail/boolean_leds__struct.h
[1.425s] -- Up-to-date symlink: /workspaces/isaac_ros-dev/ros2/install/qcar2_interfaces/include/qcar2_interfaces/qcar2_interfaces/msg/detail/boolean_leds__type_support.h
[1.426s] -- Up-to-date symlink: /workspaces/isaac_ros-dev/ros2/install/qcar2_interfaces/include/qcar2_interfaces/qcar2_interfaces/msg/detail/motor_commands__functions.h
[1.426s] -- Up-to-date symlink: /workspaces/isaac_ros-dev/ros2/install/qcar2_interfaces/include/qcar2_interfaces/qcar2_interfaces/msg/detail/motor_commands__struct.h
[1.426s] -- Up-to-date symlink: /workspaces/isaac_ros-dev/ros2/install/qcar2_interfaces/include/qcar2_interfaces/qcar2_interfaces/msg/detail/motor_commands__type_support.h
[1.426s] -- Up-to-date symlink: /workspaces/isaac_ros-dev/ros2/install/qcar2_interfaces/include/qcar2_interfaces/qcar2_interfaces/msg/motor_commands.h
[1.426s] -- Up-to-date symlink: /workspaces/isaac_ros-dev/ros2/install/qcar2_interfaces/include/qcar2_interfaces/qcar2_interfaces/msg/rosidl_generator_c__visibility_control.h
[1.426s] -- Up-to-date symlink: /workspaces/isaac_ros-dev/ros2/install/qcar2_interfaces/share/qcar2_interfaces/environment/library_path.sh
[1.426s] -- Up-to-date symlink: /workspaces/isaac_ros-dev/ros2/install/qcar2_interfaces/share/qcar2_interfaces/environment/library_path.dsv
[1.427s] -- Up-to-date symlink: /workspaces/isaac_ros-dev/ros2/install/qcar2_interfaces/include/qcar2_interfaces/qcar2_interfaces/msg/detail/boolean_leds__rosidl_typesupport_fastrtps_c.h
[1.427s] -- Up-to-date symlink: /workspaces/isaac_ros-dev/ros2/install/qcar2_interfaces/include/qcar2_interfaces/qcar2_interfaces/msg/detail/motor_commands__rosidl_typesupport_fastrtps_c.h
[1.427s] -- Up-to-date symlink: /workspaces/isaac_ros-dev/ros2/install/qcar2_interfaces/include/qcar2_interfaces/qcar2_interfaces/msg/rosidl_typesupport_fastrtps_c__visibility_control.h
[1.428s] -- Up-to-date symlink: /workspaces/isaac_ros-dev/ros2/install/qcar2_interfaces/include/qcar2_interfaces/qcar2_interfaces/msg/detail/boolean_leds__rosidl_typesupport_introspection_c.h
[1.428s] -- Up-to-date symlink: /workspaces/isaac_ros-dev/ros2/install/qcar2_interfaces/include/qcar2_interfaces/qcar2_interfaces/msg/detail/motor_commands__rosidl_typesupport_introspection_c.h
[1.428s] -- Up-to-date symlink: /workspaces/isaac_ros-dev/ros2/install/qcar2_interfaces/include/qcar2_interfaces/qcar2_interfaces/msg/rosidl_typesupport_introspection_c__visibility_control.h
[1.428s] -- Up-to-date symlink: /workspaces/isaac_ros-dev/ros2/install/qcar2_interfaces/include/qcar2_interfaces/qcar2_interfaces/msg/boolean_leds.hpp
[1.429s] -- Up-to-date symlink: /workspaces/isaac_ros-dev/ros2/install/qcar2_interfaces/include/qcar2_interfaces/qcar2_interfaces/msg/detail/boolean_leds__builder.hpp
[1.429s] -- Up-to-date symlink: /workspaces/isaac_ros-dev/ros2/install/qcar2_interfaces/include/qcar2_interfaces/qcar2_interfaces/msg/detail/boolean_leds__struct.hpp
[1.429s] -- Up-to-date symlink: /workspaces/isaac_ros-dev/ros2/install/qcar2_interfaces/include/qcar2_interfaces/qcar2_interfaces/msg/detail/boolean_leds__traits.hpp
[1.429s] -- Up-to-date symlink: /workspaces/isaac_ros-dev/ros2/install/qcar2_interfaces/include/qcar2_interfaces/qcar2_interfaces/msg/detail/motor_commands__builder.hpp
[1.429s] -- Up-to-date symlink: /workspaces/isaac_ros-dev/ros2/install/qcar2_interfaces/include/qcar2_interfaces/qcar2_interfaces/msg/detail/motor_commands__struct.hpp
[1.429s] -- Up-to-date symlink: /workspaces/isaac_ros-dev/ros2/install/qcar2_interfaces/include/qcar2_interfaces/qcar2_interfaces/msg/detail/motor_commands__traits.hpp
[1.429s] -- Up-to-date symlink: /workspaces/isaac_ros-dev/ros2/install/qcar2_interfaces/include/qcar2_interfaces/qcar2_interfaces/msg/motor_commands.hpp
[1.429s] -- Up-to-date symlink: /workspaces/isaac_ros-dev/ros2/install/qcar2_interfaces/include/qcar2_interfaces/qcar2_interfaces/msg/detail/boolean_leds__rosidl_typesupport_fastrtps_cpp.hpp
[1.429s] -- Up-to-date symlink: /workspaces/isaac_ros-dev/ros2/install/qcar2_interfaces/include/qcar2_interfaces/qcar2_interfaces/msg/detail/motor_commands__rosidl_typesupport_fastrtps_cpp.hpp
[1.429s] -- Up-to-date symlink: /workspaces/isaac_ros-dev/ros2/install/qcar2_interfaces/include/qcar2_interfaces/qcar2_interfaces/msg/rosidl_typesupport_fastrtps_cpp__visibility_control.h
[1.429s] -- Up-to-date symlink: /workspaces/isaac_ros-dev/ros2/install/qcar2_interfaces/include/qcar2_interfaces/qcar2_interfaces/msg/detail/boolean_leds__rosidl_typesupport_introspection_cpp.hpp
[1.429s] -- Up-to-date symlink: /workspaces/isaac_ros-dev/ros2/install/qcar2_interfaces/include/qcar2_interfaces/qcar2_interfaces/msg/detail/motor_commands__rosidl_typesupport_introspection_cpp.hpp
[1.429s] -- Up-to-date symlink: /workspaces/isaac_ros-dev/ros2/install/qcar2_interfaces/share/qcar2_interfaces/environment/pythonpath.sh
[1.429s] -- Up-to-date symlink: /workspaces/isaac_ros-dev/ros2/install/qcar2_interfaces/share/qcar2_interfaces/environment/pythonpath.dsv
[1.429s] -- Up-to-date symlink: /workspaces/isaac_ros-dev/ros2/install/qcar2_interfaces/lib/python3.8/site-packages/qcar2_interfaces-0.0.0-py3.8.egg-info/PKG-INFO
[1.429s] -- Up-to-date symlink: /workspaces/isaac_ros-dev/ros2/install/qcar2_interfaces/lib/python3.8/site-packages/qcar2_interfaces-0.0.0-py3.8.egg-info/SOURCES.txt
[1.430s] -- Up-to-date symlink: /workspaces/isaac_ros-dev/ros2/install/qcar2_interfaces/lib/python3.8/site-packages/qcar2_interfaces-0.0.0-py3.8.egg-info/dependency_links.txt
[1.430s] -- Up-to-date symlink: /workspaces/isaac_ros-dev/ros2/install/qcar2_interfaces/lib/python3.8/site-packages/qcar2_interfaces-0.0.0-py3.8.egg-info/top_level.txt
[1.430s] -- Up-to-date symlink: /workspaces/isaac_ros-dev/ros2/install/qcar2_interfaces/lib/python3.8/site-packages/qcar2_interfaces/__init__.py
[1.430s] -- Up-to-date symlink: /workspaces/isaac_ros-dev/ros2/install/qcar2_interfaces/lib/python3.8/site-packages/qcar2_interfaces/_qcar2_interfaces_s.ep.rosidl_typesupport_c.c
[1.430s] -- Up-to-date symlink: /workspaces/isaac_ros-dev/ros2/install/qcar2_interfaces/lib/python3.8/site-packages/qcar2_interfaces/_qcar2_interfaces_s.ep.rosidl_typesupport_fastrtps_c.c
[1.430s] -- Up-to-date symlink: /workspaces/isaac_ros-dev/ros2/install/qcar2_interfaces/lib/python3.8/site-packages/qcar2_interfaces/_qcar2_interfaces_s.ep.rosidl_typesupport_introspection_c.c
[1.431s] -- Up-to-date symlink: /workspaces/isaac_ros-dev/ros2/install/qcar2_interfaces/lib/python3.8/site-packages/qcar2_interfaces/libqcar2_interfaces__rosidl_generator_py.so
[1.431s] -- Up-to-date symlink: /workspaces/isaac_ros-dev/ros2/install/qcar2_interfaces/lib/python3.8/site-packages/qcar2_interfaces/msg/__init__.py
[1.431s] -- Up-to-date symlink: /workspaces/isaac_ros-dev/ros2/install/qcar2_interfaces/lib/python3.8/site-packages/qcar2_interfaces/msg/_boolean_leds.py
[1.431s] -- Up-to-date symlink: /workspaces/isaac_ros-dev/ros2/install/qcar2_interfaces/lib/python3.8/site-packages/qcar2_interfaces/msg/_boolean_leds_s.c
[1.431s] -- Up-to-date symlink: /workspaces/isaac_ros-dev/ros2/install/qcar2_interfaces/lib/python3.8/site-packages/qcar2_interfaces/msg/_motor_commands.py
[1.431s] -- Up-to-date symlink: /workspaces/isaac_ros-dev/ros2/install/qcar2_interfaces/lib/python3.8/site-packages/qcar2_interfaces/msg/_motor_commands_s.c
[1.431s] -- Up-to-date symlink: /workspaces/isaac_ros-dev/ros2/install/qcar2_interfaces/lib/python3.8/site-packages/qcar2_interfaces/qcar2_interfaces_s__rosidl_typesupport_c.cpython-38-x86_64-linux-gnu.so
[1.431s] -- Up-to-date symlink: /workspaces/isaac_ros-dev/ros2/install/qcar2_interfaces/lib/python3.8/site-packages/qcar2_interfaces/qcar2_interfaces_s__rosidl_typesupport_fastrtps_c.cpython-38-x86_64-linux-gnu.so
[1.431s] -- Up-to-date symlink: /workspaces/isaac_ros-dev/ros2/install/qcar2_interfaces/lib/python3.8/site-packages/qcar2_interfaces/qcar2_interfaces_s__rosidl_typesupport_introspection_c.cpython-38-x86_64-linux-gnu.so
[1.432s] -- Up-to-date symlink: /workspaces/isaac_ros-dev/ros2/install/qcar2_interfaces/lib/python3.8/site-packages/qcar2_interfaces/qcar2_interfaces_s__rosidl_typesupport_fastrtps_c.cpython-38-x86_64-linux-gnu.so
[1.432s] -- Up-to-date symlink: /workspaces/isaac_ros-dev/ros2/install/qcar2_interfaces/lib/python3.8/site-packages/qcar2_interfaces/qcar2_interfaces_s__rosidl_typesupport_introspection_c.cpython-38-x86_64-linux-gnu.so
[1.433s] -- Up-to-date symlink: /workspaces/isaac_ros-dev/ros2/install/qcar2_interfaces/lib/python3.8/site-packages/qcar2_interfaces/qcar2_interfaces_s__rosidl_typesupport_c.cpython-38-x86_64-linux-gnu.so
[1.433s] -- Up-to-date symlink: /workspaces/isaac_ros-dev/ros2/install/qcar2_interfaces/share/qcar2_interfaces/msg/MotorCommands.idl
[1.433s] -- Up-to-date symlink: /workspaces/isaac_ros-dev/ros2/install/qcar2_interfaces/share/qcar2_interfaces/msg/BooleanLeds.idl
[1.433s] -- Up-to-date symlink: /workspaces/isaac_ros-dev/ros2/install/qcar2_interfaces/share/qcar2_interfaces/msg/MotorCommands.msg
[1.433s] -- Up-to-date symlink: /workspaces/isaac_ros-dev/ros2/install/qcar2_interfaces/share/qcar2_interfaces/msg/BooleanLeds.msg
[1.433s] -- Up-to-date symlink: /workspaces/isaac_ros-dev/ros2/install/qcar2_interfaces/share/ament_index/resource_index/package_run_dependencies/qcar2_interfaces
[1.433s] -- Up-to-date symlink: /workspaces/isaac_ros-dev/ros2/install/qcar2_interfaces/share/ament_index/resource_index/parent_prefix_path/qcar2_interfaces
[1.433s] -- Up-to-date symlink: /workspaces/isaac_ros-dev/ros2/install/qcar2_interfaces/share/qcar2_interfaces/environment/ament_prefix_path.sh
[1.433s] -- Up-to-date symlink: /workspaces/isaac_ros-dev/ros2/install/qcar2_interfaces/share/qcar2_interfaces/environment/ament_prefix_path.dsv
[1.433s] -- Up-to-date symlink: /workspaces/isaac_ros-dev/ros2/install/qcar2_interfaces/share/qcar2_interfaces/environment/path.sh
[1.433s] -- Up-to-date symlink: /workspaces/isaac_ros-dev/ros2/install/qcar2_interfaces/share/qcar2_interfaces/environment/path.dsv
[1.433s] -- Up-to-date symlink: /workspaces/isaac_ros-dev/ros2/install/qcar2_interfaces/share/qcar2_interfaces/local_setup.bash
[1.434s] -- Up-to-date symlink: /workspaces/isaac_ros-dev/ros2/install/qcar2_interfaces/share/qcar2_interfaces/local_setup.sh
[1.434s] -- Up-to-date symlink: /workspaces/isaac_ros-dev/ros2/install/qcar2_interfaces/share/qcar2_interfaces/local_setup.zsh
[1.434s] -- Up-to-date symlink: /workspaces/isaac_ros-dev/ros2/install/qcar2_interfaces/share/qcar2_interfaces/local_setup.dsv
[1.434s] -- Symlinking: /workspaces/isaac_ros-dev/ros2/install/qcar2_interfaces/share/qcar2_interfaces/package.dsv
[1.440s] -- Up-to-date symlink: /workspaces/isaac_ros-dev/ros2/install/qcar2_interfaces/share/ament_index/resource_index/packages/qcar2_interfaces
[1.440s] -- Up-to-date symlink: /workspaces/isaac_ros-dev/ros2/install/qcar2_interfaces/share/qcar2_interfaces/cmake/rosidl_cmake-extras.cmake
[1.440s] -- Up-to-date symlink: /workspaces/isaac_ros-dev/ros2/install/qcar2_interfaces/share/qcar2_interfaces/cmake/ament_cmake_export_include_directories-extras.cmake
[1.440s] -- Up-to-date symlink: /workspaces/isaac_ros-dev/ros2/install/qcar2_interfaces/share/qcar2_interfaces/cmake/ament_cmake_export_libraries-extras.cmake
[1.440s] -- Up-to-date symlink: /workspaces/isaac_ros-dev/ros2/install/qcar2_interfaces/share/qcar2_interfaces/cmake/ament_cmake_export_targets-extras.cmake
[1.440s] -- Up-to-date symlink: /workspaces/isaac_ros-dev/ros2/install/qcar2_interfaces/share/qcar2_interfaces/cmake/rosidl_cmake_export_typesupport_targets-extras.cmake
[1.440s] -- Up-to-date symlink: /workspaces/isaac_ros-dev/ros2/install/qcar2_interfaces/share/qcar2_interfaces/cmake/ament_cmake_export_dependencies-extras.cmake
[1.440s] -- Up-to-date symlink: /workspaces/isaac_ros-dev/ros2/install/qcar2_interfaces/share/qcar2_interfaces/cmake/rosidl_cmake_export_typesupport_libraries-extras.cmake
[1.440s] -- Up-to-date symlink: /workspaces/isaac_ros-dev/ros2/install/qcar2_interfaces/share/qcar2_interfaces/cmake/qcar2_interfacesConfig.cmake
[1.440s] -- Up-to-date symlink: /workspaces/isaac_ros-dev/ros2/install/qcar2_interfaces/share/qcar2_interfaces/cmake/qcar2_interfacesConfig-version.cmake
[1.440s] -- Up-to-date symlink: /workspaces/isaac_ros-dev/ros2/install/qcar2_interfaces/share/qcar2_interfaces/package.xml
[1.441s] -- Up-to-date: /workspaces/isaac_ros-dev/ros2/install/qcar2_interfaces/lib/libqcar2_interfaces__rosidl_generator_c.so
[1.441s] -- Up-to-date: /workspaces/isaac_ros-dev/ros2/install/qcar2_interfaces/lib/libqcar2_interfaces__rosidl_typesupport_fastrtps_c.so
[1.441s] -- Up-to-date: /workspaces/isaac_ros-dev/ros2/install/qcar2_interfaces/lib/libqcar2_interfaces__rosidl_typesupport_introspection_c.so
[1.441s] -- Up-to-date: /workspaces/isaac_ros-dev/ros2/install/qcar2_interfaces/lib/libqcar2_interfaces__rosidl_typesupport_c.so
[1.441s] -- Up-to-date: /workspaces/isaac_ros-dev/ros2/install/qcar2_interfaces/lib/libqcar2_interfaces__rosidl_typesupport_fastrtps_cpp.so
[1.441s] -- Up-to-date: /workspaces/isaac_ros-dev/ros2/install/qcar2_interfaces/lib/libqcar2_interfaces__rosidl_typesupport_introspection_cpp.so
[1.441s] -- Up-to-date: /workspaces/isaac_ros-dev/ros2/install/qcar2_interfaces/lib/libqcar2_interfaces__rosidl_typesupport_cpp.so
[1.483s] Listing '/workspaces/isaac_ros-dev/ros2/install/qcar2_interfaces/lib/python3.8/site-packages/qcar2_interfaces'...
[1.483s] Listing '/workspaces/isaac_ros-dev/ros2/install/qcar2_interfaces/lib/python3.8/site-packages/qcar2_interfaces/msg'...
[1.483s] -- Up-to-date: /workspaces/isaac_ros-dev/ros2/install/qcar2_interfaces/lib/libqcar2_interfaces__rosidl_generator_py.so
[1.484s] -- Up-to-date: /workspaces/isaac_ros-dev/ros2/install/qcar2_interfaces/share/qcar2_interfaces/cmake/export_qcar2_interfaces__rosidl_generator_cExport.cmake
[1.484s] -- Up-to-date: /workspaces/isaac_ros-dev/ros2/install/qcar2_interfaces/share/qcar2_interfaces/cmake/export_qcar2_interfaces__rosidl_generator_cExport-noconfig.cmake
[1.484s] -- Up-to-date: /workspaces/isaac_ros-dev/ros2/install/qcar2_interfaces/share/qcar2_interfaces/cmake/export_qcar2_interfaces__rosidl_typesupport_fastrtps_cExport.cmake
[1.484s] -- Up-to-date: /workspaces/isaac_ros-dev/ros2/install/qcar2_interfaces/share/qcar2_interfaces/cmake/export_qcar2_interfaces__rosidl_typesupport_fastrtps_cExport-noconfig.cmake
[1.484s] -- Up-to-date: /workspaces/isaac_ros-dev/ros2/install/qcar2_interfaces/share/qcar2_interfaces/cmake/qcar2_interfaces__rosidl_typesupport_introspection_cExport.cmake
[1.484s] -- Up-to-date: /workspaces/isaac_ros-dev/ros2/install/qcar2_interfaces/share/qcar2_interfaces/cmake/qcar2_interfaces__rosidl_typesupport_introspection_cExport-noconfig.cmake
[1.484s] -- Up-to-date: /workspaces/isaac_ros-dev/ros2/install/qcar2_interfaces/share/qcar2_interfaces/cmake/qcar2_interfaces__rosidl_typesupport_cExport.cmake
[1.484s] -- Up-to-date: /workspaces/isaac_ros-dev/ros2/install/qcar2_interfaces/share/qcar2_interfaces/cmake/qcar2_interfaces__rosidl_typesupport_cExport-noconfig.cmake
[1.485s] -- Up-to-date: /workspaces/isaac_ros-dev/ros2/install/qcar2_interfaces/share/qcar2_interfaces/cmake/export_qcar2_interfaces__rosidl_generator_cppExport.cmake
[1.485s] -- Up-to-date: /workspaces/isaac_ros-dev/ros2/install/qcar2_interfaces/share/qcar2_interfaces/cmake/export_qcar2_interfaces__rosidl_typesupport_fastrtps_cppExport.cmake
[1.485s] -- Up-to-date: /workspaces/isaac_ros-dev/ros2/install/qcar2_interfaces/share/qcar2_interfaces/cmake/export_qcar2_interfaces__rosidl_typesupport_fastrtps_cppExport-noconfig.cmake
[1.485s] -- Up-to-date: /workspaces/isaac_ros-dev/ros2/install/qcar2_interfaces/share/qcar2_interfaces/cmake/qcar2_interfaces__rosidl_typesupport_introspection_cppExport.cmake
[1.485s] -- Up-to-date: /workspaces/isaac_ros-dev/ros2/install/qcar2_interfaces/share/qcar2_interfaces/cmake/qcar2_interfaces__rosidl_typesupport_introspection_cppExport-noconfig.cmake
[1.485s] -- Up-to-date: /workspaces/isaac_ros-dev/ros2/install/qcar2_interfaces/share/qcar2_interfaces/cmake/qcar2_interfaces__rosidl_typesupport_cppExport.cmake
[1.485s] -- Up-to-date: /workspaces/isaac_ros-dev/ros2/install/qcar2_interfaces/share/qcar2_interfaces/cmake/qcar2_interfaces__rosidl_typesupport_cppExport-noconfig.cmake
[1.486s] -- Up-to-date: /workspaces/isaac_ros-dev/ros2/install/qcar2_interfaces/share/qcar2_interfaces/cmake/export_qcar2_interfaces__rosidl_generator_pyExport.cmake
[1.486s] -- Up-to-date: /workspaces/isaac_ros-dev/ros2/install/qcar2_interfaces/share/qcar2_interfaces/cmake/export_qcar2_interfaces__rosidl_generator_pyExport-noconfig.cmake
[1.519s] Invoked command in '/workspaces/isaac_ros-dev/ros2/build/qcar2_interfaces' returned '0': CMAKE_PREFIX_PATH=${CMAKE_PREFIX_PATH}:/workspaces/isaac_ros-dev/ros2/install/qcar2_perception:/workspaces/isaac_ros-dev/ros2/install/qcar2_autonomy:/workspace/cartographer_ws/install/isaac_ros_test:/opt/ros/humble _=/usr/bin/env /usr/bin/cmake --install /workspaces/isaac_ros-dev/ros2/build/qcar2_interfaces
