[0.000000] (-) TimerEvent: {}
[0.000549] (-) JobUnselected: {'identifier': 'qcar2_interfaces'}
[0.000599] (-) JobUnselected: {'identifier': 'qcar2_nodes'}
[0.000638] (-) JobUnselected: {'identifier': 'qcar2_perception'}
[0.000699] (-) JobUnselected: {'identifier': 'rtabmap'}
[0.000710] (-) JobUnselected: {'identifier': 'rtabmap_conversions'}
[0.000717] (-) JobUnselected: {'identifier': 'rtabmap_demos'}
[0.000725] (-) JobUnselected: {'identifier': 'rtabmap_examples'}
[0.000733] (-) JobUnselected: {'identifier': 'rtabmap_launch'}
[0.000741] (-) JobUnselected: {'identifier': 'rtabmap_msgs'}
[0.000749] (-) JobUnselected: {'identifier': 'rtabmap_odom'}
[0.000757] (-) JobUnselected: {'identifier': 'rtabmap_python'}
[0.000765] (-) JobUnselected: {'identifier': 'rtabmap_ros'}
[0.000773] (-) JobUnselected: {'identifier': 'rtabmap_rviz_plugins'}
[0.000781] (-) JobUnselected: {'identifier': 'rtabmap_slam'}
[0.000789] (-) JobUnselected: {'identifier': 'rtabmap_sync'}
[0.000796] (-) JobUnselected: {'identifier': 'rtabmap_util'}
[0.000804] (-) JobUnselected: {'identifier': 'rtabmap_viz'}
[0.000814] (qcar2_autonomy) JobQueued: {'identifier': 'qcar2_autonomy', 'dependencies': OrderedDict([('qcar2_interfaces', '/workspaces/isaac_ros-dev/ros2/install/qcar2_interfaces')])}
[0.000827] (qcar2_autonomy) JobStarted: {'identifier': 'qcar2_autonomy'}
[0.100155] (-) TimerEvent: {}
[0.200564] (-) TimerEvent: {}
[0.300860] (-) TimerEvent: {}
[0.401127] (-) TimerEvent: {}
[0.501445] (-) TimerEvent: {}
[0.601740] (-) TimerEvent: {}
[0.607342] (qcar2_autonomy) Command: {'cmd': ['/usr/bin/python3', 'setup.py', 'develop', '--editable', '--build-directory', '/workspaces/isaac_ros-dev/ros2/build/qcar2_autonomy/build', '--no-deps', 'install_data'], 'cwd': '/workspaces/isaac_ros-dev/ros2/build/qcar2_autonomy', 'env': {'NPP_VERSION': '11.8.0.86', 'SHELL': '/bin/bash', 'ROS_VERSION': '2', 'NVIDIA_VISIBLE_DEVICES': 'all', 'DALI_BUILD': '5838886', 'CUSOLVER_VERSION': '11.4.1.48', 'USER_UID': '1000', 'CUBLAS_VERSION': '11.11.3.6', 'PKG_CONFIG_PATH': '/workspaces/isaac_ros-dev/install/rtabmap/lib/x86_64-linux-gnu/pkgconfig:/workspaces/isaac_ros-dev/install/rtabmap/lib/pkgconfig:/workspace/cartographer_ws/install/cartographer/lib/x86_64-linux-gnu/pkgconfig:/workspace/cartographer_ws/install/cartographer/lib/pkgconfig', 'ROS_PYTHON_VERSION': '3', 'HOSTNAME': 'bp02-ubuntu-ROG-Strix-G16-G615LR-G615LR', 'FASTRTPS_DEFAULT_PROFILES_FILE': '/usr/local/share/middleware_profiles/rtps_udp_profile.xml', 'DCGM_VERSION': '2.2.9', 'NVIDIA_REQUIRE_CUDA': 'cuda>=9.0', 'CUFFT_VERSION': '10.9.0.58', 'CUDA_CACHE_DISABLE': '1', 'NCCL_VERSION': '2.15.1', 'CUSPARSE_VERSION': '11.7.5.86', 'ENV': '/etc/shinit_v2', 'PWD': '/workspaces/isaac_ros-dev/ros2/build/qcar2_autonomy', 'OPENUCX_VERSION': '1.14.0', 'NSIGHT_SYSTEMS_VERSION': '2022.3.1.43', 'NVIDIA_DRIVER_CAPABILITIES': 'all', 'ROS_DOMAIN_ID': '69', 'POLYGRAPHY_VERSION': '0.38.0', 'TF_ENABLE_WINOGRAD_NONFUSED': '1', 'TRT_VERSION': '8.5.0.12', 'USER_GID': '1000', 'NVIDIA_PRODUCT_NAME': 'Triton Server', 'RDMACORE_VERSION': '36.0', 'HOME': '/home/admin', 'USERNAME': 'admin', 'LANG': 'en_US.UTF-8', 'CUDA_VERSION': '11.8.0.062', 'CURAND_VERSION': '10.3.0.86', 'AMENT_PREFIX_PATH': '/workspaces/isaac_ros-dev/ros2/install/qcar2_perception:/workspaces/isaac_ros-dev/ros2/install/qcar2_nodes:/workspaces/isaac_ros-dev/ros2/install/qcar2_autonomy:/workspaces/isaac_ros-dev/ros2/install/qcar2_interfaces:/workspaces/isaac_ros-dev/install/rtabmap_ros:/workspaces/isaac_ros-dev/install/rtabmap_launch:/workspaces/isaac_ros-dev/install/rtabmap_examples:/workspaces/isaac_ros-dev/install/rtabmap_demos:/workspaces/isaac_ros-dev/install/rtabmap_viz:/workspaces/isaac_ros-dev/install/rtabmap_slam:/workspaces/isaac_ros-dev/install/rtabmap_odom:/workspaces/isaac_ros-dev/install/rtabmap_util:/workspaces/isaac_ros-dev/install/rtabmap_sync:/workspaces/isaac_ros-dev/install/rtabmap_rviz_plugins:/workspaces/isaac_ros-dev/install/rtabmap_conversions:/workspaces/isaac_ros-dev/install/rtabmap_python:/workspaces/isaac_ros-dev/install/rtabmap_msgs:/workspaces/isaac_ros-dev/install/qcar2_perception:/workspaces/isaac_ros-dev/install/qcar2_nodes:/workspaces/isaac_ros-dev/install/qcar2_autonomy:/workspaces/isaac_ros-dev/install/qcar2_interfaces:/workspace/cartographer_ws/install/perception_pcl:/workspace/cartographer_ws/install/pcl_ros:/workspace/cartographer_ws/install/cartographer_rviz:/workspace/cartographer_ws/install/cartographer_ros:/workspace/cartographer_ws/install/pcl_conversions:/workspace/cartographer_ws/install/pcl_msgs:/workspace/cartographer_ws/install/isaac_ros_test:/workspace/cartographer_ws/install/isaac_ros_tensor_list_interfaces:/workspace/cartographer_ws/install/isaac_ros_pointcloud_interfaces:/workspace/cartographer_ws/install/isaac_ros_nova_interfaces:/workspace/cartographer_ws/install/isaac_ros_nitros_bridge_interfaces:/workspace/cartographer_ws/install/isaac_ros_common:/workspace/cartographer_ws/install/isaac_ros_bi3d_interfaces:/workspace/cartographer_ws/install/isaac_ros_apriltag_interfaces:/workspace/cartographer_ws/install/control_msgs:/workspace/cartographer_ws/install/cartographer_ros_msgs:/opt/ros/humble', 'CMAKE_PREFIX_PATH': '/workspaces/isaac_ros-dev/ros2/install/qcar2_interfaces:/workspaces/isaac_ros-dev/ros2/install/qcar2_nodes:/workspaces/isaac_ros-dev/install/rtabmap_ros:/workspaces/isaac_ros-dev/install/rtabmap_launch:/workspaces/isaac_ros-dev/install/rtabmap_examples:/workspaces/isaac_ros-dev/install/rtabmap_demos:/workspaces/isaac_ros-dev/install/rtabmap_viz:/workspaces/isaac_ros-dev/install/rtabmap_slam:/workspaces/isaac_ros-dev/install/rtabmap_odom:/workspaces/isaac_ros-dev/install/rtabmap_util:/workspaces/isaac_ros-dev/install/rtabmap_sync:/workspaces/isaac_ros-dev/install/rtabmap_rviz_plugins:/workspaces/isaac_ros-dev/install/rtabmap_conversions:/workspaces/isaac_ros-dev/install/rtabmap:/workspaces/isaac_ros-dev/install/rtabmap_msgs:/workspaces/isaac_ros-dev/install/qcar2_nodes:/workspaces/isaac_ros-dev/install/qcar2_interfaces:/workspace/cartographer_ws/install/perception_pcl:/workspace/cartographer_ws/install/pcl_ros:/workspace/cartographer_ws/install/cartographer_rviz:/workspace/cartographer_ws/install/cartographer_ros:/workspace/cartographer_ws/install/pcl_conversions:/workspace/cartographer_ws/install/pcl_msgs:/workspace/cartographer_ws/install/isaac_ros_tensor_list_interfaces:/workspace/cartographer_ws/install/isaac_ros_pointcloud_interfaces:/workspace/cartographer_ws/install/isaac_ros_nova_interfaces:/workspace/cartographer_ws/install/isaac_ros_nitros_bridge_interfaces:/workspace/cartographer_ws/install/isaac_ros_common:/workspace/cartographer_ws/install/isaac_ros_bi3d_interfaces:/workspace/cartographer_ws/install/isaac_ros_apriltag_interfaces:/workspace/cartographer_ws/install/control_msgs:/workspace/cartographer_ws/install/cartographer_ros_msgs:/workspace/cartographer_ws/install/cartographer:/workspace/cartographer_ws/install/absl', 'COLCON_PREFIX_PATH': '/workspaces/isaac_ros-dev/ros2/install:/workspace/cartographer_ws/install:/workspaces/isaac_ros-dev/install', 'CUTENSOR_VERSION': '1.6.1.5', 'TRITON_SERVER_GPU_ENABLED': '1', 'HPCX_VERSION': '2.12.1a0', 'PYTHONPATH': '/workspaces/isaac_ros-dev/ros2/build/qcar2_autonomy/prefix_override:/workspaces/isaac_ros-dev/ros2/install/qcar2_autonomy/lib/python3.8/site-packages:/workspaces/isaac_ros-dev/ros2/install/qcar2_interfaces/lib/python3.8/site-packages:/workspaces/isaac_ros-dev/ros2/build/qcar2_perception:/workspaces/isaac_ros-dev/ros2/install/qcar2_perception/lib/python3.8/site-packages:/workspaces/isaac_ros-dev/ros2/build/qcar2_autonomy:/workspaces/isaac_ros-dev/ros2/install/qcar2_autonomy/lib/python3.8/site-packages:/workspaces/isaac_ros-dev/build/rtabmap_python:/workspaces/isaac_ros-dev/install/rtabmap_python/lib/python3.8/site-packages:/workspaces/isaac_ros-dev/install/rtabmap_msgs/lib/python3.8/site-packages:/workspaces/isaac_ros-dev/build/qcar2_perception:/workspaces/isaac_ros-dev/install/qcar2_perception/lib/python3.8/site-packages:/workspaces/isaac_ros-dev/build/qcar2_autonomy:/workspaces/isaac_ros-dev/install/qcar2_autonomy/lib/python3.8/site-packages:/workspaces/isaac_ros-dev/install/qcar2_interfaces/lib/python3.8/site-packages:/workspace/cartographer_ws/install/pcl_msgs/lib/python3.8/site-packages:/workspace/cartographer_ws/build/isaac_ros_test:/workspace/cartographer_ws/install/isaac_ros_test/lib/python3.8/site-packages:/workspace/cartographer_ws/install/isaac_ros_tensor_list_interfaces/lib/python3.8/site-packages:/workspace/cartographer_ws/install/isaac_ros_pointcloud_interfaces/lib/python3.8/site-packages:/workspace/cartographer_ws/install/isaac_ros_nova_interfaces/lib/python3.8/site-packages:/workspace/cartographer_ws/install/isaac_ros_nitros_bridge_interfaces/lib/python3.8/site-packages:/workspace/cartographer_ws/install/isaac_ros_bi3d_interfaces/lib/python3.8/site-packages:/workspace/cartographer_ws/install/isaac_ros_apriltag_interfaces/lib/python3.8/site-packages:/workspace/cartographer_ws/install/control_msgs/lib/python3.8/site-packages:/workspace/cartographer_ws/install/cartographer_ros_msgs/lib/python3.8/site-packages:/opt/ros/humble/lib/python3.8/site-packages:/home/Quanser/0_libraries/python', 'COLCON': '1', 'TERM': 'xterm', 'TRITON_SERVER_VERSION': '2.26.0', 'GDRCOPY_VERSION': '2.3', 'USER': 'bp02-ubuntu', 'OPENMPI_VERSION': '4.1.4', 'NVJPEG_VERSION': '11.9.0.86', 'LIBRARY_PATH': '/usr/local/cuda/lib64/stubs:', 'DISPLAY': ':1', 'SHLVL': '1', 'BASH_ENV': '/etc/bash.bashrc', 'TF_AUTOTUNE_THRESHOLD': '2', 'CUDNN_VERSION': '8.6.0.163', 'NSIGHT_COMPUTE_VERSION': '2022.3.0.22', 'DALI_VERSION': '1.17.0', 'NVIDIA_TRITON_SERVER_VERSION': '22.09', 'LD_LIBRARY_PATH': '/workspaces/isaac_ros-dev/ros2/install/qcar2_interfaces/lib:/workspaces/isaac_ros-dev/install/rtabmap_slam/lib:/workspaces/isaac_ros-dev/install/rtabmap_odom/lib:/workspaces/isaac_ros-dev/install/rtabmap_util/lib:/workspaces/isaac_ros-dev/install/rtabmap_sync/lib:/workspaces/isaac_ros-dev/install/rtabmap_rviz_plugins/lib:/workspaces/isaac_ros-dev/install/rtabmap_conversions/lib:/workspaces/isaac_ros-dev/install/rtabmap/lib:/workspaces/isaac_ros-dev/install/rtabmap_msgs/lib:/workspaces/isaac_ros-dev/install/qcar2_interfaces/lib:/workspace/cartographer_ws/install/pcl_ros/lib:/workspace/cartographer_ws/install/cartographer_rviz/lib:/workspace/cartographer_ws/install/cartographer_ros/lib:/workspace/cartographer_ws/install/pcl_msgs/lib:/workspace/cartographer_ws/install/isaac_ros_tensor_list_interfaces/lib:/workspace/cartographer_ws/install/isaac_ros_pointcloud_interfaces/lib:/workspace/cartographer_ws/install/isaac_ros_nova_interfaces/lib:/workspace/cartographer_ws/install/isaac_ros_nitros_bridge_interfaces/lib:/workspace/cartographer_ws/install/isaac_ros_common/lib:/workspace/cartographer_ws/install/isaac_ros_bi3d_interfaces/lib:/workspace/cartographer_ws/install/isaac_ros_apriltag_interfaces/lib:/workspace/cartographer_ws/install/control_msgs/lib:/workspace/cartographer_ws/install/cartographer_ros_msgs/lib:/opt/ros/humble/opt/rviz_ogre_vendor/lib:/opt/ros/humble/lib/x86_64-linux-gnu:/opt/ros/humble/lib:/opt/tritonserver/backends/onnxruntime:/usr/local/cuda/compat/lib:/usr/local/nvidia/lib:/usr/local/nvidia/lib64:/opt/tritonserver/lib', 'NVIDIA_BUILD_ID': '44909143', 'ROS_LOCALHOST_ONLY': '0', 'OMPI_MCA_coll_hcoll_enable': '0', 'OPAL_PREFIX': '/opt/hpcx/ompi', 'CUDA_DRIVER_VERSION': '520.61.03', '_CUDA_COMPAT_PATH': '/usr/local/cuda/compat', 'PATH': '/workspaces/isaac_ros-dev/install/rtabmap/bin:/workspace/cartographer_ws/install/cartographer/bin:/opt/ros/humble/bin:/opt/tritonserver/bin:/usr/local/mpi/bin:/usr/local/nvidia/bin:/usr/local/cuda/bin:/usr/local/sbin:/usr/local/bin:/usr/sbin:/usr/bin:/sbin:/bin:/usr/local/ucx/bin:/opt/nvidia/tao', 'TRITON_SERVER_USER': 'triton-server', 'PYTHONWARNINGS': 'ignore:::setuptools.command.install,ignore:::setuptools.command.easy_install,ignore:::pkg_resources', 'MOFED_VERSION': '5.4-rdmacore36.0', 'TRTOSS_VERSION': '', 'DEBIAN_FRONTEND': 'noninteractive', 'ROS_ROOT': '/opt/ros/humble', 'ROS_DISTRO': 'humble', 'TF_ADJUST_HUE_FUSED': '1', 'TF_ADJUST_SATURATION_FUSED': '1', 'SHARP_COLL_ENABLE_CUDA': '0', 'RMW_IMPLEMENTATION': 'rmw_fastrtps_cpp', 'OLDPWD': '/workspaces/isaac_ros-dev', '_': '/usr/bin/env'}, 'shell': False}
[0.701967] (-) TimerEvent: {}
[0.784489] (qcar2_autonomy) StdoutLine: {'line': b'running develop\n'}
[0.802125] (-) TimerEvent: {}
[0.891164] (qcar2_autonomy) StdoutLine: {'line': b'running egg_info\n'}
[0.896066] (qcar2_autonomy) StdoutLine: {'line': b'writing qcar2_autonomy.egg-info/PKG-INFO\n'}
[0.896394] (qcar2_autonomy) StdoutLine: {'line': b'writing dependency_links to qcar2_autonomy.egg-info/dependency_links.txt\n'}
[0.896465] (qcar2_autonomy) StdoutLine: {'line': b'writing entry points to qcar2_autonomy.egg-info/entry_points.txt\n'}
[0.896563] (qcar2_autonomy) StdoutLine: {'line': b'writing requirements to qcar2_autonomy.egg-info/requires.txt\n'}
[0.896623] (qcar2_autonomy) StdoutLine: {'line': b'writing top-level names to qcar2_autonomy.egg-info/top_level.txt\n'}
[0.902269] (-) TimerEvent: {}
[0.906492] (qcar2_autonomy) StdoutLine: {'line': b"reading manifest file 'qcar2_autonomy.egg-info/SOURCES.txt'\n"}
[0.907331] (qcar2_autonomy) StdoutLine: {'line': b"writing manifest file 'qcar2_autonomy.egg-info/SOURCES.txt'\n"}
[0.929075] (qcar2_autonomy) StdoutLine: {'line': b'running build_ext\n'}
[0.929197] (qcar2_autonomy) StdoutLine: {'line': b'Creating /workspaces/isaac_ros-dev/ros2/install/qcar2_autonomy/lib/python3.8/site-packages/qcar2-autonomy.egg-link (link to .)\n'}
[0.930056] (qcar2_autonomy) StdoutLine: {'line': b'Installing bev_csi_node script to /workspaces/isaac_ros-dev/ros2/install/qcar2_autonomy/lib/qcar2_autonomy\n'}
[0.930175] (qcar2_autonomy) StdoutLine: {'line': b'Installing bev_csi_seg script to /workspaces/isaac_ros-dev/ros2/install/qcar2_autonomy/lib/qcar2_autonomy\n'}
[0.930215] (qcar2_autonomy) StdoutLine: {'line': b'Installing controller_watchdog script to /workspaces/isaac_ros-dev/ros2/install/qcar2_autonomy/lib/qcar2_autonomy\n'}
[0.930248] (qcar2_autonomy) StdoutLine: {'line': b'Installing ekf_fusor script to /workspaces/isaac_ros-dev/ros2/install/qcar2_autonomy/lib/qcar2_autonomy\n'}
[0.930279] (qcar2_autonomy) StdoutLine: {'line': b'Installing lane_detection script to /workspaces/isaac_ros-dev/ros2/install/qcar2_autonomy/lib/qcar2_autonomy\n'}
[0.930309] (qcar2_autonomy) StdoutLine: {'line': b'Installing lane_stanley_node script to /workspaces/isaac_ros-dev/ros2/install/qcar2_autonomy/lib/qcar2_autonomy\n'}
[0.930338] (qcar2_autonomy) StdoutLine: {'line': b'Installing manual_drive script to /workspaces/isaac_ros-dev/ros2/install/qcar2_autonomy/lib/qcar2_autonomy\n'}
[0.930368] (qcar2_autonomy) StdoutLine: {'line': b'Installing path_follower script to /workspaces/isaac_ros-dev/ros2/install/qcar2_autonomy/lib/qcar2_autonomy\n'}
[0.930398] (qcar2_autonomy) StdoutLine: {'line': b'Installing pose_estimator script to /workspaces/isaac_ros-dev/ros2/install/qcar2_autonomy/lib/qcar2_autonomy\n'}
[0.930427] (qcar2_autonomy) StdoutLine: {'line': b'Installing qcar2_ekf_odometry script to /workspaces/isaac_ros-dev/ros2/install/qcar2_autonomy/lib/qcar2_autonomy\n'}
[0.930455] (qcar2_autonomy) StdoutLine: {'line': b'Installing roadmap_alignment_node script to /workspaces/isaac_ros-dev/ros2/install/qcar2_autonomy/lib/qcar2_autonomy\n'}
[0.930484] (qcar2_autonomy) StdoutLine: {'line': b'Installing sidewalk_detection script to /workspaces/isaac_ros-dev/ros2/install/qcar2_autonomy/lib/qcar2_autonomy\n'}
[0.930513] (qcar2_autonomy) StdoutLine: {'line': b'Installing stanley_live_plot script to /workspaces/isaac_ros-dev/ros2/install/qcar2_autonomy/lib/qcar2_autonomy\n'}
[0.930541] (qcar2_autonomy) StdoutLine: {'line': b'Installing teleop_csi script to /workspaces/isaac_ros-dev/ros2/install/qcar2_autonomy/lib/qcar2_autonomy\n'}
[0.930570] (qcar2_autonomy) StdoutLine: {'line': b'Installing traffic_system_detector script to /workspaces/isaac_ros-dev/ros2/install/qcar2_autonomy/lib/qcar2_autonomy\n'}
[0.930599] (qcar2_autonomy) StdoutLine: {'line': b'Installing trip_planner script to /workspaces/isaac_ros-dev/ros2/install/qcar2_autonomy/lib/qcar2_autonomy\n'}
[0.930627] (qcar2_autonomy) StdoutLine: {'line': b'Installing visual_odometry script to /workspaces/isaac_ros-dev/ros2/install/qcar2_autonomy/lib/qcar2_autonomy\n'}
[0.930668] (qcar2_autonomy) StdoutLine: {'line': b'Installing yolo_detector script to /workspaces/isaac_ros-dev/ros2/install/qcar2_autonomy/lib/qcar2_autonomy\n'}
[0.930697] (qcar2_autonomy) StdoutLine: {'line': b'\n'}
[0.930726] (qcar2_autonomy) StdoutLine: {'line': b'Installed /workspaces/isaac_ros-dev/ros2/build/qcar2_autonomy\n'}
[0.930755] (qcar2_autonomy) StdoutLine: {'line': b'running install_data\n'}
[0.953761] (qcar2_autonomy) CommandEnded: {'returncode': 0}
[0.976006] (qcar2_autonomy) JobEnded: {'identifier': 'qcar2_autonomy', 'rc': 0}
[0.976397] (-) EventReactorShutdown: {}
