running egg_info
writing ../../build/qcar2_perception/qcar2_perception.egg-info/PKG-INFO
writing dependency_links to ../../build/qcar2_perception/qcar2_perception.egg-info/dependency_links.txt
writing entry points to ../../build/qcar2_perception/qcar2_perception.egg-info/entry_points.txt
writing requirements to ../../build/qcar2_perception/qcar2_perception.egg-info/requires.txt
writing top-level names to ../../build/qcar2_perception/qcar2_perception.egg-info/top_level.txt
reading manifest file '../../build/qcar2_perception/qcar2_perception.egg-info/SOURCES.txt'
writing manifest file '../../build/qcar2_perception/qcar2_perception.egg-info/SOURCES.txt'
running build
running build_py
running install
running install_lib
running install_data
copying maps/semantic_map.json -> /workspaces/isaac_ros-dev/ros2/install/qcar2_perception/share/qcar2_perception/maps
running install_egg_info
removing '/workspaces/isaac_ros-dev/ros2/install/qcar2_perception/lib/python3.8/site-packages/qcar2_perception-0.0.0-py3.8.egg-info' (and everything under it)
Copying ../../build/qcar2_perception/qcar2_perception.egg-info to /workspaces/isaac_ros-dev/ros2/install/qcar2_perception/lib/python3.8/site-packages/qcar2_perception-0.0.0-py3.8.egg-info
running install_scripts
Installing car_stop script to /workspaces/isaac_ros-dev/ros2/install/qcar2_perception/lib/qcar2_perception
Installing cmd_vel_blender script to /workspaces/isaac_ros-dev/ros2/install/qcar2_perception/lib/qcar2_perception
Installing d435_aligned_source script to /workspaces/isaac_ros-dev/ros2/install/qcar2_perception/lib/qcar2_perception
Installing lane_detector script to /workspaces/isaac_ros-dev/ros2/install/qcar2_perception/lib/qcar2_perception
Installing lane_stanley_controller script to /workspaces/isaac_ros-dev/ros2/install/qcar2_perception/lib/qcar2_perception
Installing object_3d_estimator script to /workspaces/isaac_ros-dev/ros2/install/qcar2_perception/lib/qcar2_perception
Installing perception_behavior_interface script to /workspaces/isaac_ros-dev/ros2/install/qcar2_perception/lib/qcar2_perception
Installing semantic_consistency_monitor script to /workspaces/isaac_ros-dev/ros2/install/qcar2_perception/lib/qcar2_perception
Installing semantic_landmark_mapper script to /workspaces/isaac_ros-dev/ros2/install/qcar2_perception/lib/qcar2_perception
Installing semantic_yolo_detector script to /workspaces/isaac_ros-dev/ros2/install/qcar2_perception/lib/qcar2_perception
writing list of installed files to '/workspaces/isaac_ros-dev/ros2/build/qcar2_perception/install.log'
