[0.123s] Invoking command in '/workspaces/isaac_ros-dev/build/gxf_isaac_message_compositor': AMENT_PREFIX_PATH=/workspaces/isaac_ros-dev/install/isaac_ros_gxf:${AMENT_PREFIX_PATH} CMAKE_PREFIX_PATH=/workspaces/isaac_ros-dev/install/isaac_ros_gxf:/workspaces/isaac_ros-dev/install/qcar2_nodes:/workspaces/isaac_ros-dev/install/qcar2_interfaces:/workspace/cartographer_ws/install/perception_pcl:/workspace/cartographer_ws/install/pcl_ros:/workspace/cartographer_ws/install/cartographer_rviz:/workspace/cartographer_ws/install/cartographer_ros:/workspace/cartographer_ws/install/pcl_conversions:/workspace/cartographer_ws/install/pcl_msgs:/workspace/cartographer_ws/install/isaac_ros_tensor_list_interfaces:/workspace/cartographer_ws/install/isaac_ros_pointcloud_interfaces:/workspace/cartographer_ws/install/isaac_ros_nova_interfaces:/workspace/cartographer_ws/install/isaac_ros_nitros_bridge_interfaces:/workspace/cartographer_ws/install/isaac_ros_common:/workspace/cartographer_ws/install/isaac_ros_bi3d_interfaces:/workspace/cartographer_ws/install/isaac_ros_apriltag_interfaces:/workspace/cartographer_ws/install/control_msgs:/workspace/cartographer_ws/install/cartographer_ros_msgs:/workspace/cartographer_ws/install/cartographer:/workspace/cartographer_ws/install/absl:/workspaces/isaac_ros-dev/install/qcar2_autonomy:/workspace/cartographer_ws/install/isaac_ros_test:/opt/ros/humble LD_LIBRARY_PATH=/workspaces/isaac_ros-dev/install/isaac_ros_gxf/lib:${LD_LIBRARY_PATH} /usr/bin/cmake /workspaces/isaac_ros-dev/ros2/src/isaac_ros_nitros/isaac_ros_gxf_extensions/gxf_isaac_message_compositor -DAMENT_CMAKE_SYMLINK_INSTALL=1 -DCMAKE_INSTALL_PREFIX=/workspaces/isaac_ros-dev/install/gxf_isaac_message_compositor
[0.162s] -- The C compiler identification is GNU 9.4.0
[0.203s] -- The CXX compiler identification is GNU 9.4.0
[0.209s] -- Detecting C compiler ABI info
[0.252s] -- Detecting C compiler ABI info - done
[0.257s] -- Check for working C compiler: /usr/bin/cc - skipped
[0.257s] -- Detecting C compile features
[0.257s] -- Detecting C compile features - done
[0.259s] -- Detecting CXX compiler ABI info
[0.307s] -- Detecting CXX compiler ABI info - done
[0.312s] -- Check for working CXX compiler: /usr/bin/c++ - skipped
[0.313s] -- Detecting CXX compile features
[0.313s] -- Detecting CXX compile features - done
[0.315s] -- Found ament_cmake_auto: 1.3.5 (/opt/ros/humble/share/ament_cmake_auto/cmake)
[0.799s] -- Found Python3: /usr/bin/python3.8 (found version "3.8.10") found components: Interpreter 
[0.845s] -- Override CMake install command with custom implementation using symlinks instead of copying resources
[0.920s] -- Loading isaac_ros_common extras
[0.920s] -- CMAKE_BUILD_TYPE: Release
[0.931s] -- Looking for pthread.h
[0.972s] -- Looking for pthread.h - found
[0.972s] -- Performing Test CMAKE_HAVE_LIBC_PTHREAD
[1.016s] -- Performing Test CMAKE_HAVE_LIBC_PTHREAD - Failed
[1.016s] -- Looking for pthread_create in pthreads
[1.053s] -- Looking for pthread_create in pthreads - not found
[1.053s] -- Looking for pthread_create in pthread
[1.096s] -- Looking for pthread_create in pthread - found
[1.096s] -- Found Threads: TRUE  
[1.112s] -- Found CUDA: /usr/local/cuda (found version "11.8") 
[1.112s] -- Loading isaac_ros_common extras (modules)
[1.150s] -- Found rosidl_generator_c: 3.1.5 (/opt/ros/humble/share/rosidl_generator_c/cmake)
[1.156s] -- Found rosidl_adapter: 3.1.5 (/opt/ros/humble/share/rosidl_adapter/cmake)
[1.164s] -- Found rosidl_generator_cpp: 3.1.5 (/opt/ros/humble/share/rosidl_generator_cpp/cmake)
[1.176s] -- Using all available rosidl_typesupport_c: rosidl_typesupport_fastrtps_c;rosidl_typesupport_introspection_c
[1.191s] -- Using all available rosidl_typesupport_cpp: rosidl_typesupport_fastrtps_cpp;rosidl_typesupport_introspection_cpp
[1.248s] -- Found rmw_implementation_cmake: 6.1.1 (/opt/ros/humble/share/rmw_implementation_cmake/cmake)
[1.251s] -- Found rmw_fastrtps_cpp: 6.2.4 (/opt/ros/humble/share/rmw_fastrtps_cpp/cmake)
[1.355s] -- Found OpenSSL: /usr/lib/x86_64-linux-gnu/libcrypto.so (found version "1.1.1f")  
[1.380s] -- Found FastRTPS: /opt/ros/humble/include  
[1.428s] -- Using RMW implementation 'rmw_fastrtps_cpp' as default
[1.541s] -- Loading isaac_ros_gxf extras
[1.546s] -- Configuring done
[1.549s] -- Generating done
[1.549s] -- Build files have been written to: /workspaces/isaac_ros-dev/build/gxf_isaac_message_compositor
[1.555s] Invoked command in '/workspaces/isaac_ros-dev/build/gxf_isaac_message_compositor' returned '0': AMENT_PREFIX_PATH=/workspaces/isaac_ros-dev/install/isaac_ros_gxf:${AMENT_PREFIX_PATH} CMAKE_PREFIX_PATH=/workspaces/isaac_ros-dev/install/isaac_ros_gxf:/workspaces/isaac_ros-dev/install/qcar2_nodes:/workspaces/isaac_ros-dev/install/qcar2_interfaces:/workspace/cartographer_ws/install/perception_pcl:/workspace/cartographer_ws/install/pcl_ros:/workspace/cartographer_ws/install/cartographer_rviz:/workspace/cartographer_ws/install/cartographer_ros:/workspace/cartographer_ws/install/pcl_conversions:/workspace/cartographer_ws/install/pcl_msgs:/workspace/cartographer_ws/install/isaac_ros_tensor_list_interfaces:/workspace/cartographer_ws/install/isaac_ros_pointcloud_interfaces:/workspace/cartographer_ws/install/isaac_ros_nova_interfaces:/workspace/cartographer_ws/install/isaac_ros_nitros_bridge_interfaces:/workspace/cartographer_ws/install/isaac_ros_common:/workspace/cartographer_ws/install/isaac_ros_bi3d_interfaces:/workspace/cartographer_ws/install/isaac_ros_apriltag_interfaces:/workspace/cartographer_ws/install/control_msgs:/workspace/cartographer_ws/install/cartographer_ros_msgs:/workspace/cartographer_ws/install/cartographer:/workspace/cartographer_ws/install/absl:/workspaces/isaac_ros-dev/install/qcar2_autonomy:/workspace/cartographer_ws/install/isaac_ros_test:/opt/ros/humble LD_LIBRARY_PATH=/workspaces/isaac_ros-dev/install/isaac_ros_gxf/lib:${LD_LIBRARY_PATH} /usr/bin/cmake /workspaces/isaac_ros-dev/ros2/src/isaac_ros_nitros/isaac_ros_gxf_extensions/gxf_isaac_message_compositor -DAMENT_CMAKE_SYMLINK_INSTALL=1 -DCMAKE_INSTALL_PREFIX=/workspaces/isaac_ros-dev/install/gxf_isaac_message_compositor
[1.558s] Invoking command in '/workspaces/isaac_ros-dev/build/gxf_isaac_message_compositor': AMENT_PREFIX_PATH=/workspaces/isaac_ros-dev/install/isaac_ros_gxf:${AMENT_PREFIX_PATH} CMAKE_PREFIX_PATH=/workspaces/isaac_ros-dev/install/isaac_ros_gxf:/workspaces/isaac_ros-dev/install/qcar2_nodes:/workspaces/isaac_ros-dev/install/qcar2_interfaces:/workspace/cartographer_ws/install/perception_pcl:/workspace/cartographer_ws/install/pcl_ros:/workspace/cartographer_ws/install/cartographer_rviz:/workspace/cartographer_ws/install/cartographer_ros:/workspace/cartographer_ws/install/pcl_conversions:/workspace/cartographer_ws/install/pcl_msgs:/workspace/cartographer_ws/install/isaac_ros_tensor_list_interfaces:/workspace/cartographer_ws/install/isaac_ros_pointcloud_interfaces:/workspace/cartographer_ws/install/isaac_ros_nova_interfaces:/workspace/cartographer_ws/install/isaac_ros_nitros_bridge_interfaces:/workspace/cartographer_ws/install/isaac_ros_common:/workspace/cartographer_ws/install/isaac_ros_bi3d_interfaces:/workspace/cartographer_ws/install/isaac_ros_apriltag_interfaces:/workspace/cartographer_ws/install/control_msgs:/workspace/cartographer_ws/install/cartographer_ros_msgs:/workspace/cartographer_ws/install/cartographer:/workspace/cartographer_ws/install/absl:/workspaces/isaac_ros-dev/install/qcar2_autonomy:/workspace/cartographer_ws/install/isaac_ros_test:/opt/ros/humble LD_LIBRARY_PATH=/workspaces/isaac_ros-dev/install/isaac_ros_gxf/lib:${LD_LIBRARY_PATH} /usr/bin/cmake --build /workspaces/isaac_ros-dev/build/gxf_isaac_message_compositor -- -j20 -l20
[1.573s] Invoked command in '/workspaces/isaac_ros-dev/build/gxf_isaac_message_compositor' returned '0': AMENT_PREFIX_PATH=/workspaces/isaac_ros-dev/install/isaac_ros_gxf:${AMENT_PREFIX_PATH} CMAKE_PREFIX_PATH=/workspaces/isaac_ros-dev/install/isaac_ros_gxf:/workspaces/isaac_ros-dev/install/qcar2_nodes:/workspaces/isaac_ros-dev/install/qcar2_interfaces:/workspace/cartographer_ws/install/perception_pcl:/workspace/cartographer_ws/install/pcl_ros:/workspace/cartographer_ws/install/cartographer_rviz:/workspace/cartographer_ws/install/cartographer_ros:/workspace/cartographer_ws/install/pcl_conversions:/workspace/cartographer_ws/install/pcl_msgs:/workspace/cartographer_ws/install/isaac_ros_tensor_list_interfaces:/workspace/cartographer_ws/install/isaac_ros_pointcloud_interfaces:/workspace/cartographer_ws/install/isaac_ros_nova_interfaces:/workspace/cartographer_ws/install/isaac_ros_nitros_bridge_interfaces:/workspace/cartographer_ws/install/isaac_ros_common:/workspace/cartographer_ws/install/isaac_ros_bi3d_interfaces:/workspace/cartographer_ws/install/isaac_ros_apriltag_interfaces:/workspace/cartographer_ws/install/control_msgs:/workspace/cartographer_ws/install/cartographer_ros_msgs:/workspace/cartographer_ws/install/cartographer:/workspace/cartographer_ws/install/absl:/workspaces/isaac_ros-dev/install/qcar2_autonomy:/workspace/cartographer_ws/install/isaac_ros_test:/opt/ros/humble LD_LIBRARY_PATH=/workspaces/isaac_ros-dev/install/isaac_ros_gxf/lib:${LD_LIBRARY_PATH} /usr/bin/cmake --build /workspaces/isaac_ros-dev/build/gxf_isaac_message_compositor -- -j20 -l20
[1.599s] Invoking command in '/workspaces/isaac_ros-dev/build/gxf_isaac_message_compositor': AMENT_PREFIX_PATH=/workspaces/isaac_ros-dev/install/isaac_ros_gxf:${AMENT_PREFIX_PATH} CMAKE_PREFIX_PATH=/workspaces/isaac_ros-dev/install/isaac_ros_gxf:/workspaces/isaac_ros-dev/install/qcar2_nodes:/workspaces/isaac_ros-dev/install/qcar2_interfaces:/workspace/cartographer_ws/install/perception_pcl:/workspace/cartographer_ws/install/pcl_ros:/workspace/cartographer_ws/install/cartographer_rviz:/workspace/cartographer_ws/install/cartographer_ros:/workspace/cartographer_ws/install/pcl_conversions:/workspace/cartographer_ws/install/pcl_msgs:/workspace/cartographer_ws/install/isaac_ros_tensor_list_interfaces:/workspace/cartographer_ws/install/isaac_ros_pointcloud_interfaces:/workspace/cartographer_ws/install/isaac_ros_nova_interfaces:/workspace/cartographer_ws/install/isaac_ros_nitros_bridge_interfaces:/workspace/cartographer_ws/install/isaac_ros_common:/workspace/cartographer_ws/install/isaac_ros_bi3d_interfaces:/workspace/cartographer_ws/install/isaac_ros_apriltag_interfaces:/workspace/cartographer_ws/install/control_msgs:/workspace/cartographer_ws/install/cartographer_ros_msgs:/workspace/cartographer_ws/install/cartographer:/workspace/cartographer_ws/install/absl:/workspaces/isaac_ros-dev/install/qcar2_autonomy:/workspace/cartographer_ws/install/isaac_ros_test:/opt/ros/humble LD_LIBRARY_PATH=/workspaces/isaac_ros-dev/install/isaac_ros_gxf/lib:${LD_LIBRARY_PATH} /usr/bin/cmake --install /workspaces/isaac_ros-dev/build/gxf_isaac_message_compositor
[1.602s] -- Install configuration: "Release"
[1.602s] -- Execute custom install script
[1.602s] -- Symlinking: /workspaces/isaac_ros-dev/install/gxf_isaac_message_compositor/share/gxf_isaac_message_compositor/gxf/lib/libgxf_isaac_message_compositor.so
[1.605s] -- Symlinking: /workspaces/isaac_ros-dev/install/gxf_isaac_message_compositor/share/gxf_isaac_message_compositor/gxf/include/message_compositor/message_relay.hpp
[1.607s] -- Symlinking: /workspaces/isaac_ros-dev/install/gxf_isaac_message_compositor/share/gxf_isaac_message_compositor/environment/library_path.sh
[1.609s] -- Symlinking: /workspaces/isaac_ros-dev/install/gxf_isaac_message_compositor/share/gxf_isaac_message_compositor/environment/library_path.dsv
[1.612s] -- Symlinking: /workspaces/isaac_ros-dev/install/gxf_isaac_message_compositor/share/ament_index/resource_index/package_run_dependencies/gxf_isaac_message_compositor
[1.615s] -- Symlinking: /workspaces/isaac_ros-dev/install/gxf_isaac_message_compositor/share/ament_index/resource_index/parent_prefix_path/gxf_isaac_message_compositor
[1.616s] -- Symlinking: /workspaces/isaac_ros-dev/install/gxf_isaac_message_compositor/share/gxf_isaac_message_compositor/environment/ament_prefix_path.sh
[1.620s] -- Symlinking: /workspaces/isaac_ros-dev/install/gxf_isaac_message_compositor/share/gxf_isaac_message_compositor/environment/ament_prefix_path.dsv
[1.623s] -- Symlinking: /workspaces/isaac_ros-dev/install/gxf_isaac_message_compositor/share/gxf_isaac_message_compositor/environment/path.sh
[1.627s] -- Symlinking: /workspaces/isaac_ros-dev/install/gxf_isaac_message_compositor/share/gxf_isaac_message_compositor/environment/path.dsv
[1.631s] -- Symlinking: /workspaces/isaac_ros-dev/install/gxf_isaac_message_compositor/share/gxf_isaac_message_compositor/local_setup.bash
[1.638s] -- Symlinking: /workspaces/isaac_ros-dev/install/gxf_isaac_message_compositor/share/gxf_isaac_message_compositor/local_setup.sh
[1.638s] -- Symlinking: /workspaces/isaac_ros-dev/install/gxf_isaac_message_compositor/share/gxf_isaac_message_compositor/local_setup.zsh
[1.640s] -- Symlinking: /workspaces/isaac_ros-dev/install/gxf_isaac_message_compositor/share/gxf_isaac_message_compositor/local_setup.dsv
[1.647s] -- Symlinking: /workspaces/isaac_ros-dev/install/gxf_isaac_message_compositor/share/gxf_isaac_message_compositor/package.dsv
[1.650s] -- Symlinking: /workspaces/isaac_ros-dev/install/gxf_isaac_message_compositor/share/ament_index/resource_index/packages/gxf_isaac_message_compositor
[1.653s] -- Symlinking: /workspaces/isaac_ros-dev/install/gxf_isaac_message_compositor/share/gxf_isaac_message_compositor/cmake/ament_cmake_export_targets-extras.cmake
[1.656s] -- Symlinking: /workspaces/isaac_ros-dev/install/gxf_isaac_message_compositor/share/gxf_isaac_message_compositor/cmake/ament_cmake_export_dependencies-extras.cmake
[1.658s] -- Symlinking: /workspaces/isaac_ros-dev/install/gxf_isaac_message_compositor/share/gxf_isaac_message_compositor/cmake/gxf_isaac_message_compositorConfig.cmake
[1.661s] -- Symlinking: /workspaces/isaac_ros-dev/install/gxf_isaac_message_compositor/share/gxf_isaac_message_compositor/cmake/gxf_isaac_message_compositorConfig-version.cmake
[1.663s] -- Symlinking: /workspaces/isaac_ros-dev/install/gxf_isaac_message_compositor/share/gxf_isaac_message_compositor/package.xml
[1.666s] -- Installing: /workspaces/isaac_ros-dev/install/gxf_isaac_message_compositor/share/gxf_isaac_message_compositor/cmake/export_gxf_isaac_message_compositorExport.cmake
[1.668s] Invoked command in '/workspaces/isaac_ros-dev/build/gxf_isaac_message_compositor' returned '0': AMENT_PREFIX_PATH=/workspaces/isaac_ros-dev/install/isaac_ros_gxf:${AMENT_PREFIX_PATH} CMAKE_PREFIX_PATH=/workspaces/isaac_ros-dev/install/isaac_ros_gxf:/workspaces/isaac_ros-dev/install/qcar2_nodes:/workspaces/isaac_ros-dev/install/qcar2_interfaces:/workspace/cartographer_ws/install/perception_pcl:/workspace/cartographer_ws/install/pcl_ros:/workspace/cartographer_ws/install/cartographer_rviz:/workspace/cartographer_ws/install/cartographer_ros:/workspace/cartographer_ws/install/pcl_conversions:/workspace/cartographer_ws/install/pcl_msgs:/workspace/cartographer_ws/install/isaac_ros_tensor_list_interfaces:/workspace/cartographer_ws/install/isaac_ros_pointcloud_interfaces:/workspace/cartographer_ws/install/isaac_ros_nova_interfaces:/workspace/cartographer_ws/install/isaac_ros_nitros_bridge_interfaces:/workspace/cartographer_ws/install/isaac_ros_common:/workspace/cartographer_ws/install/isaac_ros_bi3d_interfaces:/workspace/cartographer_ws/install/isaac_ros_apriltag_interfaces:/workspace/cartographer_ws/install/control_msgs:/workspace/cartographer_ws/install/cartographer_ros_msgs:/workspace/cartographer_ws/install/cartographer:/workspace/cartographer_ws/install/absl:/workspaces/isaac_ros-dev/install/qcar2_autonomy:/workspace/cartographer_ws/install/isaac_ros_test:/opt/ros/humble LD_LIBRARY_PATH=/workspaces/isaac_ros-dev/install/isaac_ros_gxf/lib:${LD_LIBRARY_PATH} /usr/bin/cmake --install /workspaces/isaac_ros-dev/build/gxf_isaac_message_compositor
