[0.000000] (-) TimerEvent: {}
[0.000133] (-) JobUnselected: {'identifier': 'qcar2_autonomy'}
[0.000461] (-) JobUnselected: {'identifier': 'qcar2_interfaces'}
[0.000477] (-) JobUnselected: {'identifier': 'rtabmap'}
[0.000567] (-) JobUnselected: {'identifier': 'rtabmap_conversions'}
[0.000579] (-) JobUnselected: {'identifier': 'rtabmap_demos'}
[0.000662] (-) JobUnselected: {'identifier': 'rtabmap_examples'}
[0.000697] (-) JobUnselected: {'identifier': 'rtabmap_launch'}
[0.000738] (-) JobUnselected: {'identifier': 'rtabmap_msgs'}
[0.000752] (-) JobUnselected: {'identifier': 'rtabmap_odom'}
[0.000761] (-) JobUnselected: {'identifier': 'rtabmap_python'}
[0.000770] (-) JobUnselected: {'identifier': 'rtabmap_ros'}
[0.000782] (-) JobUnselected: {'identifier': 'rtabmap_rviz_plugins'}
[0.000790] (-) JobUnselected: {'identifier': 'rtabmap_slam'}
[0.000796] (-) JobUnselected: {'identifier': 'rtabmap_sync'}
[0.000803] (-) JobUnselected: {'identifier': 'rtabmap_util'}
[0.000809] (-) JobUnselected: {'identifier': 'rtabmap_viz'}
[0.000817] (qcar2_perception) JobQueued: {'identifier': 'qcar2_perception', 'dependencies': OrderedDict()}
[0.000826] (qcar2_nodes) JobQueued: {'identifier': 'qcar2_nodes', 'dependencies': OrderedDict({'qcar2_interfaces': '/home/bp02-ubuntu/Documents/GitHub/ACC_Development/Development/ros2/install/qcar2_interfaces'})}
[0.000838] (qcar2_perception) JobStarted: {'identifier': 'qcar2_perception'}
[0.006701] (qcar2_nodes) JobStarted: {'identifier': 'qcar2_nodes'}
[0.099843] (-) TimerEvent: {}
[0.196480] (qcar2_nodes) JobEnded: {'identifier': 'qcar2_nodes', 'rc': 1}
[0.199913] (-) TimerEvent: {}
[0.300059] (-) TimerEvent: {}
[0.400216] (-) TimerEvent: {}
[0.500383] (-) TimerEvent: {}
[0.582937] (qcar2_perception) JobEnded: {'identifier': 'qcar2_perception', 'rc': 'SIGINT'}
[0.593335] (-) EventReactorShutdown: {}
