[0.024s] Invoking command in '/home/nvidia/Documents/ACC_Development/Development/ros2/build/qcar2_interfaces': CMAKE_PREFIX_PATH=${CMAKE_PREFIX_PATH}:/home/nvidia/ros2/install/qcar2_autonomy:/opt/ros/humble /usr/bin/cmake --build /home/nvidia/Documents/ACC_Development/Development/ros2/build/qcar2_interfaces -- -j8 -l8
[0.119s] [  2%] Built target qcar2_interfaces__cpp
[0.171s] [  2%] Built target ament_cmake_python_copy_qcar2_interfaces
[0.208s] [ 12%] Built target qcar2_interfaces__rosidl_typesupport_fastrtps_cpp
[1.050s] running egg_info
[1.100s] writing qcar2_interfaces.egg-info/PKG-INFO
[1.100s] writing dependency_links to qcar2_interfaces.egg-info/dependency_links.txt
[1.101s] writing top-level names to qcar2_interfaces.egg-info/top_level.txt
[1.190s] reading manifest file 'qcar2_interfaces.egg-info/SOURCES.txt'
[1.190s] writing manifest file 'qcar2_interfaces.egg-info/SOURCES.txt'
[1.302s] [ 12%] Built target ament_cmake_python_build_qcar2_interfaces_egg
[1.342s] [ 23%] Built target qcar2_interfaces__rosidl_typesupport_introspection_cpp
[1.382s] [ 33%] Built target qcar2_interfaces__rosidl_typesupport_cpp
[1.424s] [ 43%] Built target qcar2_interfaces__rosidl_generator_c
[1.463s] [ 53%] Built target qcar2_interfaces__rosidl_typesupport_introspection_c
[1.503s] [ 64%] Built target qcar2_interfaces__rosidl_typesupport_c
[1.544s] [ 74%] Built target qcar2_interfaces__rosidl_typesupport_fastrtps_c
[1.579s] [ 74%] Built target qcar2_interfaces
[1.614s] [ 76%] Built target qcar2_interfaces__py
[1.658s] [ 84%] Built target qcar2_interfaces__rosidl_generator_py
[1.701s] [ 89%] Built target qcar2_interfaces__rosidl_typesupport_c__pyext
[1.748s] [ 94%] Built target qcar2_interfaces__rosidl_typesupport_fastrtps_c__pyext
[1.792s] [100%] Built target qcar2_interfaces__rosidl_typesupport_introspection_c__pyext
[1.822s] Invoked command in '/home/nvidia/Documents/ACC_Development/Development/ros2/build/qcar2_interfaces' returned '0': CMAKE_PREFIX_PATH=${CMAKE_PREFIX_PATH}:/home/nvidia/ros2/install/qcar2_autonomy:/opt/ros/humble /usr/bin/cmake --build /home/nvidia/Documents/ACC_Development/Development/ros2/build/qcar2_interfaces -- -j8 -l8
[1.945s] Invoking command in '/home/nvidia/Documents/ACC_Development/Development/ros2/build/qcar2_interfaces': CMAKE_PREFIX_PATH=${CMAKE_PREFIX_PATH}:/home/nvidia/ros2/install/qcar2_autonomy:/opt/ros/humble /usr/bin/cmake --install /home/nvidia/Documents/ACC_Development/Development/ros2/build/qcar2_interfaces
[1.962s] -- Install configuration: ""
[1.963s] -- Up-to-date: /home/nvidia/Documents/ACC_Development/Development/ros2/install/qcar2_interfaces/share/ament_index/resource_index/rosidl_interfaces/qcar2_interfaces
[1.963s] -- Up-to-date: /home/nvidia/Documents/ACC_Development/Development/ros2/install/qcar2_interfaces/include/qcar2_interfaces/qcar2_interfaces
[1.963s] -- Up-to-date: /home/nvidia/Documents/ACC_Development/Development/ros2/install/qcar2_interfaces/include/qcar2_interfaces/qcar2_interfaces/msg
[1.963s] -- Up-to-date: /home/nvidia/Documents/ACC_Development/Development/ros2/install/qcar2_interfaces/include/qcar2_interfaces/qcar2_interfaces/msg/detail
[1.963s] -- Up-to-date: /home/nvidia/Documents/ACC_Development/Development/ros2/install/qcar2_interfaces/include/qcar2_interfaces/qcar2_interfaces/msg/detail/boolean_leds__functions.h
[1.964s] -- Up-to-date: /home/nvidia/Documents/ACC_Development/Development/ros2/install/qcar2_interfaces/include/qcar2_interfaces/qcar2_interfaces/msg/detail/motor_commands__struct.h
[1.964s] -- Up-to-date: /home/nvidia/Documents/ACC_Development/Development/ros2/install/qcar2_interfaces/include/qcar2_interfaces/qcar2_interfaces/msg/detail/boolean_leds__functions.c
[1.964s] -- Up-to-date: /home/nvidia/Documents/ACC_Development/Development/ros2/install/qcar2_interfaces/include/qcar2_interfaces/qcar2_interfaces/msg/detail/motor_commands__functions.h
[1.964s] -- Up-to-date: /home/nvidia/Documents/ACC_Development/Development/ros2/install/qcar2_interfaces/include/qcar2_interfaces/qcar2_interfaces/msg/detail/boolean_leds__struct.h
[1.964s] -- Up-to-date: /home/nvidia/Documents/ACC_Development/Development/ros2/install/qcar2_interfaces/include/qcar2_interfaces/qcar2_interfaces/msg/detail/motor_commands__type_support.h
[1.965s] -- Up-to-date: /home/nvidia/Documents/ACC_Development/Development/ros2/install/qcar2_interfaces/include/qcar2_interfaces/qcar2_interfaces/msg/detail/boolean_leds__type_support.h
[1.965s] -- Up-to-date: /home/nvidia/Documents/ACC_Development/Development/ros2/install/qcar2_interfaces/include/qcar2_interfaces/qcar2_interfaces/msg/detail/motor_commands__functions.c
[1.965s] -- Up-to-date: /home/nvidia/Documents/ACC_Development/Development/ros2/install/qcar2_interfaces/include/qcar2_interfaces/qcar2_interfaces/msg/rosidl_generator_c__visibility_control.h
[1.965s] -- Up-to-date: /home/nvidia/Documents/ACC_Development/Development/ros2/install/qcar2_interfaces/include/qcar2_interfaces/qcar2_interfaces/msg/motor_commands.h
[1.965s] -- Up-to-date: /home/nvidia/Documents/ACC_Development/Development/ros2/install/qcar2_interfaces/include/qcar2_interfaces/qcar2_interfaces/msg/boolean_leds.h
[1.965s] -- Up-to-date: /home/nvidia/Documents/ACC_Development/Development/ros2/install/qcar2_interfaces/share/qcar2_interfaces/environment/library_path.sh
[1.965s] -- Up-to-date: /home/nvidia/Documents/ACC_Development/Development/ros2/install/qcar2_interfaces/share/qcar2_interfaces/environment/library_path.dsv
[1.966s] -- Up-to-date: /home/nvidia/Documents/ACC_Development/Development/ros2/install/qcar2_interfaces/lib/libqcar2_interfaces__rosidl_generator_c.so
[1.966s] -- Up-to-date: /home/nvidia/Documents/ACC_Development/Development/ros2/install/qcar2_interfaces/include/qcar2_interfaces/qcar2_interfaces
[1.966s] -- Up-to-date: /home/nvidia/Documents/ACC_Development/Development/ros2/install/qcar2_interfaces/include/qcar2_interfaces/qcar2_interfaces/msg
[1.966s] -- Up-to-date: /home/nvidia/Documents/ACC_Development/Development/ros2/install/qcar2_interfaces/include/qcar2_interfaces/qcar2_interfaces/msg/rosidl_typesupport_fastrtps_c__visibility_control.h
[1.967s] -- Up-to-date: /home/nvidia/Documents/ACC_Development/Development/ros2/install/qcar2_interfaces/include/qcar2_interfaces/qcar2_interfaces/msg/detail
[1.967s] -- Up-to-date: /home/nvidia/Documents/ACC_Development/Development/ros2/install/qcar2_interfaces/include/qcar2_interfaces/qcar2_interfaces/msg/detail/boolean_leds__rosidl_typesupport_fastrtps_c.h
[1.967s] -- Up-to-date: /home/nvidia/Documents/ACC_Development/Development/ros2/install/qcar2_interfaces/include/qcar2_interfaces/qcar2_interfaces/msg/detail/motor_commands__rosidl_typesupport_fastrtps_c.h
[1.967s] -- Up-to-date: /home/nvidia/Documents/ACC_Development/Development/ros2/install/qcar2_interfaces/lib/libqcar2_interfaces__rosidl_typesupport_fastrtps_c.so
[1.967s] -- Up-to-date: /home/nvidia/Documents/ACC_Development/Development/ros2/install/qcar2_interfaces/include/qcar2_interfaces/qcar2_interfaces
[1.967s] -- Up-to-date: /home/nvidia/Documents/ACC_Development/Development/ros2/install/qcar2_interfaces/include/qcar2_interfaces/qcar2_interfaces/msg
[1.968s] -- Up-to-date: /home/nvidia/Documents/ACC_Development/Development/ros2/install/qcar2_interfaces/include/qcar2_interfaces/qcar2_interfaces/msg/rosidl_typesupport_introspection_c__visibility_control.h
[1.968s] -- Up-to-date: /home/nvidia/Documents/ACC_Development/Development/ros2/install/qcar2_interfaces/include/qcar2_interfaces/qcar2_interfaces/msg/detail
[1.968s] -- Up-to-date: /home/nvidia/Documents/ACC_Development/Development/ros2/install/qcar2_interfaces/include/qcar2_interfaces/qcar2_interfaces/msg/detail/boolean_leds__rosidl_typesupport_introspection_c.h
[1.968s] -- Up-to-date: /home/nvidia/Documents/ACC_Development/Development/ros2/install/qcar2_interfaces/include/qcar2_interfaces/qcar2_interfaces/msg/detail/motor_commands__type_support.c
[1.968s] -- Up-to-date: /home/nvidia/Documents/ACC_Development/Development/ros2/install/qcar2_interfaces/include/qcar2_interfaces/qcar2_interfaces/msg/detail/motor_commands__rosidl_typesupport_introspection_c.h
[1.969s] -- Up-to-date: /home/nvidia/Documents/ACC_Development/Development/ros2/install/qcar2_interfaces/include/qcar2_interfaces/qcar2_interfaces/msg/detail/boolean_leds__type_support.c
[1.969s] -- Up-to-date: /home/nvidia/Documents/ACC_Development/Development/ros2/install/qcar2_interfaces/lib/libqcar2_interfaces__rosidl_typesupport_introspection_c.so
[1.969s] -- Up-to-date: /home/nvidia/Documents/ACC_Development/Development/ros2/install/qcar2_interfaces/lib/libqcar2_interfaces__rosidl_typesupport_c.so
[1.969s] -- Up-to-date: /home/nvidia/Documents/ACC_Development/Development/ros2/install/qcar2_interfaces/include/qcar2_interfaces/qcar2_interfaces
[1.970s] -- Up-to-date: /home/nvidia/Documents/ACC_Development/Development/ros2/install/qcar2_interfaces/include/qcar2_interfaces/qcar2_interfaces/msg
[1.970s] -- Up-to-date: /home/nvidia/Documents/ACC_Development/Development/ros2/install/qcar2_interfaces/include/qcar2_interfaces/qcar2_interfaces/msg/motor_commands.hpp
[1.970s] -- Up-to-date: /home/nvidia/Documents/ACC_Development/Development/ros2/install/qcar2_interfaces/include/qcar2_interfaces/qcar2_interfaces/msg/boolean_leds.hpp
[1.971s] -- Up-to-date: /home/nvidia/Documents/ACC_Development/Development/ros2/install/qcar2_interfaces/include/qcar2_interfaces/qcar2_interfaces/msg/detail
[1.971s] -- Up-to-date: /home/nvidia/Documents/ACC_Development/Development/ros2/install/qcar2_interfaces/include/qcar2_interfaces/qcar2_interfaces/msg/detail/motor_commands__traits.hpp
[1.972s] -- Up-to-date: /home/nvidia/Documents/ACC_Development/Development/ros2/install/qcar2_interfaces/include/qcar2_interfaces/qcar2_interfaces/msg/detail/boolean_leds__traits.hpp
[1.972s] -- Up-to-date: /home/nvidia/Documents/ACC_Development/Development/ros2/install/qcar2_interfaces/include/qcar2_interfaces/qcar2_interfaces/msg/detail/boolean_leds__struct.hpp
[1.972s] -- Up-to-date: /home/nvidia/Documents/ACC_Development/Development/ros2/install/qcar2_interfaces/include/qcar2_interfaces/qcar2_interfaces/msg/detail/motor_commands__builder.hpp
[1.972s] -- Up-to-date: /home/nvidia/Documents/ACC_Development/Development/ros2/install/qcar2_interfaces/include/qcar2_interfaces/qcar2_interfaces/msg/detail/motor_commands__struct.hpp
[1.972s] -- Up-to-date: /home/nvidia/Documents/ACC_Development/Development/ros2/install/qcar2_interfaces/include/qcar2_interfaces/qcar2_interfaces/msg/detail/boolean_leds__builder.hpp
[1.973s] -- Up-to-date: /home/nvidia/Documents/ACC_Development/Development/ros2/install/qcar2_interfaces/include/qcar2_interfaces/qcar2_interfaces
[1.973s] -- Up-to-date: /home/nvidia/Documents/ACC_Development/Development/ros2/install/qcar2_interfaces/include/qcar2_interfaces/qcar2_interfaces/msg
[1.973s] -- Up-to-date: /home/nvidia/Documents/ACC_Development/Development/ros2/install/qcar2_interfaces/include/qcar2_interfaces/qcar2_interfaces/msg/rosidl_typesupport_fastrtps_cpp__visibility_control.h
[1.973s] -- Up-to-date: /home/nvidia/Documents/ACC_Development/Development/ros2/install/qcar2_interfaces/include/qcar2_interfaces/qcar2_interfaces/msg/detail
[1.973s] -- Up-to-date: /home/nvidia/Documents/ACC_Development/Development/ros2/install/qcar2_interfaces/include/qcar2_interfaces/qcar2_interfaces/msg/detail/boolean_leds__rosidl_typesupport_fastrtps_cpp.hpp
[1.974s] -- Up-to-date: /home/nvidia/Documents/ACC_Development/Development/ros2/install/qcar2_interfaces/include/qcar2_interfaces/qcar2_interfaces/msg/detail/dds_fastrtps
[1.974s] -- Up-to-date: /home/nvidia/Documents/ACC_Development/Development/ros2/install/qcar2_interfaces/include/qcar2_interfaces/qcar2_interfaces/msg/detail/motor_commands__rosidl_typesupport_fastrtps_cpp.hpp
[1.974s] -- Up-to-date: /home/nvidia/Documents/ACC_Development/Development/ros2/install/qcar2_interfaces/lib/libqcar2_interfaces__rosidl_typesupport_fastrtps_cpp.so
[1.974s] -- Up-to-date: /home/nvidia/Documents/ACC_Development/Development/ros2/install/qcar2_interfaces/include/qcar2_interfaces/qcar2_interfaces
[1.974s] -- Up-to-date: /home/nvidia/Documents/ACC_Development/Development/ros2/install/qcar2_interfaces/include/qcar2_interfaces/qcar2_interfaces/msg
[1.974s] -- Up-to-date: /home/nvidia/Documents/ACC_Development/Development/ros2/install/qcar2_interfaces/include/qcar2_interfaces/qcar2_interfaces/msg/detail
[1.975s] -- Up-to-date: /home/nvidia/Documents/ACC_Development/Development/ros2/install/qcar2_interfaces/include/qcar2_interfaces/qcar2_interfaces/msg/detail/boolean_leds__rosidl_typesupport_introspection_cpp.hpp
[1.975s] -- Up-to-date: /home/nvidia/Documents/ACC_Development/Development/ros2/install/qcar2_interfaces/include/qcar2_interfaces/qcar2_interfaces/msg/detail/boolean_leds__type_support.cpp
[1.975s] -- Up-to-date: /home/nvidia/Documents/ACC_Development/Development/ros2/install/qcar2_interfaces/include/qcar2_interfaces/qcar2_interfaces/msg/detail/motor_commands__rosidl_typesupport_introspection_cpp.hpp
[1.976s] -- Up-to-date: /home/nvidia/Documents/ACC_Development/Development/ros2/install/qcar2_interfaces/include/qcar2_interfaces/qcar2_interfaces/msg/detail/motor_commands__type_support.cpp
[1.976s] -- Up-to-date: /home/nvidia/Documents/ACC_Development/Development/ros2/install/qcar2_interfaces/lib/libqcar2_interfaces__rosidl_typesupport_introspection_cpp.so
[1.977s] -- Up-to-date: /home/nvidia/Documents/ACC_Development/Development/ros2/install/qcar2_interfaces/lib/libqcar2_interfaces__rosidl_typesupport_cpp.so
[1.977s] -- Up-to-date: /home/nvidia/Documents/ACC_Development/Development/ros2/install/qcar2_interfaces/share/qcar2_interfaces/environment/pythonpath.sh
[1.978s] -- Up-to-date: /home/nvidia/Documents/ACC_Development/Development/ros2/install/qcar2_interfaces/share/qcar2_interfaces/environment/pythonpath.dsv
[1.978s] -- Up-to-date: /home/nvidia/Documents/ACC_Development/Development/ros2/install/qcar2_interfaces/lib/python3.9/site-packages/qcar2_interfaces-0.0.0-py3.9.egg-info
[1.979s] -- Installing: /home/nvidia/Documents/ACC_Development/Development/ros2/install/qcar2_interfaces/lib/python3.9/site-packages/qcar2_interfaces-0.0.0-py3.9.egg-info/SOURCES.txt
[1.980s] -- Installing: /home/nvidia/Documents/ACC_Development/Development/ros2/install/qcar2_interfaces/lib/python3.9/site-packages/qcar2_interfaces-0.0.0-py3.9.egg-info/PKG-INFO
[1.981s] -- Installing: /home/nvidia/Documents/ACC_Development/Development/ros2/install/qcar2_interfaces/lib/python3.9/site-packages/qcar2_interfaces-0.0.0-py3.9.egg-info/top_level.txt
[1.981s] -- Installing: /home/nvidia/Documents/ACC_Development/Development/ros2/install/qcar2_interfaces/lib/python3.9/site-packages/qcar2_interfaces-0.0.0-py3.9.egg-info/dependency_links.txt
[1.981s] -- Up-to-date: /home/nvidia/Documents/ACC_Development/Development/ros2/install/qcar2_interfaces/lib/python3.9/site-packages/qcar2_interfaces
[1.982s] -- Up-to-date: /home/nvidia/Documents/ACC_Development/Development/ros2/install/qcar2_interfaces/lib/python3.9/site-packages/qcar2_interfaces/_qcar2_interfaces_s.ep.rosidl_typesupport_introspection_c.c
[1.982s] -- Up-to-date: /home/nvidia/Documents/ACC_Development/Development/ros2/install/qcar2_interfaces/lib/python3.9/site-packages/qcar2_interfaces/_qcar2_interfaces_s.ep.rosidl_typesupport_c.c
[1.982s] -- Up-to-date: /home/nvidia/Documents/ACC_Development/Development/ros2/install/qcar2_interfaces/lib/python3.9/site-packages/qcar2_interfaces/qcar2_interfaces_s__rosidl_typesupport_fastrtps_c.cpython-38-aarch64-linux-gnu.so
[1.982s] -- Up-to-date: /home/nvidia/Documents/ACC_Development/Development/ros2/install/qcar2_interfaces/lib/python3.9/site-packages/qcar2_interfaces/libqcar2_interfaces__rosidl_generator_py.so
[1.983s] -- Up-to-date: /home/nvidia/Documents/ACC_Development/Development/ros2/install/qcar2_interfaces/lib/python3.9/site-packages/qcar2_interfaces/qcar2_interfaces_s__rosidl_typesupport_c.cpython-38-aarch64-linux-gnu.so
[1.983s] -- Up-to-date: /home/nvidia/Documents/ACC_Development/Development/ros2/install/qcar2_interfaces/lib/python3.9/site-packages/qcar2_interfaces/qcar2_interfaces_s__rosidl_typesupport_introspection_c.cpython-38-aarch64-linux-gnu.so
[1.983s] -- Up-to-date: /home/nvidia/Documents/ACC_Development/Development/ros2/install/qcar2_interfaces/lib/python3.9/site-packages/qcar2_interfaces/msg
[1.983s] -- Up-to-date: /home/nvidia/Documents/ACC_Development/Development/ros2/install/qcar2_interfaces/lib/python3.9/site-packages/qcar2_interfaces/msg/_boolean_leds.py
[1.983s] -- Up-to-date: /home/nvidia/Documents/ACC_Development/Development/ros2/install/qcar2_interfaces/lib/python3.9/site-packages/qcar2_interfaces/msg/_boolean_leds_s.c
[1.983s] -- Up-to-date: /home/nvidia/Documents/ACC_Development/Development/ros2/install/qcar2_interfaces/lib/python3.9/site-packages/qcar2_interfaces/msg/_motor_commands_s.c
[1.983s] -- Up-to-date: /home/nvidia/Documents/ACC_Development/Development/ros2/install/qcar2_interfaces/lib/python3.9/site-packages/qcar2_interfaces/msg/_motor_commands.py
[1.983s] -- Up-to-date: /home/nvidia/Documents/ACC_Development/Development/ros2/install/qcar2_interfaces/lib/python3.9/site-packages/qcar2_interfaces/msg/__init__.py
[1.984s] -- Up-to-date: /home/nvidia/Documents/ACC_Development/Development/ros2/install/qcar2_interfaces/lib/python3.9/site-packages/qcar2_interfaces/_qcar2_interfaces_s.ep.rosidl_typesupport_fastrtps_c.c
[1.984s] -- Up-to-date: /home/nvidia/Documents/ACC_Development/Development/ros2/install/qcar2_interfaces/lib/python3.9/site-packages/qcar2_interfaces/__init__.py
[2.029s] Listing '/home/nvidia/Documents/ACC_Development/Development/ros2/install/qcar2_interfaces/lib/python3.9/site-packages/qcar2_interfaces'...
[2.029s] Listing '/home/nvidia/Documents/ACC_Development/Development/ros2/install/qcar2_interfaces/lib/python3.9/site-packages/qcar2_interfaces/msg'...
[2.040s] -- Up-to-date: /home/nvidia/Documents/ACC_Development/Development/ros2/install/qcar2_interfaces/lib/python3.9/site-packages/qcar2_interfaces/qcar2_interfaces_s__rosidl_typesupport_fastrtps_c.cpython-38-aarch64-linux-gnu.so
[2.041s] -- Up-to-date: /home/nvidia/Documents/ACC_Development/Development/ros2/install/qcar2_interfaces/lib/python3.9/site-packages/qcar2_interfaces/qcar2_interfaces_s__rosidl_typesupport_introspection_c.cpython-38-aarch64-linux-gnu.so
[2.042s] -- Up-to-date: /home/nvidia/Documents/ACC_Development/Development/ros2/install/qcar2_interfaces/lib/python3.9/site-packages/qcar2_interfaces/qcar2_interfaces_s__rosidl_typesupport_c.cpython-38-aarch64-linux-gnu.so
[2.042s] -- Up-to-date: /home/nvidia/Documents/ACC_Development/Development/ros2/install/qcar2_interfaces/lib/libqcar2_interfaces__rosidl_generator_py.so
[2.043s] -- Up-to-date: /home/nvidia/Documents/ACC_Development/Development/ros2/install/qcar2_interfaces/share/qcar2_interfaces/msg/MotorCommands.idl
[2.043s] -- Up-to-date: /home/nvidia/Documents/ACC_Development/Development/ros2/install/qcar2_interfaces/share/qcar2_interfaces/msg/BooleanLeds.idl
[2.044s] -- Up-to-date: /home/nvidia/Documents/ACC_Development/Development/ros2/install/qcar2_interfaces/share/qcar2_interfaces/msg/MotorCommands.msg
[2.044s] -- Up-to-date: /home/nvidia/Documents/ACC_Development/Development/ros2/install/qcar2_interfaces/share/qcar2_interfaces/msg/BooleanLeds.msg
[2.044s] -- Up-to-date: /home/nvidia/Documents/ACC_Development/Development/ros2/install/qcar2_interfaces/share/ament_index/resource_index/package_run_dependencies/qcar2_interfaces
[2.044s] -- Up-to-date: /home/nvidia/Documents/ACC_Development/Development/ros2/install/qcar2_interfaces/share/ament_index/resource_index/parent_prefix_path/qcar2_interfaces
[2.045s] -- Up-to-date: /home/nvidia/Documents/ACC_Development/Development/ros2/install/qcar2_interfaces/share/qcar2_interfaces/environment/ament_prefix_path.sh
[2.045s] -- Up-to-date: /home/nvidia/Documents/ACC_Development/Development/ros2/install/qcar2_interfaces/share/qcar2_interfaces/environment/ament_prefix_path.dsv
[2.045s] -- Up-to-date: /home/nvidia/Documents/ACC_Development/Development/ros2/install/qcar2_interfaces/share/qcar2_interfaces/environment/path.sh
[2.045s] -- Up-to-date: /home/nvidia/Documents/ACC_Development/Development/ros2/install/qcar2_interfaces/share/qcar2_interfaces/environment/path.dsv
[2.045s] -- Up-to-date: /home/nvidia/Documents/ACC_Development/Development/ros2/install/qcar2_interfaces/share/qcar2_interfaces/local_setup.bash
[2.045s] -- Up-to-date: /home/nvidia/Documents/ACC_Development/Development/ros2/install/qcar2_interfaces/share/qcar2_interfaces/local_setup.sh
[2.046s] -- Up-to-date: /home/nvidia/Documents/ACC_Development/Development/ros2/install/qcar2_interfaces/share/qcar2_interfaces/local_setup.zsh
[2.046s] -- Up-to-date: /home/nvidia/Documents/ACC_Development/Development/ros2/install/qcar2_interfaces/share/qcar2_interfaces/local_setup.dsv
[2.046s] -- Installing: /home/nvidia/Documents/ACC_Development/Development/ros2/install/qcar2_interfaces/share/qcar2_interfaces/package.dsv
[2.046s] -- Up-to-date: /home/nvidia/Documents/ACC_Development/Development/ros2/install/qcar2_interfaces/share/ament_index/resource_index/packages/qcar2_interfaces
[2.046s] -- Up-to-date: /home/nvidia/Documents/ACC_Development/Development/ros2/install/qcar2_interfaces/share/qcar2_interfaces/cmake/export_qcar2_interfaces__rosidl_generator_cExport.cmake
[2.046s] -- Up-to-date: /home/nvidia/Documents/ACC_Development/Development/ros2/install/qcar2_interfaces/share/qcar2_interfaces/cmake/export_qcar2_interfaces__rosidl_generator_cExport-noconfig.cmake
[2.046s] -- Up-to-date: /home/nvidia/Documents/ACC_Development/Development/ros2/install/qcar2_interfaces/share/qcar2_interfaces/cmake/export_qcar2_interfaces__rosidl_typesupport_fastrtps_cExport.cmake
[2.047s] -- Up-to-date: /home/nvidia/Documents/ACC_Development/Development/ros2/install/qcar2_interfaces/share/qcar2_interfaces/cmake/export_qcar2_interfaces__rosidl_typesupport_fastrtps_cExport-noconfig.cmake
[2.047s] -- Up-to-date: /home/nvidia/Documents/ACC_Development/Development/ros2/install/qcar2_interfaces/share/qcar2_interfaces/cmake/qcar2_interfaces__rosidl_typesupport_introspection_cExport.cmake
[2.047s] -- Up-to-date: /home/nvidia/Documents/ACC_Development/Development/ros2/install/qcar2_interfaces/share/qcar2_interfaces/cmake/qcar2_interfaces__rosidl_typesupport_introspection_cExport-noconfig.cmake
[2.047s] -- Up-to-date: /home/nvidia/Documents/ACC_Development/Development/ros2/install/qcar2_interfaces/share/qcar2_interfaces/cmake/qcar2_interfaces__rosidl_typesupport_cExport.cmake
[2.047s] -- Up-to-date: /home/nvidia/Documents/ACC_Development/Development/ros2/install/qcar2_interfaces/share/qcar2_interfaces/cmake/qcar2_interfaces__rosidl_typesupport_cExport-noconfig.cmake
[2.047s] -- Up-to-date: /home/nvidia/Documents/ACC_Development/Development/ros2/install/qcar2_interfaces/share/qcar2_interfaces/cmake/export_qcar2_interfaces__rosidl_generator_cppExport.cmake
[2.047s] -- Up-to-date: /home/nvidia/Documents/ACC_Development/Development/ros2/install/qcar2_interfaces/share/qcar2_interfaces/cmake/export_qcar2_interfaces__rosidl_typesupport_fastrtps_cppExport.cmake
[2.048s] -- Up-to-date: /home/nvidia/Documents/ACC_Development/Development/ros2/install/qcar2_interfaces/share/qcar2_interfaces/cmake/export_qcar2_interfaces__rosidl_typesupport_fastrtps_cppExport-noconfig.cmake
[2.048s] -- Up-to-date: /home/nvidia/Documents/ACC_Development/Development/ros2/install/qcar2_interfaces/share/qcar2_interfaces/cmake/qcar2_interfaces__rosidl_typesupport_introspection_cppExport.cmake
[2.048s] -- Up-to-date: /home/nvidia/Documents/ACC_Development/Development/ros2/install/qcar2_interfaces/share/qcar2_interfaces/cmake/qcar2_interfaces__rosidl_typesupport_introspection_cppExport-noconfig.cmake
[2.048s] -- Up-to-date: /home/nvidia/Documents/ACC_Development/Development/ros2/install/qcar2_interfaces/share/qcar2_interfaces/cmake/qcar2_interfaces__rosidl_typesupport_cppExport.cmake
[2.048s] -- Up-to-date: /home/nvidia/Documents/ACC_Development/Development/ros2/install/qcar2_interfaces/share/qcar2_interfaces/cmake/qcar2_interfaces__rosidl_typesupport_cppExport-noconfig.cmake
[2.048s] -- Up-to-date: /home/nvidia/Documents/ACC_Development/Development/ros2/install/qcar2_interfaces/share/qcar2_interfaces/cmake/export_qcar2_interfaces__rosidl_generator_pyExport.cmake
[2.049s] -- Up-to-date: /home/nvidia/Documents/ACC_Development/Development/ros2/install/qcar2_interfaces/share/qcar2_interfaces/cmake/export_qcar2_interfaces__rosidl_generator_pyExport-noconfig.cmake
[2.049s] -- Up-to-date: /home/nvidia/Documents/ACC_Development/Development/ros2/install/qcar2_interfaces/share/qcar2_interfaces/cmake/rosidl_cmake-extras.cmake
[2.049s] -- Up-to-date: /home/nvidia/Documents/ACC_Development/Development/ros2/install/qcar2_interfaces/share/qcar2_interfaces/cmake/ament_cmake_export_include_directories-extras.cmake
[2.049s] -- Up-to-date: /home/nvidia/Documents/ACC_Development/Development/ros2/install/qcar2_interfaces/share/qcar2_interfaces/cmake/ament_cmake_export_libraries-extras.cmake
[2.049s] -- Up-to-date: /home/nvidia/Documents/ACC_Development/Development/ros2/install/qcar2_interfaces/share/qcar2_interfaces/cmake/ament_cmake_export_targets-extras.cmake
[2.049s] -- Up-to-date: /home/nvidia/Documents/ACC_Development/Development/ros2/install/qcar2_interfaces/share/qcar2_interfaces/cmake/rosidl_cmake_export_typesupport_targets-extras.cmake
[2.049s] -- Up-to-date: /home/nvidia/Documents/ACC_Development/Development/ros2/install/qcar2_interfaces/share/qcar2_interfaces/cmake/ament_cmake_export_dependencies-extras.cmake
[2.049s] -- Up-to-date: /home/nvidia/Documents/ACC_Development/Development/ros2/install/qcar2_interfaces/share/qcar2_interfaces/cmake/rosidl_cmake_export_typesupport_libraries-extras.cmake
[2.050s] -- Up-to-date: /home/nvidia/Documents/ACC_Development/Development/ros2/install/qcar2_interfaces/share/qcar2_interfaces/cmake/qcar2_interfacesConfig.cmake
[2.050s] -- Up-to-date: /home/nvidia/Documents/ACC_Development/Development/ros2/install/qcar2_interfaces/share/qcar2_interfaces/cmake/qcar2_interfacesConfig-version.cmake
[2.050s] -- Up-to-date: /home/nvidia/Documents/ACC_Development/Development/ros2/install/qcar2_interfaces/share/qcar2_interfaces/package.xml
[2.055s] Invoked command in '/home/nvidia/Documents/ACC_Development/Development/ros2/build/qcar2_interfaces' returned '0': CMAKE_PREFIX_PATH=${CMAKE_PREFIX_PATH}:/home/nvidia/ros2/install/qcar2_autonomy:/opt/ros/humble /usr/bin/cmake --install /home/nvidia/Documents/ACC_Development/Development/ros2/build/qcar2_interfaces
