[0.575s] Invoking command in '/workspaces/isaac_ros-dev/ros2/build/qcar2_perception': PYTHONPATH=/workspaces/isaac_ros-dev/ros2/build/qcar2_perception/prefix_override:/workspaces/isaac_ros-dev/ros2/install/qcar2_perception/lib/python3.8/site-packages:${PYTHONPATH} _=/usr/bin/env /usr/bin/python3 setup.py develop --editable --build-directory /workspaces/isaac_ros-dev/ros2/build/qcar2_perception/build --no-deps install_data
[0.749s] running develop
[0.851s] running egg_info
[0.856s] writing qcar2_perception.egg-info/PKG-INFO
[0.856s] writing dependency_links to qcar2_perception.egg-info/dependency_links.txt
[0.856s] writing entry points to qcar2_perception.egg-info/entry_points.txt
[0.856s] writing requirements to qcar2_perception.egg-info/requires.txt
[0.856s] writing top-level names to qcar2_perception.egg-info/top_level.txt
[0.866s] reading manifest file 'qcar2_perception.egg-info/SOURCES.txt'
[0.867s] writing manifest file 'qcar2_perception.egg-info/SOURCES.txt'
[0.889s] running build_ext
[0.889s] Creating /workspaces/isaac_ros-dev/ros2/install/qcar2_perception/lib/python3.8/site-packages/qcar2-perception.egg-link (link to .)
[0.890s] Installing car_stop script to /workspaces/isaac_ros-dev/ros2/install/qcar2_perception/lib/qcar2_perception
[0.890s] Installing cmd_vel_blender script to /workspaces/isaac_ros-dev/ros2/install/qcar2_perception/lib/qcar2_perception
[0.890s] Installing d435_aligned_source script to /workspaces/isaac_ros-dev/ros2/install/qcar2_perception/lib/qcar2_perception
[0.890s] Installing lane_detector script to /workspaces/isaac_ros-dev/ros2/install/qcar2_perception/lib/qcar2_perception
[0.890s] Installing lane_stanley_controller script to /workspaces/isaac_ros-dev/ros2/install/qcar2_perception/lib/qcar2_perception
[0.890s] Installing object_3d_estimator script to /workspaces/isaac_ros-dev/ros2/install/qcar2_perception/lib/qcar2_perception
[0.890s] Installing perception_behavior_interface script to /workspaces/isaac_ros-dev/ros2/install/qcar2_perception/lib/qcar2_perception
[0.890s] Installing semantic_consistency_monitor script to /workspaces/isaac_ros-dev/ros2/install/qcar2_perception/lib/qcar2_perception
[0.890s] Installing semantic_landmark_mapper script to /workspaces/isaac_ros-dev/ros2/install/qcar2_perception/lib/qcar2_perception
[0.890s] Installing semantic_yolo_detector script to /workspaces/isaac_ros-dev/ros2/install/qcar2_perception/lib/qcar2_perception
[0.890s] 
[0.890s] Installed /workspaces/isaac_ros-dev/ros2/build/qcar2_perception
[0.890s] running install_data
[0.916s] Invoked command in '/workspaces/isaac_ros-dev/ros2/build/qcar2_perception' returned '0': PYTHONPATH=/workspaces/isaac_ros-dev/ros2/build/qcar2_perception/prefix_override:/workspaces/isaac_ros-dev/ros2/install/qcar2_perception/lib/python3.8/site-packages:${PYTHONPATH} _=/usr/bin/env /usr/bin/python3 setup.py develop --editable --build-directory /workspaces/isaac_ros-dev/ros2/build/qcar2_perception/build --no-deps install_data
