[0.088s] Invoking command in '/workspaces/isaac_ros-dev/Development/ros2/build/rtabmap': CMAKE_PREFIX_PATH=${CMAKE_PREFIX_PATH}:/workspace/cartographer_ws/install/isaac_ros_test:/opt/ros/humble /usr/bin/cmake --build /workspaces/isaac_ros-dev/Development/ros2/build/rtabmap -- -j24 -l24
[0.146s] [  9%] Built target rtabmap_utilite
[0.169s] [ 10%] Built target res_tool
[0.435s] [100%] Built target rtabmap_core
[0.449s] Invoked command in '/workspaces/isaac_ros-dev/Development/ros2/build/rtabmap' returned '0': CMAKE_PREFIX_PATH=${CMAKE_PREFIX_PATH}:/workspace/cartographer_ws/install/isaac_ros_test:/opt/ros/humble /usr/bin/cmake --build /workspaces/isaac_ros-dev/Development/ros2/build/rtabmap -- -j24 -l24
[0.531s] Invoking command in '/workspaces/isaac_ros-dev/Development/ros2/build/rtabmap': CMAKE_PREFIX_PATH=${CMAKE_PREFIX_PATH}:/workspace/cartographer_ws/install/isaac_ros_test:/opt/ros/humble /usr/bin/cmake --install /workspaces/isaac_ros-dev/Development/ros2/build/rtabmap
[0.543s] -- Install configuration: "Release"
[0.544s] -- Up-to-date: /workspaces/isaac_ros-dev/Development/ros2/install/rtabmap/lib/librtabmap_utilite.so.0.23.6
[0.544s] -- Up-to-date: /workspaces/isaac_ros-dev/Development/ros2/install/rtabmap/lib/librtabmap_utilite.so.0.23
[0.544s] -- Up-to-date: /workspaces/isaac_ros-dev/Development/ros2/install/rtabmap/lib/librtabmap_utilite.so
[0.545s] -- Up-to-date: /workspaces/isaac_ros-dev/Development/ros2/install/rtabmap/include/rtabmap-0.23/rtabmap
[0.545s] -- Up-to-date: /workspaces/isaac_ros-dev/Development/ros2/install/rtabmap/include/rtabmap-0.23/rtabmap/utilite
[0.545s] -- Up-to-date: /workspaces/isaac_ros-dev/Development/ros2/install/rtabmap/include/rtabmap-0.23/rtabmap/utilite/UDestroyer.h
[0.545s] -- Up-to-date: /workspaces/isaac_ros-dev/Development/ros2/install/rtabmap/include/rtabmap-0.23/rtabmap/utilite/UFile.h
[0.545s] -- Up-to-date: /workspaces/isaac_ros-dev/Development/ros2/install/rtabmap/include/rtabmap-0.23/rtabmap/utilite/UVariant.h
[0.545s] -- Up-to-date: /workspaces/isaac_ros-dev/Development/ros2/install/rtabmap/include/rtabmap-0.23/rtabmap/utilite/UMath.h
[0.546s] -- Up-to-date: /workspaces/isaac_ros-dev/Development/ros2/install/rtabmap/include/rtabmap-0.23/rtabmap/utilite/UMutex.h
[0.546s] -- Up-to-date: /workspaces/isaac_ros-dev/Development/ros2/install/rtabmap/include/rtabmap-0.23/rtabmap/utilite/UConversion.h
[0.546s] -- Up-to-date: /workspaces/isaac_ros-dev/Development/ros2/install/rtabmap/include/rtabmap-0.23/rtabmap/utilite/UObjDeletionThread.h
[0.546s] -- Up-to-date: /workspaces/isaac_ros-dev/Development/ros2/install/rtabmap/include/rtabmap-0.23/rtabmap/utilite/UProcessInfo.h
[0.546s] -- Up-to-date: /workspaces/isaac_ros-dev/Development/ros2/install/rtabmap/include/rtabmap-0.23/rtabmap/utilite/ULogger.h
[0.546s] -- Up-to-date: /workspaces/isaac_ros-dev/Development/ros2/install/rtabmap/include/rtabmap-0.23/rtabmap/utilite/UEventsSender.h
[0.546s] -- Up-to-date: /workspaces/isaac_ros-dev/Development/ros2/install/rtabmap/include/rtabmap-0.23/rtabmap/utilite/UEvent.h
[0.546s] -- Up-to-date: /workspaces/isaac_ros-dev/Development/ros2/install/rtabmap/include/rtabmap-0.23/rtabmap/utilite/UTimer.h
[0.546s] -- Up-to-date: /workspaces/isaac_ros-dev/Development/ros2/install/rtabmap/include/rtabmap-0.23/rtabmap/utilite/Win32
[0.547s] -- Up-to-date: /workspaces/isaac_ros-dev/Development/ros2/install/rtabmap/include/rtabmap-0.23/rtabmap/utilite/Win32/UThreadC.h
[0.547s] -- Up-to-date: /workspaces/isaac_ros-dev/Development/ros2/install/rtabmap/include/rtabmap-0.23/rtabmap/utilite/Win32/UWin32.h
[0.547s] -- Up-to-date: /workspaces/isaac_ros-dev/Development/ros2/install/rtabmap/include/rtabmap-0.23/rtabmap/utilite/UEventsManager.h
[0.547s] -- Up-to-date: /workspaces/isaac_ros-dev/Development/ros2/install/rtabmap/include/rtabmap-0.23/rtabmap/utilite/UThreadC.h
[0.547s] -- Up-to-date: /workspaces/isaac_ros-dev/Development/ros2/install/rtabmap/include/rtabmap-0.23/rtabmap/utilite/UException.h
[0.547s] -- Up-to-date: /workspaces/isaac_ros-dev/Development/ros2/install/rtabmap/include/rtabmap-0.23/rtabmap/utilite/UThreadNode.h
[0.547s] -- Up-to-date: /workspaces/isaac_ros-dev/Development/ros2/install/rtabmap/include/rtabmap-0.23/rtabmap/utilite/UEventsHandler.h
[0.547s] -- Up-to-date: /workspaces/isaac_ros-dev/Development/ros2/install/rtabmap/include/rtabmap-0.23/rtabmap/utilite/UStl.h
[0.547s] -- Up-to-date: /workspaces/isaac_ros-dev/Development/ros2/install/rtabmap/include/rtabmap-0.23/rtabmap/utilite/UDirectory.h
[0.547s] -- Up-to-date: /workspaces/isaac_ros-dev/Development/ros2/install/rtabmap/include/rtabmap-0.23/rtabmap/utilite/USemaphore.h
[0.548s] -- Up-to-date: /workspaces/isaac_ros-dev/Development/ros2/install/rtabmap/include/rtabmap-0.23/rtabmap/utilite/UtiLite.h
[0.548s] -- Up-to-date: /workspaces/isaac_ros-dev/Development/ros2/install/rtabmap/include/rtabmap-0.23/rtabmap/utilite/UThread.h
[0.548s] -- Up-to-date: /workspaces/isaac_ros-dev/Development/ros2/install/rtabmap/include/rtabmap-0.23/rtabmap/utilite/Posix
[0.548s] -- Up-to-date: /workspaces/isaac_ros-dev/Development/ros2/install/rtabmap/include/rtabmap-0.23/rtabmap/utilite/Posix/UThreadC.h
[0.548s] -- Up-to-date: /workspaces/isaac_ros-dev/Development/ros2/install/rtabmap/include/rtabmap-0.23/rtabmap
[0.548s] -- Up-to-date: /workspaces/isaac_ros-dev/Development/ros2/install/rtabmap/include/rtabmap-0.23/rtabmap/utilite
[0.549s] -- Up-to-date: /workspaces/isaac_ros-dev/Development/ros2/install/rtabmap/include/rtabmap-0.23/rtabmap/utilite/utilite_export.h
[0.549s] -- Up-to-date: /workspaces/isaac_ros-dev/Development/ros2/install/rtabmap/lib/rtabmap-0.23/RTABMap_utiliteTargets.cmake
[0.549s] -- Up-to-date: /workspaces/isaac_ros-dev/Development/ros2/install/rtabmap/lib/rtabmap-0.23/RTABMap_utiliteTargets-release.cmake
[0.549s] -- Up-to-date: /workspaces/isaac_ros-dev/Development/ros2/install/rtabmap/bin/rtabmap-res_tool-0.3.0
[0.549s] -- Up-to-date: /workspaces/isaac_ros-dev/Development/ros2/install/rtabmap/bin/rtabmap-res_tool
[0.550s] -- Up-to-date: /workspaces/isaac_ros-dev/Development/ros2/install/rtabmap/lib/librtabmap_core.so.0.23.6
[0.550s] -- Up-to-date: /workspaces/isaac_ros-dev/Development/ros2/install/rtabmap/lib/librtabmap_core.so.0.23
[0.550s] -- Up-to-date: /workspaces/isaac_ros-dev/Development/ros2/install/rtabmap/lib/librtabmap_core.so
[0.550s] -- Up-to-date: /workspaces/isaac_ros-dev/Development/ros2/install/rtabmap/include/rtabmap-0.23/rtabmap
[0.550s] -- Up-to-date: /workspaces/isaac_ros-dev/Development/ros2/install/rtabmap/include/rtabmap-0.23/rtabmap/core
[0.551s] -- Up-to-date: /workspaces/isaac_ros-dev/Development/ros2/install/rtabmap/include/rtabmap-0.23/rtabmap/core/Registration.h
[0.551s] -- Up-to-date: /workspaces/isaac_ros-dev/Development/ros2/install/rtabmap/include/rtabmap-0.23/rtabmap/core/LaserScan.h
[0.551s] -- Up-to-date: /workspaces/isaac_ros-dev/Development/ros2/install/rtabmap/include/rtabmap-0.23/rtabmap/core/OdometryEvent.h
[0.551s] -- Up-to-date: /workspaces/isaac_ros-dev/Development/ros2/install/rtabmap/include/rtabmap-0.23/rtabmap/core/camera
[0.551s] -- Up-to-date: /workspaces/isaac_ros-dev/Development/ros2/install/rtabmap/include/rtabmap-0.23/rtabmap/core/camera/CameraStereoZed.h
[0.551s] -- Up-to-date: /workspaces/isaac_ros-dev/Development/ros2/install/rtabmap/include/rtabmap-0.23/rtabmap/core/camera/CameraStereoTara.h
[0.551s] -- Up-to-date: /workspaces/isaac_ros-dev/Development/ros2/install/rtabmap/include/rtabmap-0.23/rtabmap/core/camera/CameraStereoFlyCapture2.h
[0.552s] -- Up-to-date: /workspaces/isaac_ros-dev/Development/ros2/install/rtabmap/include/rtabmap-0.23/rtabmap/core/camera/CameraImages.h
[0.552s] -- Up-to-date: /workspaces/isaac_ros-dev/Development/ros2/install/rtabmap/include/rtabmap-0.23/rtabmap/core/camera/CameraStereoDC1394.h
[0.552s] -- Up-to-date: /workspaces/isaac_ros-dev/Development/ros2/install/rtabmap/include/rtabmap-0.23/rtabmap/core/camera/CameraOrbbecSDK.h
[0.552s] -- Up-to-date: /workspaces/isaac_ros-dev/Development/ros2/install/rtabmap/include/rtabmap-0.23/rtabmap/core/camera/CameraK4W2.h
[0.552s] -- Up-to-date: /workspaces/isaac_ros-dev/Development/ros2/install/rtabmap/include/rtabmap-0.23/rtabmap/core/camera/CameraStereoZedOC.h
[0.553s] -- Up-to-date: /workspaces/isaac_ros-dev/Development/ros2/install/rtabmap/include/rtabmap-0.23/rtabmap/core/camera/CameraSeerSense.h
[0.553s] -- Up-to-date: /workspaces/isaac_ros-dev/Development/ros2/install/rtabmap/include/rtabmap-0.23/rtabmap/core/camera/CameraRGBDImages.h
[0.553s] -- Up-to-date: /workspaces/isaac_ros-dev/Development/ros2/install/rtabmap/include/rtabmap-0.23/rtabmap/core/camera/CameraRealSense.h
[0.553s] -- Up-to-date: /workspaces/isaac_ros-dev/Development/ros2/install/rtabmap/include/rtabmap-0.23/rtabmap/core/camera/CameraVideo.h
[0.553s] -- Up-to-date: /workspaces/isaac_ros-dev/Development/ros2/install/rtabmap/include/rtabmap-0.23/rtabmap/core/camera/CameraStereoImages.h
[0.553s] -- Up-to-date: /workspaces/isaac_ros-dev/Development/ros2/install/rtabmap/include/rtabmap-0.23/rtabmap/core/camera/CameraOpenNI2.h
[0.553s] -- Up-to-date: /workspaces/isaac_ros-dev/Development/ros2/install/rtabmap/include/rtabmap-0.23/rtabmap/core/camera/CameraOpenNICV.h
[0.553s] -- Up-to-date: /workspaces/isaac_ros-dev/Development/ros2/install/rtabmap/include/rtabmap-0.23/rtabmap/core/camera/CameraRealSense2.h
[0.553s] -- Up-to-date: /workspaces/isaac_ros-dev/Development/ros2/install/rtabmap/include/rtabmap-0.23/rtabmap/core/camera/CameraDepthAI.h
[0.553s] -- Up-to-date: /workspaces/isaac_ros-dev/Development/ros2/install/rtabmap/include/rtabmap-0.23/rtabmap/core/camera/CameraStereoVideo.h
[0.554s] -- Up-to-date: /workspaces/isaac_ros-dev/Development/ros2/install/rtabmap/include/rtabmap-0.23/rtabmap/core/camera/CameraOpenni.h
[0.554s] -- Up-to-date: /workspaces/isaac_ros-dev/Development/ros2/install/rtabmap/include/rtabmap-0.23/rtabmap/core/camera/CameraFreenect.h
[0.554s] -- Up-to-date: /workspaces/isaac_ros-dev/Development/ros2/install/rtabmap/include/rtabmap-0.23/rtabmap/core/camera/CameraMyntEye.h
[0.554s] -- Up-to-date: /workspaces/isaac_ros-dev/Development/ros2/install/rtabmap/include/rtabmap-0.23/rtabmap/core/camera/CameraFreenect2.h
[0.554s] -- Up-to-date: /workspaces/isaac_ros-dev/Development/ros2/install/rtabmap/include/rtabmap-0.23/rtabmap/core/camera/CameraK4A.h
[0.554s] -- Up-to-date: /workspaces/isaac_ros-dev/Development/ros2/install/rtabmap/include/rtabmap-0.23/rtabmap/core/util3d.h
[0.554s] -- Up-to-date: /workspaces/isaac_ros-dev/Development/ros2/install/rtabmap/include/rtabmap-0.23/rtabmap/core/IMUThread.h
[0.554s] -- Up-to-date: /workspaces/isaac_ros-dev/Development/ros2/install/rtabmap/include/rtabmap-0.23/rtabmap/core/CameraModel.h
[0.554s] -- Up-to-date: /workspaces/isaac_ros-dev/Development/ros2/install/rtabmap/include/rtabmap-0.23/rtabmap/core/GlobalDescriptorExtractor.h
[0.555s] -- Up-to-date: /workspaces/isaac_ros-dev/Development/ros2/install/rtabmap/include/rtabmap-0.23/rtabmap/core/util3d_filtering.h
[0.555s] -- Up-to-date: /workspaces/isaac_ros-dev/Development/ros2/install/rtabmap/include/rtabmap-0.23/rtabmap/core/GPS.h
[0.555s] -- Up-to-date: /workspaces/isaac_ros-dev/Development/ros2/install/rtabmap/include/rtabmap-0.23/rtabmap/core/stereo
[0.555s] -- Up-to-date: /workspaces/isaac_ros-dev/Development/ros2/install/rtabmap/include/rtabmap-0.23/rtabmap/core/stereo/StereoSGBM.h
[0.555s] -- Up-to-date: /workspaces/isaac_ros-dev/Development/ros2/install/rtabmap/include/rtabmap-0.23/rtabmap/core/stereo/stereoRectifyFisheye.h
[0.555s] -- Up-to-date: /workspaces/isaac_ros-dev/Development/ros2/install/rtabmap/include/rtabmap-0.23/rtabmap/core/stereo/StereoBM.h
[0.556s] -- Up-to-date: /workspaces/isaac_ros-dev/Development/ros2/install/rtabmap/include/rtabmap-0.23/rtabmap/core/BayesFilter.h
[0.556s] -- Up-to-date: /workspaces/isaac_ros-dev/Development/ros2/install/rtabmap/include/rtabmap-0.23/rtabmap/core/Stereo.h
[0.556s] -- Up-to-date: /workspaces/isaac_ros-dev/Development/ros2/install/rtabmap/include/rtabmap-0.23/rtabmap/core/GlobalMap.h
[0.556s] -- Up-to-date: /workspaces/isaac_ros-dev/Development/ros2/install/rtabmap/include/rtabmap-0.23/rtabmap/core/Recovery.h
[0.556s] -- Up-to-date: /workspaces/isaac_ros-dev/Development/ros2/install/rtabmap/include/rtabmap-0.23/rtabmap/core/Features2d.h
[0.556s] -- Up-to-date: /workspaces/isaac_ros-dev/Development/ros2/install/rtabmap/include/rtabmap-0.23/rtabmap/core/EnvSensor.h
[0.557s] -- Up-to-date: /workspaces/isaac_ros-dev/Development/ros2/install/rtabmap/include/rtabmap-0.23/rtabmap/core/OdometryInfo.h
[0.557s] -- Up-to-date: /workspaces/isaac_ros-dev/Development/ros2/install/rtabmap/include/rtabmap-0.23/rtabmap/core/GainCompensator.h
[0.557s] -- Up-to-date: /workspaces/isaac_ros-dev/Development/ros2/install/rtabmap/include/rtabmap-0.23/rtabmap/core/Optimizer.h
[0.557s] -- Up-to-date: /workspaces/isaac_ros-dev/Development/ros2/install/rtabmap/include/rtabmap-0.23/rtabmap/core/CameraThread.h
[0.557s] -- Up-to-date: /workspaces/isaac_ros-dev/Development/ros2/install/rtabmap/include/rtabmap-0.23/rtabmap/core/IMUFilter.h
[0.557s] -- Up-to-date: /workspaces/isaac_ros-dev/Development/ros2/install/rtabmap/include/rtabmap-0.23/rtabmap/core/RegistrationInfo.h
[0.557s] -- Up-to-date: /workspaces/isaac_ros-dev/Development/ros2/install/rtabmap/include/rtabmap-0.23/rtabmap/core/DBReader.h
[0.558s] -- Up-to-date: /workspaces/isaac_ros-dev/Development/ros2/install/rtabmap/include/rtabmap-0.23/rtabmap/core/util3d_motion_estimation.h
[0.558s] -- Up-to-date: /workspaces/isaac_ros-dev/Development/ros2/install/rtabmap/include/rtabmap-0.23/rtabmap/core/impl
[0.561s] -- Up-to-date: /workspaces/isaac_ros-dev/Development/ros2/install/rtabmap/include/rtabmap-0.23/rtabmap/core/impl/util3d.hpp
[0.562s] -- Up-to-date: /workspaces/isaac_ros-dev/Development/ros2/install/rtabmap/include/rtabmap-0.23/rtabmap/core/impl/LocalMapMaker.hpp
[0.562s] -- Up-to-date: /workspaces/isaac_ros-dev/Development/ros2/install/rtabmap/include/rtabmap-0.23/rtabmap/core/impl/util3d_mapping.hpp
[0.562s] -- Up-to-date: /workspaces/isaac_ros-dev/Development/ros2/install/rtabmap/include/rtabmap-0.23/rtabmap/core/impl/util3d_surface.hpp
[0.562s] -- Up-to-date: /workspaces/isaac_ros-dev/Development/ros2/install/rtabmap/include/rtabmap-0.23/rtabmap/core/LocalGridMaker.h
[0.562s] -- Up-to-date: /workspaces/isaac_ros-dev/Development/ros2/install/rtabmap/include/rtabmap-0.23/rtabmap/core/util3d_registration.h
[0.562s] -- Up-to-date: /workspaces/isaac_ros-dev/Development/ros2/install/rtabmap/include/rtabmap-0.23/rtabmap/core/util2d.h
[0.562s] -- Up-to-date: /workspaces/isaac_ros-dev/Development/ros2/install/rtabmap/include/rtabmap-0.23/rtabmap/core/UserDataEvent.h
[0.562s] -- Up-to-date: /workspaces/isaac_ros-dev/Development/ros2/install/rtabmap/include/rtabmap-0.23/rtabmap/core/CameraInfo.h
[0.562s] -- Up-to-date: /workspaces/isaac_ros-dev/Development/ros2/install/rtabmap/include/rtabmap-0.23/rtabmap/core/PDALWriter.h
[0.562s] -- Up-to-date: /workspaces/isaac_ros-dev/Development/ros2/install/rtabmap/include/rtabmap-0.23/rtabmap/core/Landmark.h
[0.562s] -- Up-to-date: /workspaces/isaac_ros-dev/Development/ros2/install/rtabmap/include/rtabmap-0.23/rtabmap/core/ParticleFilter.h
[0.562s] -- Up-to-date: /workspaces/isaac_ros-dev/Development/ros2/install/rtabmap/include/rtabmap-0.23/rtabmap/core/OdometryThread.h
[0.563s] -- Up-to-date: /workspaces/isaac_ros-dev/Development/ros2/install/rtabmap/include/rtabmap-0.23/rtabmap/core/rvl_codec.h
[0.563s] -- Up-to-date: /workspaces/isaac_ros-dev/Development/ros2/install/rtabmap/include/rtabmap-0.23/rtabmap/core/util3d_features.h
[0.563s] -- Up-to-date: /workspaces/isaac_ros-dev/Development/ros2/install/rtabmap/include/rtabmap-0.23/rtabmap/core/GlobalDescriptor.h
[0.563s] -- Up-to-date: /workspaces/isaac_ros-dev/Development/ros2/install/rtabmap/include/rtabmap-0.23/rtabmap/core/Compression.h
[0.564s] -- Up-to-date: /workspaces/isaac_ros-dev/Development/ros2/install/rtabmap/include/rtabmap-0.23/rtabmap/core/Rtabmap.h
[0.564s] -- Up-to-date: /workspaces/isaac_ros-dev/Development/ros2/install/rtabmap/include/rtabmap-0.23/rtabmap/core/RegistrationIcp.h
[0.564s] -- Up-to-date: /workspaces/isaac_ros-dev/Development/ros2/install/rtabmap/include/rtabmap-0.23/rtabmap/core/Odometry.h
[0.564s] -- Up-to-date: /workspaces/isaac_ros-dev/Development/ros2/install/rtabmap/include/rtabmap-0.23/rtabmap/core/ProgressState.h
[0.564s] -- Up-to-date: /workspaces/isaac_ros-dev/Development/ros2/install/rtabmap/include/rtabmap-0.23/rtabmap/core/Parameters.h
[0.564s] -- Up-to-date: /workspaces/isaac_ros-dev/Development/ros2/install/rtabmap/include/rtabmap-0.23/rtabmap/core/OctoMap.h
[0.564s] -- Up-to-date: /workspaces/isaac_ros-dev/Development/ros2/install/rtabmap/include/rtabmap-0.23/rtabmap/core/lidar
[0.564s] -- Up-to-date: /workspaces/isaac_ros-dev/Development/ros2/install/rtabmap/include/rtabmap-0.23/rtabmap/core/lidar/LidarVLP16.h
[0.565s] -- Up-to-date: /workspaces/isaac_ros-dev/Development/ros2/install/rtabmap/include/rtabmap-0.23/rtabmap/core/SensorCaptureInfo.h
[0.565s] -- Up-to-date: /workspaces/isaac_ros-dev/Development/ros2/install/rtabmap/include/rtabmap-0.23/rtabmap/core/LASWriter.h
[0.565s] -- Up-to-date: /workspaces/isaac_ros-dev/Development/ros2/install/rtabmap/include/rtabmap-0.23/rtabmap/core/RegistrationVis.h
[0.565s] -- Up-to-date: /workspaces/isaac_ros-dev/Development/ros2/install/rtabmap/include/rtabmap-0.23/rtabmap/core/Transform.h
[0.565s] -- Up-to-date: /workspaces/isaac_ros-dev/Development/ros2/install/rtabmap/include/rtabmap-0.23/rtabmap/core/ParamEvent.h
[0.565s] -- Up-to-date: /workspaces/isaac_ros-dev/Development/ros2/install/rtabmap/include/rtabmap-0.23/rtabmap/core/Graph.h
[0.565s] -- Up-to-date: /workspaces/isaac_ros-dev/Development/ros2/install/rtabmap/include/rtabmap-0.23/rtabmap/core/Signature.h
[0.565s] -- Up-to-date: /workspaces/isaac_ros-dev/Development/ros2/install/rtabmap/include/rtabmap-0.23/rtabmap/core/optimizer
[0.565s] -- Up-to-date: /workspaces/isaac_ros-dev/Development/ros2/install/rtabmap/include/rtabmap-0.23/rtabmap/core/optimizer/OptimizerGTSAM.h
[0.565s] -- Up-to-date: /workspaces/isaac_ros-dev/Development/ros2/install/rtabmap/include/rtabmap-0.23/rtabmap/core/optimizer/OptimizerCVSBA.h
[0.565s] -- Up-to-date: /workspaces/isaac_ros-dev/Development/ros2/install/rtabmap/include/rtabmap-0.23/rtabmap/core/optimizer/OptimizerG2O.h
[0.565s] -- Up-to-date: /workspaces/isaac_ros-dev/Development/ros2/install/rtabmap/include/rtabmap-0.23/rtabmap/core/optimizer/OptimizerTORO.h
[0.566s] -- Up-to-date: /workspaces/isaac_ros-dev/Development/ros2/install/rtabmap/include/rtabmap-0.23/rtabmap/core/optimizer/OptimizerCeres.h
[0.566s] -- Up-to-date: /workspaces/isaac_ros-dev/Development/ros2/install/rtabmap/include/rtabmap-0.23/rtabmap/core/RtabmapEvent.h
[0.566s] -- Up-to-date: /workspaces/isaac_ros-dev/Development/ros2/install/rtabmap/include/rtabmap-0.23/rtabmap/core/util3d_surface.h
[0.566s] -- Up-to-date: /workspaces/isaac_ros-dev/Development/ros2/install/rtabmap/include/rtabmap-0.23/rtabmap/core/MarkerDetector.h
[0.566s] -- Up-to-date: /workspaces/isaac_ros-dev/Development/ros2/install/rtabmap/include/rtabmap-0.23/rtabmap/core/CameraEvent.h
[0.566s] -- Up-to-date: /workspaces/isaac_ros-dev/Development/ros2/install/rtabmap/include/rtabmap-0.23/rtabmap/core/CameraStereo.h
[0.566s] -- Up-to-date: /workspaces/isaac_ros-dev/Development/ros2/install/rtabmap/include/rtabmap-0.23/rtabmap/core/global_map
[0.566s] -- Up-to-date: /workspaces/isaac_ros-dev/Development/ros2/install/rtabmap/include/rtabmap-0.23/rtabmap/core/global_map/OctoMap.h
[0.566s] -- Up-to-date: /workspaces/isaac_ros-dev/Development/ros2/install/rtabmap/include/rtabmap-0.23/rtabmap/core/global_map/OccupancyGrid.h
[0.566s] -- Up-to-date: /workspaces/isaac_ros-dev/Development/ros2/install/rtabmap/include/rtabmap-0.23/rtabmap/core/global_map/CloudMap.h
[0.566s] -- Up-to-date: /workspaces/isaac_ros-dev/Development/ros2/install/rtabmap/include/rtabmap-0.23/rtabmap/core/global_map/GridMap.h
[0.567s] -- Up-to-date: /workspaces/isaac_ros-dev/Development/ros2/install/rtabmap/include/rtabmap-0.23/rtabmap/core/EpipolarGeometry.h
[0.567s] -- Up-to-date: /workspaces/isaac_ros-dev/Development/ros2/install/rtabmap/include/rtabmap-0.23/rtabmap/core/OccupancyGrid.h
[0.567s] -- Up-to-date: /workspaces/isaac_ros-dev/Development/ros2/install/rtabmap/include/rtabmap-0.23/rtabmap/core/DBDriver.h
[0.567s] -- Up-to-date: /workspaces/isaac_ros-dev/Development/ros2/install/rtabmap/include/rtabmap-0.23/rtabmap/core/SensorEvent.h
[0.567s] -- Up-to-date: /workspaces/isaac_ros-dev/Development/ros2/install/rtabmap/include/rtabmap-0.23/rtabmap/core/LocalGrid.h
[0.567s] -- Up-to-date: /workspaces/isaac_ros-dev/Development/ros2/install/rtabmap/include/rtabmap-0.23/rtabmap/core/Statistics.h
[0.567s] -- Up-to-date: /workspaces/isaac_ros-dev/Development/ros2/install/rtabmap/include/rtabmap-0.23/rtabmap/core/Camera.h
[0.567s] -- Up-to-date: /workspaces/isaac_ros-dev/Development/ros2/install/rtabmap/include/rtabmap-0.23/rtabmap/core/util3d_correspondences.h
[0.567s] -- Up-to-date: /workspaces/isaac_ros-dev/Development/ros2/install/rtabmap/include/rtabmap-0.23/rtabmap/core/VWDictionary.h
[0.567s] -- Up-to-date: /workspaces/isaac_ros-dev/Development/ros2/install/rtabmap/include/rtabmap-0.23/rtabmap/core/StereoDense.h
[0.567s] -- Up-to-date: /workspaces/isaac_ros-dev/Development/ros2/install/rtabmap/include/rtabmap-0.23/rtabmap/core/Memory.h
[0.567s] -- Up-to-date: /workspaces/isaac_ros-dev/Development/ros2/install/rtabmap/include/rtabmap-0.23/rtabmap/core/CameraRGBD.h
[0.567s] -- Up-to-date: /workspaces/isaac_ros-dev/Development/ros2/install/rtabmap/include/rtabmap-0.23/rtabmap/core/SensorCapture.h
[0.567s] -- Up-to-date: /workspaces/isaac_ros-dev/Development/ros2/install/rtabmap/include/rtabmap-0.23/rtabmap/core/util3d_mapping.h
[0.568s] -- Up-to-date: /workspaces/isaac_ros-dev/Development/ros2/install/rtabmap/include/rtabmap-0.23/rtabmap/core/GeodeticCoords.h
[0.568s] -- Up-to-date: /workspaces/isaac_ros-dev/Development/ros2/install/rtabmap/include/rtabmap-0.23/rtabmap/core/Link.h
[0.568s] -- Up-to-date: /workspaces/isaac_ros-dev/Development/ros2/install/rtabmap/include/rtabmap-0.23/rtabmap/core/util3d_transforms.h
[0.568s] -- Up-to-date: /workspaces/isaac_ros-dev/Development/ros2/install/rtabmap/include/rtabmap-0.23/rtabmap/core/DBDriverSqlite3.h
[0.568s] -- Up-to-date: /workspaces/isaac_ros-dev/Development/ros2/install/rtabmap/include/rtabmap-0.23/rtabmap/core/Image.h
[0.568s] -- Up-to-date: /workspaces/isaac_ros-dev/Development/ros2/install/rtabmap/include/rtabmap-0.23/rtabmap/core/SensorData.h
[0.568s] -- Up-to-date: /workspaces/isaac_ros-dev/Development/ros2/install/rtabmap/include/rtabmap-0.23/rtabmap/core/VisualWord.h
[0.568s] -- Up-to-date: /workspaces/isaac_ros-dev/Development/ros2/install/rtabmap/include/rtabmap-0.23/rtabmap/core/StereoCameraModel.h
[0.568s] -- Up-to-date: /workspaces/isaac_ros-dev/Development/ros2/install/rtabmap/include/rtabmap-0.23/rtabmap/core/RtabmapThread.h
[0.568s] -- Up-to-date: /workspaces/isaac_ros-dev/Development/ros2/install/rtabmap/include/rtabmap-0.23/rtabmap/core/odometry
[0.568s] -- Up-to-date: /workspaces/isaac_ros-dev/Development/ros2/install/rtabmap/include/rtabmap-0.23/rtabmap/core/odometry/OdometryOkvis.h
[0.568s] -- Up-to-date: /workspaces/isaac_ros-dev/Development/ros2/install/rtabmap/include/rtabmap-0.23/rtabmap/core/odometry/OdometryMono.h
[0.568s] -- Up-to-date: /workspaces/isaac_ros-dev/Development/ros2/install/rtabmap/include/rtabmap-0.23/rtabmap/core/odometry/OdometryF2M.h
[0.568s] -- Up-to-date: /workspaces/isaac_ros-dev/Development/ros2/install/rtabmap/include/rtabmap-0.23/rtabmap/core/odometry/OdometryLIOSAM.h
[0.569s] -- Up-to-date: /workspaces/isaac_ros-dev/Development/ros2/install/rtabmap/include/rtabmap-0.23/rtabmap/core/odometry/OdometryORBSLAM3.h
[0.569s] -- Up-to-date: /workspaces/isaac_ros-dev/Development/ros2/install/rtabmap/include/rtabmap-0.23/rtabmap/core/odometry/OdometryF2F.h
[0.569s] -- Up-to-date: /workspaces/isaac_ros-dev/Development/ros2/install/rtabmap/include/rtabmap-0.23/rtabmap/core/odometry/OdometryORBSLAM2.h
[0.569s] -- Up-to-date: /workspaces/isaac_ros-dev/Development/ros2/install/rtabmap/include/rtabmap-0.23/rtabmap/core/odometry/OdometryVINSFusion.h
[0.569s] -- Up-to-date: /workspaces/isaac_ros-dev/Development/ros2/install/rtabmap/include/rtabmap-0.23/rtabmap/core/odometry/OdometryOpen3D.h
[0.569s] -- Up-to-date: /workspaces/isaac_ros-dev/Development/ros2/install/rtabmap/include/rtabmap-0.23/rtabmap/core/odometry/OdometryFLOAM.h
[0.569s] -- Up-to-date: /workspaces/isaac_ros-dev/Development/ros2/install/rtabmap/include/rtabmap-0.23/rtabmap/core/odometry/OdometryViso2.h
[0.569s] -- Up-to-date: /workspaces/isaac_ros-dev/Development/ros2/install/rtabmap/include/rtabmap-0.23/rtabmap/core/odometry/OdometryLOAM.h
[0.569s] -- Up-to-date: /workspaces/isaac_ros-dev/Development/ros2/install/rtabmap/include/rtabmap-0.23/rtabmap/core/odometry/OdometryMSCKF.h
[0.569s] -- Up-to-date: /workspaces/isaac_ros-dev/Development/ros2/install/rtabmap/include/rtabmap-0.23/rtabmap/core/odometry/OdometryFovis.h
[0.569s] -- Up-to-date: /workspaces/isaac_ros-dev/Development/ros2/install/rtabmap/include/rtabmap-0.23/rtabmap/core/odometry/OdometryVINS.h
[0.569s] -- Up-to-date: /workspaces/isaac_ros-dev/Development/ros2/install/rtabmap/include/rtabmap-0.23/rtabmap/core/odometry/OdometryCuVSLAM.h
[0.570s] -- Up-to-date: /workspaces/isaac_ros-dev/Development/ros2/install/rtabmap/include/rtabmap-0.23/rtabmap/core/odometry/OdometryDVO.h
[0.570s] -- Up-to-date: /workspaces/isaac_ros-dev/Development/ros2/install/rtabmap/include/rtabmap-0.23/rtabmap/core/odometry/OdometryOpenVINS.h
[0.570s] -- Up-to-date: /workspaces/isaac_ros-dev/Development/ros2/install/rtabmap/include/rtabmap-0.23/rtabmap/core/CameraRGB.h
[0.570s] -- Up-to-date: /workspaces/isaac_ros-dev/Development/ros2/install/rtabmap/include/rtabmap-0.23/rtabmap/core/IMU.h
[0.570s] -- Up-to-date: /workspaces/isaac_ros-dev/Development/ros2/install/rtabmap/include/rtabmap-0.23/rtabmap/core/PythonInterface.h
[0.570s] -- Up-to-date: /workspaces/isaac_ros-dev/Development/ros2/install/rtabmap/include/rtabmap-0.23/rtabmap/core/clams
[0.570s] -- Up-to-date: /workspaces/isaac_ros-dev/Development/ros2/install/rtabmap/include/rtabmap-0.23/rtabmap/core/clams/slam_calibrator.h
[0.570s] -- Up-to-date: /workspaces/isaac_ros-dev/Development/ros2/install/rtabmap/include/rtabmap-0.23/rtabmap/core/clams/frame_projector.h
[0.570s] -- Up-to-date: /workspaces/isaac_ros-dev/Development/ros2/install/rtabmap/include/rtabmap-0.23/rtabmap/core/clams/discrete_depth_distortion_model.h
[0.570s] -- Up-to-date: /workspaces/isaac_ros-dev/Development/ros2/install/rtabmap/include/rtabmap-0.23/rtabmap/core/Lidar.h
[0.570s] -- Up-to-date: /workspaces/isaac_ros-dev/Development/ros2/install/rtabmap/include/rtabmap-0.23/rtabmap/core/FlannIndex.h
[0.570s] -- Up-to-date: /workspaces/isaac_ros-dev/Development/ros2/install/rtabmap/include/rtabmap-0.23/rtabmap/core/SensorCaptureThread.h
[0.570s] -- Up-to-date: /workspaces/isaac_ros-dev/Development/ros2/install/rtabmap/include/rtabmap-0.23/rtabmap
[0.571s] -- Up-to-date: /workspaces/isaac_ros-dev/Development/ros2/install/rtabmap/include/rtabmap-0.23/rtabmap/core
[0.571s] -- Up-to-date: /workspaces/isaac_ros-dev/Development/ros2/install/rtabmap/include/rtabmap-0.23/rtabmap/core/rtabmap_core_export.h
[0.571s] -- Up-to-date: /workspaces/isaac_ros-dev/Development/ros2/install/rtabmap/include/rtabmap-0.23/rtabmap/core/Version.h
[0.571s] -- Up-to-date: /workspaces/isaac_ros-dev/Development/ros2/install/rtabmap/lib/rtabmap-0.23/RTABMap_coreTargets.cmake
[0.571s] -- Up-to-date: /workspaces/isaac_ros-dev/Development/ros2/install/rtabmap/lib/rtabmap-0.23/RTABMap_coreTargets-release.cmake
[0.571s] -- Up-to-date: /workspaces/isaac_ros-dev/Development/ros2/install/rtabmap/lib/rtabmap-0.23/RTABMapTargets.cmake
[0.571s] -- Up-to-date: /workspaces/isaac_ros-dev/Development/ros2/install/rtabmap/lib/rtabmap-0.23/RTABMapConfig.cmake
[0.571s] -- Up-to-date: /workspaces/isaac_ros-dev/Development/ros2/install/rtabmap/lib/rtabmap-0.23/RTABMapConfigVersion.cmake
[0.571s] -- Up-to-date: /workspaces/isaac_ros-dev/Development/ros2/install/rtabmap/share/rtabmap/package.xml
[0.572s] Invoked command in '/workspaces/isaac_ros-dev/Development/ros2/build/rtabmap' returned '0': CMAKE_PREFIX_PATH=${CMAKE_PREFIX_PATH}:/workspace/cartographer_ws/install/isaac_ros_test:/opt/ros/humble /usr/bin/cmake --install /workspaces/isaac_ros-dev/Development/ros2/build/rtabmap
