running egg_info
writing ../../build/qcar2_perception/qcar2_perception.egg-info/PKG-INFO
writing dependency_links to ../../build/qcar2_perception/qcar2_perception.egg-info/dependency_links.txt
writing entry points to ../../build/qcar2_perception/qcar2_perception.egg-info/entry_points.txt
writing requirements to ../../build/qcar2_perception/qcar2_perception.egg-info/requires.txt
writing top-level names to ../../build/qcar2_perception/qcar2_perception.egg-info/top_level.txt
reading manifest file '../../build/qcar2_perception/qcar2_perception.egg-info/SOURCES.txt'
writing manifest file '../../build/qcar2_perception/qcar2_perception.egg-info/SOURCES.txt'
running build
running build_py
copying qcar2_perception/semantic_yolo_detector.py -> /home/bp02-ubuntu/Documents/GitHub/ACC_Development/Development/ros2/build/qcar2_perception/build/lib/qcar2_perception
copying qcar2_perception/semantic_landmark_mapper.py -> /home/bp02-ubuntu/Documents/GitHub/ACC_Development/Development/ros2/build/qcar2_perception/build/lib/qcar2_perception
running install
running install_lib
copying /home/bp02-ubuntu/Documents/GitHub/ACC_Development/Development/ros2/build/qcar2_perception/build/lib/qcar2_perception/semantic_yolo_detector.py -> /home/bp02-ubuntu/Documents/GitHub/ACC_Development/Development/ros2/install/qcar2_perception/lib/python3.12/site-packages/qcar2_perception
copying /home/bp02-ubuntu/Documents/GitHub/ACC_Development/Development/ros2/build/qcar2_perception/build/lib/qcar2_perception/semantic_landmark_mapper.py -> /home/bp02-ubuntu/Documents/GitHub/ACC_Development/Development/ros2/install/qcar2_perception/lib/python3.12/site-packages/qcar2_perception
byte-compiling /home/bp02-ubuntu/Documents/GitHub/ACC_Development/Development/ros2/install/qcar2_perception/lib/python3.12/site-packages/qcar2_perception/semantic_yolo_detector.py to semantic_yolo_detector.cpython-312.pyc
byte-compiling /home/bp02-ubuntu/Documents/GitHub/ACC_Development/Development/ros2/install/qcar2_perception/lib/python3.12/site-packages/qcar2_perception/semantic_landmark_mapper.py to semantic_landmark_mapper.cpython-312.pyc
running install_data
copying launch/perception_core_physical.launch.py -> /home/bp02-ubuntu/Documents/GitHub/ACC_Development/Development/ros2/install/qcar2_perception/share/qcar2_perception/launch
copying launch/perception_core_virtual.launch.py -> /home/bp02-ubuntu/Documents/GitHub/ACC_Development/Development/ros2/install/qcar2_perception/share/qcar2_perception/launch
copying maps/semantic_map.json -> /home/bp02-ubuntu/Documents/GitHub/ACC_Development/Development/ros2/install/qcar2_perception/share/qcar2_perception/maps
copying maps/semantic_map_backup_20260520_144326.json -> /home/bp02-ubuntu/Documents/GitHub/ACC_Development/Development/ros2/install/qcar2_perception/share/qcar2_perception/maps
running install_egg_info
removing '/home/bp02-ubuntu/Documents/GitHub/ACC_Development/Development/ros2/install/qcar2_perception/lib/python3.12/site-packages/qcar2_perception-0.0.0-py3.12.egg-info' (and everything under it)
Copying ../../build/qcar2_perception/qcar2_perception.egg-info to /home/bp02-ubuntu/Documents/GitHub/ACC_Development/Development/ros2/install/qcar2_perception/lib/python3.12/site-packages/qcar2_perception-0.0.0-py3.12.egg-info
running install_scripts
Installing d435_aligned_source script to /home/bp02-ubuntu/Documents/GitHub/ACC_Development/Development/ros2/install/qcar2_perception/lib/qcar2_perception
Installing object_3d_estimator script to /home/bp02-ubuntu/Documents/GitHub/ACC_Development/Development/ros2/install/qcar2_perception/lib/qcar2_perception
Installing perception_behavior_interface script to /home/bp02-ubuntu/Documents/GitHub/ACC_Development/Development/ros2/install/qcar2_perception/lib/qcar2_perception
Installing semantic_consistency_monitor script to /home/bp02-ubuntu/Documents/GitHub/ACC_Development/Development/ros2/install/qcar2_perception/lib/qcar2_perception
Installing semantic_landmark_mapper script to /home/bp02-ubuntu/Documents/GitHub/ACC_Development/Development/ros2/install/qcar2_perception/lib/qcar2_perception
Installing semantic_yolo_detector script to /home/bp02-ubuntu/Documents/GitHub/ACC_Development/Development/ros2/install/qcar2_perception/lib/qcar2_perception
writing list of installed files to '/home/bp02-ubuntu/Documents/GitHub/ACC_Development/Development/ros2/build/qcar2_perception/install.log'
