[0.140s] Invoking command in '/workspaces/isaac_ros-dev/build/isaac_ros_nitros_bridge_interfaces': CMAKE_PREFIX_PATH=/workspaces/isaac_ros-dev/install/isaac_ros_common:/workspaces/isaac_ros-dev/install/qcar2_nodes:/workspaces/isaac_ros-dev/install/qcar2_interfaces:/workspaces/isaac_ros-dev/install/isaac_ros_tensor_list_interfaces:/workspaces/isaac_ros-dev/install/isaac_ros_pointcloud_interfaces:/workspaces/isaac_ros-dev/install/isaac_ros_nova_interfaces:/workspaces/isaac_ros-dev/install/isaac_ros_nitros_bridge_interfaces:/workspaces/isaac_ros-dev/install/isaac_ros_bi3d_interfaces:/workspaces/isaac_ros-dev/install/isaac_ros_apriltag_interfaces:/workspace/cartographer_ws/install/perception_pcl:/workspace/cartographer_ws/install/pcl_ros:/workspace/cartographer_ws/install/cartographer_rviz:/workspace/cartographer_ws/install/cartographer_ros:/workspace/cartographer_ws/install/pcl_conversions:/workspace/cartographer_ws/install/pcl_msgs:/workspace/cartographer_ws/install/isaac_ros_tensor_list_interfaces:/workspace/cartographer_ws/install/isaac_ros_pointcloud_interfaces:/workspace/cartographer_ws/install/isaac_ros_nova_interfaces:/workspace/cartographer_ws/install/isaac_ros_nitros_bridge_interfaces:/workspace/cartographer_ws/install/isaac_ros_common:/workspace/cartographer_ws/install/isaac_ros_bi3d_interfaces:/workspace/cartographer_ws/install/isaac_ros_apriltag_interfaces:/workspace/cartographer_ws/install/control_msgs:/workspace/cartographer_ws/install/cartographer_ros_msgs:/workspace/cartographer_ws/install/cartographer:/workspace/cartographer_ws/install/absl:/workspaces/isaac_ros-dev/install/qcar2_perception:/workspaces/isaac_ros-dev/install/qcar2_autonomy:/workspaces/isaac_ros-dev/install/isaac_ros_test:/workspace/cartographer_ws/install/isaac_ros_test:/opt/ros/humble LD_LIBRARY_PATH=/workspaces/isaac_ros-dev/install/isaac_ros_common/lib:/workspaces/isaac_ros-dev/install/qcar2_interfaces/lib:/workspaces/isaac_ros-dev/install/isaac_ros_tensor_list_interfaces/lib:/workspaces/isaac_ros-dev/install/isaac_ros_pointcloud_interfaces/lib:/workspaces/isaac_ros-dev/install/isaac_ros_nova_interfaces/lib:/workspaces/isaac_ros-dev/install/isaac_ros_nitros_bridge_interfaces/lib:/workspaces/isaac_ros-dev/install/isaac_ros_bi3d_interfaces/lib:/workspaces/isaac_ros-dev/install/isaac_ros_apriltag_interfaces/lib:/workspace/cartographer_ws/install/pcl_ros/lib:/workspace/cartographer_ws/install/cartographer_rviz/lib:/workspace/cartographer_ws/install/cartographer_ros/lib:/workspace/cartographer_ws/install/pcl_msgs/lib:/workspace/cartographer_ws/install/isaac_ros_tensor_list_interfaces/lib:/workspace/cartographer_ws/install/isaac_ros_pointcloud_interfaces/lib:/workspace/cartographer_ws/install/isaac_ros_nova_interfaces/lib:/workspace/cartographer_ws/install/isaac_ros_nitros_bridge_interfaces/lib:/workspace/cartographer_ws/install/isaac_ros_common/lib:/workspace/cartographer_ws/install/isaac_ros_bi3d_interfaces/lib:/workspace/cartographer_ws/install/isaac_ros_apriltag_interfaces/lib:/workspace/cartographer_ws/install/control_msgs/lib:/workspace/cartographer_ws/install/cartographer_ros_msgs/lib:/opt/ros/humble/opt/rviz_ogre_vendor/lib:/opt/ros/humble/lib/x86_64-linux-gnu:/opt/ros/humble/lib:/opt/tritonserver/backends/onnxruntime:/usr/local/cuda/compat/lib:/usr/local/nvidia/lib:/usr/local/nvidia/lib64:/opt/tritonserver/lib _=/usr/bin/env /usr/bin/cmake --build /workspaces/isaac_ros-dev/build/isaac_ros_nitros_bridge_interfaces -- -j24 -l24
[0.166s] [35m[1mConsolidate compiler generated dependencies of target isaac_ros_nitros_bridge_interfaces__rosidl_generator_c[0m
[0.178s] [  3%] Built target isaac_ros_nitros_bridge_interfaces__cpp
[0.180s] [ 12%] Built target isaac_ros_nitros_bridge_interfaces__rosidl_generator_c
[0.187s] [ 12%] Built target ament_cmake_python_copy_isaac_ros_nitros_bridge_interfaces
[0.201s] [35m[1mConsolidate compiler generated dependencies of target isaac_ros_nitros_bridge_interfaces__rosidl_typesupport_fastrtps_cpp[0m
[0.204s] [35m[1mConsolidate compiler generated dependencies of target isaac_ros_nitros_bridge_interfaces__rosidl_typesupport_fastrtps_c[0m
[0.204s] [35m[1mConsolidate compiler generated dependencies of target isaac_ros_nitros_bridge_interfaces__rosidl_typesupport_introspection_c[0m
[0.205s] [35m[1mConsolidate compiler generated dependencies of target isaac_ros_nitros_bridge_interfaces__rosidl_typesupport_c[0m
[0.206s] [35m[1mConsolidate compiler generated dependencies of target isaac_ros_nitros_bridge_interfaces__rosidl_typesupport_cpp[0m
[0.210s] [35m[1mConsolidate compiler generated dependencies of target isaac_ros_nitros_bridge_interfaces__rosidl_typesupport_introspection_cpp[0m
[0.229s] [ 22%] Built target isaac_ros_nitros_bridge_interfaces__rosidl_typesupport_fastrtps_cpp
[0.236s] [ 32%] Built target isaac_ros_nitros_bridge_interfaces__rosidl_typesupport_fastrtps_c
[0.236s] [ 41%] Built target isaac_ros_nitros_bridge_interfaces__rosidl_typesupport_introspection_c
[0.238s] [ 51%] Built target isaac_ros_nitros_bridge_interfaces__rosidl_typesupport_cpp
[0.239s] [ 64%] Built target isaac_ros_nitros_bridge_interfaces__rosidl_typesupport_c
[0.239s] [ 70%] Built target isaac_ros_nitros_bridge_interfaces__rosidl_typesupport_introspection_cpp
[0.267s] [ 70%] Built target isaac_ros_nitros_bridge_interfaces
[0.292s] [ 74%] Built target isaac_ros_nitros_bridge_interfaces__py
[0.307s] [35m[1mConsolidate compiler generated dependencies of target isaac_ros_nitros_bridge_interfaces__rosidl_generator_py[0m
[0.322s] [ 80%] Built target isaac_ros_nitros_bridge_interfaces__rosidl_generator_py
[0.339s] [35m[1mConsolidate compiler generated dependencies of target isaac_ros_nitros_bridge_interfaces__rosidl_typesupport_fastrtps_c__pyext[0m
[0.340s] [35m[1mConsolidate compiler generated dependencies of target isaac_ros_nitros_bridge_interfaces__rosidl_typesupport_c__pyext[0m
[0.343s] [35m[1mConsolidate compiler generated dependencies of target isaac_ros_nitros_bridge_interfaces__rosidl_typesupport_introspection_c__pyext[0m
[0.349s] [ 87%] Built target isaac_ros_nitros_bridge_interfaces__rosidl_typesupport_fastrtps_c__pyext
[0.354s] [ 93%] Built target isaac_ros_nitros_bridge_interfaces__rosidl_typesupport_c__pyext
[0.356s] [100%] Built target isaac_ros_nitros_bridge_interfaces__rosidl_typesupport_introspection_c__pyext
[0.441s] running egg_info
[0.449s] writing isaac_ros_nitros_bridge_interfaces.egg-info/PKG-INFO
[0.449s] writing dependency_links to isaac_ros_nitros_bridge_interfaces.egg-info/dependency_links.txt
[0.449s] writing top-level names to isaac_ros_nitros_bridge_interfaces.egg-info/top_level.txt
[0.470s] reading manifest file 'isaac_ros_nitros_bridge_interfaces.egg-info/SOURCES.txt'
[0.470s] writing manifest file 'isaac_ros_nitros_bridge_interfaces.egg-info/SOURCES.txt'
[0.506s] [100%] Built target ament_cmake_python_build_isaac_ros_nitros_bridge_interfaces_egg
[0.554s] Invoked command in '/workspaces/isaac_ros-dev/build/isaac_ros_nitros_bridge_interfaces' returned '0': CMAKE_PREFIX_PATH=/workspaces/isaac_ros-dev/install/isaac_ros_common:/workspaces/isaac_ros-dev/install/qcar2_nodes:/workspaces/isaac_ros-dev/install/qcar2_interfaces:/workspaces/isaac_ros-dev/install/isaac_ros_tensor_list_interfaces:/workspaces/isaac_ros-dev/install/isaac_ros_pointcloud_interfaces:/workspaces/isaac_ros-dev/install/isaac_ros_nova_interfaces:/workspaces/isaac_ros-dev/install/isaac_ros_nitros_bridge_interfaces:/workspaces/isaac_ros-dev/install/isaac_ros_bi3d_interfaces:/workspaces/isaac_ros-dev/install/isaac_ros_apriltag_interfaces:/workspace/cartographer_ws/install/perception_pcl:/workspace/cartographer_ws/install/pcl_ros:/workspace/cartographer_ws/install/cartographer_rviz:/workspace/cartographer_ws/install/cartographer_ros:/workspace/cartographer_ws/install/pcl_conversions:/workspace/cartographer_ws/install/pcl_msgs:/workspace/cartographer_ws/install/isaac_ros_tensor_list_interfaces:/workspace/cartographer_ws/install/isaac_ros_pointcloud_interfaces:/workspace/cartographer_ws/install/isaac_ros_nova_interfaces:/workspace/cartographer_ws/install/isaac_ros_nitros_bridge_interfaces:/workspace/cartographer_ws/install/isaac_ros_common:/workspace/cartographer_ws/install/isaac_ros_bi3d_interfaces:/workspace/cartographer_ws/install/isaac_ros_apriltag_interfaces:/workspace/cartographer_ws/install/control_msgs:/workspace/cartographer_ws/install/cartographer_ros_msgs:/workspace/cartographer_ws/install/cartographer:/workspace/cartographer_ws/install/absl:/workspaces/isaac_ros-dev/install/qcar2_perception:/workspaces/isaac_ros-dev/install/qcar2_autonomy:/workspaces/isaac_ros-dev/install/isaac_ros_test:/workspace/cartographer_ws/install/isaac_ros_test:/opt/ros/humble LD_LIBRARY_PATH=/workspaces/isaac_ros-dev/install/isaac_ros_common/lib:/workspaces/isaac_ros-dev/install/qcar2_interfaces/lib:/workspaces/isaac_ros-dev/install/isaac_ros_tensor_list_interfaces/lib:/workspaces/isaac_ros-dev/install/isaac_ros_pointcloud_interfaces/lib:/workspaces/isaac_ros-dev/install/isaac_ros_nova_interfaces/lib:/workspaces/isaac_ros-dev/install/isaac_ros_nitros_bridge_interfaces/lib:/workspaces/isaac_ros-dev/install/isaac_ros_bi3d_interfaces/lib:/workspaces/isaac_ros-dev/install/isaac_ros_apriltag_interfaces/lib:/workspace/cartographer_ws/install/pcl_ros/lib:/workspace/cartographer_ws/install/cartographer_rviz/lib:/workspace/cartographer_ws/install/cartographer_ros/lib:/workspace/cartographer_ws/install/pcl_msgs/lib:/workspace/cartographer_ws/install/isaac_ros_tensor_list_interfaces/lib:/workspace/cartographer_ws/install/isaac_ros_pointcloud_interfaces/lib:/workspace/cartographer_ws/install/isaac_ros_nova_interfaces/lib:/workspace/cartographer_ws/install/isaac_ros_nitros_bridge_interfaces/lib:/workspace/cartographer_ws/install/isaac_ros_common/lib:/workspace/cartographer_ws/install/isaac_ros_bi3d_interfaces/lib:/workspace/cartographer_ws/install/isaac_ros_apriltag_interfaces/lib:/workspace/cartographer_ws/install/control_msgs/lib:/workspace/cartographer_ws/install/cartographer_ros_msgs/lib:/opt/ros/humble/opt/rviz_ogre_vendor/lib:/opt/ros/humble/lib/x86_64-linux-gnu:/opt/ros/humble/lib:/opt/tritonserver/backends/onnxruntime:/usr/local/cuda/compat/lib:/usr/local/nvidia/lib:/usr/local/nvidia/lib64:/opt/tritonserver/lib _=/usr/bin/env /usr/bin/cmake --build /workspaces/isaac_ros-dev/build/isaac_ros_nitros_bridge_interfaces -- -j24 -l24
[0.945s] Invoking command in '/workspaces/isaac_ros-dev/build/isaac_ros_nitros_bridge_interfaces': CMAKE_PREFIX_PATH=/workspaces/isaac_ros-dev/install/isaac_ros_common:/workspaces/isaac_ros-dev/install/qcar2_nodes:/workspaces/isaac_ros-dev/install/qcar2_interfaces:/workspaces/isaac_ros-dev/install/isaac_ros_tensor_list_interfaces:/workspaces/isaac_ros-dev/install/isaac_ros_pointcloud_interfaces:/workspaces/isaac_ros-dev/install/isaac_ros_nova_interfaces:/workspaces/isaac_ros-dev/install/isaac_ros_nitros_bridge_interfaces:/workspaces/isaac_ros-dev/install/isaac_ros_bi3d_interfaces:/workspaces/isaac_ros-dev/install/isaac_ros_apriltag_interfaces:/workspace/cartographer_ws/install/perception_pcl:/workspace/cartographer_ws/install/pcl_ros:/workspace/cartographer_ws/install/cartographer_rviz:/workspace/cartographer_ws/install/cartographer_ros:/workspace/cartographer_ws/install/pcl_conversions:/workspace/cartographer_ws/install/pcl_msgs:/workspace/cartographer_ws/install/isaac_ros_tensor_list_interfaces:/workspace/cartographer_ws/install/isaac_ros_pointcloud_interfaces:/workspace/cartographer_ws/install/isaac_ros_nova_interfaces:/workspace/cartographer_ws/install/isaac_ros_nitros_bridge_interfaces:/workspace/cartographer_ws/install/isaac_ros_common:/workspace/cartographer_ws/install/isaac_ros_bi3d_interfaces:/workspace/cartographer_ws/install/isaac_ros_apriltag_interfaces:/workspace/cartographer_ws/install/control_msgs:/workspace/cartographer_ws/install/cartographer_ros_msgs:/workspace/cartographer_ws/install/cartographer:/workspace/cartographer_ws/install/absl:/workspaces/isaac_ros-dev/install/qcar2_perception:/workspaces/isaac_ros-dev/install/qcar2_autonomy:/workspaces/isaac_ros-dev/install/isaac_ros_test:/workspace/cartographer_ws/install/isaac_ros_test:/opt/ros/humble LD_LIBRARY_PATH=/workspaces/isaac_ros-dev/install/isaac_ros_common/lib:/workspaces/isaac_ros-dev/install/qcar2_interfaces/lib:/workspaces/isaac_ros-dev/install/isaac_ros_tensor_list_interfaces/lib:/workspaces/isaac_ros-dev/install/isaac_ros_pointcloud_interfaces/lib:/workspaces/isaac_ros-dev/install/isaac_ros_nova_interfaces/lib:/workspaces/isaac_ros-dev/install/isaac_ros_nitros_bridge_interfaces/lib:/workspaces/isaac_ros-dev/install/isaac_ros_bi3d_interfaces/lib:/workspaces/isaac_ros-dev/install/isaac_ros_apriltag_interfaces/lib:/workspace/cartographer_ws/install/pcl_ros/lib:/workspace/cartographer_ws/install/cartographer_rviz/lib:/workspace/cartographer_ws/install/cartographer_ros/lib:/workspace/cartographer_ws/install/pcl_msgs/lib:/workspace/cartographer_ws/install/isaac_ros_tensor_list_interfaces/lib:/workspace/cartographer_ws/install/isaac_ros_pointcloud_interfaces/lib:/workspace/cartographer_ws/install/isaac_ros_nova_interfaces/lib:/workspace/cartographer_ws/install/isaac_ros_nitros_bridge_interfaces/lib:/workspace/cartographer_ws/install/isaac_ros_common/lib:/workspace/cartographer_ws/install/isaac_ros_bi3d_interfaces/lib:/workspace/cartographer_ws/install/isaac_ros_apriltag_interfaces/lib:/workspace/cartographer_ws/install/control_msgs/lib:/workspace/cartographer_ws/install/cartographer_ros_msgs/lib:/opt/ros/humble/opt/rviz_ogre_vendor/lib:/opt/ros/humble/lib/x86_64-linux-gnu:/opt/ros/humble/lib:/opt/tritonserver/backends/onnxruntime:/usr/local/cuda/compat/lib:/usr/local/nvidia/lib:/usr/local/nvidia/lib64:/opt/tritonserver/lib _=/usr/bin/env /usr/bin/cmake --install /workspaces/isaac_ros-dev/build/isaac_ros_nitros_bridge_interfaces
[0.954s] -- Install configuration: "Release"
[0.954s] -- Up-to-date: /workspaces/isaac_ros-dev/install/isaac_ros_nitros_bridge_interfaces/share/ament_index/resource_index/rosidl_interfaces/isaac_ros_nitros_bridge_interfaces
[0.954s] -- Up-to-date: /workspaces/isaac_ros-dev/install/isaac_ros_nitros_bridge_interfaces/include/isaac_ros_nitros_bridge_interfaces/isaac_ros_nitros_bridge_interfaces
[0.954s] -- Up-to-date: /workspaces/isaac_ros-dev/install/isaac_ros_nitros_bridge_interfaces/include/isaac_ros_nitros_bridge_interfaces/isaac_ros_nitros_bridge_interfaces/msg
[0.954s] -- Up-to-date: /workspaces/isaac_ros-dev/install/isaac_ros_nitros_bridge_interfaces/include/isaac_ros_nitros_bridge_interfaces/isaac_ros_nitros_bridge_interfaces/msg/nitros_bridge_image.h
[0.954s] -- Up-to-date: /workspaces/isaac_ros-dev/install/isaac_ros_nitros_bridge_interfaces/include/isaac_ros_nitros_bridge_interfaces/isaac_ros_nitros_bridge_interfaces/msg/detail
[0.954s] -- Up-to-date: /workspaces/isaac_ros-dev/install/isaac_ros_nitros_bridge_interfaces/include/isaac_ros_nitros_bridge_interfaces/isaac_ros_nitros_bridge_interfaces/msg/detail/nitros_bridge_image__type_support.h
[0.954s] -- Up-to-date: /workspaces/isaac_ros-dev/install/isaac_ros_nitros_bridge_interfaces/include/isaac_ros_nitros_bridge_interfaces/isaac_ros_nitros_bridge_interfaces/msg/detail/nitros_bridge_image__functions.c
[0.954s] -- Up-to-date: /workspaces/isaac_ros-dev/install/isaac_ros_nitros_bridge_interfaces/include/isaac_ros_nitros_bridge_interfaces/isaac_ros_nitros_bridge_interfaces/msg/detail/nitros_bridge_image__struct.h
[0.954s] -- Up-to-date: /workspaces/isaac_ros-dev/install/isaac_ros_nitros_bridge_interfaces/include/isaac_ros_nitros_bridge_interfaces/isaac_ros_nitros_bridge_interfaces/msg/detail/nitros_bridge_image__functions.h
[0.954s] -- Up-to-date: /workspaces/isaac_ros-dev/install/isaac_ros_nitros_bridge_interfaces/include/isaac_ros_nitros_bridge_interfaces/isaac_ros_nitros_bridge_interfaces/msg/rosidl_generator_c__visibility_control.h
[0.954s] -- Up-to-date: /workspaces/isaac_ros-dev/install/isaac_ros_nitros_bridge_interfaces/share/isaac_ros_nitros_bridge_interfaces/environment/library_path.sh
[0.954s] -- Up-to-date: /workspaces/isaac_ros-dev/install/isaac_ros_nitros_bridge_interfaces/share/isaac_ros_nitros_bridge_interfaces/environment/library_path.dsv
[0.954s] -- Up-to-date: /workspaces/isaac_ros-dev/install/isaac_ros_nitros_bridge_interfaces/lib/libisaac_ros_nitros_bridge_interfaces__rosidl_generator_c.so
[0.954s] -- Up-to-date: /workspaces/isaac_ros-dev/install/isaac_ros_nitros_bridge_interfaces/include/isaac_ros_nitros_bridge_interfaces/isaac_ros_nitros_bridge_interfaces
[0.955s] -- Up-to-date: /workspaces/isaac_ros-dev/install/isaac_ros_nitros_bridge_interfaces/include/isaac_ros_nitros_bridge_interfaces/isaac_ros_nitros_bridge_interfaces/msg
[0.955s] -- Up-to-date: /workspaces/isaac_ros-dev/install/isaac_ros_nitros_bridge_interfaces/include/isaac_ros_nitros_bridge_interfaces/isaac_ros_nitros_bridge_interfaces/msg/rosidl_typesupport_fastrtps_c__visibility_control.h
[0.955s] -- Up-to-date: /workspaces/isaac_ros-dev/install/isaac_ros_nitros_bridge_interfaces/include/isaac_ros_nitros_bridge_interfaces/isaac_ros_nitros_bridge_interfaces/msg/detail
[0.955s] -- Up-to-date: /workspaces/isaac_ros-dev/install/isaac_ros_nitros_bridge_interfaces/include/isaac_ros_nitros_bridge_interfaces/isaac_ros_nitros_bridge_interfaces/msg/detail/nitros_bridge_image__rosidl_typesupport_fastrtps_c.h
[0.955s] -- Up-to-date: /workspaces/isaac_ros-dev/install/isaac_ros_nitros_bridge_interfaces/lib/libisaac_ros_nitros_bridge_interfaces__rosidl_typesupport_fastrtps_c.so
[0.955s] -- Up-to-date: /workspaces/isaac_ros-dev/install/isaac_ros_nitros_bridge_interfaces/include/isaac_ros_nitros_bridge_interfaces/isaac_ros_nitros_bridge_interfaces
[0.955s] -- Up-to-date: /workspaces/isaac_ros-dev/install/isaac_ros_nitros_bridge_interfaces/include/isaac_ros_nitros_bridge_interfaces/isaac_ros_nitros_bridge_interfaces/msg
[0.955s] -- Up-to-date: /workspaces/isaac_ros-dev/install/isaac_ros_nitros_bridge_interfaces/include/isaac_ros_nitros_bridge_interfaces/isaac_ros_nitros_bridge_interfaces/msg/detail
[0.955s] -- Up-to-date: /workspaces/isaac_ros-dev/install/isaac_ros_nitros_bridge_interfaces/include/isaac_ros_nitros_bridge_interfaces/isaac_ros_nitros_bridge_interfaces/msg/detail/nitros_bridge_image__type_support.c
[0.955s] -- Up-to-date: /workspaces/isaac_ros-dev/install/isaac_ros_nitros_bridge_interfaces/include/isaac_ros_nitros_bridge_interfaces/isaac_ros_nitros_bridge_interfaces/msg/detail/nitros_bridge_image__rosidl_typesupport_introspection_c.h
[0.955s] -- Up-to-date: /workspaces/isaac_ros-dev/install/isaac_ros_nitros_bridge_interfaces/include/isaac_ros_nitros_bridge_interfaces/isaac_ros_nitros_bridge_interfaces/msg/rosidl_typesupport_introspection_c__visibility_control.h
[0.955s] -- Up-to-date: /workspaces/isaac_ros-dev/install/isaac_ros_nitros_bridge_interfaces/lib/libisaac_ros_nitros_bridge_interfaces__rosidl_typesupport_introspection_c.so
[0.956s] -- Up-to-date: /workspaces/isaac_ros-dev/install/isaac_ros_nitros_bridge_interfaces/lib/libisaac_ros_nitros_bridge_interfaces__rosidl_typesupport_c.so
[0.956s] -- Up-to-date: /workspaces/isaac_ros-dev/install/isaac_ros_nitros_bridge_interfaces/include/isaac_ros_nitros_bridge_interfaces/isaac_ros_nitros_bridge_interfaces
[0.956s] -- Up-to-date: /workspaces/isaac_ros-dev/install/isaac_ros_nitros_bridge_interfaces/include/isaac_ros_nitros_bridge_interfaces/isaac_ros_nitros_bridge_interfaces/msg
[0.956s] -- Up-to-date: /workspaces/isaac_ros-dev/install/isaac_ros_nitros_bridge_interfaces/include/isaac_ros_nitros_bridge_interfaces/isaac_ros_nitros_bridge_interfaces/msg/detail
[0.956s] -- Up-to-date: /workspaces/isaac_ros-dev/install/isaac_ros_nitros_bridge_interfaces/include/isaac_ros_nitros_bridge_interfaces/isaac_ros_nitros_bridge_interfaces/msg/detail/nitros_bridge_image__builder.hpp
[0.956s] -- Up-to-date: /workspaces/isaac_ros-dev/install/isaac_ros_nitros_bridge_interfaces/include/isaac_ros_nitros_bridge_interfaces/isaac_ros_nitros_bridge_interfaces/msg/detail/nitros_bridge_image__traits.hpp
[0.956s] -- Up-to-date: /workspaces/isaac_ros-dev/install/isaac_ros_nitros_bridge_interfaces/include/isaac_ros_nitros_bridge_interfaces/isaac_ros_nitros_bridge_interfaces/msg/detail/nitros_bridge_image__struct.hpp
[0.956s] -- Up-to-date: /workspaces/isaac_ros-dev/install/isaac_ros_nitros_bridge_interfaces/include/isaac_ros_nitros_bridge_interfaces/isaac_ros_nitros_bridge_interfaces/msg/nitros_bridge_image.hpp
[0.956s] -- Up-to-date: /workspaces/isaac_ros-dev/install/isaac_ros_nitros_bridge_interfaces/include/isaac_ros_nitros_bridge_interfaces/isaac_ros_nitros_bridge_interfaces
[0.956s] -- Up-to-date: /workspaces/isaac_ros-dev/install/isaac_ros_nitros_bridge_interfaces/include/isaac_ros_nitros_bridge_interfaces/isaac_ros_nitros_bridge_interfaces/msg
[0.956s] -- Up-to-date: /workspaces/isaac_ros-dev/install/isaac_ros_nitros_bridge_interfaces/include/isaac_ros_nitros_bridge_interfaces/isaac_ros_nitros_bridge_interfaces/msg/rosidl_typesupport_fastrtps_cpp__visibility_control.h
[0.956s] -- Up-to-date: /workspaces/isaac_ros-dev/install/isaac_ros_nitros_bridge_interfaces/include/isaac_ros_nitros_bridge_interfaces/isaac_ros_nitros_bridge_interfaces/msg/detail
[0.956s] -- Up-to-date: /workspaces/isaac_ros-dev/install/isaac_ros_nitros_bridge_interfaces/include/isaac_ros_nitros_bridge_interfaces/isaac_ros_nitros_bridge_interfaces/msg/detail/nitros_bridge_image__rosidl_typesupport_fastrtps_cpp.hpp
[0.956s] -- Up-to-date: /workspaces/isaac_ros-dev/install/isaac_ros_nitros_bridge_interfaces/include/isaac_ros_nitros_bridge_interfaces/isaac_ros_nitros_bridge_interfaces/msg/detail/dds_fastrtps
[0.956s] -- Up-to-date: /workspaces/isaac_ros-dev/install/isaac_ros_nitros_bridge_interfaces/lib/libisaac_ros_nitros_bridge_interfaces__rosidl_typesupport_fastrtps_cpp.so
[0.956s] -- Up-to-date: /workspaces/isaac_ros-dev/install/isaac_ros_nitros_bridge_interfaces/include/isaac_ros_nitros_bridge_interfaces/isaac_ros_nitros_bridge_interfaces
[0.956s] -- Up-to-date: /workspaces/isaac_ros-dev/install/isaac_ros_nitros_bridge_interfaces/include/isaac_ros_nitros_bridge_interfaces/isaac_ros_nitros_bridge_interfaces/msg
[0.956s] -- Up-to-date: /workspaces/isaac_ros-dev/install/isaac_ros_nitros_bridge_interfaces/include/isaac_ros_nitros_bridge_interfaces/isaac_ros_nitros_bridge_interfaces/msg/detail
[0.957s] -- Up-to-date: /workspaces/isaac_ros-dev/install/isaac_ros_nitros_bridge_interfaces/include/isaac_ros_nitros_bridge_interfaces/isaac_ros_nitros_bridge_interfaces/msg/detail/nitros_bridge_image__rosidl_typesupport_introspection_cpp.hpp
[0.957s] -- Up-to-date: /workspaces/isaac_ros-dev/install/isaac_ros_nitros_bridge_interfaces/include/isaac_ros_nitros_bridge_interfaces/isaac_ros_nitros_bridge_interfaces/msg/detail/nitros_bridge_image__type_support.cpp
[0.957s] -- Up-to-date: /workspaces/isaac_ros-dev/install/isaac_ros_nitros_bridge_interfaces/lib/libisaac_ros_nitros_bridge_interfaces__rosidl_typesupport_introspection_cpp.so
[0.958s] -- Up-to-date: /workspaces/isaac_ros-dev/install/isaac_ros_nitros_bridge_interfaces/lib/libisaac_ros_nitros_bridge_interfaces__rosidl_typesupport_cpp.so
[0.958s] -- Up-to-date: /workspaces/isaac_ros-dev/install/isaac_ros_nitros_bridge_interfaces/share/isaac_ros_nitros_bridge_interfaces/environment/pythonpath.sh
[0.960s] -- Up-to-date: /workspaces/isaac_ros-dev/install/isaac_ros_nitros_bridge_interfaces/share/isaac_ros_nitros_bridge_interfaces/environment/pythonpath.dsv
[0.960s] -- Up-to-date: /workspaces/isaac_ros-dev/install/isaac_ros_nitros_bridge_interfaces/lib/python3.8/site-packages/isaac_ros_nitros_bridge_interfaces-2.1.0-py3.8.egg-info
[0.960s] -- Installing: /workspaces/isaac_ros-dev/install/isaac_ros_nitros_bridge_interfaces/lib/python3.8/site-packages/isaac_ros_nitros_bridge_interfaces-2.1.0-py3.8.egg-info/dependency_links.txt
[0.964s] -- Installing: /workspaces/isaac_ros-dev/install/isaac_ros_nitros_bridge_interfaces/lib/python3.8/site-packages/isaac_ros_nitros_bridge_interfaces-2.1.0-py3.8.egg-info/SOURCES.txt
[0.964s] -- Installing: /workspaces/isaac_ros-dev/install/isaac_ros_nitros_bridge_interfaces/lib/python3.8/site-packages/isaac_ros_nitros_bridge_interfaces-2.1.0-py3.8.egg-info/PKG-INFO
[0.964s] -- Installing: /workspaces/isaac_ros-dev/install/isaac_ros_nitros_bridge_interfaces/lib/python3.8/site-packages/isaac_ros_nitros_bridge_interfaces-2.1.0-py3.8.egg-info/top_level.txt
[0.964s] -- Up-to-date: /workspaces/isaac_ros-dev/install/isaac_ros_nitros_bridge_interfaces/lib/python3.8/site-packages/isaac_ros_nitros_bridge_interfaces
[0.964s] -- Up-to-date: /workspaces/isaac_ros-dev/install/isaac_ros_nitros_bridge_interfaces/lib/python3.8/site-packages/isaac_ros_nitros_bridge_interfaces/_isaac_ros_nitros_bridge_interfaces_s.ep.rosidl_typesupport_fastrtps_c.c
[0.964s] -- Up-to-date: /workspaces/isaac_ros-dev/install/isaac_ros_nitros_bridge_interfaces/lib/python3.8/site-packages/isaac_ros_nitros_bridge_interfaces/__init__.py
[0.964s] -- Up-to-date: /workspaces/isaac_ros-dev/install/isaac_ros_nitros_bridge_interfaces/lib/python3.8/site-packages/isaac_ros_nitros_bridge_interfaces/isaac_ros_nitros_bridge_interfaces_s__rosidl_typesupport_fastrtps_c.cpython-38-x86_64-linux-gnu.so
[0.964s] -- Up-to-date: /workspaces/isaac_ros-dev/install/isaac_ros_nitros_bridge_interfaces/lib/python3.8/site-packages/isaac_ros_nitros_bridge_interfaces/isaac_ros_nitros_bridge_interfaces_s__rosidl_typesupport_introspection_c.cpython-38-x86_64-linux-gnu.so
[0.964s] -- Up-to-date: /workspaces/isaac_ros-dev/install/isaac_ros_nitros_bridge_interfaces/lib/python3.8/site-packages/isaac_ros_nitros_bridge_interfaces/_isaac_ros_nitros_bridge_interfaces_s.ep.rosidl_typesupport_c.c
[0.964s] -- Up-to-date: /workspaces/isaac_ros-dev/install/isaac_ros_nitros_bridge_interfaces/lib/python3.8/site-packages/isaac_ros_nitros_bridge_interfaces/libisaac_ros_nitros_bridge_interfaces__rosidl_generator_py.so
[0.964s] -- Up-to-date: /workspaces/isaac_ros-dev/install/isaac_ros_nitros_bridge_interfaces/lib/python3.8/site-packages/isaac_ros_nitros_bridge_interfaces/isaac_ros_nitros_bridge_interfaces_s__rosidl_typesupport_c.cpython-38-x86_64-linux-gnu.so
[0.964s] -- Up-to-date: /workspaces/isaac_ros-dev/install/isaac_ros_nitros_bridge_interfaces/lib/python3.8/site-packages/isaac_ros_nitros_bridge_interfaces/_isaac_ros_nitros_bridge_interfaces_s.ep.rosidl_typesupport_introspection_c.c
[0.964s] -- Up-to-date: /workspaces/isaac_ros-dev/install/isaac_ros_nitros_bridge_interfaces/lib/python3.8/site-packages/isaac_ros_nitros_bridge_interfaces/msg
[0.964s] -- Up-to-date: /workspaces/isaac_ros-dev/install/isaac_ros_nitros_bridge_interfaces/lib/python3.8/site-packages/isaac_ros_nitros_bridge_interfaces/msg/__init__.py
[0.964s] -- Up-to-date: /workspaces/isaac_ros-dev/install/isaac_ros_nitros_bridge_interfaces/lib/python3.8/site-packages/isaac_ros_nitros_bridge_interfaces/msg/_nitros_bridge_image.py
[0.964s] -- Up-to-date: /workspaces/isaac_ros-dev/install/isaac_ros_nitros_bridge_interfaces/lib/python3.8/site-packages/isaac_ros_nitros_bridge_interfaces/msg/_nitros_bridge_image_s.c
[0.991s] Listing '/workspaces/isaac_ros-dev/install/isaac_ros_nitros_bridge_interfaces/lib/python3.8/site-packages/isaac_ros_nitros_bridge_interfaces'...
[0.991s] Listing '/workspaces/isaac_ros-dev/install/isaac_ros_nitros_bridge_interfaces/lib/python3.8/site-packages/isaac_ros_nitros_bridge_interfaces/msg'...
[0.994s] -- Up-to-date: /workspaces/isaac_ros-dev/install/isaac_ros_nitros_bridge_interfaces/lib/python3.8/site-packages/isaac_ros_nitros_bridge_interfaces/isaac_ros_nitros_bridge_interfaces_s__rosidl_typesupport_fastrtps_c.cpython-38-x86_64-linux-gnu.so
[0.994s] -- Up-to-date: /workspaces/isaac_ros-dev/install/isaac_ros_nitros_bridge_interfaces/lib/python3.8/site-packages/isaac_ros_nitros_bridge_interfaces/isaac_ros_nitros_bridge_interfaces_s__rosidl_typesupport_introspection_c.cpython-38-x86_64-linux-gnu.so
[0.994s] -- Up-to-date: /workspaces/isaac_ros-dev/install/isaac_ros_nitros_bridge_interfaces/lib/python3.8/site-packages/isaac_ros_nitros_bridge_interfaces/isaac_ros_nitros_bridge_interfaces_s__rosidl_typesupport_c.cpython-38-x86_64-linux-gnu.so
[0.994s] -- Up-to-date: /workspaces/isaac_ros-dev/install/isaac_ros_nitros_bridge_interfaces/lib/libisaac_ros_nitros_bridge_interfaces__rosidl_generator_py.so
[0.994s] -- Up-to-date: /workspaces/isaac_ros-dev/install/isaac_ros_nitros_bridge_interfaces/share/isaac_ros_nitros_bridge_interfaces/msg/NitrosBridgeImage.idl
[0.994s] -- Up-to-date: /workspaces/isaac_ros-dev/install/isaac_ros_nitros_bridge_interfaces/share/isaac_ros_nitros_bridge_interfaces/msg/NitrosBridgeImage.msg
[0.994s] -- Up-to-date: /workspaces/isaac_ros-dev/install/isaac_ros_nitros_bridge_interfaces/share/ament_index/resource_index/package_run_dependencies/isaac_ros_nitros_bridge_interfaces
[0.994s] -- Up-to-date: /workspaces/isaac_ros-dev/install/isaac_ros_nitros_bridge_interfaces/share/ament_index/resource_index/parent_prefix_path/isaac_ros_nitros_bridge_interfaces
[0.995s] -- Up-to-date: /workspaces/isaac_ros-dev/install/isaac_ros_nitros_bridge_interfaces/share/isaac_ros_nitros_bridge_interfaces/environment/ament_prefix_path.sh
[0.995s] -- Up-to-date: /workspaces/isaac_ros-dev/install/isaac_ros_nitros_bridge_interfaces/share/isaac_ros_nitros_bridge_interfaces/environment/ament_prefix_path.dsv
[0.995s] -- Up-to-date: /workspaces/isaac_ros-dev/install/isaac_ros_nitros_bridge_interfaces/share/isaac_ros_nitros_bridge_interfaces/environment/path.sh
[0.995s] -- Up-to-date: /workspaces/isaac_ros-dev/install/isaac_ros_nitros_bridge_interfaces/share/isaac_ros_nitros_bridge_interfaces/environment/path.dsv
[0.995s] -- Up-to-date: /workspaces/isaac_ros-dev/install/isaac_ros_nitros_bridge_interfaces/share/isaac_ros_nitros_bridge_interfaces/local_setup.bash
[0.995s] -- Up-to-date: /workspaces/isaac_ros-dev/install/isaac_ros_nitros_bridge_interfaces/share/isaac_ros_nitros_bridge_interfaces/local_setup.sh
[0.995s] -- Up-to-date: /workspaces/isaac_ros-dev/install/isaac_ros_nitros_bridge_interfaces/share/isaac_ros_nitros_bridge_interfaces/local_setup.zsh
[0.995s] -- Up-to-date: /workspaces/isaac_ros-dev/install/isaac_ros_nitros_bridge_interfaces/share/isaac_ros_nitros_bridge_interfaces/local_setup.dsv
[0.998s] -- Installing: /workspaces/isaac_ros-dev/install/isaac_ros_nitros_bridge_interfaces/share/isaac_ros_nitros_bridge_interfaces/package.dsv
[0.999s] -- Up-to-date: /workspaces/isaac_ros-dev/install/isaac_ros_nitros_bridge_interfaces/share/ament_index/resource_index/packages/isaac_ros_nitros_bridge_interfaces
[0.999s] -- Up-to-date: /workspaces/isaac_ros-dev/install/isaac_ros_nitros_bridge_interfaces/share/isaac_ros_nitros_bridge_interfaces/cmake/export_isaac_ros_nitros_bridge_interfaces__rosidl_generator_cExport.cmake
[0.999s] -- Up-to-date: /workspaces/isaac_ros-dev/install/isaac_ros_nitros_bridge_interfaces/share/isaac_ros_nitros_bridge_interfaces/cmake/export_isaac_ros_nitros_bridge_interfaces__rosidl_generator_cExport-release.cmake
[0.999s] -- Up-to-date: /workspaces/isaac_ros-dev/install/isaac_ros_nitros_bridge_interfaces/share/isaac_ros_nitros_bridge_interfaces/cmake/export_isaac_ros_nitros_bridge_interfaces__rosidl_typesupport_fastrtps_cExport.cmake
[0.999s] -- Up-to-date: /workspaces/isaac_ros-dev/install/isaac_ros_nitros_bridge_interfaces/share/isaac_ros_nitros_bridge_interfaces/cmake/export_isaac_ros_nitros_bridge_interfaces__rosidl_typesupport_fastrtps_cExport-release.cmake
[0.999s] -- Up-to-date: /workspaces/isaac_ros-dev/install/isaac_ros_nitros_bridge_interfaces/share/isaac_ros_nitros_bridge_interfaces/cmake/isaac_ros_nitros_bridge_interfaces__rosidl_typesupport_introspection_cExport.cmake
[0.999s] -- Up-to-date: /workspaces/isaac_ros-dev/install/isaac_ros_nitros_bridge_interfaces/share/isaac_ros_nitros_bridge_interfaces/cmake/isaac_ros_nitros_bridge_interfaces__rosidl_typesupport_introspection_cExport-release.cmake
[0.999s] -- Up-to-date: /workspaces/isaac_ros-dev/install/isaac_ros_nitros_bridge_interfaces/share/isaac_ros_nitros_bridge_interfaces/cmake/isaac_ros_nitros_bridge_interfaces__rosidl_typesupport_cExport.cmake
[0.999s] -- Up-to-date: /workspaces/isaac_ros-dev/install/isaac_ros_nitros_bridge_interfaces/share/isaac_ros_nitros_bridge_interfaces/cmake/isaac_ros_nitros_bridge_interfaces__rosidl_typesupport_cExport-release.cmake
[0.999s] -- Up-to-date: /workspaces/isaac_ros-dev/install/isaac_ros_nitros_bridge_interfaces/share/isaac_ros_nitros_bridge_interfaces/cmake/export_isaac_ros_nitros_bridge_interfaces__rosidl_generator_cppExport.cmake
[0.999s] -- Up-to-date: /workspaces/isaac_ros-dev/install/isaac_ros_nitros_bridge_interfaces/share/isaac_ros_nitros_bridge_interfaces/cmake/export_isaac_ros_nitros_bridge_interfaces__rosidl_typesupport_fastrtps_cppExport.cmake
[0.999s] -- Up-to-date: /workspaces/isaac_ros-dev/install/isaac_ros_nitros_bridge_interfaces/share/isaac_ros_nitros_bridge_interfaces/cmake/export_isaac_ros_nitros_bridge_interfaces__rosidl_typesupport_fastrtps_cppExport-release.cmake
[1.000s] -- Up-to-date: /workspaces/isaac_ros-dev/install/isaac_ros_nitros_bridge_interfaces/share/isaac_ros_nitros_bridge_interfaces/cmake/isaac_ros_nitros_bridge_interfaces__rosidl_typesupport_introspection_cppExport.cmake
[1.000s] -- Up-to-date: /workspaces/isaac_ros-dev/install/isaac_ros_nitros_bridge_interfaces/share/isaac_ros_nitros_bridge_interfaces/cmake/isaac_ros_nitros_bridge_interfaces__rosidl_typesupport_introspection_cppExport-release.cmake
[1.001s] -- Up-to-date: /workspaces/isaac_ros-dev/install/isaac_ros_nitros_bridge_interfaces/share/isaac_ros_nitros_bridge_interfaces/cmake/isaac_ros_nitros_bridge_interfaces__rosidl_typesupport_cppExport.cmake
[1.002s] -- Up-to-date: /workspaces/isaac_ros-dev/install/isaac_ros_nitros_bridge_interfaces/share/isaac_ros_nitros_bridge_interfaces/cmake/isaac_ros_nitros_bridge_interfaces__rosidl_typesupport_cppExport-release.cmake
[1.002s] -- Up-to-date: /workspaces/isaac_ros-dev/install/isaac_ros_nitros_bridge_interfaces/share/isaac_ros_nitros_bridge_interfaces/cmake/export_isaac_ros_nitros_bridge_interfaces__rosidl_generator_pyExport.cmake
[1.002s] -- Up-to-date: /workspaces/isaac_ros-dev/install/isaac_ros_nitros_bridge_interfaces/share/isaac_ros_nitros_bridge_interfaces/cmake/export_isaac_ros_nitros_bridge_interfaces__rosidl_generator_pyExport-release.cmake
[1.002s] -- Up-to-date: /workspaces/isaac_ros-dev/install/isaac_ros_nitros_bridge_interfaces/share/isaac_ros_nitros_bridge_interfaces/cmake/rosidl_cmake-extras.cmake
[1.002s] -- Up-to-date: /workspaces/isaac_ros-dev/install/isaac_ros_nitros_bridge_interfaces/share/isaac_ros_nitros_bridge_interfaces/cmake/ament_cmake_export_dependencies-extras.cmake
[1.003s] -- Up-to-date: /workspaces/isaac_ros-dev/install/isaac_ros_nitros_bridge_interfaces/share/isaac_ros_nitros_bridge_interfaces/cmake/ament_cmake_export_include_directories-extras.cmake
[1.004s] -- Up-to-date: /workspaces/isaac_ros-dev/install/isaac_ros_nitros_bridge_interfaces/share/isaac_ros_nitros_bridge_interfaces/cmake/ament_cmake_export_libraries-extras.cmake
[1.004s] -- Up-to-date: /workspaces/isaac_ros-dev/install/isaac_ros_nitros_bridge_interfaces/share/isaac_ros_nitros_bridge_interfaces/cmake/ament_cmake_export_targets-extras.cmake
[1.004s] -- Up-to-date: /workspaces/isaac_ros-dev/install/isaac_ros_nitros_bridge_interfaces/share/isaac_ros_nitros_bridge_interfaces/cmake/rosidl_cmake_export_typesupport_targets-extras.cmake
[1.005s] -- Up-to-date: /workspaces/isaac_ros-dev/install/isaac_ros_nitros_bridge_interfaces/share/isaac_ros_nitros_bridge_interfaces/cmake/rosidl_cmake_export_typesupport_libraries-extras.cmake
[1.005s] -- Up-to-date: /workspaces/isaac_ros-dev/install/isaac_ros_nitros_bridge_interfaces/share/isaac_ros_nitros_bridge_interfaces/cmake/isaac_ros_nitros_bridge_interfacesConfig.cmake
[1.005s] -- Up-to-date: /workspaces/isaac_ros-dev/install/isaac_ros_nitros_bridge_interfaces/share/isaac_ros_nitros_bridge_interfaces/cmake/isaac_ros_nitros_bridge_interfacesConfig-version.cmake
[1.005s] -- Up-to-date: /workspaces/isaac_ros-dev/install/isaac_ros_nitros_bridge_interfaces/share/isaac_ros_nitros_bridge_interfaces/package.xml
[1.185s] Invoked command in '/workspaces/isaac_ros-dev/build/isaac_ros_nitros_bridge_interfaces' returned '0': CMAKE_PREFIX_PATH=/workspaces/isaac_ros-dev/install/isaac_ros_common:/workspaces/isaac_ros-dev/install/qcar2_nodes:/workspaces/isaac_ros-dev/install/qcar2_interfaces:/workspaces/isaac_ros-dev/install/isaac_ros_tensor_list_interfaces:/workspaces/isaac_ros-dev/install/isaac_ros_pointcloud_interfaces:/workspaces/isaac_ros-dev/install/isaac_ros_nova_interfaces:/workspaces/isaac_ros-dev/install/isaac_ros_nitros_bridge_interfaces:/workspaces/isaac_ros-dev/install/isaac_ros_bi3d_interfaces:/workspaces/isaac_ros-dev/install/isaac_ros_apriltag_interfaces:/workspace/cartographer_ws/install/perception_pcl:/workspace/cartographer_ws/install/pcl_ros:/workspace/cartographer_ws/install/cartographer_rviz:/workspace/cartographer_ws/install/cartographer_ros:/workspace/cartographer_ws/install/pcl_conversions:/workspace/cartographer_ws/install/pcl_msgs:/workspace/cartographer_ws/install/isaac_ros_tensor_list_interfaces:/workspace/cartographer_ws/install/isaac_ros_pointcloud_interfaces:/workspace/cartographer_ws/install/isaac_ros_nova_interfaces:/workspace/cartographer_ws/install/isaac_ros_nitros_bridge_interfaces:/workspace/cartographer_ws/install/isaac_ros_common:/workspace/cartographer_ws/install/isaac_ros_bi3d_interfaces:/workspace/cartographer_ws/install/isaac_ros_apriltag_interfaces:/workspace/cartographer_ws/install/control_msgs:/workspace/cartographer_ws/install/cartographer_ros_msgs:/workspace/cartographer_ws/install/cartographer:/workspace/cartographer_ws/install/absl:/workspaces/isaac_ros-dev/install/qcar2_perception:/workspaces/isaac_ros-dev/install/qcar2_autonomy:/workspaces/isaac_ros-dev/install/isaac_ros_test:/workspace/cartographer_ws/install/isaac_ros_test:/opt/ros/humble LD_LIBRARY_PATH=/workspaces/isaac_ros-dev/install/isaac_ros_common/lib:/workspaces/isaac_ros-dev/install/qcar2_interfaces/lib:/workspaces/isaac_ros-dev/install/isaac_ros_tensor_list_interfaces/lib:/workspaces/isaac_ros-dev/install/isaac_ros_pointcloud_interfaces/lib:/workspaces/isaac_ros-dev/install/isaac_ros_nova_interfaces/lib:/workspaces/isaac_ros-dev/install/isaac_ros_nitros_bridge_interfaces/lib:/workspaces/isaac_ros-dev/install/isaac_ros_bi3d_interfaces/lib:/workspaces/isaac_ros-dev/install/isaac_ros_apriltag_interfaces/lib:/workspace/cartographer_ws/install/pcl_ros/lib:/workspace/cartographer_ws/install/cartographer_rviz/lib:/workspace/cartographer_ws/install/cartographer_ros/lib:/workspace/cartographer_ws/install/pcl_msgs/lib:/workspace/cartographer_ws/install/isaac_ros_tensor_list_interfaces/lib:/workspace/cartographer_ws/install/isaac_ros_pointcloud_interfaces/lib:/workspace/cartographer_ws/install/isaac_ros_nova_interfaces/lib:/workspace/cartographer_ws/install/isaac_ros_nitros_bridge_interfaces/lib:/workspace/cartographer_ws/install/isaac_ros_common/lib:/workspace/cartographer_ws/install/isaac_ros_bi3d_interfaces/lib:/workspace/cartographer_ws/install/isaac_ros_apriltag_interfaces/lib:/workspace/cartographer_ws/install/control_msgs/lib:/workspace/cartographer_ws/install/cartographer_ros_msgs/lib:/opt/ros/humble/opt/rviz_ogre_vendor/lib:/opt/ros/humble/lib/x86_64-linux-gnu:/opt/ros/humble/lib:/opt/tritonserver/backends/onnxruntime:/usr/local/cuda/compat/lib:/usr/local/nvidia/lib:/usr/local/nvidia/lib64:/opt/tritonserver/lib _=/usr/bin/env /usr/bin/cmake --install /workspaces/isaac_ros-dev/build/isaac_ros_nitros_bridge_interfaces
