[0.199s] Invoking command in '/workspaces/isaac_ros-dev/build/qcar2_interfaces': CMAKE_PREFIX_PATH=${CMAKE_PREFIX_PATH}:/workspaces/isaac_ros-dev/install/rtabmap_python:/workspaces/isaac_ros-dev/Development/ros2/install/qcar2_perception:/workspaces/isaac_ros-dev/Development/ros2/install/qcar2_autonomy:/workspaces/isaac_ros-dev/install/qcar2_perception:/workspaces/isaac_ros-dev/install/qcar2_autonomy:/workspaces/isaac_ros-dev/install/isaac_ros_test:/workspace/cartographer_ws/install/isaac_ros_test:/opt/ros/humble _=/usr/bin/env /usr/bin/cmake --build /workspaces/isaac_ros-dev/build/qcar2_interfaces -- -j24 -l24
[0.672s] [  2%] Built target qcar2_interfaces__cpp
[0.672s] [ 12%] Built target qcar2_interfaces__rosidl_generator_c
[0.672s] [ 12%] Built target ament_cmake_python_copy_qcar2_interfaces
[0.672s] [ 23%] Built target qcar2_interfaces__rosidl_typesupport_c
[0.672s] [ 43%] Built target qcar2_interfaces__rosidl_typesupport_introspection_cpp
[0.672s] [ 43%] Built target qcar2_interfaces__rosidl_typesupport_cpp
[0.672s] [ 53%] Built target qcar2_interfaces__rosidl_typesupport_fastrtps_c
[0.672s] [ 64%] Built target qcar2_interfaces__rosidl_typesupport_fastrtps_cpp
[0.672s] [ 74%] Built target qcar2_interfaces__rosidl_typesupport_introspection_c
[0.672s] [ 74%] Built target qcar2_interfaces
[0.672s] [ 76%] Built target qcar2_interfaces__py
[0.672s] [ 84%] Built target qcar2_interfaces__rosidl_generator_py
[0.672s] [ 89%] Built target qcar2_interfaces__rosidl_typesupport_fastrtps_c__pyext
[0.672s] [ 94%] Built target qcar2_interfaces__rosidl_typesupport_c__pyext
[0.672s] [100%] Built target qcar2_interfaces__rosidl_typesupport_introspection_c__pyext
[0.672s] running egg_info
[0.672s] writing qcar2_interfaces.egg-info/PKG-INFO
[0.672s] writing dependency_links to qcar2_interfaces.egg-info/dependency_links.txt
[0.672s] writing top-level names to qcar2_interfaces.egg-info/top_level.txt
[0.672s] reading manifest file 'qcar2_interfaces.egg-info/SOURCES.txt'
[0.672s] writing manifest file 'qcar2_interfaces.egg-info/SOURCES.txt'
[0.672s] [100%] Built target ament_cmake_python_build_qcar2_interfaces_egg
