[0.599s] Invoking command in '/workspaces/isaac_ros-dev/ros2/build/qcar2_perception': PYTHONPATH=/workspaces/isaac_ros-dev/ros2/build/qcar2_perception/prefix_override:/workspaces/isaac_ros-dev/ros2/install/qcar2_perception/lib/python3.8/site-packages:${PYTHONPATH} _=/usr/bin/env /usr/bin/python3 setup.py develop --editable --build-directory /workspaces/isaac_ros-dev/ros2/build/qcar2_perception/build --no-deps install_data
[0.782s] running develop
[0.878s] running egg_info
[0.878s] creating qcar2_perception.egg-info
[0.883s] writing qcar2_perception.egg-info/PKG-INFO
[0.883s] writing dependency_links to qcar2_perception.egg-info/dependency_links.txt
[0.883s] writing entry points to qcar2_perception.egg-info/entry_points.txt
[0.883s] writing requirements to qcar2_perception.egg-info/requires.txt
[0.884s] writing top-level names to qcar2_perception.egg-info/top_level.txt
[0.884s] writing manifest file 'qcar2_perception.egg-info/SOURCES.txt'
[0.893s] reading manifest file 'qcar2_perception.egg-info/SOURCES.txt'
[0.894s] writing manifest file 'qcar2_perception.egg-info/SOURCES.txt'
[0.915s] running build_ext
[0.915s] Creating /workspaces/isaac_ros-dev/ros2/install/qcar2_perception/lib/python3.8/site-packages/qcar2-perception.egg-link (link to .)
[0.916s] Installing car_stop script to /workspaces/isaac_ros-dev/ros2/install/qcar2_perception/lib/qcar2_perception
[0.916s] Installing cmd_vel_blender script to /workspaces/isaac_ros-dev/ros2/install/qcar2_perception/lib/qcar2_perception
[0.916s] Installing d435_aligned_source script to /workspaces/isaac_ros-dev/ros2/install/qcar2_perception/lib/qcar2_perception
[0.916s] Installing lane_detector script to /workspaces/isaac_ros-dev/ros2/install/qcar2_perception/lib/qcar2_perception
[0.916s] Installing lane_stanley_controller script to /workspaces/isaac_ros-dev/ros2/install/qcar2_perception/lib/qcar2_perception
[0.916s] Installing object_3d_estimator script to /workspaces/isaac_ros-dev/ros2/install/qcar2_perception/lib/qcar2_perception
[0.916s] Installing perception_behavior_interface script to /workspaces/isaac_ros-dev/ros2/install/qcar2_perception/lib/qcar2_perception
[0.916s] Installing semantic_consistency_monitor script to /workspaces/isaac_ros-dev/ros2/install/qcar2_perception/lib/qcar2_perception
[0.916s] Installing semantic_landmark_mapper script to /workspaces/isaac_ros-dev/ros2/install/qcar2_perception/lib/qcar2_perception
[0.916s] Installing semantic_yolo_detector script to /workspaces/isaac_ros-dev/ros2/install/qcar2_perception/lib/qcar2_perception
[0.916s] 
[0.916s] Installed /workspaces/isaac_ros-dev/ros2/build/qcar2_perception
[0.916s] running install_data
[0.916s] creating /workspaces/isaac_ros-dev/ros2/install/qcar2_perception/share/ament_index
[0.916s] creating /workspaces/isaac_ros-dev/ros2/install/qcar2_perception/share/ament_index/resource_index
[0.917s] creating /workspaces/isaac_ros-dev/ros2/install/qcar2_perception/share/ament_index/resource_index/packages
[0.917s] copying resource/qcar2_perception -> /workspaces/isaac_ros-dev/ros2/install/qcar2_perception/share/ament_index/resource_index/packages
[0.917s] copying package.xml -> /workspaces/isaac_ros-dev/ros2/install/qcar2_perception/share/qcar2_perception
[0.917s] creating /workspaces/isaac_ros-dev/ros2/install/qcar2_perception/share/qcar2_perception/launch
[0.917s] copying launch/perception_core_physical.launch.py -> /workspaces/isaac_ros-dev/ros2/install/qcar2_perception/share/qcar2_perception/launch
[0.917s] copying launch/lane_lanenet_stanley_launch.py -> /workspaces/isaac_ros-dev/ros2/install/qcar2_perception/share/qcar2_perception/launch
[0.917s] copying launch/semantic_tf_launch.py -> /workspaces/isaac_ros-dev/ros2/install/qcar2_perception/share/qcar2_perception/launch
[0.917s] copying launch/perception_core_virtual.launch.py -> /workspaces/isaac_ros-dev/ros2/install/qcar2_perception/share/qcar2_perception/launch
[0.917s] creating /workspaces/isaac_ros-dev/ros2/install/qcar2_perception/share/qcar2_perception/config
[0.917s] copying config/perception_physical.yaml -> /workspaces/isaac_ros-dev/ros2/install/qcar2_perception/share/qcar2_perception/config
[0.917s] copying config/perception_virtual.yaml -> /workspaces/isaac_ros-dev/ros2/install/qcar2_perception/share/qcar2_perception/config
[0.917s] creating /workspaces/isaac_ros-dev/ros2/install/qcar2_perception/share/qcar2_perception/maps
[0.917s] copying maps/semantic_map.json -> /workspaces/isaac_ros-dev/ros2/install/qcar2_perception/share/qcar2_perception/maps
[0.917s] copying maps/semantic_map_backup_20260520_144326.json -> /workspaces/isaac_ros-dev/ros2/install/qcar2_perception/share/qcar2_perception/maps
[0.943s] Invoked command in '/workspaces/isaac_ros-dev/ros2/build/qcar2_perception' returned '0': PYTHONPATH=/workspaces/isaac_ros-dev/ros2/build/qcar2_perception/prefix_override:/workspaces/isaac_ros-dev/ros2/install/qcar2_perception/lib/python3.8/site-packages:${PYTHONPATH} _=/usr/bin/env /usr/bin/python3 setup.py develop --editable --build-directory /workspaces/isaac_ros-dev/ros2/build/qcar2_perception/build --no-deps install_data
