running egg_info
creating ../../build/qcar2_autonomy/qcar2_autonomy.egg-info
writing ../../build/qcar2_autonomy/qcar2_autonomy.egg-info/PKG-INFO
writing dependency_links to ../../build/qcar2_autonomy/qcar2_autonomy.egg-info/dependency_links.txt
writing entry points to ../../build/qcar2_autonomy/qcar2_autonomy.egg-info/entry_points.txt
writing requirements to ../../build/qcar2_autonomy/qcar2_autonomy.egg-info/requires.txt
writing top-level names to ../../build/qcar2_autonomy/qcar2_autonomy.egg-info/top_level.txt
writing manifest file '../../build/qcar2_autonomy/qcar2_autonomy.egg-info/SOURCES.txt'
reading manifest file '../../build/qcar2_autonomy/qcar2_autonomy.egg-info/SOURCES.txt'
writing manifest file '../../build/qcar2_autonomy/qcar2_autonomy.egg-info/SOURCES.txt'
running build
running build_py
creating /home/nvidia/Documents/ACC_Development/Development/ros2/build/qcar2_autonomy/build
creating /home/nvidia/Documents/ACC_Development/Development/ros2/build/qcar2_autonomy/build/lib
creating /home/nvidia/Documents/ACC_Development/Development/ros2/build/qcar2_autonomy/build/lib/autonomy
copying autonomy/recorded_map_visualizer.py -> /home/nvidia/Documents/ACC_Development/Development/ros2/build/qcar2_autonomy/build/lib/autonomy
copying autonomy/controller_drive.py -> /home/nvidia/Documents/ACC_Development/Development/ros2/build/qcar2_autonomy/build/lib/autonomy
copying autonomy/lane_keeping.py -> /home/nvidia/Documents/ACC_Development/Development/ros2/build/qcar2_autonomy/build/lib/autonomy
copying autonomy/lane_assist_blend.py -> /home/nvidia/Documents/ACC_Development/Development/ros2/build/qcar2_autonomy/build/lib/autonomy
copying autonomy/sdcs_graph_planner.py -> /home/nvidia/Documents/ACC_Development/Development/ros2/build/qcar2_autonomy/build/lib/autonomy
copying autonomy/nav_to_pose.py -> /home/nvidia/Documents/ACC_Development/Development/ros2/build/qcar2_autonomy/build/lib/autonomy
copying autonomy/recorded_map_utils.py -> /home/nvidia/Documents/ACC_Development/Development/ros2/build/qcar2_autonomy/build/lib/autonomy
copying autonomy/stanley_live_plot.py -> /home/nvidia/Documents/ACC_Development/Development/ros2/build/qcar2_autonomy/build/lib/autonomy
copying autonomy/yolo_detector.py -> /home/nvidia/Documents/ACC_Development/Development/ros2/build/qcar2_autonomy/build/lib/autonomy
copying autonomy/path_teacher.py -> /home/nvidia/Documents/ACC_Development/Development/ros2/build/qcar2_autonomy/build/lib/autonomy
copying autonomy/manual_drive.py -> /home/nvidia/Documents/ACC_Development/Development/ros2/build/qcar2_autonomy/build/lib/autonomy
copying autonomy/auto_teach_mapper.py -> /home/nvidia/Documents/ACC_Development/Development/ros2/build/qcar2_autonomy/build/lib/autonomy
copying autonomy/lane_stanley_node.py -> /home/nvidia/Documents/ACC_Development/Development/ros2/build/qcar2_autonomy/build/lib/autonomy
copying autonomy/sidewalk_detection.py -> /home/nvidia/Documents/ACC_Development/Development/ros2/build/qcar2_autonomy/build/lib/autonomy
copying autonomy/trip_planner.py -> /home/nvidia/Documents/ACC_Development/Development/ros2/build/qcar2_autonomy/build/lib/autonomy
copying autonomy/lane_detection.py -> /home/nvidia/Documents/ACC_Development/Development/ros2/build/qcar2_autonomy/build/lib/autonomy
copying autonomy/recorded_graph_planner.py -> /home/nvidia/Documents/ACC_Development/Development/ros2/build/qcar2_autonomy/build/lib/autonomy
copying autonomy/__init__.py -> /home/nvidia/Documents/ACC_Development/Development/ros2/build/qcar2_autonomy/build/lib/autonomy
running install
running install_lib
creating /home/nvidia/Documents/ACC_Development/Development/ros2/install/qcar2_autonomy/lib/python3.8/site-packages/autonomy
copying /home/nvidia/Documents/ACC_Development/Development/ros2/build/qcar2_autonomy/build/lib/autonomy/recorded_map_visualizer.py -> /home/nvidia/Documents/ACC_Development/Development/ros2/install/qcar2_autonomy/lib/python3.8/site-packages/autonomy
copying /home/nvidia/Documents/ACC_Development/Development/ros2/build/qcar2_autonomy/build/lib/autonomy/controller_drive.py -> /home/nvidia/Documents/ACC_Development/Development/ros2/install/qcar2_autonomy/lib/python3.8/site-packages/autonomy
copying /home/nvidia/Documents/ACC_Development/Development/ros2/build/qcar2_autonomy/build/lib/autonomy/lane_keeping.py -> /home/nvidia/Documents/ACC_Development/Development/ros2/install/qcar2_autonomy/lib/python3.8/site-packages/autonomy
copying /home/nvidia/Documents/ACC_Development/Development/ros2/build/qcar2_autonomy/build/lib/autonomy/lane_assist_blend.py -> /home/nvidia/Documents/ACC_Development/Development/ros2/install/qcar2_autonomy/lib/python3.8/site-packages/autonomy
copying /home/nvidia/Documents/ACC_Development/Development/ros2/build/qcar2_autonomy/build/lib/autonomy/sdcs_graph_planner.py -> /home/nvidia/Documents/ACC_Development/Development/ros2/install/qcar2_autonomy/lib/python3.8/site-packages/autonomy
copying /home/nvidia/Documents/ACC_Development/Development/ros2/build/qcar2_autonomy/build/lib/autonomy/nav_to_pose.py -> /home/nvidia/Documents/ACC_Development/Development/ros2/install/qcar2_autonomy/lib/python3.8/site-packages/autonomy
copying /home/nvidia/Documents/ACC_Development/Development/ros2/build/qcar2_autonomy/build/lib/autonomy/recorded_map_utils.py -> /home/nvidia/Documents/ACC_Development/Development/ros2/install/qcar2_autonomy/lib/python3.8/site-packages/autonomy
copying /home/nvidia/Documents/ACC_Development/Development/ros2/build/qcar2_autonomy/build/lib/autonomy/stanley_live_plot.py -> /home/nvidia/Documents/ACC_Development/Development/ros2/install/qcar2_autonomy/lib/python3.8/site-packages/autonomy
copying /home/nvidia/Documents/ACC_Development/Development/ros2/build/qcar2_autonomy/build/lib/autonomy/yolo_detector.py -> /home/nvidia/Documents/ACC_Development/Development/ros2/install/qcar2_autonomy/lib/python3.8/site-packages/autonomy
copying /home/nvidia/Documents/ACC_Development/Development/ros2/build/qcar2_autonomy/build/lib/autonomy/path_teacher.py -> /home/nvidia/Documents/ACC_Development/Development/ros2/install/qcar2_autonomy/lib/python3.8/site-packages/autonomy
copying /home/nvidia/Documents/ACC_Development/Development/ros2/build/qcar2_autonomy/build/lib/autonomy/manual_drive.py -> /home/nvidia/Documents/ACC_Development/Development/ros2/install/qcar2_autonomy/lib/python3.8/site-packages/autonomy
copying /home/nvidia/Documents/ACC_Development/Development/ros2/build/qcar2_autonomy/build/lib/autonomy/auto_teach_mapper.py -> /home/nvidia/Documents/ACC_Development/Development/ros2/install/qcar2_autonomy/lib/python3.8/site-packages/autonomy
copying /home/nvidia/Documents/ACC_Development/Development/ros2/build/qcar2_autonomy/build/lib/autonomy/lane_stanley_node.py -> /home/nvidia/Documents/ACC_Development/Development/ros2/install/qcar2_autonomy/lib/python3.8/site-packages/autonomy
copying /home/nvidia/Documents/ACC_Development/Development/ros2/build/qcar2_autonomy/build/lib/autonomy/sidewalk_detection.py -> /home/nvidia/Documents/ACC_Development/Development/ros2/install/qcar2_autonomy/lib/python3.8/site-packages/autonomy
copying /home/nvidia/Documents/ACC_Development/Development/ros2/build/qcar2_autonomy/build/lib/autonomy/trip_planner.py -> /home/nvidia/Documents/ACC_Development/Development/ros2/install/qcar2_autonomy/lib/python3.8/site-packages/autonomy
copying /home/nvidia/Documents/ACC_Development/Development/ros2/build/qcar2_autonomy/build/lib/autonomy/lane_detection.py -> /home/nvidia/Documents/ACC_Development/Development/ros2/install/qcar2_autonomy/lib/python3.8/site-packages/autonomy
copying /home/nvidia/Documents/ACC_Development/Development/ros2/build/qcar2_autonomy/build/lib/autonomy/recorded_graph_planner.py -> /home/nvidia/Documents/ACC_Development/Development/ros2/install/qcar2_autonomy/lib/python3.8/site-packages/autonomy
copying /home/nvidia/Documents/ACC_Development/Development/ros2/build/qcar2_autonomy/build/lib/autonomy/__init__.py -> /home/nvidia/Documents/ACC_Development/Development/ros2/install/qcar2_autonomy/lib/python3.8/site-packages/autonomy
byte-compiling /home/nvidia/Documents/ACC_Development/Development/ros2/install/qcar2_autonomy/lib/python3.8/site-packages/autonomy/recorded_map_visualizer.py to recorded_map_visualizer.cpython-38.pyc
byte-compiling /home/nvidia/Documents/ACC_Development/Development/ros2/install/qcar2_autonomy/lib/python3.8/site-packages/autonomy/controller_drive.py to controller_drive.cpython-38.pyc
byte-compiling /home/nvidia/Documents/ACC_Development/Development/ros2/install/qcar2_autonomy/lib/python3.8/site-packages/autonomy/lane_keeping.py to lane_keeping.cpython-38.pyc
byte-compiling /home/nvidia/Documents/ACC_Development/Development/ros2/install/qcar2_autonomy/lib/python3.8/site-packages/autonomy/lane_assist_blend.py to lane_assist_blend.cpython-38.pyc
byte-compiling /home/nvidia/Documents/ACC_Development/Development/ros2/install/qcar2_autonomy/lib/python3.8/site-packages/autonomy/sdcs_graph_planner.py to sdcs_graph_planner.cpython-38.pyc
byte-compiling /home/nvidia/Documents/ACC_Development/Development/ros2/install/qcar2_autonomy/lib/python3.8/site-packages/autonomy/nav_to_pose.py to nav_to_pose.cpython-38.pyc
byte-compiling /home/nvidia/Documents/ACC_Development/Development/ros2/install/qcar2_autonomy/lib/python3.8/site-packages/autonomy/recorded_map_utils.py to recorded_map_utils.cpython-38.pyc
byte-compiling /home/nvidia/Documents/ACC_Development/Development/ros2/install/qcar2_autonomy/lib/python3.8/site-packages/autonomy/stanley_live_plot.py to stanley_live_plot.cpython-38.pyc
byte-compiling /home/nvidia/Documents/ACC_Development/Development/ros2/install/qcar2_autonomy/lib/python3.8/site-packages/autonomy/yolo_detector.py to yolo_detector.cpython-38.pyc
byte-compiling /home/nvidia/Documents/ACC_Development/Development/ros2/install/qcar2_autonomy/lib/python3.8/site-packages/autonomy/path_teacher.py to path_teacher.cpython-38.pyc
byte-compiling /home/nvidia/Documents/ACC_Development/Development/ros2/install/qcar2_autonomy/lib/python3.8/site-packages/autonomy/manual_drive.py to manual_drive.cpython-38.pyc
byte-compiling /home/nvidia/Documents/ACC_Development/Development/ros2/install/qcar2_autonomy/lib/python3.8/site-packages/autonomy/auto_teach_mapper.py to auto_teach_mapper.cpython-38.pyc
byte-compiling /home/nvidia/Documents/ACC_Development/Development/ros2/install/qcar2_autonomy/lib/python3.8/site-packages/autonomy/lane_stanley_node.py to lane_stanley_node.cpython-38.pyc
byte-compiling /home/nvidia/Documents/ACC_Development/Development/ros2/install/qcar2_autonomy/lib/python3.8/site-packages/autonomy/sidewalk_detection.py to sidewalk_detection.cpython-38.pyc
byte-compiling /home/nvidia/Documents/ACC_Development/Development/ros2/install/qcar2_autonomy/lib/python3.8/site-packages/autonomy/trip_planner.py to trip_planner.cpython-38.pyc
byte-compiling /home/nvidia/Documents/ACC_Development/Development/ros2/install/qcar2_autonomy/lib/python3.8/site-packages/autonomy/lane_detection.py to lane_detection.cpython-38.pyc
byte-compiling /home/nvidia/Documents/ACC_Development/Development/ros2/install/qcar2_autonomy/lib/python3.8/site-packages/autonomy/recorded_graph_planner.py to recorded_graph_planner.cpython-38.pyc
byte-compiling /home/nvidia/Documents/ACC_Development/Development/ros2/install/qcar2_autonomy/lib/python3.8/site-packages/autonomy/__init__.py to __init__.cpython-38.pyc
running install_data
creating /home/nvidia/Documents/ACC_Development/Development/ros2/install/qcar2_autonomy/share/ament_index
creating /home/nvidia/Documents/ACC_Development/Development/ros2/install/qcar2_autonomy/share/ament_index/resource_index
creating /home/nvidia/Documents/ACC_Development/Development/ros2/install/qcar2_autonomy/share/ament_index/resource_index/packages
copying resource/qcar2_autonomy -> /home/nvidia/Documents/ACC_Development/Development/ros2/install/qcar2_autonomy/share/ament_index/resource_index/packages
copying package.xml -> /home/nvidia/Documents/ACC_Development/Development/ros2/install/qcar2_autonomy/share/qcar2_autonomy
creating /home/nvidia/Documents/ACC_Development/Development/ros2/install/qcar2_autonomy/share/qcar2_autonomy/launch
copying launch/teach_path_launch.py -> /home/nvidia/Documents/ACC_Development/Development/ros2/install/qcar2_autonomy/share/qcar2_autonomy/launch
copying launch/ManuaL_mapping_launch.py -> /home/nvidia/Documents/ACC_Development/Development/ros2/install/qcar2_autonomy/share/qcar2_autonomy/launch
copying launch/controller_drive_launch.py -> /home/nvidia/Documents/ACC_Development/Development/ros2/install/qcar2_autonomy/share/qcar2_autonomy/launch
copying launch/autonomy_planner_launch.py -> /home/nvidia/Documents/ACC_Development/Development/ros2/install/qcar2_autonomy/share/qcar2_autonomy/launch
running install_egg_info
Copying ../../build/qcar2_autonomy/qcar2_autonomy.egg-info to /home/nvidia/Documents/ACC_Development/Development/ros2/install/qcar2_autonomy/lib/python3.8/site-packages/qcar2_autonomy-0.0.0-py3.8.egg-info
running install_scripts
Installing auto_teach_mapper script to /home/nvidia/Documents/ACC_Development/Development/ros2/install/qcar2_autonomy/lib/qcar2_autonomy
Installing bev_csi_node script to /home/nvidia/Documents/ACC_Development/Development/ros2/install/qcar2_autonomy/lib/qcar2_autonomy
Installing bev_csi_seg script to /home/nvidia/Documents/ACC_Development/Development/ros2/install/qcar2_autonomy/lib/qcar2_autonomy
Installing controller_drive script to /home/nvidia/Documents/ACC_Development/Development/ros2/install/qcar2_autonomy/lib/qcar2_autonomy
Installing lane_assist_blend script to /home/nvidia/Documents/ACC_Development/Development/ros2/install/qcar2_autonomy/lib/qcar2_autonomy
Installing lane_detection script to /home/nvidia/Documents/ACC_Development/Development/ros2/install/qcar2_autonomy/lib/qcar2_autonomy
Installing lane_stanley_node script to /home/nvidia/Documents/ACC_Development/Development/ros2/install/qcar2_autonomy/lib/qcar2_autonomy
Installing manual_drive script to /home/nvidia/Documents/ACC_Development/Development/ros2/install/qcar2_autonomy/lib/qcar2_autonomy
Installing path_follower script to /home/nvidia/Documents/ACC_Development/Development/ros2/install/qcar2_autonomy/lib/qcar2_autonomy
Installing path_teacher script to /home/nvidia/Documents/ACC_Development/Development/ros2/install/qcar2_autonomy/lib/qcar2_autonomy
Installing recorded_map_visualizer script to /home/nvidia/Documents/ACC_Development/Development/ros2/install/qcar2_autonomy/lib/qcar2_autonomy
Installing sidewalk_detection script to /home/nvidia/Documents/ACC_Development/Development/ros2/install/qcar2_autonomy/lib/qcar2_autonomy
Installing stanley_live_plot script to /home/nvidia/Documents/ACC_Development/Development/ros2/install/qcar2_autonomy/lib/qcar2_autonomy
Installing traffic_system_detector script to /home/nvidia/Documents/ACC_Development/Development/ros2/install/qcar2_autonomy/lib/qcar2_autonomy
Installing trip_planner script to /home/nvidia/Documents/ACC_Development/Development/ros2/install/qcar2_autonomy/lib/qcar2_autonomy
Installing yolo_detector script to /home/nvidia/Documents/ACC_Development/Development/ros2/install/qcar2_autonomy/lib/qcar2_autonomy
writing list of installed files to '/home/nvidia/Documents/ACC_Development/Development/ros2/build/qcar2_autonomy/install.log'
