[0.000000] (-) TimerEvent: {}
[0.000289] (-) JobUnselected: {'identifier': 'qcar2_autonomy'}
[0.000395] (-) JobUnselected: {'identifier': 'qcar2_interfaces'}
[0.000409] (-) JobUnselected: {'identifier': 'qcar2_nodes'}
[0.000420] (qcar2_perception) JobQueued: {'identifier': 'qcar2_perception', 'dependencies': OrderedDict()}
[0.000432] (qcar2_perception) JobStarted: {'identifier': 'qcar2_perception'}
[0.099911] (-) TimerEvent: {}
[0.200221] (-) TimerEvent: {}
[0.300466] (-) TimerEvent: {}
[0.400733] (-) TimerEvent: {}
[0.501050] (-) TimerEvent: {}
[0.594871] (qcar2_perception) Command: {'cmd': ['/usr/bin/python3', 'setup.py', 'develop', '--editable', '--build-directory', '/workspaces/isaac_ros-dev/ros2/build/qcar2_perception/build', '--no-deps', 'install_data'], 'cwd': '/workspaces/isaac_ros-dev/ros2/build/qcar2_perception', 'env': {'NPP_VERSION': '11.8.0.86', 'SHELL': '/bin/bash', 'ROS_VERSION': '2', 'NVIDIA_VISIBLE_DEVICES': 'all', 'DALI_BUILD': '5838886', 'CUSOLVER_VERSION': '11.4.1.48', 'USER_UID': '1000', 'CUBLAS_VERSION': '11.11.3.6', 'PKG_CONFIG_PATH': '/workspace/cartographer_ws/install/cartographer/lib/x86_64-linux-gnu/pkgconfig:/workspace/cartographer_ws/install/cartographer/lib/pkgconfig', 'ROS_PYTHON_VERSION': '3', 'HOSTNAME': 'bp02-ubuntu-ROG-Strix-G16-G615LR-G615LR', 'FASTRTPS_DEFAULT_PROFILES_FILE': '/usr/local/share/middleware_profiles/rtps_udp_profile.xml', 'DCGM_VERSION': '2.2.9', 'NVIDIA_REQUIRE_CUDA': 'cuda>=9.0', 'CUFFT_VERSION': '10.9.0.58', 'CUDA_CACHE_DISABLE': '1', 'NCCL_VERSION': '2.15.1', 'CUSPARSE_VERSION': '11.7.5.86', 'ENV': '/etc/shinit_v2', 'PWD': '/workspaces/isaac_ros-dev/ros2/build/qcar2_perception', 'OPENUCX_VERSION': '1.14.0', 'NSIGHT_SYSTEMS_VERSION': '2022.3.1.43', 'NVIDIA_DRIVER_CAPABILITIES': 'all', 'ROS_DOMAIN_ID': '69', 'POLYGRAPHY_VERSION': '0.38.0', 'TF_ENABLE_WINOGRAD_NONFUSED': '1', 'TRT_VERSION': '8.5.0.12', 'USER_GID': '1000', 'NVIDIA_PRODUCT_NAME': 'Triton Server', 'RDMACORE_VERSION': '36.0', 'HOME': '/home/admin', 'USERNAME': 'admin', 'LANG': 'en_US.UTF-8', 'CUDA_VERSION': '11.8.0.062', 'CURAND_VERSION': '10.3.0.86', 'AMENT_PREFIX_PATH': '/workspaces/isaac_ros-dev/ros2/install/qcar2_perception:/workspaces/isaac_ros-dev/ros2/install/qcar2_nodes:/workspaces/isaac_ros-dev/ros2/install/qcar2_autonomy:/workspaces/isaac_ros-dev/ros2/install/qcar2_interfaces:/workspace/cartographer_ws/install/perception_pcl:/workspace/cartographer_ws/install/pcl_ros:/workspace/cartographer_ws/install/cartographer_rviz:/workspace/cartographer_ws/install/cartographer_ros:/workspace/cartographer_ws/install/pcl_conversions:/workspace/cartographer_ws/install/pcl_msgs:/workspace/cartographer_ws/install/isaac_ros_test:/workspace/cartographer_ws/install/isaac_ros_tensor_list_interfaces:/workspace/cartographer_ws/install/isaac_ros_pointcloud_interfaces:/workspace/cartographer_ws/install/isaac_ros_nova_interfaces:/workspace/cartographer_ws/install/isaac_ros_nitros_bridge_interfaces:/workspace/cartographer_ws/install/isaac_ros_common:/workspace/cartographer_ws/install/isaac_ros_bi3d_interfaces:/workspace/cartographer_ws/install/isaac_ros_apriltag_interfaces:/workspace/cartographer_ws/install/control_msgs:/workspace/cartographer_ws/install/cartographer_ros_msgs:/opt/ros/humble', 'CMAKE_PREFIX_PATH': '/workspaces/isaac_ros-dev/ros2/install/qcar2_nodes:/workspaces/isaac_ros-dev/ros2/install/qcar2_interfaces:/workspace/cartographer_ws/install/perception_pcl:/workspace/cartographer_ws/install/pcl_ros:/workspace/cartographer_ws/install/cartographer_rviz:/workspace/cartographer_ws/install/cartographer_ros:/workspace/cartographer_ws/install/pcl_conversions:/workspace/cartographer_ws/install/pcl_msgs:/workspace/cartographer_ws/install/isaac_ros_tensor_list_interfaces:/workspace/cartographer_ws/install/isaac_ros_pointcloud_interfaces:/workspace/cartographer_ws/install/isaac_ros_nova_interfaces:/workspace/cartographer_ws/install/isaac_ros_nitros_bridge_interfaces:/workspace/cartographer_ws/install/isaac_ros_common:/workspace/cartographer_ws/install/isaac_ros_bi3d_interfaces:/workspace/cartographer_ws/install/isaac_ros_apriltag_interfaces:/workspace/cartographer_ws/install/control_msgs:/workspace/cartographer_ws/install/cartographer_ros_msgs:/workspace/cartographer_ws/install/cartographer:/workspace/cartographer_ws/install/absl', 'COLCON_PREFIX_PATH': '/workspaces/isaac_ros-dev/ros2/install:/workspace/cartographer_ws/install:/workspaces/isaac_ros-dev/install', 'CUTENSOR_VERSION': '1.6.1.5', 'TRITON_SERVER_GPU_ENABLED': '1', 'HPCX_VERSION': '2.12.1a0', 'PYTHONPATH': '/workspaces/isaac_ros-dev/ros2/build/qcar2_perception/prefix_override:/workspaces/isaac_ros-dev/ros2/install/qcar2_perception/lib/python3.8/site-packages:/workspaces/isaac_ros-dev/ros2/build/qcar2_perception:/workspaces/isaac_ros-dev/ros2/install/qcar2_perception/lib/python3.8/site-packages:/workspaces/isaac_ros-dev/ros2/build/qcar2_autonomy:/workspaces/isaac_ros-dev/ros2/install/qcar2_autonomy/lib/python3.8/site-packages:/workspaces/isaac_ros-dev/ros2/install/qcar2_interfaces/lib/python3.8/site-packages:/workspace/cartographer_ws/install/pcl_msgs/lib/python3.8/site-packages:/workspace/cartographer_ws/build/isaac_ros_test:/workspace/cartographer_ws/install/isaac_ros_test/lib/python3.8/site-packages:/workspace/cartographer_ws/install/isaac_ros_tensor_list_interfaces/lib/python3.8/site-packages:/workspace/cartographer_ws/install/isaac_ros_pointcloud_interfaces/lib/python3.8/site-packages:/workspace/cartographer_ws/install/isaac_ros_nova_interfaces/lib/python3.8/site-packages:/workspace/cartographer_ws/install/isaac_ros_nitros_bridge_interfaces/lib/python3.8/site-packages:/workspace/cartographer_ws/install/isaac_ros_bi3d_interfaces/lib/python3.8/site-packages:/workspace/cartographer_ws/install/isaac_ros_apriltag_interfaces/lib/python3.8/site-packages:/workspace/cartographer_ws/install/control_msgs/lib/python3.8/site-packages:/workspace/cartographer_ws/install/cartographer_ros_msgs/lib/python3.8/site-packages:/opt/ros/humble/lib/python3.8/site-packages:/home/Quanser/0_libraries/python', 'COLCON': '1', 'TERM': 'xterm', 'TRITON_SERVER_VERSION': '2.26.0', 'GDRCOPY_VERSION': '2.3', 'USER': 'bp02-ubuntu', 'OPENMPI_VERSION': '4.1.4', 'NVJPEG_VERSION': '11.9.0.86', 'LIBRARY_PATH': '/usr/local/cuda/lib64/stubs:', 'DISPLAY': ':1', 'SHLVL': '1', 'BASH_ENV': '/etc/bash.bashrc', 'TF_AUTOTUNE_THRESHOLD': '2', 'CUDNN_VERSION': '8.6.0.163', 'NSIGHT_COMPUTE_VERSION': '2022.3.0.22', 'DALI_VERSION': '1.17.0', 'NVIDIA_TRITON_SERVER_VERSION': '22.09', 'LD_LIBRARY_PATH': '/workspaces/isaac_ros-dev/ros2/install/qcar2_interfaces/lib:/workspace/cartographer_ws/install/pcl_ros/lib:/workspace/cartographer_ws/install/cartographer_rviz/lib:/workspace/cartographer_ws/install/cartographer_ros/lib:/workspace/cartographer_ws/install/pcl_msgs/lib:/workspace/cartographer_ws/install/isaac_ros_tensor_list_interfaces/lib:/workspace/cartographer_ws/install/isaac_ros_pointcloud_interfaces/lib:/workspace/cartographer_ws/install/isaac_ros_nova_interfaces/lib:/workspace/cartographer_ws/install/isaac_ros_nitros_bridge_interfaces/lib:/workspace/cartographer_ws/install/isaac_ros_common/lib:/workspace/cartographer_ws/install/isaac_ros_bi3d_interfaces/lib:/workspace/cartographer_ws/install/isaac_ros_apriltag_interfaces/lib:/workspace/cartographer_ws/install/control_msgs/lib:/workspace/cartographer_ws/install/cartographer_ros_msgs/lib:/opt/ros/humble/opt/rviz_ogre_vendor/lib:/opt/ros/humble/lib/x86_64-linux-gnu:/opt/ros/humble/lib:/opt/tritonserver/backends/onnxruntime:/usr/local/cuda/compat/lib:/usr/local/nvidia/lib:/usr/local/nvidia/lib64:/opt/tritonserver/lib', 'NVIDIA_BUILD_ID': '44909143', 'ROS_LOCALHOST_ONLY': '0', 'OMPI_MCA_coll_hcoll_enable': '0', 'OPAL_PREFIX': '/opt/hpcx/ompi', 'CUDA_DRIVER_VERSION': '520.61.03', '_CUDA_COMPAT_PATH': '/usr/local/cuda/compat', 'PATH': '/workspace/cartographer_ws/install/cartographer/bin:/opt/ros/humble/bin:/opt/tritonserver/bin:/usr/local/mpi/bin:/usr/local/nvidia/bin:/usr/local/cuda/bin:/usr/local/sbin:/usr/local/bin:/usr/sbin:/usr/bin:/sbin:/bin:/usr/local/ucx/bin:/opt/nvidia/tao', 'TRITON_SERVER_USER': 'triton-server', 'PYTHONWARNINGS': 'ignore:::setuptools.command.install,ignore:::setuptools.command.easy_install,ignore:::pkg_resources', 'MOFED_VERSION': '5.4-rdmacore36.0', 'TRTOSS_VERSION': '', 'DEBIAN_FRONTEND': 'noninteractive', 'ROS_ROOT': '/opt/ros/humble', 'ROS_DISTRO': 'humble', 'TF_ADJUST_HUE_FUSED': '1', 'TF_ADJUST_SATURATION_FUSED': '1', 'SHARP_COLL_ENABLE_CUDA': '0', 'RMW_IMPLEMENTATION': 'rmw_fastrtps_cpp', 'OLDPWD': '/workspaces/isaac_ros-dev/ros2', '_': '/usr/bin/env'}, 'shell': False}
[0.601132] (-) TimerEvent: {}
[0.701371] (-) TimerEvent: {}
[0.775976] (qcar2_perception) StdoutLine: {'line': b'running develop\n'}
[0.801439] (-) TimerEvent: {}
[0.884809] (qcar2_perception) StdoutLine: {'line': b'running egg_info\n'}
[0.884942] (qcar2_perception) StdoutLine: {'line': b'creating qcar2_perception.egg-info\n'}
[0.890197] (qcar2_perception) StdoutLine: {'line': b'writing qcar2_perception.egg-info/PKG-INFO\n'}
[0.890266] (qcar2_perception) StdoutLine: {'line': b'writing dependency_links to qcar2_perception.egg-info/dependency_links.txt\n'}
[0.890300] (qcar2_perception) StdoutLine: {'line': b'writing entry points to qcar2_perception.egg-info/entry_points.txt\n'}
[0.890615] (qcar2_perception) StdoutLine: {'line': b'writing requirements to qcar2_perception.egg-info/requires.txt\n'}
[0.890681] (qcar2_perception) StdoutLine: {'line': b'writing top-level names to qcar2_perception.egg-info/top_level.txt\n'}
[0.890716] (qcar2_perception) StdoutLine: {'line': b"writing manifest file 'qcar2_perception.egg-info/SOURCES.txt'\n"}
[0.901214] (qcar2_perception) StdoutLine: {'line': b"reading manifest file 'qcar2_perception.egg-info/SOURCES.txt'\n"}
[0.901491] (-) TimerEvent: {}
[0.901619] (qcar2_perception) StdoutLine: {'line': b"writing manifest file 'qcar2_perception.egg-info/SOURCES.txt'\n"}
[0.925816] (qcar2_perception) StdoutLine: {'line': b'running build_ext\n'}
[0.925946] (qcar2_perception) StdoutLine: {'line': b'Creating /workspaces/isaac_ros-dev/ros2/install/qcar2_perception/lib/python3.8/site-packages/qcar2-perception.egg-link (link to .)\n'}
[0.926181] (qcar2_perception) StdoutLine: {'line': b'Installing car_stop script to /workspaces/isaac_ros-dev/ros2/install/qcar2_perception/lib/qcar2_perception\n'}
[0.926581] (qcar2_perception) StdoutLine: {'line': b'Installing cmd_vel_blender script to /workspaces/isaac_ros-dev/ros2/install/qcar2_perception/lib/qcar2_perception\n'}
[0.926647] (qcar2_perception) StdoutLine: {'line': b'Installing d435_aligned_source script to /workspaces/isaac_ros-dev/ros2/install/qcar2_perception/lib/qcar2_perception\n'}
[0.926688] (qcar2_perception) StdoutLine: {'line': b'Installing lane_detector script to /workspaces/isaac_ros-dev/ros2/install/qcar2_perception/lib/qcar2_perception\n'}
[0.926718] (qcar2_perception) StdoutLine: {'line': b'Installing lane_stanley_controller script to /workspaces/isaac_ros-dev/ros2/install/qcar2_perception/lib/qcar2_perception\n'}
[0.926748] (qcar2_perception) StdoutLine: {'line': b'Installing object_3d_estimator script to /workspaces/isaac_ros-dev/ros2/install/qcar2_perception/lib/qcar2_perception\n'}
[0.926785] (qcar2_perception) StdoutLine: {'line': b'Installing perception_behavior_interface script to /workspaces/isaac_ros-dev/ros2/install/qcar2_perception/lib/qcar2_perception\n'}
[0.926820] (qcar2_perception) StdoutLine: {'line': b'Installing semantic_consistency_monitor script to /workspaces/isaac_ros-dev/ros2/install/qcar2_perception/lib/qcar2_perception\n'}
[0.926849] (qcar2_perception) StdoutLine: {'line': b'Installing semantic_landmark_mapper script to /workspaces/isaac_ros-dev/ros2/install/qcar2_perception/lib/qcar2_perception\n'}
[0.926878] (qcar2_perception) StdoutLine: {'line': b'Installing semantic_yolo_detector script to /workspaces/isaac_ros-dev/ros2/install/qcar2_perception/lib/qcar2_perception\n'}
[0.926906] (qcar2_perception) StdoutLine: {'line': b'\n'}
[0.926933] (qcar2_perception) StdoutLine: {'line': b'Installed /workspaces/isaac_ros-dev/ros2/build/qcar2_perception\n'}
[0.926961] (qcar2_perception) StdoutLine: {'line': b'running install_data\n'}
[0.926999] (qcar2_perception) StdoutLine: {'line': b'creating /workspaces/isaac_ros-dev/ros2/install/qcar2_perception/share/ament_index\n'}
[0.927037] (qcar2_perception) StdoutLine: {'line': b'creating /workspaces/isaac_ros-dev/ros2/install/qcar2_perception/share/ament_index/resource_index\n'}
[0.927065] (qcar2_perception) StdoutLine: {'line': b'creating /workspaces/isaac_ros-dev/ros2/install/qcar2_perception/share/ament_index/resource_index/packages\n'}
[0.927093] (qcar2_perception) StdoutLine: {'line': b'copying resource/qcar2_perception -> /workspaces/isaac_ros-dev/ros2/install/qcar2_perception/share/ament_index/resource_index/packages\n'}
[0.927914] (qcar2_perception) StdoutLine: {'line': b'copying package.xml -> /workspaces/isaac_ros-dev/ros2/install/qcar2_perception/share/qcar2_perception\n'}
[0.928024] (qcar2_perception) StdoutLine: {'line': b'creating /workspaces/isaac_ros-dev/ros2/install/qcar2_perception/share/qcar2_perception/launch\n'}
[0.928059] (qcar2_perception) StdoutLine: {'line': b'copying launch/perception_core_physical.launch.py -> /workspaces/isaac_ros-dev/ros2/install/qcar2_perception/share/qcar2_perception/launch\n'}
[0.928090] (qcar2_perception) StdoutLine: {'line': b'copying launch/lane_lanenet_stanley_launch.py -> /workspaces/isaac_ros-dev/ros2/install/qcar2_perception/share/qcar2_perception/launch\n'}
[0.928120] (qcar2_perception) StdoutLine: {'line': b'copying launch/semantic_tf_launch.py -> /workspaces/isaac_ros-dev/ros2/install/qcar2_perception/share/qcar2_perception/launch\n'}
[0.928149] (qcar2_perception) StdoutLine: {'line': b'copying launch/perception_core_virtual.launch.py -> /workspaces/isaac_ros-dev/ros2/install/qcar2_perception/share/qcar2_perception/launch\n'}
[0.928184] (qcar2_perception) StdoutLine: {'line': b'creating /workspaces/isaac_ros-dev/ros2/install/qcar2_perception/share/qcar2_perception/config\n'}
[0.928215] (qcar2_perception) StdoutLine: {'line': b'copying config/perception_physical.yaml -> /workspaces/isaac_ros-dev/ros2/install/qcar2_perception/share/qcar2_perception/config\n'}
[0.928554] (qcar2_perception) StdoutLine: {'line': b'copying config/perception_virtual.yaml -> /workspaces/isaac_ros-dev/ros2/install/qcar2_perception/share/qcar2_perception/config\n'}
[0.928624] (qcar2_perception) StdoutLine: {'line': b'creating /workspaces/isaac_ros-dev/ros2/install/qcar2_perception/share/qcar2_perception/maps\n'}
[0.928659] (qcar2_perception) StdoutLine: {'line': b'copying maps/semantic_map.json -> /workspaces/isaac_ros-dev/ros2/install/qcar2_perception/share/qcar2_perception/maps\n'}
[0.928690] (qcar2_perception) StdoutLine: {'line': b'copying maps/semantic_map_backup_20260520_144326.json -> /workspaces/isaac_ros-dev/ros2/install/qcar2_perception/share/qcar2_perception/maps\n'}
[0.951793] (qcar2_perception) CommandEnded: {'returncode': 0}
[0.984626] (qcar2_perception) JobEnded: {'identifier': 'qcar2_perception', 'rc': 0}
[0.985036] (-) EventReactorShutdown: {}
