-- Architecture: x86_64
-- Found ament_cmake_auto: 1.3.5 (/opt/ros/humble/share/ament_cmake_auto/cmake)
-- Override CMake install command with custom implementation using symlinks instead of copying resources
-- Loading isaac_ros_common extras
-- CMAKE_BUILD_TYPE: Release
-- Loading isaac_ros_common extras (modules)
-- Found rosidl_generator_c: 3.1.5 (/opt/ros/humble/share/rosidl_generator_c/cmake)
-- Found rosidl_adapter: 3.1.5 (/opt/ros/humble/share/rosidl_adapter/cmake)
-- Found rosidl_generator_cpp: 3.1.5 (/opt/ros/humble/share/rosidl_generator_cpp/cmake)
-- Using all available rosidl_typesupport_c: rosidl_typesupport_fastrtps_c;rosidl_typesupport_introspection_c
-- Using all available rosidl_typesupport_cpp: rosidl_typesupport_fastrtps_cpp;rosidl_typesupport_introspection_cpp
-- Found rmw_implementation_cmake: 6.1.1 (/opt/ros/humble/share/rmw_implementation_cmake/cmake)
-- Found rmw_fastrtps_cpp: 6.2.4 (/opt/ros/humble/share/rmw_fastrtps_cpp/cmake)
-- Using RMW implementation 'rmw_fastrtps_cpp' as default
-- Loading isaac_ros_gxf extras
-- Found eigen3_cmake_module: 0.1.1 (/opt/ros/humble/share/eigen3_cmake_module/cmake)
-- Ensuring Eigen3 include directory is part of orocos-kdl CMake target
-- Found ament_lint_auto: 0.12.8 (/opt/ros/humble/share/ament_lint_auto/cmake)
-- Found launch_testing_ament_cmake: 1.0.4 (/opt/ros/humble/share/launch_testing_ament_cmake/cmake)
-- Found python_cmake_module: 0.10.0 (/opt/ros/humble/share/python_cmake_module/cmake)
-- Found PythonInterp: /usr/bin/python3 (found suitable version "3.8.10", minimum required is "3.6") 
-- Found PythonLibs: /usr/lib/x86_64-linux-gnu/libpython3.8.so (found suitable version "3.8.10", minimum required is "3.5") 
-- Using PYTHON_EXECUTABLE: /usr/bin/python3
-- Using PYTHON_INCLUDE_DIRS: /usr/include/python3.8
-- Using PYTHON_LIBRARIES: /usr/lib/x86_64-linux-gnu/libpython3.8.so
-- Found PythonExtra: .so  
-- Found gtest sources under '/usr/src/gtest': C++ tests using 'Google Test' will be built
[33mCMake Warning at /usr/src/gtest/CMakeLists.txt:54 (project):
  VERSION keyword not followed by a value or was followed by a value that
  expanded to nothing.

[0m
[0mCMake Deprecation Warning at /usr/src/gtest/CMakeLists.txt:56 (cmake_minimum_required):
  Compatibility with CMake < 2.8.12 will be removed from a future version of
  CMake.

  Update the VERSION argument <min> value or use a ...<max> suffix to tell
  CMake that the project does not need compatibility with older versions.

[0m
-- Found PythonInterp: /usr/bin/python3 (found version "3.8.10") 
-- Check if compiler accepts -pthread
-- Check if compiler accepts -pthread - yes
-- Added test 'copyright' to check source files copyright and LICENSE
-- Added test 'cppcheck' to perform static code analysis on C / C++ code
-- Configured cppcheck include dirs: /workspaces/isaac_ros-dev/ros2/src/isaac_ros_visual_slam/isaac_ros_visual_slam/include;$<BUILD_INTERFACE:/workspaces/isaac_ros-dev/ros2/src/isaac_ros_visual_slam/isaac_ros_visual_slam/include>
-- Configured cppcheck exclude dirs and/or files: 
-- Added test 'cpplint' to check C / C++ code against the Google style
-- Configured cpplint exclude dirs and/or files: 
-- Added test 'flake8' to check Python code syntax and style conventions
-- Added test 'lint_cmake' to check CMake code style
-- Added test 'pep257' to check Python code against some of the docstring style conventions in PEP 257
-- Added test 'uncrustify' to check C / C++ code style
-- Configured uncrustify additional arguments: 
-- Added test 'xmllint' to check XML markup files
-- Configuring done
-- Generating done
-- Build files have been written to: /workspaces/isaac_ros-dev/build/isaac_ros_visual_slam
[  4%] [32mBuilding CXX object gtest/CMakeFiles/gtest.dir/src/gtest-all.cc.o[0m
[  9%] [32mBuilding CXX object CMakeFiles/visual_slam_node.dir/src/visual_slam_node.cpp.o[0m
[ 14%] [32mBuilding CXX object CMakeFiles/visual_slam_node.dir/src/impl/cuvslam_ros_conversion.cpp.o[0m
[ 19%] [32mBuilding CXX object CMakeFiles/visual_slam_node.dir/src/impl/pose_cache.cpp.o[0m
[ 23%] [32mBuilding CXX object CMakeFiles/visual_slam_node.dir/src/impl/posegraph_vis_helper.cpp.o[0m
[ 28%] [32mBuilding CXX object CMakeFiles/visual_slam_node.dir/src/impl/visual_slam_impl.cpp.o[0m
[ 38%] [32mBuilding CXX object CMakeFiles/visual_slam_node.dir/src/impl/localizer_vis_helper.cpp.o[0m
[ 38%] [32mBuilding CXX object CMakeFiles/visual_slam_node.dir/src/impl/viz_helper.cpp.o[0m
[ 42%] [32mBuilding CXX object CMakeFiles/visual_slam_node.dir/src/impl/landmarks_vis_helper.cpp.o[0m
[01m[K/workspaces/isaac_ros-dev/ros2/src/isaac_ros_visual_slam/isaac_ros_visual_slam/src/visual_slam_node.cpp:24:10:[m[K [01;31m[Kfatal error: [m[Kisaac_ros_common/qos.hpp: No such file or directory
   24 | #include [01;31m[K"isaac_ros_common/qos.hpp"[m[K
      |          [01;31m[K^~~~~~~~~~~~~~~~~~~~~~~~~~[m[K
compilation terminated.
make[2]: *** [CMakeFiles/visual_slam_node.dir/build.make:76: CMakeFiles/visual_slam_node.dir/src/visual_slam_node.cpp.o] Error 1
make[2]: *** Waiting for unfinished jobs....
[ 47%] [32m[1mLinking CXX static library ../lib/libgtest.a[0m
[ 47%] Built target gtest
[ 52%] [32mBuilding CXX object gtest/CMakeFiles/gtest_main.dir/src/gtest_main.cc.o[0m
[ 57%] [32m[1mLinking CXX static library ../lib/libgtest_main.a[0m
[ 57%] Built target gtest_main
[ 61%] [32mBuilding CXX object CMakeFiles/isaac_ros_visual_slam_test_message_buffer.dir/test/test_message_buffer.cpp.o[0m
[ 66%] [32mBuilding CXX object CMakeFiles/isaac_ros_visual_slam_test_message_stream_sequencer.dir/test/test_message_stream_sequencer.cpp.o[0m
[ 71%] [32mBuilding CXX object CMakeFiles/isaac_ros_visual_slam_test_message_stream_synchronizer.dir/test/test_message_stream_synchronizer.cpp.o[0m
[ 76%] [32m[1mLinking CXX executable isaac_ros_visual_slam_test_message_buffer[0m
[ 76%] Built target isaac_ros_visual_slam_test_message_buffer
[ 80%] [32m[1mLinking CXX executable isaac_ros_visual_slam_test_message_stream_sequencer[0m
[ 80%] Built target isaac_ros_visual_slam_test_message_stream_sequencer
[ 85%] [32m[1mLinking CXX executable isaac_ros_visual_slam_test_message_stream_synchronizer[0m
[ 85%] Built target isaac_ros_visual_slam_test_message_stream_synchronizer
make[1]: *** [CMakeFiles/Makefile2:163: CMakeFiles/visual_slam_node.dir/all] Error 2
make: *** [Makefile:146: all] Error 2
