[0.087s] Invoking command in '/workspaces/isaac_ros-dev/build/gxf_isaac_optimizer': AMENT_PREFIX_PATH=/workspaces/isaac_ros-dev/install/isaac_ros_gxf:${AMENT_PREFIX_PATH} CMAKE_PREFIX_PATH=/workspaces/isaac_ros-dev/install/isaac_ros_gxf:/workspaces/isaac_ros-dev/install/qcar2_nodes:/workspaces/isaac_ros-dev/install/qcar2_interfaces:/workspace/cartographer_ws/install/perception_pcl:/workspace/cartographer_ws/install/pcl_ros:/workspace/cartographer_ws/install/cartographer_rviz:/workspace/cartographer_ws/install/cartographer_ros:/workspace/cartographer_ws/install/pcl_conversions:/workspace/cartographer_ws/install/pcl_msgs:/workspace/cartographer_ws/install/isaac_ros_tensor_list_interfaces:/workspace/cartographer_ws/install/isaac_ros_pointcloud_interfaces:/workspace/cartographer_ws/install/isaac_ros_nova_interfaces:/workspace/cartographer_ws/install/isaac_ros_nitros_bridge_interfaces:/workspace/cartographer_ws/install/isaac_ros_common:/workspace/cartographer_ws/install/isaac_ros_bi3d_interfaces:/workspace/cartographer_ws/install/isaac_ros_apriltag_interfaces:/workspace/cartographer_ws/install/control_msgs:/workspace/cartographer_ws/install/cartographer_ros_msgs:/workspace/cartographer_ws/install/cartographer:/workspace/cartographer_ws/install/absl:/workspaces/isaac_ros-dev/install/qcar2_autonomy:/workspace/cartographer_ws/install/isaac_ros_test:/opt/ros/humble LD_LIBRARY_PATH=/workspaces/isaac_ros-dev/install/isaac_ros_gxf/lib:${LD_LIBRARY_PATH} /usr/bin/cmake /workspaces/isaac_ros-dev/ros2/src/isaac_ros_nitros/isaac_ros_gxf_extensions/gxf_isaac_optimizer -DAMENT_CMAKE_SYMLINK_INSTALL=1 -DCMAKE_INSTALL_PREFIX=/workspaces/isaac_ros-dev/install/gxf_isaac_optimizer
[0.129s] -- The C compiler identification is GNU 9.4.0
[0.173s] -- The CXX compiler identification is GNU 9.4.0
[0.178s] -- Detecting C compiler ABI info
[0.220s] -- Detecting C compiler ABI info - done
[0.225s] -- Check for working C compiler: /usr/bin/cc - skipped
[0.225s] -- Detecting C compile features
[0.225s] -- Detecting C compile features - done
[0.227s] -- Detecting CXX compiler ABI info
[0.277s] -- Detecting CXX compiler ABI info - done
[0.281s] -- Check for working CXX compiler: /usr/bin/c++ - skipped
[0.281s] -- Detecting CXX compile features
[0.282s] -- Detecting CXX compile features - done
[0.285s] -- Found ament_cmake_auto: 1.3.5 (/opt/ros/humble/share/ament_cmake_auto/cmake)
[0.791s] -- Found Python3: /usr/bin/python3.8 (found version "3.8.10") found components: Interpreter 
[0.834s] -- Override CMake install command with custom implementation using symlinks instead of copying resources
[0.910s] -- Loading isaac_ros_common extras
[0.910s] -- CMAKE_BUILD_TYPE: Release
[0.921s] -- Looking for pthread.h
[0.965s] -- Looking for pthread.h - found
[0.965s] -- Performing Test CMAKE_HAVE_LIBC_PTHREAD
[1.009s] -- Performing Test CMAKE_HAVE_LIBC_PTHREAD - Failed
[1.009s] -- Looking for pthread_create in pthreads
[1.041s] -- Looking for pthread_create in pthreads - not found
[1.041s] -- Looking for pthread_create in pthread
[1.086s] -- Looking for pthread_create in pthread - found
[1.087s] -- Found Threads: TRUE  
[1.101s] -- Found CUDA: /usr/local/cuda (found version "11.8") 
[1.101s] -- Loading isaac_ros_common extras (modules)
[1.139s] -- Found rosidl_generator_c: 3.1.5 (/opt/ros/humble/share/rosidl_generator_c/cmake)
[1.144s] -- Found rosidl_adapter: 3.1.5 (/opt/ros/humble/share/rosidl_adapter/cmake)
[1.152s] -- Found rosidl_generator_cpp: 3.1.5 (/opt/ros/humble/share/rosidl_generator_cpp/cmake)
[1.164s] -- Using all available rosidl_typesupport_c: rosidl_typesupport_fastrtps_c;rosidl_typesupport_introspection_c
[1.180s] -- Using all available rosidl_typesupport_cpp: rosidl_typesupport_fastrtps_cpp;rosidl_typesupport_introspection_cpp
[1.236s] -- Found rmw_implementation_cmake: 6.1.1 (/opt/ros/humble/share/rmw_implementation_cmake/cmake)
[1.239s] -- Found rmw_fastrtps_cpp: 6.2.4 (/opt/ros/humble/share/rmw_fastrtps_cpp/cmake)
[1.342s] -- Found OpenSSL: /usr/lib/x86_64-linux-gnu/libcrypto.so (found version "1.1.1f")  
[1.368s] -- Found FastRTPS: /opt/ros/humble/include  
[1.420s] -- Using RMW implementation 'rmw_fastrtps_cpp' as default
[1.536s] -- Loading isaac_ros_gxf extras
[1.540s] -- Configuring done
[1.543s] -- Generating done
[1.543s] -- Build files have been written to: /workspaces/isaac_ros-dev/build/gxf_isaac_optimizer
[1.551s] Invoked command in '/workspaces/isaac_ros-dev/build/gxf_isaac_optimizer' returned '0': AMENT_PREFIX_PATH=/workspaces/isaac_ros-dev/install/isaac_ros_gxf:${AMENT_PREFIX_PATH} CMAKE_PREFIX_PATH=/workspaces/isaac_ros-dev/install/isaac_ros_gxf:/workspaces/isaac_ros-dev/install/qcar2_nodes:/workspaces/isaac_ros-dev/install/qcar2_interfaces:/workspace/cartographer_ws/install/perception_pcl:/workspace/cartographer_ws/install/pcl_ros:/workspace/cartographer_ws/install/cartographer_rviz:/workspace/cartographer_ws/install/cartographer_ros:/workspace/cartographer_ws/install/pcl_conversions:/workspace/cartographer_ws/install/pcl_msgs:/workspace/cartographer_ws/install/isaac_ros_tensor_list_interfaces:/workspace/cartographer_ws/install/isaac_ros_pointcloud_interfaces:/workspace/cartographer_ws/install/isaac_ros_nova_interfaces:/workspace/cartographer_ws/install/isaac_ros_nitros_bridge_interfaces:/workspace/cartographer_ws/install/isaac_ros_common:/workspace/cartographer_ws/install/isaac_ros_bi3d_interfaces:/workspace/cartographer_ws/install/isaac_ros_apriltag_interfaces:/workspace/cartographer_ws/install/control_msgs:/workspace/cartographer_ws/install/cartographer_ros_msgs:/workspace/cartographer_ws/install/cartographer:/workspace/cartographer_ws/install/absl:/workspaces/isaac_ros-dev/install/qcar2_autonomy:/workspace/cartographer_ws/install/isaac_ros_test:/opt/ros/humble LD_LIBRARY_PATH=/workspaces/isaac_ros-dev/install/isaac_ros_gxf/lib:${LD_LIBRARY_PATH} /usr/bin/cmake /workspaces/isaac_ros-dev/ros2/src/isaac_ros_nitros/isaac_ros_gxf_extensions/gxf_isaac_optimizer -DAMENT_CMAKE_SYMLINK_INSTALL=1 -DCMAKE_INSTALL_PREFIX=/workspaces/isaac_ros-dev/install/gxf_isaac_optimizer
[1.554s] Invoking command in '/workspaces/isaac_ros-dev/build/gxf_isaac_optimizer': AMENT_PREFIX_PATH=/workspaces/isaac_ros-dev/install/isaac_ros_gxf:${AMENT_PREFIX_PATH} CMAKE_PREFIX_PATH=/workspaces/isaac_ros-dev/install/isaac_ros_gxf:/workspaces/isaac_ros-dev/install/qcar2_nodes:/workspaces/isaac_ros-dev/install/qcar2_interfaces:/workspace/cartographer_ws/install/perception_pcl:/workspace/cartographer_ws/install/pcl_ros:/workspace/cartographer_ws/install/cartographer_rviz:/workspace/cartographer_ws/install/cartographer_ros:/workspace/cartographer_ws/install/pcl_conversions:/workspace/cartographer_ws/install/pcl_msgs:/workspace/cartographer_ws/install/isaac_ros_tensor_list_interfaces:/workspace/cartographer_ws/install/isaac_ros_pointcloud_interfaces:/workspace/cartographer_ws/install/isaac_ros_nova_interfaces:/workspace/cartographer_ws/install/isaac_ros_nitros_bridge_interfaces:/workspace/cartographer_ws/install/isaac_ros_common:/workspace/cartographer_ws/install/isaac_ros_bi3d_interfaces:/workspace/cartographer_ws/install/isaac_ros_apriltag_interfaces:/workspace/cartographer_ws/install/control_msgs:/workspace/cartographer_ws/install/cartographer_ros_msgs:/workspace/cartographer_ws/install/cartographer:/workspace/cartographer_ws/install/absl:/workspaces/isaac_ros-dev/install/qcar2_autonomy:/workspace/cartographer_ws/install/isaac_ros_test:/opt/ros/humble LD_LIBRARY_PATH=/workspaces/isaac_ros-dev/install/isaac_ros_gxf/lib:${LD_LIBRARY_PATH} /usr/bin/cmake --build /workspaces/isaac_ros-dev/build/gxf_isaac_optimizer -- -j20 -l20
[1.573s] Invoked command in '/workspaces/isaac_ros-dev/build/gxf_isaac_optimizer' returned '0': AMENT_PREFIX_PATH=/workspaces/isaac_ros-dev/install/isaac_ros_gxf:${AMENT_PREFIX_PATH} CMAKE_PREFIX_PATH=/workspaces/isaac_ros-dev/install/isaac_ros_gxf:/workspaces/isaac_ros-dev/install/qcar2_nodes:/workspaces/isaac_ros-dev/install/qcar2_interfaces:/workspace/cartographer_ws/install/perception_pcl:/workspace/cartographer_ws/install/pcl_ros:/workspace/cartographer_ws/install/cartographer_rviz:/workspace/cartographer_ws/install/cartographer_ros:/workspace/cartographer_ws/install/pcl_conversions:/workspace/cartographer_ws/install/pcl_msgs:/workspace/cartographer_ws/install/isaac_ros_tensor_list_interfaces:/workspace/cartographer_ws/install/isaac_ros_pointcloud_interfaces:/workspace/cartographer_ws/install/isaac_ros_nova_interfaces:/workspace/cartographer_ws/install/isaac_ros_nitros_bridge_interfaces:/workspace/cartographer_ws/install/isaac_ros_common:/workspace/cartographer_ws/install/isaac_ros_bi3d_interfaces:/workspace/cartographer_ws/install/isaac_ros_apriltag_interfaces:/workspace/cartographer_ws/install/control_msgs:/workspace/cartographer_ws/install/cartographer_ros_msgs:/workspace/cartographer_ws/install/cartographer:/workspace/cartographer_ws/install/absl:/workspaces/isaac_ros-dev/install/qcar2_autonomy:/workspace/cartographer_ws/install/isaac_ros_test:/opt/ros/humble LD_LIBRARY_PATH=/workspaces/isaac_ros-dev/install/isaac_ros_gxf/lib:${LD_LIBRARY_PATH} /usr/bin/cmake --build /workspaces/isaac_ros-dev/build/gxf_isaac_optimizer -- -j20 -l20
[1.606s] Invoking command in '/workspaces/isaac_ros-dev/build/gxf_isaac_optimizer': AMENT_PREFIX_PATH=/workspaces/isaac_ros-dev/install/isaac_ros_gxf:${AMENT_PREFIX_PATH} CMAKE_PREFIX_PATH=/workspaces/isaac_ros-dev/install/isaac_ros_gxf:/workspaces/isaac_ros-dev/install/qcar2_nodes:/workspaces/isaac_ros-dev/install/qcar2_interfaces:/workspace/cartographer_ws/install/perception_pcl:/workspace/cartographer_ws/install/pcl_ros:/workspace/cartographer_ws/install/cartographer_rviz:/workspace/cartographer_ws/install/cartographer_ros:/workspace/cartographer_ws/install/pcl_conversions:/workspace/cartographer_ws/install/pcl_msgs:/workspace/cartographer_ws/install/isaac_ros_tensor_list_interfaces:/workspace/cartographer_ws/install/isaac_ros_pointcloud_interfaces:/workspace/cartographer_ws/install/isaac_ros_nova_interfaces:/workspace/cartographer_ws/install/isaac_ros_nitros_bridge_interfaces:/workspace/cartographer_ws/install/isaac_ros_common:/workspace/cartographer_ws/install/isaac_ros_bi3d_interfaces:/workspace/cartographer_ws/install/isaac_ros_apriltag_interfaces:/workspace/cartographer_ws/install/control_msgs:/workspace/cartographer_ws/install/cartographer_ros_msgs:/workspace/cartographer_ws/install/cartographer:/workspace/cartographer_ws/install/absl:/workspaces/isaac_ros-dev/install/qcar2_autonomy:/workspace/cartographer_ws/install/isaac_ros_test:/opt/ros/humble LD_LIBRARY_PATH=/workspaces/isaac_ros-dev/install/isaac_ros_gxf/lib:${LD_LIBRARY_PATH} /usr/bin/cmake --install /workspaces/isaac_ros-dev/build/gxf_isaac_optimizer
[1.608s] -- Install configuration: "Release"
[1.608s] -- Execute custom install script
[1.608s] -- Symlinking: /workspaces/isaac_ros-dev/install/gxf_isaac_optimizer/share/gxf_isaac_optimizer/gxf/lib/libgxf_isaac_optimizer.so
[1.611s] -- Symlinking: /workspaces/isaac_ros-dev/install/gxf_isaac_optimizer/share/gxf_isaac_optimizer/gxf/include/extensions/gxf_optimizer/common/type.hpp
[1.615s] -- Symlinking: /workspaces/isaac_ros-dev/install/gxf_isaac_optimizer/share/gxf_isaac_optimizer/gxf/include/extensions/gxf_optimizer/core/optimizer.hpp
[1.620s] -- Symlinking: /workspaces/isaac_ros-dev/install/gxf_isaac_optimizer/share/gxf_isaac_optimizer/gxf/include/extensions/gxf_optimizer/exporter/graph_types.hpp
[1.624s] -- Symlinking: /workspaces/isaac_ros-dev/install/gxf_isaac_optimizer/share/gxf_isaac_optimizer/environment/library_path.sh
[1.626s] -- Symlinking: /workspaces/isaac_ros-dev/install/gxf_isaac_optimizer/share/gxf_isaac_optimizer/environment/library_path.dsv
[1.630s] -- Symlinking: /workspaces/isaac_ros-dev/install/gxf_isaac_optimizer/share/ament_index/resource_index/package_run_dependencies/gxf_isaac_optimizer
[1.634s] -- Symlinking: /workspaces/isaac_ros-dev/install/gxf_isaac_optimizer/share/ament_index/resource_index/parent_prefix_path/gxf_isaac_optimizer
[1.636s] -- Symlinking: /workspaces/isaac_ros-dev/install/gxf_isaac_optimizer/share/gxf_isaac_optimizer/environment/ament_prefix_path.sh
[1.638s] -- Symlinking: /workspaces/isaac_ros-dev/install/gxf_isaac_optimizer/share/gxf_isaac_optimizer/environment/ament_prefix_path.dsv
[1.641s] -- Symlinking: /workspaces/isaac_ros-dev/install/gxf_isaac_optimizer/share/gxf_isaac_optimizer/environment/path.sh
[1.643s] -- Symlinking: /workspaces/isaac_ros-dev/install/gxf_isaac_optimizer/share/gxf_isaac_optimizer/environment/path.dsv
[1.646s] -- Symlinking: /workspaces/isaac_ros-dev/install/gxf_isaac_optimizer/share/gxf_isaac_optimizer/local_setup.bash
[1.649s] -- Symlinking: /workspaces/isaac_ros-dev/install/gxf_isaac_optimizer/share/gxf_isaac_optimizer/local_setup.sh
[1.652s] -- Symlinking: /workspaces/isaac_ros-dev/install/gxf_isaac_optimizer/share/gxf_isaac_optimizer/local_setup.zsh
[1.654s] -- Symlinking: /workspaces/isaac_ros-dev/install/gxf_isaac_optimizer/share/gxf_isaac_optimizer/local_setup.dsv
[1.656s] -- Symlinking: /workspaces/isaac_ros-dev/install/gxf_isaac_optimizer/share/gxf_isaac_optimizer/package.dsv
[1.658s] -- Symlinking: /workspaces/isaac_ros-dev/install/gxf_isaac_optimizer/share/ament_index/resource_index/packages/gxf_isaac_optimizer
[1.661s] -- Symlinking: /workspaces/isaac_ros-dev/install/gxf_isaac_optimizer/share/gxf_isaac_optimizer/cmake/ament_cmake_export_targets-extras.cmake
[1.664s] -- Symlinking: /workspaces/isaac_ros-dev/install/gxf_isaac_optimizer/share/gxf_isaac_optimizer/cmake/ament_cmake_export_dependencies-extras.cmake
[1.666s] -- Symlinking: /workspaces/isaac_ros-dev/install/gxf_isaac_optimizer/share/gxf_isaac_optimizer/cmake/gxf_isaac_optimizerConfig.cmake
[1.668s] -- Symlinking: /workspaces/isaac_ros-dev/install/gxf_isaac_optimizer/share/gxf_isaac_optimizer/cmake/gxf_isaac_optimizerConfig-version.cmake
[1.671s] -- Symlinking: /workspaces/isaac_ros-dev/install/gxf_isaac_optimizer/share/gxf_isaac_optimizer/package.xml
[1.690s] -- Installing: /workspaces/isaac_ros-dev/install/gxf_isaac_optimizer/share/gxf_isaac_optimizer/cmake/export_gxf_isaac_optimizerExport.cmake
[1.741s] Invoked command in '/workspaces/isaac_ros-dev/build/gxf_isaac_optimizer' returned '0': AMENT_PREFIX_PATH=/workspaces/isaac_ros-dev/install/isaac_ros_gxf:${AMENT_PREFIX_PATH} CMAKE_PREFIX_PATH=/workspaces/isaac_ros-dev/install/isaac_ros_gxf:/workspaces/isaac_ros-dev/install/qcar2_nodes:/workspaces/isaac_ros-dev/install/qcar2_interfaces:/workspace/cartographer_ws/install/perception_pcl:/workspace/cartographer_ws/install/pcl_ros:/workspace/cartographer_ws/install/cartographer_rviz:/workspace/cartographer_ws/install/cartographer_ros:/workspace/cartographer_ws/install/pcl_conversions:/workspace/cartographer_ws/install/pcl_msgs:/workspace/cartographer_ws/install/isaac_ros_tensor_list_interfaces:/workspace/cartographer_ws/install/isaac_ros_pointcloud_interfaces:/workspace/cartographer_ws/install/isaac_ros_nova_interfaces:/workspace/cartographer_ws/install/isaac_ros_nitros_bridge_interfaces:/workspace/cartographer_ws/install/isaac_ros_common:/workspace/cartographer_ws/install/isaac_ros_bi3d_interfaces:/workspace/cartographer_ws/install/isaac_ros_apriltag_interfaces:/workspace/cartographer_ws/install/control_msgs:/workspace/cartographer_ws/install/cartographer_ros_msgs:/workspace/cartographer_ws/install/cartographer:/workspace/cartographer_ws/install/absl:/workspaces/isaac_ros-dev/install/qcar2_autonomy:/workspace/cartographer_ws/install/isaac_ros_test:/opt/ros/humble LD_LIBRARY_PATH=/workspaces/isaac_ros-dev/install/isaac_ros_gxf/lib:${LD_LIBRARY_PATH} /usr/bin/cmake --install /workspaces/isaac_ros-dev/build/gxf_isaac_optimizer
