[0.390s] Invoking command in '/home/arturo-noble/Documents/GitHub/ACC_Development/Development/ros2/build/qcar2_autonomy': AMENT_PREFIX_PATH=/home/arturo-noble/Documents/GitHub/ACC_Development/Development/ros2/install/qcar2_interfaces:${AMENT_PREFIX_PATH} CMAKE_PREFIX_PATH=/home/arturo-noble/Documents/GitHub/ACC_Development/Development/ros2/install/qcar2_interfaces:${CMAKE_PREFIX_PATH} DEBUGINFOD_URLS=https://debuginfod.ubuntu.com LD_LIBRARY_PATH=/home/arturo-noble/Documents/GitHub/ACC_Development/Development/ros2/install/qcar2_interfaces/lib:${LD_LIBRARY_PATH} PYTHONPATH=/home/arturo-noble/Documents/GitHub/ACC_Development/Development/ros2/build/qcar2_autonomy/prefix_override:/usr/lib/python3/dist-packages/colcon_core/task/python/colcon_distutils_commands:/home/arturo-noble/Documents/GitHub/ACC_Development/Development/ros2/install/qcar2_autonomy/lib/python3.12/site-packages:/home/arturo-noble/Documents/GitHub/ACC_Development/Development/ros2/install/qcar2_interfaces/lib/python3.12/site-packages:${PYTHONPATH} /usr/bin/python3 -W ignore:setup.py install is deprecated -W ignore:easy_install command is deprecated setup.py develop --editable --build-directory /home/arturo-noble/Documents/GitHub/ACC_Development/Development/ros2/build/qcar2_autonomy/build --no-deps symlink_data
[0.579s] running develop
[0.650s] running egg_info
[0.656s] writing qcar2_autonomy.egg-info/PKG-INFO
[0.656s] writing dependency_links to qcar2_autonomy.egg-info/dependency_links.txt
[0.656s] writing entry points to qcar2_autonomy.egg-info/entry_points.txt
[0.656s] writing requirements to qcar2_autonomy.egg-info/requires.txt
[0.656s] writing top-level names to qcar2_autonomy.egg-info/top_level.txt
[0.673s] reading manifest file 'qcar2_autonomy.egg-info/SOURCES.txt'
[0.673s] writing manifest file 'qcar2_autonomy.egg-info/SOURCES.txt'
[0.682s] running build_ext
[0.683s] Creating /home/arturo-noble/Documents/GitHub/ACC_Development/Development/ros2/install/qcar2_autonomy/lib/python3.12/site-packages/qcar2-autonomy.egg-link (link to .)
[0.683s] Installing auto_teach_mapper script to /home/arturo-noble/Documents/GitHub/ACC_Development/Development/ros2/install/qcar2_autonomy/lib/qcar2_autonomy
[0.683s] Installing bev_csi_node script to /home/arturo-noble/Documents/GitHub/ACC_Development/Development/ros2/install/qcar2_autonomy/lib/qcar2_autonomy
[0.683s] Installing bev_csi_seg script to /home/arturo-noble/Documents/GitHub/ACC_Development/Development/ros2/install/qcar2_autonomy/lib/qcar2_autonomy
[0.684s] Installing controller_drive script to /home/arturo-noble/Documents/GitHub/ACC_Development/Development/ros2/install/qcar2_autonomy/lib/qcar2_autonomy
[0.684s] Installing lane_assist_blend script to /home/arturo-noble/Documents/GitHub/ACC_Development/Development/ros2/install/qcar2_autonomy/lib/qcar2_autonomy
[0.684s] Installing lane_detection script to /home/arturo-noble/Documents/GitHub/ACC_Development/Development/ros2/install/qcar2_autonomy/lib/qcar2_autonomy
[0.684s] Installing lane_stanley_node script to /home/arturo-noble/Documents/GitHub/ACC_Development/Development/ros2/install/qcar2_autonomy/lib/qcar2_autonomy
[0.684s] Installing manual_drive script to /home/arturo-noble/Documents/GitHub/ACC_Development/Development/ros2/install/qcar2_autonomy/lib/qcar2_autonomy
[0.684s] Installing path_follower script to /home/arturo-noble/Documents/GitHub/ACC_Development/Development/ros2/install/qcar2_autonomy/lib/qcar2_autonomy
[0.684s] Installing path_teacher script to /home/arturo-noble/Documents/GitHub/ACC_Development/Development/ros2/install/qcar2_autonomy/lib/qcar2_autonomy
[0.684s] Installing sidewalk_detection script to /home/arturo-noble/Documents/GitHub/ACC_Development/Development/ros2/install/qcar2_autonomy/lib/qcar2_autonomy
[0.684s] Installing stanley_live_plot script to /home/arturo-noble/Documents/GitHub/ACC_Development/Development/ros2/install/qcar2_autonomy/lib/qcar2_autonomy
[0.684s] Installing traffic_system_detector script to /home/arturo-noble/Documents/GitHub/ACC_Development/Development/ros2/install/qcar2_autonomy/lib/qcar2_autonomy
[0.684s] Installing trip_planner script to /home/arturo-noble/Documents/GitHub/ACC_Development/Development/ros2/install/qcar2_autonomy/lib/qcar2_autonomy
[0.684s] Installing yolo_detector script to /home/arturo-noble/Documents/GitHub/ACC_Development/Development/ros2/install/qcar2_autonomy/lib/qcar2_autonomy
[0.684s] 
[0.684s] Installed /home/arturo-noble/Documents/GitHub/ACC_Development/Development/ros2/build/qcar2_autonomy
[0.684s] running symlink_data
[0.684s] symbolically linking /home/arturo-noble/Documents/GitHub/ACC_Development/Development/ros2/build/qcar2_autonomy/launch/auto_teach_launch.py -> /home/arturo-noble/Documents/GitHub/ACC_Development/Development/ros2/install/qcar2_autonomy/share/qcar2_autonomy/launch
[0.709s] Invoked command in '/home/arturo-noble/Documents/GitHub/ACC_Development/Development/ros2/build/qcar2_autonomy' returned '0': AMENT_PREFIX_PATH=/home/arturo-noble/Documents/GitHub/ACC_Development/Development/ros2/install/qcar2_interfaces:${AMENT_PREFIX_PATH} CMAKE_PREFIX_PATH=/home/arturo-noble/Documents/GitHub/ACC_Development/Development/ros2/install/qcar2_interfaces:${CMAKE_PREFIX_PATH} DEBUGINFOD_URLS=https://debuginfod.ubuntu.com LD_LIBRARY_PATH=/home/arturo-noble/Documents/GitHub/ACC_Development/Development/ros2/install/qcar2_interfaces/lib:${LD_LIBRARY_PATH} PYTHONPATH=/home/arturo-noble/Documents/GitHub/ACC_Development/Development/ros2/build/qcar2_autonomy/prefix_override:/usr/lib/python3/dist-packages/colcon_core/task/python/colcon_distutils_commands:/home/arturo-noble/Documents/GitHub/ACC_Development/Development/ros2/install/qcar2_autonomy/lib/python3.12/site-packages:/home/arturo-noble/Documents/GitHub/ACC_Development/Development/ros2/install/qcar2_interfaces/lib/python3.12/site-packages:${PYTHONPATH} /usr/bin/python3 -W ignore:setup.py install is deprecated -W ignore:easy_install command is deprecated setup.py develop --editable --build-directory /home/arturo-noble/Documents/GitHub/ACC_Development/Development/ros2/build/qcar2_autonomy/build --no-deps symlink_data
