[0.047s] DEBUG:colcon:Command line arguments: ['/usr/bin/colcon', 'build', '--packages-select', 'qcar2_interfaces', 'qcar2_autonomy']
[0.047s] DEBUG:colcon:Parsed command line arguments: Namespace(log_base=None, log_level=None, verb_name='build', build_base='build', install_base='install', merge_install=False, symlink_install=False, test_result_base=None, continue_on_error=False, executor='parallel', parallel_workers=20, event_handlers=None, ignore_user_meta=False, metas=['./colcon.meta'], base_paths=['.'], packages_ignore=None, packages_ignore_regex=None, paths=None, packages_up_to=None, packages_up_to_regex=None, packages_above=None, packages_above_and_dependencies=None, packages_above_depth=None, packages_select_by_dep=None, packages_skip_by_dep=None, packages_skip_up_to=None, packages_select_build_failed=False, packages_skip_build_finished=False, packages_select_test_failures=False, packages_skip_test_passed=False, packages_select=['qcar2_interfaces', 'qcar2_autonomy'], packages_skip=None, packages_select_regex=None, packages_skip_regex=None, packages_start=None, packages_end=None, cmake_args=None, cmake_target=None, cmake_target_skip_unavailable=False, cmake_clean_cache=False, cmake_clean_first=False, cmake_force_configure=False, ament_cmake_args=None, catkin_cmake_args=None, catkin_skip_building_tests=False, verb_parser=<colcon_defaults.argument_parser.defaults.DefaultArgumentsDecorator object at 0x76a90bf1cc50>, verb_extension=<colcon_core.verb.build.BuildVerb object at 0x76a90bf1caa0>, main=<bound method BuildVerb.main of <colcon_core.verb.build.BuildVerb object at 0x76a90bf1caa0>>)
[0.066s] Level 1:colcon.colcon_core.package_discovery:discover_packages(colcon_meta) check parameters
[0.066s] Level 1:colcon.colcon_core.package_discovery:discover_packages(recursive) check parameters
[0.066s] Level 1:colcon.colcon_core.package_discovery:discover_packages(ignore) check parameters
[0.066s] Level 1:colcon.colcon_core.package_discovery:discover_packages(path) check parameters
[0.066s] Level 1:colcon.colcon_core.package_discovery:discover_packages(colcon_meta) discover
[0.066s] Level 1:colcon.colcon_core.package_discovery:discover_packages(recursive) discover
[0.066s] INFO:colcon.colcon_core.package_discovery:Crawling recursively for packages in '/home/arturo-noble/Documents/GitHub/ACC_Development/Development/ros2'
[0.066s] Level 1:colcon.colcon_core.package_identification:_identify(.) by extensions ['ignore', 'ignore_ament_install']
[0.067s] Level 1:colcon.colcon_core.package_identification:_identify(.) by extension 'ignore'
[0.067s] Level 1:colcon.colcon_core.package_identification:_identify(.) by extension 'ignore_ament_install'
[0.067s] Level 1:colcon.colcon_core.package_identification:_identify(.) by extensions ['colcon_pkg']
[0.067s] Level 1:colcon.colcon_core.package_identification:_identify(.) by extension 'colcon_pkg'
[0.067s] Level 1:colcon.colcon_core.package_identification:_identify(.) by extensions ['colcon_meta']
[0.067s] Level 1:colcon.colcon_core.package_identification:_identify(.) by extension 'colcon_meta'
[0.067s] Level 1:colcon.colcon_core.package_identification:_identify(.) by extensions ['ros']
[0.067s] Level 1:colcon.colcon_core.package_identification:_identify(.) by extension 'ros'
[0.080s] Level 1:colcon.colcon_core.package_identification:_identify(.) by extensions ['cmake', 'python']
[0.080s] Level 1:colcon.colcon_core.package_identification:_identify(.) by extension 'cmake'
[0.080s] Level 1:colcon.colcon_core.package_identification:_identify(.) by extension 'python'
[0.080s] Level 1:colcon.colcon_core.package_identification:_identify(.) by extensions ['python_setup_py']
[0.080s] Level 1:colcon.colcon_core.package_identification:_identify(.) by extension 'python_setup_py'
[0.080s] Level 1:colcon.colcon_core.package_identification:_identify(build) by extensions ['ignore', 'ignore_ament_install']
[0.080s] Level 1:colcon.colcon_core.package_identification:_identify(build) by extension 'ignore'
[0.080s] Level 1:colcon.colcon_core.package_identification:_identify(build) ignored
[0.080s] Level 1:colcon.colcon_core.package_identification:_identify(install) by extensions ['ignore', 'ignore_ament_install']
[0.080s] Level 1:colcon.colcon_core.package_identification:_identify(install) by extension 'ignore'
[0.080s] Level 1:colcon.colcon_core.package_identification:_identify(install) ignored
[0.080s] Level 1:colcon.colcon_core.package_identification:_identify(log) by extensions ['ignore', 'ignore_ament_install']
[0.080s] Level 1:colcon.colcon_core.package_identification:_identify(log) by extension 'ignore'
[0.080s] Level 1:colcon.colcon_core.package_identification:_identify(log) ignored
[0.080s] Level 1:colcon.colcon_core.package_identification:_identify(src) by extensions ['ignore', 'ignore_ament_install']
[0.080s] Level 1:colcon.colcon_core.package_identification:_identify(src) by extension 'ignore'
[0.080s] Level 1:colcon.colcon_core.package_identification:_identify(src) by extension 'ignore_ament_install'
[0.080s] Level 1:colcon.colcon_core.package_identification:_identify(src) by extensions ['colcon_pkg']
[0.080s] Level 1:colcon.colcon_core.package_identification:_identify(src) by extension 'colcon_pkg'
[0.080s] Level 1:colcon.colcon_core.package_identification:_identify(src) by extensions ['colcon_meta']
[0.080s] Level 1:colcon.colcon_core.package_identification:_identify(src) by extension 'colcon_meta'
[0.080s] Level 1:colcon.colcon_core.package_identification:_identify(src) by extensions ['ros']
[0.081s] Level 1:colcon.colcon_core.package_identification:_identify(src) by extension 'ros'
[0.081s] Level 1:colcon.colcon_core.package_identification:_identify(src) by extensions ['cmake', 'python']
[0.081s] Level 1:colcon.colcon_core.package_identification:_identify(src) by extension 'cmake'
[0.081s] Level 1:colcon.colcon_core.package_identification:_identify(src) by extension 'python'
[0.081s] Level 1:colcon.colcon_core.package_identification:_identify(src) by extensions ['python_setup_py']
[0.081s] Level 1:colcon.colcon_core.package_identification:_identify(src) by extension 'python_setup_py'
[0.081s] Level 1:colcon.colcon_core.package_identification:_identify(src/qcar2_autonomy) by extensions ['ignore', 'ignore_ament_install']
[0.081s] Level 1:colcon.colcon_core.package_identification:_identify(src/qcar2_autonomy) by extension 'ignore'
[0.081s] Level 1:colcon.colcon_core.package_identification:_identify(src/qcar2_autonomy) by extension 'ignore_ament_install'
[0.081s] Level 1:colcon.colcon_core.package_identification:_identify(src/qcar2_autonomy) by extensions ['colcon_pkg']
[0.081s] Level 1:colcon.colcon_core.package_identification:_identify(src/qcar2_autonomy) by extension 'colcon_pkg'
[0.081s] Level 1:colcon.colcon_core.package_identification:_identify(src/qcar2_autonomy) by extensions ['colcon_meta']
[0.081s] Level 1:colcon.colcon_core.package_identification:_identify(src/qcar2_autonomy) by extension 'colcon_meta'
[0.081s] Level 1:colcon.colcon_core.package_identification:_identify(src/qcar2_autonomy) by extensions ['ros']
[0.081s] Level 1:colcon.colcon_core.package_identification:_identify(src/qcar2_autonomy) by extension 'ros'
[0.082s] DEBUG:colcon.colcon_core.package_identification:Package 'src/qcar2_autonomy' with type 'ros.ament_python' and name 'qcar2_autonomy'
[0.082s] Level 1:colcon.colcon_core.package_identification:_identify(src/qcar2_interfaces) by extensions ['ignore', 'ignore_ament_install']
[0.082s] Level 1:colcon.colcon_core.package_identification:_identify(src/qcar2_interfaces) by extension 'ignore'
[0.082s] Level 1:colcon.colcon_core.package_identification:_identify(src/qcar2_interfaces) by extension 'ignore_ament_install'
[0.082s] Level 1:colcon.colcon_core.package_identification:_identify(src/qcar2_interfaces) by extensions ['colcon_pkg']
[0.082s] Level 1:colcon.colcon_core.package_identification:_identify(src/qcar2_interfaces) by extension 'colcon_pkg'
[0.082s] Level 1:colcon.colcon_core.package_identification:_identify(src/qcar2_interfaces) by extensions ['colcon_meta']
[0.082s] Level 1:colcon.colcon_core.package_identification:_identify(src/qcar2_interfaces) by extension 'colcon_meta'
[0.082s] Level 1:colcon.colcon_core.package_identification:_identify(src/qcar2_interfaces) by extensions ['ros']
[0.082s] Level 1:colcon.colcon_core.package_identification:_identify(src/qcar2_interfaces) by extension 'ros'
[0.083s] DEBUG:colcon.colcon_core.package_identification:Package 'src/qcar2_interfaces' with type 'ros.ament_cmake' and name 'qcar2_interfaces'
[0.083s] Level 1:colcon.colcon_core.package_identification:_identify(src/qcar2_nodes) by extensions ['ignore', 'ignore_ament_install']
[0.083s] Level 1:colcon.colcon_core.package_identification:_identify(src/qcar2_nodes) by extension 'ignore'
[0.083s] Level 1:colcon.colcon_core.package_identification:_identify(src/qcar2_nodes) by extension 'ignore_ament_install'
[0.083s] Level 1:colcon.colcon_core.package_identification:_identify(src/qcar2_nodes) by extensions ['colcon_pkg']
[0.083s] Level 1:colcon.colcon_core.package_identification:_identify(src/qcar2_nodes) by extension 'colcon_pkg'
[0.083s] Level 1:colcon.colcon_core.package_identification:_identify(src/qcar2_nodes) by extensions ['colcon_meta']
[0.083s] Level 1:colcon.colcon_core.package_identification:_identify(src/qcar2_nodes) by extension 'colcon_meta'
[0.083s] Level 1:colcon.colcon_core.package_identification:_identify(src/qcar2_nodes) by extensions ['ros']
[0.083s] Level 1:colcon.colcon_core.package_identification:_identify(src/qcar2_nodes) by extension 'ros'
[0.084s] DEBUG:colcon.colcon_core.package_identification:Package 'src/qcar2_nodes' with type 'ros.ament_cmake' and name 'qcar2_nodes'
[0.084s] Level 1:colcon.colcon_core.package_discovery:discover_packages(recursive) using defaults
[0.084s] Level 1:colcon.colcon_core.package_discovery:discover_packages(ignore) discover
[0.084s] Level 1:colcon.colcon_core.package_discovery:discover_packages(ignore) using defaults
[0.084s] Level 1:colcon.colcon_core.package_discovery:discover_packages(path) discover
[0.084s] Level 1:colcon.colcon_core.package_discovery:discover_packages(path) using defaults
[0.094s] INFO:colcon.colcon_core.package_selection:Skipping not selected package 'qcar2_nodes' in 'src/qcar2_nodes'
[0.094s] Level 5:colcon.colcon_core.verb:set package 'qcar2_interfaces' build argument 'cmake_args' from command line to 'None'
[0.094s] Level 5:colcon.colcon_core.verb:set package 'qcar2_interfaces' build argument 'cmake_target' from command line to 'None'
[0.094s] Level 5:colcon.colcon_core.verb:set package 'qcar2_interfaces' build argument 'cmake_target_skip_unavailable' from command line to 'False'
[0.094s] Level 5:colcon.colcon_core.verb:set package 'qcar2_interfaces' build argument 'cmake_clean_cache' from command line to 'False'
[0.095s] Level 5:colcon.colcon_core.verb:set package 'qcar2_interfaces' build argument 'cmake_clean_first' from command line to 'False'
[0.095s] Level 5:colcon.colcon_core.verb:set package 'qcar2_interfaces' build argument 'cmake_force_configure' from command line to 'False'
[0.095s] Level 5:colcon.colcon_core.verb:set package 'qcar2_interfaces' build argument 'ament_cmake_args' from command line to 'None'
[0.095s] Level 5:colcon.colcon_core.verb:set package 'qcar2_interfaces' build argument 'catkin_cmake_args' from command line to 'None'
[0.095s] Level 5:colcon.colcon_core.verb:set package 'qcar2_interfaces' build argument 'catkin_skip_building_tests' from command line to 'False'
[0.095s] DEBUG:colcon.colcon_core.verb:Building package 'qcar2_interfaces' with the following arguments: {'ament_cmake_args': None, 'build_base': '/home/arturo-noble/Documents/GitHub/ACC_Development/Development/ros2/build/qcar2_interfaces', 'catkin_cmake_args': None, 'catkin_skip_building_tests': False, 'cmake_args': None, 'cmake_clean_cache': False, 'cmake_clean_first': False, 'cmake_force_configure': False, 'cmake_target': None, 'cmake_target_skip_unavailable': False, 'install_base': '/home/arturo-noble/Documents/GitHub/ACC_Development/Development/ros2/install/qcar2_interfaces', 'merge_install': False, 'path': '/home/arturo-noble/Documents/GitHub/ACC_Development/Development/ros2/src/qcar2_interfaces', 'symlink_install': False, 'test_result_base': None}
[0.095s] Level 5:colcon.colcon_core.verb:set package 'qcar2_autonomy' build argument 'cmake_args' from command line to 'None'
[0.095s] Level 5:colcon.colcon_core.verb:set package 'qcar2_autonomy' build argument 'cmake_target' from command line to 'None'
[0.095s] Level 5:colcon.colcon_core.verb:set package 'qcar2_autonomy' build argument 'cmake_target_skip_unavailable' from command line to 'False'
[0.095s] Level 5:colcon.colcon_core.verb:set package 'qcar2_autonomy' build argument 'cmake_clean_cache' from command line to 'False'
[0.095s] Level 5:colcon.colcon_core.verb:set package 'qcar2_autonomy' build argument 'cmake_clean_first' from command line to 'False'
[0.095s] Level 5:colcon.colcon_core.verb:set package 'qcar2_autonomy' build argument 'cmake_force_configure' from command line to 'False'
[0.095s] Level 5:colcon.colcon_core.verb:set package 'qcar2_autonomy' build argument 'ament_cmake_args' from command line to 'None'
[0.095s] Level 5:colcon.colcon_core.verb:set package 'qcar2_autonomy' build argument 'catkin_cmake_args' from command line to 'None'
[0.095s] Level 5:colcon.colcon_core.verb:set package 'qcar2_autonomy' build argument 'catkin_skip_building_tests' from command line to 'False'
[0.095s] DEBUG:colcon.colcon_core.verb:Building package 'qcar2_autonomy' with the following arguments: {'ament_cmake_args': None, 'build_base': '/home/arturo-noble/Documents/GitHub/ACC_Development/Development/ros2/build/qcar2_autonomy', 'catkin_cmake_args': None, 'catkin_skip_building_tests': False, 'cmake_args': None, 'cmake_clean_cache': False, 'cmake_clean_first': False, 'cmake_force_configure': False, 'cmake_target': None, 'cmake_target_skip_unavailable': False, 'install_base': '/home/arturo-noble/Documents/GitHub/ACC_Development/Development/ros2/install/qcar2_autonomy', 'merge_install': False, 'path': '/home/arturo-noble/Documents/GitHub/ACC_Development/Development/ros2/src/qcar2_autonomy', 'symlink_install': False, 'test_result_base': None}
[0.095s] INFO:colcon.colcon_core.executor:Executing jobs using 'parallel' executor
[0.096s] DEBUG:colcon.colcon_parallel_executor.executor.parallel:run_until_complete
[0.096s] INFO:colcon.colcon_ros.task.ament_cmake.build:Building ROS package in '/home/arturo-noble/Documents/GitHub/ACC_Development/Development/ros2/src/qcar2_interfaces' with build type 'ament_cmake'
[0.096s] INFO:colcon.colcon_cmake.task.cmake.build:Building CMake package in '/home/arturo-noble/Documents/GitHub/ACC_Development/Development/ros2/src/qcar2_interfaces'
[0.097s] INFO:colcon.colcon_core.plugin_system:Skipping extension 'colcon_core.shell.bat': Not used on non-Windows systems
[0.097s] DEBUG:colcon.colcon_core.shell:Skip shell extension 'dsv' for command environment
[0.104s] DEBUG:colcon.colcon_core.event_handler.log_command:Invoking command in '/home/arturo-noble/Documents/GitHub/ACC_Development/Development/ros2/build/qcar2_interfaces': CMAKE_PREFIX_PATH=${CMAKE_PREFIX_PATH}:/opt/ros/kilted DEBUGINFOD_URLS=https://debuginfod.ubuntu.com /usr/bin/cmake /home/arturo-noble/Documents/GitHub/ACC_Development/Development/ros2/src/qcar2_interfaces -DCMAKE_INSTALL_PREFIX=/home/arturo-noble/Documents/GitHub/ACC_Development/Development/ros2/install/qcar2_interfaces
[0.880s] DEBUG:colcon.colcon_core.event_handler.log_command:Invoked command in '/home/arturo-noble/Documents/GitHub/ACC_Development/Development/ros2/build/qcar2_interfaces' returned '0': CMAKE_PREFIX_PATH=${CMAKE_PREFIX_PATH}:/opt/ros/kilted DEBUGINFOD_URLS=https://debuginfod.ubuntu.com /usr/bin/cmake /home/arturo-noble/Documents/GitHub/ACC_Development/Development/ros2/src/qcar2_interfaces -DCMAKE_INSTALL_PREFIX=/home/arturo-noble/Documents/GitHub/ACC_Development/Development/ros2/install/qcar2_interfaces
[0.881s] DEBUG:colcon.colcon_core.event_handler.log_command:Invoking command in '/home/arturo-noble/Documents/GitHub/ACC_Development/Development/ros2/build/qcar2_interfaces': CMAKE_PREFIX_PATH=${CMAKE_PREFIX_PATH}:/opt/ros/kilted DEBUGINFOD_URLS=https://debuginfod.ubuntu.com /usr/bin/cmake --build /home/arturo-noble/Documents/GitHub/ACC_Development/Development/ros2/build/qcar2_interfaces -- -j20 -l20
[1.141s] DEBUG:colcon.colcon_core.event_handler.log_command:Invoked command in '/home/arturo-noble/Documents/GitHub/ACC_Development/Development/ros2/build/qcar2_interfaces' returned '0': CMAKE_PREFIX_PATH=${CMAKE_PREFIX_PATH}:/opt/ros/kilted DEBUGINFOD_URLS=https://debuginfod.ubuntu.com /usr/bin/cmake --build /home/arturo-noble/Documents/GitHub/ACC_Development/Development/ros2/build/qcar2_interfaces -- -j20 -l20
[1.149s] DEBUG:colcon.colcon_core.event_handler.log_command:Invoking command in '/home/arturo-noble/Documents/GitHub/ACC_Development/Development/ros2/build/qcar2_interfaces': CMAKE_PREFIX_PATH=${CMAKE_PREFIX_PATH}:/opt/ros/kilted DEBUGINFOD_URLS=https://debuginfod.ubuntu.com /usr/bin/cmake --install /home/arturo-noble/Documents/GitHub/ACC_Development/Development/ros2/build/qcar2_interfaces
[1.643s] Level 1:colcon.colcon_core.environment:create_environment_scripts_only(qcar2_interfaces)
[1.643s] DEBUG:colcon.colcon_core.event_handler.log_command:Invoked command in '/home/arturo-noble/Documents/GitHub/ACC_Development/Development/ros2/build/qcar2_interfaces' returned '0': CMAKE_PREFIX_PATH=${CMAKE_PREFIX_PATH}:/opt/ros/kilted DEBUGINFOD_URLS=https://debuginfod.ubuntu.com /usr/bin/cmake --install /home/arturo-noble/Documents/GitHub/ACC_Development/Development/ros2/build/qcar2_interfaces
[1.646s] Level 1:colcon.colcon_core.environment:checking '/home/arturo-noble/Documents/GitHub/ACC_Development/Development/ros2/install/qcar2_interfaces' for CMake module files
[1.646s] Level 1:colcon.colcon_core.environment:checking '/home/arturo-noble/Documents/GitHub/ACC_Development/Development/ros2/install/qcar2_interfaces' for CMake config files
[1.647s] Level 1:colcon.colcon_core.shell:create_environment_hook('qcar2_interfaces', 'cmake_prefix_path')
[1.647s] INFO:colcon.colcon_core.shell:Creating environment descriptor '/home/arturo-noble/Documents/GitHub/ACC_Development/Development/ros2/install/qcar2_interfaces/share/qcar2_interfaces/hook/cmake_prefix_path.dsv'
[1.647s] INFO:colcon.colcon_core.shell:Creating environment hook '/home/arturo-noble/Documents/GitHub/ACC_Development/Development/ros2/install/qcar2_interfaces/share/qcar2_interfaces/hook/cmake_prefix_path.sh'
[1.648s] Level 1:colcon.colcon_core.environment:checking '/home/arturo-noble/Documents/GitHub/ACC_Development/Development/ros2/install/qcar2_interfaces/lib'
[1.648s] Level 1:colcon.colcon_core.shell:create_environment_hook('qcar2_interfaces', 'ld_library_path_lib')
[1.648s] INFO:colcon.colcon_core.shell:Creating environment descriptor '/home/arturo-noble/Documents/GitHub/ACC_Development/Development/ros2/install/qcar2_interfaces/share/qcar2_interfaces/hook/ld_library_path_lib.dsv'
[1.648s] INFO:colcon.colcon_core.shell:Creating environment hook '/home/arturo-noble/Documents/GitHub/ACC_Development/Development/ros2/install/qcar2_interfaces/share/qcar2_interfaces/hook/ld_library_path_lib.sh'
[1.648s] Level 1:colcon.colcon_core.environment:checking '/home/arturo-noble/Documents/GitHub/ACC_Development/Development/ros2/install/qcar2_interfaces/bin'
[1.648s] Level 1:colcon.colcon_core.environment:checking '/home/arturo-noble/Documents/GitHub/ACC_Development/Development/ros2/install/qcar2_interfaces/lib/pkgconfig/qcar2_interfaces.pc'
[1.649s] Level 1:colcon.colcon_core.environment:checking '/home/arturo-noble/Documents/GitHub/ACC_Development/Development/ros2/install/qcar2_interfaces/lib/python3.12/site-packages'
[1.649s] Level 1:colcon.colcon_core.shell:create_environment_hook('qcar2_interfaces', 'pythonpath')
[1.649s] INFO:colcon.colcon_core.shell:Creating environment descriptor '/home/arturo-noble/Documents/GitHub/ACC_Development/Development/ros2/install/qcar2_interfaces/share/qcar2_interfaces/hook/pythonpath.dsv'
[1.650s] INFO:colcon.colcon_core.shell:Creating environment hook '/home/arturo-noble/Documents/GitHub/ACC_Development/Development/ros2/install/qcar2_interfaces/share/qcar2_interfaces/hook/pythonpath.sh'
[1.650s] Level 1:colcon.colcon_core.environment:checking '/home/arturo-noble/Documents/GitHub/ACC_Development/Development/ros2/install/qcar2_interfaces/bin'
[1.650s] INFO:colcon.colcon_core.shell:Creating package descriptor '/home/arturo-noble/Documents/GitHub/ACC_Development/Development/ros2/install/qcar2_interfaces/share/qcar2_interfaces/package.dsv'
[1.650s] INFO:colcon.colcon_core.shell:Creating package script '/home/arturo-noble/Documents/GitHub/ACC_Development/Development/ros2/install/qcar2_interfaces/share/qcar2_interfaces/package.sh'
[1.651s] INFO:colcon.colcon_core.shell:Creating package script '/home/arturo-noble/Documents/GitHub/ACC_Development/Development/ros2/install/qcar2_interfaces/share/qcar2_interfaces/package.bash'
[1.654s] INFO:colcon.colcon_core.shell:Creating package script '/home/arturo-noble/Documents/GitHub/ACC_Development/Development/ros2/install/qcar2_interfaces/share/qcar2_interfaces/package.zsh'
[1.654s] Level 1:colcon.colcon_core.environment:create_file_with_runtime_dependencies(/home/arturo-noble/Documents/GitHub/ACC_Development/Development/ros2/install/qcar2_interfaces/share/colcon-core/packages/qcar2_interfaces)
[1.654s] Level 1:colcon.colcon_core.environment:create_environment_scripts_only(qcar2_interfaces)
[1.654s] Level 1:colcon.colcon_core.environment:checking '/home/arturo-noble/Documents/GitHub/ACC_Development/Development/ros2/install/qcar2_interfaces' for CMake module files
[1.655s] Level 1:colcon.colcon_core.environment:checking '/home/arturo-noble/Documents/GitHub/ACC_Development/Development/ros2/install/qcar2_interfaces' for CMake config files
[1.655s] Level 1:colcon.colcon_core.shell:create_environment_hook('qcar2_interfaces', 'cmake_prefix_path')
[1.655s] INFO:colcon.colcon_core.shell:Creating environment descriptor '/home/arturo-noble/Documents/GitHub/ACC_Development/Development/ros2/install/qcar2_interfaces/share/qcar2_interfaces/hook/cmake_prefix_path.dsv'
[1.655s] INFO:colcon.colcon_core.shell:Creating environment hook '/home/arturo-noble/Documents/GitHub/ACC_Development/Development/ros2/install/qcar2_interfaces/share/qcar2_interfaces/hook/cmake_prefix_path.sh'
[1.655s] Level 1:colcon.colcon_core.environment:checking '/home/arturo-noble/Documents/GitHub/ACC_Development/Development/ros2/install/qcar2_interfaces/lib'
[1.656s] Level 1:colcon.colcon_core.shell:create_environment_hook('qcar2_interfaces', 'ld_library_path_lib')
[1.656s] INFO:colcon.colcon_core.shell:Creating environment descriptor '/home/arturo-noble/Documents/GitHub/ACC_Development/Development/ros2/install/qcar2_interfaces/share/qcar2_interfaces/hook/ld_library_path_lib.dsv'
[1.656s] INFO:colcon.colcon_core.shell:Creating environment hook '/home/arturo-noble/Documents/GitHub/ACC_Development/Development/ros2/install/qcar2_interfaces/share/qcar2_interfaces/hook/ld_library_path_lib.sh'
[1.656s] Level 1:colcon.colcon_core.environment:checking '/home/arturo-noble/Documents/GitHub/ACC_Development/Development/ros2/install/qcar2_interfaces/bin'
[1.656s] Level 1:colcon.colcon_core.environment:checking '/home/arturo-noble/Documents/GitHub/ACC_Development/Development/ros2/install/qcar2_interfaces/lib/pkgconfig/qcar2_interfaces.pc'
[1.656s] Level 1:colcon.colcon_core.environment:checking '/home/arturo-noble/Documents/GitHub/ACC_Development/Development/ros2/install/qcar2_interfaces/lib/python3.12/site-packages'
[1.656s] Level 1:colcon.colcon_core.shell:create_environment_hook('qcar2_interfaces', 'pythonpath')
[1.656s] INFO:colcon.colcon_core.shell:Creating environment descriptor '/home/arturo-noble/Documents/GitHub/ACC_Development/Development/ros2/install/qcar2_interfaces/share/qcar2_interfaces/hook/pythonpath.dsv'
[1.656s] INFO:colcon.colcon_core.shell:Creating environment hook '/home/arturo-noble/Documents/GitHub/ACC_Development/Development/ros2/install/qcar2_interfaces/share/qcar2_interfaces/hook/pythonpath.sh'
[1.657s] Level 1:colcon.colcon_core.environment:checking '/home/arturo-noble/Documents/GitHub/ACC_Development/Development/ros2/install/qcar2_interfaces/bin'
[1.657s] INFO:colcon.colcon_core.shell:Creating package descriptor '/home/arturo-noble/Documents/GitHub/ACC_Development/Development/ros2/install/qcar2_interfaces/share/qcar2_interfaces/package.dsv'
[1.657s] INFO:colcon.colcon_core.shell:Creating package script '/home/arturo-noble/Documents/GitHub/ACC_Development/Development/ros2/install/qcar2_interfaces/share/qcar2_interfaces/package.sh'
[1.657s] INFO:colcon.colcon_core.shell:Creating package script '/home/arturo-noble/Documents/GitHub/ACC_Development/Development/ros2/install/qcar2_interfaces/share/qcar2_interfaces/package.bash'
[1.657s] INFO:colcon.colcon_core.shell:Creating package script '/home/arturo-noble/Documents/GitHub/ACC_Development/Development/ros2/install/qcar2_interfaces/share/qcar2_interfaces/package.zsh'
[1.657s] Level 1:colcon.colcon_core.environment:create_file_with_runtime_dependencies(/home/arturo-noble/Documents/GitHub/ACC_Development/Development/ros2/install/qcar2_interfaces/share/colcon-core/packages/qcar2_interfaces)
[1.657s] INFO:colcon.colcon_ros.task.ament_python.build:Building ROS package in '/home/arturo-noble/Documents/GitHub/ACC_Development/Development/ros2/src/qcar2_autonomy' with build type 'ament_python'
[1.658s] Level 1:colcon.colcon_core.shell:create_environment_hook('qcar2_autonomy', 'ament_prefix_path')
[1.658s] INFO:colcon.colcon_core.shell:Creating environment descriptor '/home/arturo-noble/Documents/GitHub/ACC_Development/Development/ros2/install/qcar2_autonomy/share/qcar2_autonomy/hook/ament_prefix_path.dsv'
[1.658s] INFO:colcon.colcon_core.shell:Creating environment hook '/home/arturo-noble/Documents/GitHub/ACC_Development/Development/ros2/install/qcar2_autonomy/share/qcar2_autonomy/hook/ament_prefix_path.sh'
[1.658s] DEBUG:colcon.colcon_core.shell:Skip shell extension 'dsv' for command environment
[1.768s] INFO:colcon.colcon_core.task.python.build:Building Python package in '/home/arturo-noble/Documents/GitHub/ACC_Development/Development/ros2/src/qcar2_autonomy'
[1.769s] DEBUG:colcon.colcon_core.shell:Skip shell extension 'dsv' for command environment
[2.101s] DEBUG:colcon.colcon_core.event_handler.log_command:Invoking command in '/home/arturo-noble/Documents/GitHub/ACC_Development/Development/ros2/src/qcar2_autonomy': AMENT_PREFIX_PATH=/home/arturo-noble/Documents/GitHub/ACC_Development/Development/ros2/install/qcar2_interfaces:${AMENT_PREFIX_PATH} CMAKE_PREFIX_PATH=/home/arturo-noble/Documents/GitHub/ACC_Development/Development/ros2/install/qcar2_interfaces:${CMAKE_PREFIX_PATH} DEBUGINFOD_URLS=https://debuginfod.ubuntu.com LD_LIBRARY_PATH=/home/arturo-noble/Documents/GitHub/ACC_Development/Development/ros2/install/qcar2_interfaces/lib:${LD_LIBRARY_PATH} PYTHONPATH=/home/arturo-noble/Documents/GitHub/ACC_Development/Development/ros2/build/qcar2_autonomy/prefix_override:/usr/lib/python3/dist-packages/colcon_core/task/python/colcon_distutils_commands:/home/arturo-noble/Documents/GitHub/ACC_Development/Development/ros2/install/qcar2_autonomy/lib/python3.12/site-packages:/home/arturo-noble/Documents/GitHub/ACC_Development/Development/ros2/install/qcar2_interfaces/lib/python3.12/site-packages:${PYTHONPATH} /usr/bin/python3 -W ignore:setup.py install is deprecated -W ignore:easy_install command is deprecated setup.py egg_info --egg-base ../../build/qcar2_autonomy build --build-base /home/arturo-noble/Documents/GitHub/ACC_Development/Development/ros2/build/qcar2_autonomy/build install --record /home/arturo-noble/Documents/GitHub/ACC_Development/Development/ros2/build/qcar2_autonomy/install.log --single-version-externally-managed install_data
[2.350s] Level 1:colcon.colcon_core.environment:checking '/home/arturo-noble/Documents/GitHub/ACC_Development/Development/ros2/install/qcar2_autonomy' for CMake module files
[2.351s] DEBUG:colcon.colcon_core.event_handler.log_command:Invoked command in '/home/arturo-noble/Documents/GitHub/ACC_Development/Development/ros2/src/qcar2_autonomy' returned '0': AMENT_PREFIX_PATH=/home/arturo-noble/Documents/GitHub/ACC_Development/Development/ros2/install/qcar2_interfaces:${AMENT_PREFIX_PATH} CMAKE_PREFIX_PATH=/home/arturo-noble/Documents/GitHub/ACC_Development/Development/ros2/install/qcar2_interfaces:${CMAKE_PREFIX_PATH} DEBUGINFOD_URLS=https://debuginfod.ubuntu.com LD_LIBRARY_PATH=/home/arturo-noble/Documents/GitHub/ACC_Development/Development/ros2/install/qcar2_interfaces/lib:${LD_LIBRARY_PATH} PYTHONPATH=/home/arturo-noble/Documents/GitHub/ACC_Development/Development/ros2/build/qcar2_autonomy/prefix_override:/usr/lib/python3/dist-packages/colcon_core/task/python/colcon_distutils_commands:/home/arturo-noble/Documents/GitHub/ACC_Development/Development/ros2/install/qcar2_autonomy/lib/python3.12/site-packages:/home/arturo-noble/Documents/GitHub/ACC_Development/Development/ros2/install/qcar2_interfaces/lib/python3.12/site-packages:${PYTHONPATH} /usr/bin/python3 -W ignore:setup.py install is deprecated -W ignore:easy_install command is deprecated setup.py egg_info --egg-base ../../build/qcar2_autonomy build --build-base /home/arturo-noble/Documents/GitHub/ACC_Development/Development/ros2/build/qcar2_autonomy/build install --record /home/arturo-noble/Documents/GitHub/ACC_Development/Development/ros2/build/qcar2_autonomy/install.log --single-version-externally-managed install_data
[2.351s] Level 1:colcon.colcon_core.environment:checking '/home/arturo-noble/Documents/GitHub/ACC_Development/Development/ros2/install/qcar2_autonomy' for CMake config files
[2.352s] Level 1:colcon.colcon_core.environment:checking '/home/arturo-noble/Documents/GitHub/ACC_Development/Development/ros2/install/qcar2_autonomy/lib'
[2.352s] Level 1:colcon.colcon_core.environment:checking '/home/arturo-noble/Documents/GitHub/ACC_Development/Development/ros2/install/qcar2_autonomy/bin'
[2.352s] Level 1:colcon.colcon_core.environment:checking '/home/arturo-noble/Documents/GitHub/ACC_Development/Development/ros2/install/qcar2_autonomy/lib/pkgconfig/qcar2_autonomy.pc'
[2.352s] Level 1:colcon.colcon_core.environment:checking '/home/arturo-noble/Documents/GitHub/ACC_Development/Development/ros2/install/qcar2_autonomy/lib/python3.12/site-packages'
[2.352s] Level 1:colcon.colcon_core.shell:create_environment_hook('qcar2_autonomy', 'pythonpath')
[2.352s] INFO:colcon.colcon_core.shell:Creating environment descriptor '/home/arturo-noble/Documents/GitHub/ACC_Development/Development/ros2/install/qcar2_autonomy/share/qcar2_autonomy/hook/pythonpath.dsv'
[2.352s] INFO:colcon.colcon_core.shell:Creating environment hook '/home/arturo-noble/Documents/GitHub/ACC_Development/Development/ros2/install/qcar2_autonomy/share/qcar2_autonomy/hook/pythonpath.sh'
[2.353s] Level 1:colcon.colcon_core.environment:checking '/home/arturo-noble/Documents/GitHub/ACC_Development/Development/ros2/install/qcar2_autonomy/bin'
[2.353s] Level 1:colcon.colcon_core.environment:create_environment_scripts_only(qcar2_autonomy)
[2.353s] INFO:colcon.colcon_core.shell:Creating package descriptor '/home/arturo-noble/Documents/GitHub/ACC_Development/Development/ros2/install/qcar2_autonomy/share/qcar2_autonomy/package.dsv'
[2.353s] INFO:colcon.colcon_core.shell:Creating package script '/home/arturo-noble/Documents/GitHub/ACC_Development/Development/ros2/install/qcar2_autonomy/share/qcar2_autonomy/package.sh'
[2.353s] INFO:colcon.colcon_core.shell:Creating package script '/home/arturo-noble/Documents/GitHub/ACC_Development/Development/ros2/install/qcar2_autonomy/share/qcar2_autonomy/package.bash'
[2.353s] INFO:colcon.colcon_core.shell:Creating package script '/home/arturo-noble/Documents/GitHub/ACC_Development/Development/ros2/install/qcar2_autonomy/share/qcar2_autonomy/package.zsh'
[2.353s] Level 1:colcon.colcon_core.environment:create_file_with_runtime_dependencies(/home/arturo-noble/Documents/GitHub/ACC_Development/Development/ros2/install/qcar2_autonomy/share/colcon-core/packages/qcar2_autonomy)
[2.353s] DEBUG:colcon.colcon_parallel_executor.executor.parallel:closing loop
[2.354s] DEBUG:colcon.colcon_parallel_executor.executor.parallel:loop closed
[2.354s] DEBUG:colcon.colcon_parallel_executor.executor.parallel:run_until_complete finished with '0'
[2.354s] DEBUG:colcon.colcon_core.event_reactor:joining thread
[2.358s] INFO:colcon.colcon_core.plugin_system:Skipping extension 'colcon_notification.desktop_notification.terminal_notifier': Not used on non-Darwin systems
[2.358s] INFO:colcon.colcon_core.plugin_system:Skipping extension 'colcon_notification.desktop_notification.win32': Not used on non-Windows systems
[2.358s] INFO:colcon.colcon_notification.desktop_notification:Sending desktop notification using 'notify2'
[2.367s] DEBUG:colcon.colcon_core.event_reactor:joined thread
[2.367s] INFO:colcon.colcon_core.shell:Creating prefix script '/home/arturo-noble/Documents/GitHub/ACC_Development/Development/ros2/install/local_setup.sh'
[2.367s] INFO:colcon.colcon_core.shell:Creating prefix util module '/home/arturo-noble/Documents/GitHub/ACC_Development/Development/ros2/install/_local_setup_util_sh.py'
[2.368s] INFO:colcon.colcon_core.shell:Creating prefix chain script '/home/arturo-noble/Documents/GitHub/ACC_Development/Development/ros2/install/setup.sh'
[2.368s] INFO:colcon.colcon_core.shell:Creating prefix script '/home/arturo-noble/Documents/GitHub/ACC_Development/Development/ros2/install/local_setup.bash'
[2.369s] INFO:colcon.colcon_core.shell:Creating prefix chain script '/home/arturo-noble/Documents/GitHub/ACC_Development/Development/ros2/install/setup.bash'
[2.369s] INFO:colcon.colcon_core.shell:Creating prefix script '/home/arturo-noble/Documents/GitHub/ACC_Development/Development/ros2/install/local_setup.zsh'
[2.369s] INFO:colcon.colcon_core.shell:Creating prefix chain script '/home/arturo-noble/Documents/GitHub/ACC_Development/Development/ros2/install/setup.zsh'
