[0.150s] Invoking command in '/workspaces/isaac_ros-dev/Development/ros2/build/rtabmap_odom': AMENT_PREFIX_PATH=/workspaces/isaac_ros-dev/Development/ros2/install/rtabmap_util:/workspaces/isaac_ros-dev/Development/ros2/install/rtabmap_sync:/workspaces/isaac_ros-dev/Development/ros2/install/rtabmap_conversions:/workspaces/isaac_ros-dev/Development/ros2/install/rtabmap_msgs:${AMENT_PREFIX_PATH} CMAKE_PREFIX_PATH=/workspaces/isaac_ros-dev/Development/ros2/install/rtabmap_util:/workspaces/isaac_ros-dev/Development/ros2/install/rtabmap_sync:/workspaces/isaac_ros-dev/Development/ros2/install/rtabmap_conversions:/workspaces/isaac_ros-dev/Development/ros2/install/rtabmap_msgs:/workspaces/isaac_ros-dev/Development/ros2/install/rtabmap:/workspace/cartographer_ws/install/perception_pcl:/workspace/cartographer_ws/install/pcl_ros:/workspace/cartographer_ws/install/cartographer_rviz:/workspace/cartographer_ws/install/cartographer_ros:/workspace/cartographer_ws/install/pcl_conversions:/workspace/cartographer_ws/install/pcl_msgs:/workspace/cartographer_ws/install/isaac_ros_tensor_list_interfaces:/workspace/cartographer_ws/install/isaac_ros_pointcloud_interfaces:/workspace/cartographer_ws/install/isaac_ros_nova_interfaces:/workspace/cartographer_ws/install/isaac_ros_nitros_bridge_interfaces:/workspace/cartographer_ws/install/isaac_ros_common:/workspace/cartographer_ws/install/isaac_ros_bi3d_interfaces:/workspace/cartographer_ws/install/isaac_ros_apriltag_interfaces:/workspace/cartographer_ws/install/control_msgs:/workspace/cartographer_ws/install/cartographer_ros_msgs:/workspace/cartographer_ws/install/cartographer:/workspace/cartographer_ws/install/absl:/workspace/cartographer_ws/install/isaac_ros_test:/opt/ros/humble LD_LIBRARY_PATH=/workspaces/isaac_ros-dev/Development/ros2/install/rtabmap_util/lib:/workspaces/isaac_ros-dev/Development/ros2/install/rtabmap_sync/lib:/workspaces/isaac_ros-dev/Development/ros2/install/rtabmap_conversions/lib:/workspaces/isaac_ros-dev/Development/ros2/install/rtabmap_msgs/lib:/workspaces/isaac_ros-dev/Development/ros2/install/rtabmap/lib:${LD_LIBRARY_PATH} PATH=/workspaces/isaac_ros-dev/Development/ros2/install/rtabmap/bin:${PATH} PKG_CONFIG_PATH=/workspaces/isaac_ros-dev/Development/ros2/install/rtabmap/lib/x86_64-linux-gnu/pkgconfig:/workspaces/isaac_ros-dev/Development/ros2/install/rtabmap/lib/pkgconfig:${PKG_CONFIG_PATH} PYTHONPATH=/workspaces/isaac_ros-dev/Development/ros2/install/rtabmap_msgs/lib/python3.8/site-packages:${PYTHONPATH} /usr/bin/cmake /workspaces/isaac_ros-dev/Development/ros2/src/rtabmap_ros/rtabmap_odom -DCMAKE_BUILD_TYPE=Release -DBUILD_APP=OFF -DBUILD_TOOLS=OFF -DBUILD_EXAMPLES=OFF -DWITH_QT=OFF -DWITH_G2O=OFF -DWITH_GTSAM=OFF -DWITH_POINTMATCHER=OFF -DAMENT_CMAKE_SYMLINK_INSTALL=1 -DCMAKE_INSTALL_PREFIX=/workspaces/isaac_ros-dev/Development/ros2/install/rtabmap_odom
[0.291s] -- The C compiler identification is GNU 9.4.0
[0.400s] -- The CXX compiler identification is GNU 9.4.0
[0.413s] -- Detecting C compiler ABI info
[0.514s] -- Detecting C compiler ABI info - done
[0.525s] -- Check for working C compiler: /usr/bin/cc - skipped
[0.525s] -- Detecting C compile features
[0.526s] -- Detecting C compile features - done
[0.531s] -- Detecting CXX compiler ABI info
[0.642s] -- Detecting CXX compiler ABI info - done
[0.653s] -- Check for working CXX compiler: /usr/bin/c++ - skipped
[0.654s] -- Detecting CXX compile features
[0.654s] -- Detecting CXX compile features - done
[0.669s] -- Found ament_cmake_ros: 0.10.0 (/opt/ros/humble/share/ament_cmake_ros/cmake)
[1.682s] -- Found Python3: /usr/bin/python3.8 (found version "3.8.10") found components: Interpreter 
[1.807s] -- Override CMake install command with custom implementation using symlinks instead of copying resources
[1.903s] -- Found cv_bridge: 3.2.1 (/opt/ros/humble/share/cv_bridge/cmake)
[2.031s] -- Found rosidl_generator_c: 3.1.5 (/opt/ros/humble/share/rosidl_generator_c/cmake)
[2.046s] -- Found rosidl_adapter: 3.1.5 (/opt/ros/humble/share/rosidl_adapter/cmake)
[2.072s] -- Found rosidl_generator_cpp: 3.1.5 (/opt/ros/humble/share/rosidl_generator_cpp/cmake)
[2.106s] -- Using all available rosidl_typesupport_c: rosidl_typesupport_fastrtps_c;rosidl_typesupport_introspection_c
[2.152s] -- Using all available rosidl_typesupport_cpp: rosidl_typesupport_fastrtps_cpp;rosidl_typesupport_introspection_cpp
[2.486s] -- Found image_geometry: 3.2.1 (/opt/ros/humble/share/image_geometry/cmake)
[2.502s] -- Found laser_geometry: 2.4.0 (/opt/ros/humble/share/laser_geometry/cmake)
[2.664s] -- Found rmw_implementation_cmake: 6.1.1 (/opt/ros/humble/share/rmw_implementation_cmake/cmake)
[2.674s] -- Found rmw_fastrtps_cpp: 6.2.4 (/opt/ros/humble/share/rmw_fastrtps_cpp/cmake)
[2.945s] -- Found OpenSSL: /usr/lib/x86_64-linux-gnu/libcrypto.so (found version "1.1.1f")  
[3.016s] -- Found FastRTPS: /opt/ros/humble/include  
[3.131s] -- Using RMW implementation 'rmw_fastrtps_cpp' as default
[3.166s] -- Looking for pthread.h
[3.273s] -- Looking for pthread.h - found
[3.274s] -- Performing Test CMAKE_HAVE_LIBC_PTHREAD
[3.390s] -- Performing Test CMAKE_HAVE_LIBC_PTHREAD - Failed
[3.391s] -- Looking for pthread_create in pthreads
[3.488s] -- Looking for pthread_create in pthreads - not found
[3.489s] -- Looking for pthread_create in pthread
[3.600s] -- Looking for pthread_create in pthread - found
[3.602s] -- Found Threads: TRUE  
[3.846s] -- Found message_filters: 4.3.3 (/opt/ros/humble/share/message_filters/cmake)
[3.861s] -- Found nav_msgs: 4.2.3 (/opt/ros/humble/share/nav_msgs/cmake)
[3.971s] -- Found pcl_conversions: 2.4.5 (/workspace/cartographer_ws/install/pcl_conversions/share/pcl_conversions/cmake)
[4.122s] -- Checking for module 'eigen3'
[4.159s] --   Found eigen3, version 3.3.7
[4.259s] -- Found Eigen: /usr/include/eigen3 (Required is at least version "3.1") 
[4.259s] -- Eigen found (include: /usr/include/eigen3, version: 3.3.7)
[4.410s] -- Checking for module 'flann'
[4.450s] --   Found flann, version 1.9.1
[4.568s] -- Found FLANN: /usr/lib/x86_64-linux-gnu/libflann_cpp.so  
[4.630s] -- The imported target "vtkParseOGLExt" references the file
[4.630s]    "/usr/bin/vtkParseOGLExt-7.1"
[4.631s] but this file does not exist.  Possible reasons include:
[4.631s] * The file was deleted, renamed, or moved to another location.
[4.631s] * An install or uninstall procedure did not complete successfully.
[4.631s] * The installation package was faulty and contained
[4.631s]    "/usr/lib/cmake/vtk-7.1/VTKTargets.cmake"
[4.631s] but not all the files it references.
[4.631s] 
[4.631s] -- The imported target "vtkRenderingPythonTkWidgets" references the file
[4.631s]    "/usr/lib/x86_64-linux-gnu/libvtkRenderingPythonTkWidgets.so"
[4.631s] but this file does not exist.  Possible reasons include:
[4.632s] * The file was deleted, renamed, or moved to another location.
[4.632s] * An install or uninstall procedure did not complete successfully.
[4.632s] * The installation package was faulty and contained
[4.632s]    "/usr/lib/cmake/vtk-7.1/VTKTargets.cmake"
[4.632s] but not all the files it references.
[4.632s] 
[4.632s] -- The imported target "vtk" references the file
[4.632s]    "/usr/bin/vtk"
[4.633s] but this file does not exist.  Possible reasons include:
[4.633s] * The file was deleted, renamed, or moved to another location.
[4.633s] * An install or uninstall procedure did not complete successfully.
[4.633s] * The installation package was faulty and contained
[4.633s]    "/usr/lib/cmake/vtk-7.1/VTKTargets.cmake"
[4.633s] but not all the files it references.
[4.633s] 
[4.633s] -- The imported target "pvtk" references the file
[4.633s]    "/usr/bin/pvtk"
[4.633s] but this file does not exist.  Possible reasons include:
[4.633s] * The file was deleted, renamed, or moved to another location.
[4.633s] * An install or uninstall procedure did not complete successfully.
[4.634s] * The installation package was faulty and contained
[4.634s]    "/usr/lib/cmake/vtk-7.1/VTKTargets.cmake"
[4.634s] but not all the files it references.
[4.634s] 
[4.665s] -- Checking for module 'libusb-1.0'
[4.714s] --   Found libusb-1.0, version 1.0.23
[4.842s] [33mCMake Warning (dev) at /usr/share/cmake-3.22/Modules/FindPackageHandleStandardArgs.cmake:438 (message):
[4.842s]   The package name passed to `find_package_handle_standard_args` (USB_10)
[4.842s]   does not match the name of the calling package (OpenNI).  This can lead to
[4.842s]   problems in calling code that expects `find_package` result variables
[4.842s]   (e.g., `_FOUND`) to follow a certain pattern.
[4.842s] Call Stack (most recent call first):
[4.842s]   /usr/lib/x86_64-linux-gnu/cmake/pcl/Modules/FindOpenNI.cmake:28 (find_package_handle_standard_args)
[4.842s]   /usr/lib/x86_64-linux-gnu/cmake/pcl/PCLConfig.cmake:179 (find_package)
[4.843s]   /usr/lib/x86_64-linux-gnu/cmake/pcl/PCLConfig.cmake:322 (find_openni)
[4.843s]   /usr/lib/x86_64-linux-gnu/cmake/pcl/PCLConfig.cmake:548 (find_external_library)
[4.843s]   /workspace/cartographer_ws/install/pcl_conversions/share/pcl_conversions/cmake/ament_cmake_export_dependencies-extras.cmake:21 (find_package)
[4.843s]   /workspace/cartographer_ws/install/pcl_conversions/share/pcl_conversions/cmake/pcl_conversionsConfig.cmake:41 (include)
[4.843s]   CMakeLists.txt:28 (find_package)
[4.843s] This warning is for project developers.  Use -Wno-dev to suppress it.
[4.843s] [0m
[4.843s] -- Found USB_10: /usr/lib/x86_64-linux-gnu/libusb-1.0.so  
[5.003s] -- OpenNI found (include: /usr/include/ni, lib: /usr/lib/libOpenNI.so)
[5.019s] [33mCMake Warning (dev) at /usr/share/cmake-3.22/Modules/FindPackageHandleStandardArgs.cmake:438 (message):
[5.019s]   The package name passed to `find_package_handle_standard_args` (USB_10)
[5.020s]   does not match the name of the calling package (OpenNI2).  This can lead to
[5.020s]   problems in calling code that expects `find_package` result variables
[5.020s]   (e.g., `_FOUND`) to follow a certain pattern.
[5.020s] Call Stack (most recent call first):
[5.020s]   /usr/lib/x86_64-linux-gnu/cmake/pcl/Modules/FindOpenNI2.cmake:28 (find_package_handle_standard_args)
[5.020s]   /usr/lib/x86_64-linux-gnu/cmake/pcl/PCLConfig.cmake:193 (find_package)
[5.020s]   /usr/lib/x86_64-linux-gnu/cmake/pcl/PCLConfig.cmake:324 (find_openni2)
[5.020s]   /usr/lib/x86_64-linux-gnu/cmake/pcl/PCLConfig.cmake:548 (find_external_library)
[5.020s]   /workspace/cartographer_ws/install/pcl_conversions/share/pcl_conversions/cmake/ament_cmake_export_dependencies-extras.cmake:21 (find_package)
[5.020s]   /workspace/cartographer_ws/install/pcl_conversions/share/pcl_conversions/cmake/pcl_conversionsConfig.cmake:41 (include)
[5.020s]   CMakeLists.txt:28 (find_package)
[5.020s] This warning is for project developers.  Use -Wno-dev to suppress it.
[5.020s] [0m
[5.178s] -- OpenNI2 found (include: /usr/include/openni2, lib: /usr/lib/libOpenNI2.so)
[5.196s] [33mCMake Warning (dev) at /usr/share/cmake-3.22/Modules/FindPackageHandleStandardArgs.cmake:438 (message):
[5.196s]   The package name passed to `find_package_handle_standard_args` (libusb-1.0)
[5.197s]   does not match the name of the calling package (PCL).  This can lead to
[5.197s]   problems in calling code that expects `find_package` result variables
[5.197s]   (e.g., `_FOUND`) to follow a certain pattern.
[5.197s] Call Stack (most recent call first):
[5.197s]   /usr/lib/x86_64-linux-gnu/cmake/pcl/PCLConfig.cmake:291 (find_package_handle_standard_args)
[5.197s]   /usr/lib/x86_64-linux-gnu/cmake/pcl/PCLConfig.cmake:338 (find_libusb)
[5.197s]   /usr/lib/x86_64-linux-gnu/cmake/pcl/PCLConfig.cmake:548 (find_external_library)
[5.197s]   /workspace/cartographer_ws/install/pcl_conversions/share/pcl_conversions/cmake/ament_cmake_export_dependencies-extras.cmake:21 (find_package)
[5.197s]   /workspace/cartographer_ws/install/pcl_conversions/share/pcl_conversions/cmake/pcl_conversionsConfig.cmake:41 (include)
[5.197s]   CMakeLists.txt:28 (find_package)
[5.198s] This warning is for project developers.  Use -Wno-dev to suppress it.
[5.198s] [0m
[5.198s] -- Found libusb-1.0: /usr/include  
[5.208s] [33mCMake Warning (dev) at /usr/share/cmake-3.22/Modules/FindPackageHandleStandardArgs.cmake:438 (message):
[5.208s]   The package name passed to `find_package_handle_standard_args` (USB_10)
[5.208s]   does not match the name of the calling package (OpenNI).  This can lead to
[5.208s]   problems in calling code that expects `find_package` result variables
[5.209s]   (e.g., `_FOUND`) to follow a certain pattern.
[5.209s] Call Stack (most recent call first):
[5.209s]   /usr/lib/x86_64-linux-gnu/cmake/pcl/Modules/FindOpenNI.cmake:28 (find_package_handle_standard_args)
[5.209s]   /usr/lib/x86_64-linux-gnu/cmake/pcl/PCLConfig.cmake:179 (find_package)
[5.209s]   /usr/lib/x86_64-linux-gnu/cmake/pcl/PCLConfig.cmake:322 (find_openni)
[5.209s]   /usr/lib/x86_64-linux-gnu/cmake/pcl/PCLConfig.cmake:548 (find_external_library)
[5.209s]   /workspace/cartographer_ws/install/pcl_conversions/share/pcl_conversions/cmake/ament_cmake_export_dependencies-extras.cmake:21 (find_package)
[5.209s]   /workspace/cartographer_ws/install/pcl_conversions/share/pcl_conversions/cmake/pcl_conversionsConfig.cmake:41 (include)
[5.209s]   CMakeLists.txt:28 (find_package)
[5.209s] This warning is for project developers.  Use -Wno-dev to suppress it.
[5.210s] [0m
[5.210s] -- OpenNI found (include: /usr/include/ni, lib: /usr/lib/libOpenNI.so)
[5.221s] [33mCMake Warning (dev) at /usr/share/cmake-3.22/Modules/FindPackageHandleStandardArgs.cmake:438 (message):
[5.222s]   The package name passed to `find_package_handle_standard_args` (USB_10)
[5.222s]   does not match the name of the calling package (OpenNI2).  This can lead to
[5.222s]   problems in calling code that expects `find_package` result variables
[5.222s]   (e.g., `_FOUND`) to follow a certain pattern.
[5.222s] Call Stack (most recent call first):
[5.222s]   /usr/lib/x86_64-linux-gnu/cmake/pcl/Modules/FindOpenNI2.cmake:28 (find_package_handle_standard_args)
[5.222s]   /usr/lib/x86_64-linux-gnu/cmake/pcl/PCLConfig.cmake:193 (find_package)
[5.222s]   /usr/lib/x86_64-linux-gnu/cmake/pcl/PCLConfig.cmake:324 (find_openni2)
[5.222s]   /usr/lib/x86_64-linux-gnu/cmake/pcl/PCLConfig.cmake:548 (find_external_library)
[5.223s]   /workspace/cartographer_ws/install/pcl_conversions/share/pcl_conversions/cmake/ament_cmake_export_dependencies-extras.cmake:21 (find_package)
[5.223s]   /workspace/cartographer_ws/install/pcl_conversions/share/pcl_conversions/cmake/pcl_conversionsConfig.cmake:41 (include)
[5.223s]   CMakeLists.txt:28 (find_package)
[5.223s] This warning is for project developers.  Use -Wno-dev to suppress it.
[5.223s] [0m
[5.223s] -- OpenNI2 found (include: /usr/include/openni2, lib: /usr/lib/libOpenNI2.so)
[5.279s] -- Found Qhull: optimized;/usr/lib/x86_64-linux-gnu/libqhull.so;debug;/usr/lib/x86_64-linux-gnu/libqhull.so  
[5.279s] -- QHULL found (include: /usr/include, lib: optimized;/usr/lib/x86_64-linux-gnu/libqhull.so;debug;/usr/lib/x86_64-linux-gnu/libqhull.so)
[5.289s] [33mCMake Warning (dev) at /usr/share/cmake-3.22/Modules/FindPackageHandleStandardArgs.cmake:438 (message):
[5.289s]   The package name passed to `find_package_handle_standard_args` (USB_10)
[5.289s]   does not match the name of the calling package (OpenNI).  This can lead to
[5.289s]   problems in calling code that expects `find_package` result variables
[5.289s]   (e.g., `_FOUND`) to follow a certain pattern.
[5.289s] Call Stack (most recent call first):
[5.289s]   /usr/lib/x86_64-linux-gnu/cmake/pcl/Modules/FindOpenNI.cmake:28 (find_package_handle_standard_args)
[5.289s]   /usr/lib/x86_64-linux-gnu/cmake/pcl/PCLConfig.cmake:179 (find_package)
[5.289s]   /usr/lib/x86_64-linux-gnu/cmake/pcl/PCLConfig.cmake:322 (find_openni)
[5.289s]   /usr/lib/x86_64-linux-gnu/cmake/pcl/PCLConfig.cmake:548 (find_external_library)
[5.289s]   /workspace/cartographer_ws/install/pcl_conversions/share/pcl_conversions/cmake/ament_cmake_export_dependencies-extras.cmake:21 (find_package)
[5.289s]   /workspace/cartographer_ws/install/pcl_conversions/share/pcl_conversions/cmake/pcl_conversionsConfig.cmake:41 (include)
[5.290s]   CMakeLists.txt:28 (find_package)
[5.290s] This warning is for project developers.  Use -Wno-dev to suppress it.
[5.290s] [0m
[5.290s] -- OpenNI found (include: /usr/include/ni, lib: /usr/lib/libOpenNI.so)
[5.304s] [33mCMake Warning (dev) at /usr/share/cmake-3.22/Modules/FindPackageHandleStandardArgs.cmake:438 (message):
[5.304s]   The package name passed to `find_package_handle_standard_args` (PCL_COMMON)
[5.304s]   does not match the name of the calling package (PCL).  This can lead to
[5.304s]   problems in calling code that expects `find_package` result variables
[5.304s]   (e.g., `_FOUND`) to follow a certain pattern.
[5.304s] Call Stack (most recent call first):
[5.305s]   /usr/lib/x86_64-linux-gnu/cmake/pcl/PCLConfig.cmake:616 (find_package_handle_standard_args)
[5.305s]   /workspace/cartographer_ws/install/pcl_conversions/share/pcl_conversions/cmake/ament_cmake_export_dependencies-extras.cmake:21 (find_package)
[5.305s]   /workspace/cartographer_ws/install/pcl_conversions/share/pcl_conversions/cmake/pcl_conversionsConfig.cmake:41 (include)
[5.305s]   CMakeLists.txt:28 (find_package)
[5.305s] This warning is for project developers.  Use -Wno-dev to suppress it.
[5.305s] [0m
[5.305s] -- Found PCL_COMMON: /usr/lib/x86_64-linux-gnu/libpcl_common.so  
[5.305s] [33mCMake Warning (dev) at /usr/share/cmake-3.22/Modules/FindPackageHandleStandardArgs.cmake:438 (message):
[5.305s]   The package name passed to `find_package_handle_standard_args` (PCL_KDTREE)
[5.305s]   does not match the name of the calling package (PCL).  This can lead to
[5.305s]   problems in calling code that expects `find_package` result variables
[5.305s]   (e.g., `_FOUND`) to follow a certain pattern.
[5.306s] Call Stack (most recent call first):
[5.306s]   /usr/lib/x86_64-linux-gnu/cmake/pcl/PCLConfig.cmake:616 (find_package_handle_standard_args)
[5.306s]   /workspace/cartographer_ws/install/pcl_conversions/share/pcl_conversions/cmake/ament_cmake_export_dependencies-extras.cmake:21 (find_package)
[5.306s]   /workspace/cartographer_ws/install/pcl_conversions/share/pcl_conversions/cmake/pcl_conversionsConfig.cmake:41 (include)
[5.306s]   CMakeLists.txt:28 (find_package)
[5.306s] This warning is for project developers.  Use -Wno-dev to suppress it.
[5.306s] [0m
[5.306s] -- Found PCL_KDTREE: /usr/lib/x86_64-linux-gnu/libpcl_kdtree.so  
[5.306s] [33mCMake Warning (dev) at /usr/share/cmake-3.22/Modules/FindPackageHandleStandardArgs.cmake:438 (message):
[5.306s]   The package name passed to `find_package_handle_standard_args` (PCL_OCTREE)
[5.306s]   does not match the name of the calling package (PCL).  This can lead to
[5.306s]   problems in calling code that expects `find_package` result variables
[5.306s]   (e.g., `_FOUND`) to follow a certain pattern.
[5.307s] Call Stack (most recent call first):
[5.307s]   /usr/lib/x86_64-linux-gnu/cmake/pcl/PCLConfig.cmake:616 (find_package_handle_standard_args)
[5.307s]   /workspace/cartographer_ws/install/pcl_conversions/share/pcl_conversions/cmake/ament_cmake_export_dependencies-extras.cmake:21 (find_package)
[5.307s]   /workspace/cartographer_ws/install/pcl_conversions/share/pcl_conversions/cmake/pcl_conversionsConfig.cmake:41 (include)
[5.307s]   CMakeLists.txt:28 (find_package)
[5.307s] This warning is for project developers.  Use -Wno-dev to suppress it.
[5.307s] [0m
[5.307s] -- Found PCL_OCTREE: /usr/lib/x86_64-linux-gnu/libpcl_octree.so  
[5.307s] [33mCMake Warning (dev) at /usr/share/cmake-3.22/Modules/FindPackageHandleStandardArgs.cmake:438 (message):
[5.308s]   The package name passed to `find_package_handle_standard_args` (PCL_SEARCH)
[5.308s]   does not match the name of the calling package (PCL).  This can lead to
[5.308s]   problems in calling code that expects `find_package` result variables
[5.308s]   (e.g., `_FOUND`) to follow a certain pattern.
[5.308s] Call Stack (most recent call first):
[5.308s]   /usr/lib/x86_64-linux-gnu/cmake/pcl/PCLConfig.cmake:616 (find_package_handle_standard_args)
[5.308s]   /workspace/cartographer_ws/install/pcl_conversions/share/pcl_conversions/cmake/ament_cmake_export_dependencies-extras.cmake:21 (find_package)
[5.308s]   /workspace/cartographer_ws/install/pcl_conversions/share/pcl_conversions/cmake/pcl_conversionsConfig.cmake:41 (include)
[5.308s]   CMakeLists.txt:28 (find_package)
[5.308s] This warning is for project developers.  Use -Wno-dev to suppress it.
[5.308s] [0m
[5.309s] -- Found PCL_SEARCH: /usr/lib/x86_64-linux-gnu/libpcl_search.so  
[5.309s] [33mCMake Warning (dev) at /usr/share/cmake-3.22/Modules/FindPackageHandleStandardArgs.cmake:438 (message):
[5.309s]   The package name passed to `find_package_handle_standard_args`
[5.309s]   (PCL_SAMPLE_CONSENSUS) does not match the name of the calling package
[5.309s]   (PCL).  This can lead to problems in calling code that expects
[5.309s]   `find_package` result variables (e.g., `_FOUND`) to follow a certain
[5.309s]   pattern.
[5.309s] Call Stack (most recent call first):
[5.309s]   /usr/lib/x86_64-linux-gnu/cmake/pcl/PCLConfig.cmake:616 (find_package_handle_standard_args)
[5.309s]   /workspace/cartographer_ws/install/pcl_conversions/share/pcl_conversions/cmake/ament_cmake_export_dependencies-extras.cmake:21 (find_package)
[5.309s]   /workspace/cartographer_ws/install/pcl_conversions/share/pcl_conversions/cmake/pcl_conversionsConfig.cmake:41 (include)
[5.310s]   CMakeLists.txt:28 (find_package)
[5.310s] This warning is for project developers.  Use -Wno-dev to suppress it.
[5.310s] [0m
[5.310s] -- Found PCL_SAMPLE_CONSENSUS: /usr/lib/x86_64-linux-gnu/libpcl_sample_consensus.so  
[5.310s] [33mCMake Warning (dev) at /usr/share/cmake-3.22/Modules/FindPackageHandleStandardArgs.cmake:438 (message):
[5.310s]   The package name passed to `find_package_handle_standard_args`
[5.311s]   (PCL_FILTERS) does not match the name of the calling package (PCL).  This
[5.311s]   can lead to problems in calling code that expects `find_package` result
[5.311s]   variables (e.g., `_FOUND`) to follow a certain pattern.
[5.311s] Call Stack (most recent call first):
[5.311s]   /usr/lib/x86_64-linux-gnu/cmake/pcl/PCLConfig.cmake:616 (find_package_handle_standard_args)
[5.311s]   /workspace/cartographer_ws/install/pcl_conversions/share/pcl_conversions/cmake/ament_cmake_export_dependencies-extras.cmake:21 (find_package)
[5.311s]   /workspace/cartographer_ws/install/pcl_conversions/share/pcl_conversions/cmake/pcl_conversionsConfig.cmake:41 (include)
[5.311s]   CMakeLists.txt:28 (find_package)
[5.311s] This warning is for project developers.  Use -Wno-dev to suppress it.
[5.311s] [0m
[5.312s] -- Found PCL_FILTERS: /usr/lib/x86_64-linux-gnu/libpcl_filters.so  
[5.312s] [33mCMake Warning (dev) at /usr/share/cmake-3.22/Modules/FindPackageHandleStandardArgs.cmake:438 (message):
[5.312s]   The package name passed to `find_package_handle_standard_args` (PCL_2D)
[5.312s]   does not match the name of the calling package (PCL).  This can lead to
[5.312s]   problems in calling code that expects `find_package` result variables
[5.312s]   (e.g., `_FOUND`) to follow a certain pattern.
[5.312s] Call Stack (most recent call first):
[5.312s]   /usr/lib/x86_64-linux-gnu/cmake/pcl/PCLConfig.cmake:619 (find_package_handle_standard_args)
[5.312s]   /workspace/cartographer_ws/install/pcl_conversions/share/pcl_conversions/cmake/ament_cmake_export_dependencies-extras.cmake:21 (find_package)
[5.312s]   /workspace/cartographer_ws/install/pcl_conversions/share/pcl_conversions/cmake/pcl_conversionsConfig.cmake:41 (include)
[5.312s]   CMakeLists.txt:28 (find_package)
[5.313s] This warning is for project developers.  Use -Wno-dev to suppress it.
[5.313s] [0m
[5.313s] -- Found PCL_2D: /usr/include/pcl-1.10  
[5.313s] [33mCMake Warning (dev) at /usr/share/cmake-3.22/Modules/FindPackageHandleStandardArgs.cmake:438 (message):
[5.313s]   The package name passed to `find_package_handle_standard_args`
[5.313s]   (PCL_GEOMETRY) does not match the name of the calling package (PCL).  This
[5.313s]   can lead to problems in calling code that expects `find_package` result
[5.313s]   variables (e.g., `_FOUND`) to follow a certain pattern.
[5.314s] Call Stack (most recent call first):
[5.314s]   /usr/lib/x86_64-linux-gnu/cmake/pcl/PCLConfig.cmake:619 (find_package_handle_standard_args)
[5.314s]   /workspace/cartographer_ws/install/pcl_conversions/share/pcl_conversions/cmake/ament_cmake_export_dependencies-extras.cmake:21 (find_package)
[5.314s]   /workspace/cartographer_ws/install/pcl_conversions/share/pcl_conversions/cmake/pcl_conversionsConfig.cmake:41 (include)
[5.314s]   CMakeLists.txt:28 (find_package)
[5.314s] This warning is for project developers.  Use -Wno-dev to suppress it.
[5.314s] [0m
[5.314s] -- Found PCL_GEOMETRY: /usr/include/pcl-1.10  
[5.314s] [33mCMake Warning (dev) at /usr/share/cmake-3.22/Modules/FindPackageHandleStandardArgs.cmake:438 (message):
[5.314s]   The package name passed to `find_package_handle_standard_args` (PCL_IO)
[5.314s]   does not match the name of the calling package (PCL).  This can lead to
[5.314s]   problems in calling code that expects `find_package` result variables
[5.315s]   (e.g., `_FOUND`) to follow a certain pattern.
[5.315s] Call Stack (most recent call first):
[5.315s]   /usr/lib/x86_64-linux-gnu/cmake/pcl/PCLConfig.cmake:616 (find_package_handle_standard_args)
[5.315s]   /workspace/cartographer_ws/install/pcl_conversions/share/pcl_conversions/cmake/ament_cmake_export_dependencies-extras.cmake:21 (find_package)
[5.315s]   /workspace/cartographer_ws/install/pcl_conversions/share/pcl_conversions/cmake/pcl_conversionsConfig.cmake:41 (include)
[5.315s]   CMakeLists.txt:28 (find_package)
[5.315s] This warning is for project developers.  Use -Wno-dev to suppress it.
[5.315s] [0m
[5.315s] -- Found PCL_IO: /usr/lib/x86_64-linux-gnu/libpcl_io.so  
[5.315s] [33mCMake Warning (dev) at /usr/share/cmake-3.22/Modules/FindPackageHandleStandardArgs.cmake:438 (message):
[5.315s]   The package name passed to `find_package_handle_standard_args`
[5.316s]   (PCL_FEATURES) does not match the name of the calling package (PCL).  This
[5.316s]   can lead to problems in calling code that expects `find_package` result
[5.316s]   variables (e.g., `_FOUND`) to follow a certain pattern.
[5.316s] Call Stack (most recent call first):
[5.316s]   /usr/lib/x86_64-linux-gnu/cmake/pcl/PCLConfig.cmake:616 (find_package_handle_standard_args)
[5.316s]   /workspace/cartographer_ws/install/pcl_conversions/share/pcl_conversions/cmake/ament_cmake_export_dependencies-extras.cmake:21 (find_package)
[5.316s]   /workspace/cartographer_ws/install/pcl_conversions/share/pcl_conversions/cmake/pcl_conversionsConfig.cmake:41 (include)
[5.316s]   CMakeLists.txt:28 (find_package)
[5.316s] This warning is for project developers.  Use -Wno-dev to suppress it.
[5.316s] [0m
[5.316s] -- Found PCL_FEATURES: /usr/lib/x86_64-linux-gnu/libpcl_features.so  
[5.316s] [33mCMake Warning (dev) at /usr/share/cmake-3.22/Modules/FindPackageHandleStandardArgs.cmake:438 (message):
[5.316s]   The package name passed to `find_package_handle_standard_args` (PCL_ML)
[5.317s]   does not match the name of the calling package (PCL).  This can lead to
[5.317s]   problems in calling code that expects `find_package` result variables
[5.317s]   (e.g., `_FOUND`) to follow a certain pattern.
[5.317s] Call Stack (most recent call first):
[5.317s]   /usr/lib/x86_64-linux-gnu/cmake/pcl/PCLConfig.cmake:616 (find_package_handle_standard_args)
[5.317s]   /workspace/cartographer_ws/install/pcl_conversions/share/pcl_conversions/cmake/ament_cmake_export_dependencies-extras.cmake:21 (find_package)
[5.317s]   /workspace/cartographer_ws/install/pcl_conversions/share/pcl_conversions/cmake/pcl_conversionsConfig.cmake:41 (include)
[5.317s]   CMakeLists.txt:28 (find_package)
[5.317s] This warning is for project developers.  Use -Wno-dev to suppress it.
[5.317s] [0m
[5.317s] -- Found PCL_ML: /usr/lib/x86_64-linux-gnu/libpcl_ml.so  
[5.317s] [33mCMake Warning (dev) at /usr/share/cmake-3.22/Modules/FindPackageHandleStandardArgs.cmake:438 (message):
[5.317s]   The package name passed to `find_package_handle_standard_args`
[5.318s]   (PCL_SEGMENTATION) does not match the name of the calling package (PCL).
[5.318s]   This can lead to problems in calling code that expects `find_package`
[5.318s]   result variables (e.g., `_FOUND`) to follow a certain pattern.
[5.318s] Call Stack (most recent call first):
[5.318s]   /usr/lib/x86_64-linux-gnu/cmake/pcl/PCLConfig.cmake:616 (find_package_handle_standard_args)
[5.318s]   /workspace/cartographer_ws/install/pcl_conversions/share/pcl_conversions/cmake/ament_cmake_export_dependencies-extras.cmake:21 (find_package)
[5.318s]   /workspace/cartographer_ws/install/pcl_conversions/share/pcl_conversions/cmake/pcl_conversionsConfig.cmake:41 (include)
[5.318s]   CMakeLists.txt:28 (find_package)
[5.318s] This warning is for project developers.  Use -Wno-dev to suppress it.
[5.318s] [0m
[5.318s] -- Found PCL_SEGMENTATION: /usr/lib/x86_64-linux-gnu/libpcl_segmentation.so  
[5.319s] [33mCMake Warning (dev) at /usr/share/cmake-3.22/Modules/FindPackageHandleStandardArgs.cmake:438 (message):
[5.319s]   The package name passed to `find_package_handle_standard_args`
[5.319s]   (PCL_VISUALIZATION) does not match the name of the calling package (PCL).
[5.319s]   This can lead to problems in calling code that expects `find_package`
[5.319s]   result variables (e.g., `_FOUND`) to follow a certain pattern.
[5.319s] Call Stack (most recent call first):
[5.319s]   /usr/lib/x86_64-linux-gnu/cmake/pcl/PCLConfig.cmake:616 (find_package_handle_standard_args)
[5.319s]   /workspace/cartographer_ws/install/pcl_conversions/share/pcl_conversions/cmake/ament_cmake_export_dependencies-extras.cmake:21 (find_package)
[5.319s]   /workspace/cartographer_ws/install/pcl_conversions/share/pcl_conversions/cmake/pcl_conversionsConfig.cmake:41 (include)
[5.320s]   CMakeLists.txt:28 (find_package)
[5.320s] This warning is for project developers.  Use -Wno-dev to suppress it.
[5.320s] [0m
[5.320s] -- Found PCL_VISUALIZATION: /usr/lib/x86_64-linux-gnu/libpcl_visualization.so  
[5.321s] [33mCMake Warning (dev) at /usr/share/cmake-3.22/Modules/FindPackageHandleStandardArgs.cmake:438 (message):
[5.321s]   The package name passed to `find_package_handle_standard_args`
[5.321s]   (PCL_SURFACE) does not match the name of the calling package (PCL).  This
[5.321s]   can lead to problems in calling code that expects `find_package` result
[5.321s]   variables (e.g., `_FOUND`) to follow a certain pattern.
[5.321s] Call Stack (most recent call first):
[5.321s]   /usr/lib/x86_64-linux-gnu/cmake/pcl/PCLConfig.cmake:616 (find_package_handle_standard_args)
[5.321s]   /workspace/cartographer_ws/install/pcl_conversions/share/pcl_conversions/cmake/ament_cmake_export_dependencies-extras.cmake:21 (find_package)
[5.321s]   /workspace/cartographer_ws/install/pcl_conversions/share/pcl_conversions/cmake/pcl_conversionsConfig.cmake:41 (include)
[5.321s]   CMakeLists.txt:28 (find_package)
[5.321s] This warning is for project developers.  Use -Wno-dev to suppress it.
[5.321s] [0m
[5.322s] -- Found PCL_SURFACE: /usr/lib/x86_64-linux-gnu/libpcl_surface.so  
[5.322s] [33mCMake Warning (dev) at /usr/share/cmake-3.22/Modules/FindPackageHandleStandardArgs.cmake:438 (message):
[5.322s]   The package name passed to `find_package_handle_standard_args`
[5.322s]   (PCL_REGISTRATION) does not match the name of the calling package (PCL).
[5.322s]   This can lead to problems in calling code that expects `find_package`
[5.322s]   result variables (e.g., `_FOUND`) to follow a certain pattern.
[5.322s] Call Stack (most recent call first):
[5.322s]   /usr/lib/x86_64-linux-gnu/cmake/pcl/PCLConfig.cmake:616 (find_package_handle_standard_args)
[5.322s]   /workspace/cartographer_ws/install/pcl_conversions/share/pcl_conversions/cmake/ament_cmake_export_dependencies-extras.cmake:21 (find_package)
[5.322s]   /workspace/cartographer_ws/install/pcl_conversions/share/pcl_conversions/cmake/pcl_conversionsConfig.cmake:41 (include)
[5.322s]   CMakeLists.txt:28 (find_package)
[5.322s] This warning is for project developers.  Use -Wno-dev to suppress it.
[5.323s] [0m
[5.323s] -- Found PCL_REGISTRATION: /usr/lib/x86_64-linux-gnu/libpcl_registration.so  
[5.323s] [33mCMake Warning (dev) at /usr/share/cmake-3.22/Modules/FindPackageHandleStandardArgs.cmake:438 (message):
[5.323s]   The package name passed to `find_package_handle_standard_args`
[5.323s]   (PCL_KEYPOINTS) does not match the name of the calling package (PCL).  This
[5.323s]   can lead to problems in calling code that expects `find_package` result
[5.323s]   variables (e.g., `_FOUND`) to follow a certain pattern.
[5.323s] Call Stack (most recent call first):
[5.324s]   /usr/lib/x86_64-linux-gnu/cmake/pcl/PCLConfig.cmake:616 (find_package_handle_standard_args)
[5.324s]   /workspace/cartographer_ws/install/pcl_conversions/share/pcl_conversions/cmake/ament_cmake_export_dependencies-extras.cmake:21 (find_package)
[5.324s]   /workspace/cartographer_ws/install/pcl_conversions/share/pcl_conversions/cmake/pcl_conversionsConfig.cmake:41 (include)
[5.324s]   CMakeLists.txt:28 (find_package)
[5.324s] This warning is for project developers.  Use -Wno-dev to suppress it.
[5.324s] [0m
[5.324s] -- Found PCL_KEYPOINTS: /usr/lib/x86_64-linux-gnu/libpcl_keypoints.so  
[5.325s] [33mCMake Warning (dev) at /usr/share/cmake-3.22/Modules/FindPackageHandleStandardArgs.cmake:438 (message):
[5.325s]   The package name passed to `find_package_handle_standard_args`
[5.325s]   (PCL_TRACKING) does not match the name of the calling package (PCL).  This
[5.325s]   can lead to problems in calling code that expects `find_package` result
[5.325s]   variables (e.g., `_FOUND`) to follow a certain pattern.
[5.325s] Call Stack (most recent call first):
[5.325s]   /usr/lib/x86_64-linux-gnu/cmake/pcl/PCLConfig.cmake:616 (find_package_handle_standard_args)
[5.325s]   /workspace/cartographer_ws/install/pcl_conversions/share/pcl_conversions/cmake/ament_cmake_export_dependencies-extras.cmake:21 (find_package)
[5.326s]   /workspace/cartographer_ws/install/pcl_conversions/share/pcl_conversions/cmake/pcl_conversionsConfig.cmake:41 (include)
[5.326s]   CMakeLists.txt:28 (find_package)
[5.326s] This warning is for project developers.  Use -Wno-dev to suppress it.
[5.326s] [0m
[5.326s] -- Found PCL_TRACKING: /usr/lib/x86_64-linux-gnu/libpcl_tracking.so  
[5.326s] [33mCMake Warning (dev) at /usr/share/cmake-3.22/Modules/FindPackageHandleStandardArgs.cmake:438 (message):
[5.326s]   The package name passed to `find_package_handle_standard_args`
[5.326s]   (PCL_RECOGNITION) does not match the name of the calling package (PCL).
[5.326s]   This can lead to problems in calling code that expects `find_package`
[5.326s]   result variables (e.g., `_FOUND`) to follow a certain pattern.
[5.326s] Call Stack (most recent call first):
[5.326s]   /usr/lib/x86_64-linux-gnu/cmake/pcl/PCLConfig.cmake:616 (find_package_handle_standard_args)
[5.326s]   /workspace/cartographer_ws/install/pcl_conversions/share/pcl_conversions/cmake/ament_cmake_export_dependencies-extras.cmake:21 (find_package)
[5.327s]   /workspace/cartographer_ws/install/pcl_conversions/share/pcl_conversions/cmake/pcl_conversionsConfig.cmake:41 (include)
[5.327s]   CMakeLists.txt:28 (find_package)
[5.327s] This warning is for project developers.  Use -Wno-dev to suppress it.
[5.327s] [0m
[5.327s] -- Found PCL_RECOGNITION: /usr/lib/x86_64-linux-gnu/libpcl_recognition.so  
[5.327s] [33mCMake Warning (dev) at /usr/share/cmake-3.22/Modules/FindPackageHandleStandardArgs.cmake:438 (message):
[5.327s]   The package name passed to `find_package_handle_standard_args` (PCL_STEREO)
[5.327s]   does not match the name of the calling package (PCL).  This can lead to
[5.328s]   problems in calling code that expects `find_package` result variables
[5.328s]   (e.g., `_FOUND`) to follow a certain pattern.
[5.328s] Call Stack (most recent call first):
[5.328s]   /usr/lib/x86_64-linux-gnu/cmake/pcl/PCLConfig.cmake:616 (find_package_handle_standard_args)
[5.328s]   /workspace/cartographer_ws/install/pcl_conversions/share/pcl_conversions/cmake/ament_cmake_export_dependencies-extras.cmake:21 (find_package)
[5.328s]   /workspace/cartographer_ws/install/pcl_conversions/share/pcl_conversions/cmake/pcl_conversionsConfig.cmake:41 (include)
[5.328s]   CMakeLists.txt:28 (find_package)
[5.328s] This warning is for project developers.  Use -Wno-dev to suppress it.
[5.328s] [0m
[5.328s] -- Found PCL_STEREO: /usr/lib/x86_64-linux-gnu/libpcl_stereo.so  
[5.329s] [33mCMake Warning (dev) at /usr/share/cmake-3.22/Modules/FindPackageHandleStandardArgs.cmake:438 (message):
[5.329s]   The package name passed to `find_package_handle_standard_args` (PCL_APPS)
[5.329s]   does not match the name of the calling package (PCL).  This can lead to
[5.329s]   problems in calling code that expects `find_package` result variables
[5.329s]   (e.g., `_FOUND`) to follow a certain pattern.
[5.329s] Call Stack (most recent call first):
[5.329s]   /usr/lib/x86_64-linux-gnu/cmake/pcl/PCLConfig.cmake:616 (find_package_handle_standard_args)
[5.329s]   /workspace/cartographer_ws/install/pcl_conversions/share/pcl_conversions/cmake/ament_cmake_export_dependencies-extras.cmake:21 (find_package)
[5.329s]   /workspace/cartographer_ws/install/pcl_conversions/share/pcl_conversions/cmake/pcl_conversionsConfig.cmake:41 (include)
[5.330s]   CMakeLists.txt:28 (find_package)
[5.330s] This warning is for project developers.  Use -Wno-dev to suppress it.
[5.330s] [0m
[5.330s] -- Found PCL_APPS: /usr/lib/x86_64-linux-gnu/libpcl_apps.so  
[5.330s] [33mCMake Warning (dev) at /usr/share/cmake-3.22/Modules/FindPackageHandleStandardArgs.cmake:438 (message):
[5.330s]   The package name passed to `find_package_handle_standard_args`
[5.330s]   (PCL_IN_HAND_SCANNER) does not match the name of the calling package (PCL).
[5.330s]   This can lead to problems in calling code that expects `find_package`
[5.330s]   result variables (e.g., `_FOUND`) to follow a certain pattern.
[5.330s] Call Stack (most recent call first):
[5.331s]   /usr/lib/x86_64-linux-gnu/cmake/pcl/PCLConfig.cmake:619 (find_package_handle_standard_args)
[5.331s]   /workspace/cartographer_ws/install/pcl_conversions/share/pcl_conversions/cmake/ament_cmake_export_dependencies-extras.cmake:21 (find_package)
[5.331s]   /workspace/cartographer_ws/install/pcl_conversions/share/pcl_conversions/cmake/pcl_conversionsConfig.cmake:41 (include)
[5.331s]   CMakeLists.txt:28 (find_package)
[5.331s] This warning is for project developers.  Use -Wno-dev to suppress it.
[5.331s] [0m
[5.331s] -- Found PCL_IN_HAND_SCANNER: /usr/include/pcl-1.10  
[5.333s] [33mCMake Warning (dev) at /usr/share/cmake-3.22/Modules/FindPackageHandleStandardArgs.cmake:438 (message):
[5.333s]   The package name passed to `find_package_handle_standard_args`
[5.333s]   (PCL_POINT_CLOUD_EDITOR) does not match the name of the calling package
[5.333s]   (PCL).  This can lead to problems in calling code that expects
[5.333s]   `find_package` result variables (e.g., `_FOUND`) to follow a certain
[5.333s]   pattern.
[5.333s] Call Stack (most recent call first):
[5.333s]   /usr/lib/x86_64-linux-gnu/cmake/pcl/PCLConfig.cmake:619 (find_package_handle_standard_args)
[5.333s]   /workspace/cartographer_ws/install/pcl_conversions/share/pcl_conversions/cmake/ament_cmake_export_dependencies-extras.cmake:21 (find_package)
[5.333s]   /workspace/cartographer_ws/install/pcl_conversions/share/pcl_conversions/cmake/pcl_conversionsConfig.cmake:41 (include)
[5.334s]   CMakeLists.txt:28 (find_package)
[5.334s] This warning is for project developers.  Use -Wno-dev to suppress it.
[5.334s] [0m
[5.334s] -- Found PCL_POINT_CLOUD_EDITOR: /usr/include/pcl-1.10  
[5.335s] [33mCMake Warning (dev) at /usr/share/cmake-3.22/Modules/FindPackageHandleStandardArgs.cmake:438 (message):
[5.335s]   The package name passed to `find_package_handle_standard_args`
[5.335s]   (PCL_OUTOFCORE) does not match the name of the calling package (PCL).  This
[5.335s]   can lead to problems in calling code that expects `find_package` result
[5.335s]   variables (e.g., `_FOUND`) to follow a certain pattern.
[5.335s] Call Stack (most recent call first):
[5.335s]   /usr/lib/x86_64-linux-gnu/cmake/pcl/PCLConfig.cmake:616 (find_package_handle_standard_args)
[5.335s]   /workspace/cartographer_ws/install/pcl_conversions/share/pcl_conversions/cmake/ament_cmake_export_dependencies-extras.cmake:21 (find_package)
[5.335s]   /workspace/cartographer_ws/install/pcl_conversions/share/pcl_conversions/cmake/pcl_conversionsConfig.cmake:41 (include)
[5.335s]   CMakeLists.txt:28 (find_package)
[5.335s] This warning is for project developers.  Use -Wno-dev to suppress it.
[5.335s] [0m
[5.336s] -- Found PCL_OUTOFCORE: /usr/lib/x86_64-linux-gnu/libpcl_outofcore.so  
[5.336s] [33mCMake Warning (dev) at /usr/share/cmake-3.22/Modules/FindPackageHandleStandardArgs.cmake:438 (message):
[5.336s]   The package name passed to `find_package_handle_standard_args` (PCL_PEOPLE)
[5.336s]   does not match the name of the calling package (PCL).  This can lead to
[5.336s]   problems in calling code that expects `find_package` result variables
[5.336s]   (e.g., `_FOUND`) to follow a certain pattern.
[5.336s] Call Stack (most recent call first):
[5.337s]   /usr/lib/x86_64-linux-gnu/cmake/pcl/PCLConfig.cmake:616 (find_package_handle_standard_args)
[5.337s]   /workspace/cartographer_ws/install/pcl_conversions/share/pcl_conversions/cmake/ament_cmake_export_dependencies-extras.cmake:21 (find_package)
[5.337s]   /workspace/cartographer_ws/install/pcl_conversions/share/pcl_conversions/cmake/pcl_conversionsConfig.cmake:41 (include)
[5.337s]   CMakeLists.txt:28 (find_package)
[5.337s] This warning is for project developers.  Use -Wno-dev to suppress it.
[5.337s] [0m
[5.337s] -- Found PCL_PEOPLE: /usr/lib/x86_64-linux-gnu/libpcl_people.so  
[5.358s] -- Found pcl_ros: 2.4.5 (/workspace/cartographer_ws/install/pcl_ros/share/pcl_ros/cmake)
[5.558s] -- Found Eigen3: TRUE (found version "3.3.7") 
[5.558s] -- Ensuring Eigen3 include directory is part of orocos-kdl CMake target
[5.910s] -- Found pluginlib: 5.1.0 (/opt/ros/humble/share/pluginlib/cmake)
[5.950s] -- Found rtabmap_conversions: 0.22.1 (/workspaces/isaac_ros-dev/Development/ros2/install/rtabmap_conversions/share/rtabmap_conversions/cmake)
[6.219s] -- Found rtabmap_util: 0.22.1 (/workspaces/isaac_ros-dev/Development/ros2/install/rtabmap_util/share/rtabmap_util/cmake)
[6.726s] -- Found rtabmap_sync: 0.22.1 (/workspaces/isaac_ros-dev/Development/ros2/install/rtabmap_sync/share/rtabmap_sync/cmake)
[7.464s] -- Configuring done
[7.682s] -- Generating done
[7.683s] [33mCMake Warning:
[7.683s]   Manually-specified variables were not used by the project:
[7.683s] 
[7.684s]     BUILD_APP
[7.684s]     BUILD_EXAMPLES
[7.684s]     BUILD_TOOLS
[7.684s]     WITH_G2O
[7.684s]     WITH_GTSAM
[7.684s]     WITH_POINTMATCHER
[7.684s]     WITH_QT
[7.684s] 
[7.684s] [0m
[7.684s] -- Build files have been written to: /workspaces/isaac_ros-dev/Development/ros2/build/rtabmap_odom
[7.714s] Invoked command in '/workspaces/isaac_ros-dev/Development/ros2/build/rtabmap_odom' returned '0': AMENT_PREFIX_PATH=/workspaces/isaac_ros-dev/Development/ros2/install/rtabmap_util:/workspaces/isaac_ros-dev/Development/ros2/install/rtabmap_sync:/workspaces/isaac_ros-dev/Development/ros2/install/rtabmap_conversions:/workspaces/isaac_ros-dev/Development/ros2/install/rtabmap_msgs:${AMENT_PREFIX_PATH} CMAKE_PREFIX_PATH=/workspaces/isaac_ros-dev/Development/ros2/install/rtabmap_util:/workspaces/isaac_ros-dev/Development/ros2/install/rtabmap_sync:/workspaces/isaac_ros-dev/Development/ros2/install/rtabmap_conversions:/workspaces/isaac_ros-dev/Development/ros2/install/rtabmap_msgs:/workspaces/isaac_ros-dev/Development/ros2/install/rtabmap:/workspace/cartographer_ws/install/perception_pcl:/workspace/cartographer_ws/install/pcl_ros:/workspace/cartographer_ws/install/cartographer_rviz:/workspace/cartographer_ws/install/cartographer_ros:/workspace/cartographer_ws/install/pcl_conversions:/workspace/cartographer_ws/install/pcl_msgs:/workspace/cartographer_ws/install/isaac_ros_tensor_list_interfaces:/workspace/cartographer_ws/install/isaac_ros_pointcloud_interfaces:/workspace/cartographer_ws/install/isaac_ros_nova_interfaces:/workspace/cartographer_ws/install/isaac_ros_nitros_bridge_interfaces:/workspace/cartographer_ws/install/isaac_ros_common:/workspace/cartographer_ws/install/isaac_ros_bi3d_interfaces:/workspace/cartographer_ws/install/isaac_ros_apriltag_interfaces:/workspace/cartographer_ws/install/control_msgs:/workspace/cartographer_ws/install/cartographer_ros_msgs:/workspace/cartographer_ws/install/cartographer:/workspace/cartographer_ws/install/absl:/workspace/cartographer_ws/install/isaac_ros_test:/opt/ros/humble LD_LIBRARY_PATH=/workspaces/isaac_ros-dev/Development/ros2/install/rtabmap_util/lib:/workspaces/isaac_ros-dev/Development/ros2/install/rtabmap_sync/lib:/workspaces/isaac_ros-dev/Development/ros2/install/rtabmap_conversions/lib:/workspaces/isaac_ros-dev/Development/ros2/install/rtabmap_msgs/lib:/workspaces/isaac_ros-dev/Development/ros2/install/rtabmap/lib:${LD_LIBRARY_PATH} PATH=/workspaces/isaac_ros-dev/Development/ros2/install/rtabmap/bin:${PATH} PKG_CONFIG_PATH=/workspaces/isaac_ros-dev/Development/ros2/install/rtabmap/lib/x86_64-linux-gnu/pkgconfig:/workspaces/isaac_ros-dev/Development/ros2/install/rtabmap/lib/pkgconfig:${PKG_CONFIG_PATH} PYTHONPATH=/workspaces/isaac_ros-dev/Development/ros2/install/rtabmap_msgs/lib/python3.8/site-packages:${PYTHONPATH} /usr/bin/cmake /workspaces/isaac_ros-dev/Development/ros2/src/rtabmap_ros/rtabmap_odom -DCMAKE_BUILD_TYPE=Release -DBUILD_APP=OFF -DBUILD_TOOLS=OFF -DBUILD_EXAMPLES=OFF -DWITH_QT=OFF -DWITH_G2O=OFF -DWITH_GTSAM=OFF -DWITH_POINTMATCHER=OFF -DAMENT_CMAKE_SYMLINK_INSTALL=1 -DCMAKE_INSTALL_PREFIX=/workspaces/isaac_ros-dev/Development/ros2/install/rtabmap_odom
[7.716s] Invoking command in '/workspaces/isaac_ros-dev/Development/ros2/build/rtabmap_odom': AMENT_PREFIX_PATH=/workspaces/isaac_ros-dev/Development/ros2/install/rtabmap_util:/workspaces/isaac_ros-dev/Development/ros2/install/rtabmap_sync:/workspaces/isaac_ros-dev/Development/ros2/install/rtabmap_conversions:/workspaces/isaac_ros-dev/Development/ros2/install/rtabmap_msgs:${AMENT_PREFIX_PATH} CMAKE_PREFIX_PATH=/workspaces/isaac_ros-dev/Development/ros2/install/rtabmap_util:/workspaces/isaac_ros-dev/Development/ros2/install/rtabmap_sync:/workspaces/isaac_ros-dev/Development/ros2/install/rtabmap_conversions:/workspaces/isaac_ros-dev/Development/ros2/install/rtabmap_msgs:/workspaces/isaac_ros-dev/Development/ros2/install/rtabmap:/workspace/cartographer_ws/install/perception_pcl:/workspace/cartographer_ws/install/pcl_ros:/workspace/cartographer_ws/install/cartographer_rviz:/workspace/cartographer_ws/install/cartographer_ros:/workspace/cartographer_ws/install/pcl_conversions:/workspace/cartographer_ws/install/pcl_msgs:/workspace/cartographer_ws/install/isaac_ros_tensor_list_interfaces:/workspace/cartographer_ws/install/isaac_ros_pointcloud_interfaces:/workspace/cartographer_ws/install/isaac_ros_nova_interfaces:/workspace/cartographer_ws/install/isaac_ros_nitros_bridge_interfaces:/workspace/cartographer_ws/install/isaac_ros_common:/workspace/cartographer_ws/install/isaac_ros_bi3d_interfaces:/workspace/cartographer_ws/install/isaac_ros_apriltag_interfaces:/workspace/cartographer_ws/install/control_msgs:/workspace/cartographer_ws/install/cartographer_ros_msgs:/workspace/cartographer_ws/install/cartographer:/workspace/cartographer_ws/install/absl:/workspace/cartographer_ws/install/isaac_ros_test:/opt/ros/humble LD_LIBRARY_PATH=/workspaces/isaac_ros-dev/Development/ros2/install/rtabmap_util/lib:/workspaces/isaac_ros-dev/Development/ros2/install/rtabmap_sync/lib:/workspaces/isaac_ros-dev/Development/ros2/install/rtabmap_conversions/lib:/workspaces/isaac_ros-dev/Development/ros2/install/rtabmap_msgs/lib:/workspaces/isaac_ros-dev/Development/ros2/install/rtabmap/lib:${LD_LIBRARY_PATH} PATH=/workspaces/isaac_ros-dev/Development/ros2/install/rtabmap/bin:${PATH} PKG_CONFIG_PATH=/workspaces/isaac_ros-dev/Development/ros2/install/rtabmap/lib/x86_64-linux-gnu/pkgconfig:/workspaces/isaac_ros-dev/Development/ros2/install/rtabmap/lib/pkgconfig:${PKG_CONFIG_PATH} PYTHONPATH=/workspaces/isaac_ros-dev/Development/ros2/install/rtabmap_msgs/lib/python3.8/site-packages:${PYTHONPATH} /usr/bin/cmake --build /workspaces/isaac_ros-dev/Development/ros2/build/rtabmap_odom -- -j24 -l24
[7.776s] [  8%] [32mBuilding CXX object CMakeFiles/rtabmap_odom.dir/src/OdometryROS.cpp.o[0m
[45.437s] [ 16%] [32m[1mLinking CXX shared library librtabmap_odom.so[0m
[46.655s] [ 16%] Built target rtabmap_odom
[46.681s] [ 41%] [32mBuilding CXX object CMakeFiles/rtabmap_odom_plugins.dir/src/nodelets/stereo_odometry.cpp.o[0m
[46.681s] [ 41%] [32mBuilding CXX object CMakeFiles/rtabmap_odom_plugins.dir/src/nodelets/rgbd_odometry.cpp.o[0m
[46.681s] [ 41%] [32mBuilding CXX object CMakeFiles/rtabmap_odom_plugins.dir/src/nodelets/icp_odometry.cpp.o[0m
[97.437s] [ 50%] [32m[1mLinking CXX shared library librtabmap_odom_plugins.so[0m
[99.253s] [ 50%] Built target rtabmap_odom_plugins
[99.278s] [ 75%] [32mBuilding CXX object CMakeFiles/rtabmap_rgbd_odometry.dir/src/RGBDOdometryNode.cpp.o[0m
[99.278s] [ 75%] [32mBuilding CXX object CMakeFiles/rtabmap_icp_odometry.dir/src/ICPOdometryNode.cpp.o[0m
[99.278s] [ 75%] [32mBuilding CXX object CMakeFiles/rtabmap_stereo_odometry.dir/src/StereoOdometryNode.cpp.o[0m
[113.697s] [ 83%] [32m[1mLinking CXX executable icp_odometry[0m
[113.840s] [ 91%] [32m[1mLinking CXX executable rgbd_odometry[0m
[114.131s] [100%] [32m[1mLinking CXX executable stereo_odometry[0m
[115.832s] [100%] Built target rtabmap_icp_odometry
[115.925s] [100%] Built target rtabmap_rgbd_odometry
[116.224s] [100%] Built target rtabmap_stereo_odometry
[116.238s] Invoked command in '/workspaces/isaac_ros-dev/Development/ros2/build/rtabmap_odom' returned '0': AMENT_PREFIX_PATH=/workspaces/isaac_ros-dev/Development/ros2/install/rtabmap_util:/workspaces/isaac_ros-dev/Development/ros2/install/rtabmap_sync:/workspaces/isaac_ros-dev/Development/ros2/install/rtabmap_conversions:/workspaces/isaac_ros-dev/Development/ros2/install/rtabmap_msgs:${AMENT_PREFIX_PATH} CMAKE_PREFIX_PATH=/workspaces/isaac_ros-dev/Development/ros2/install/rtabmap_util:/workspaces/isaac_ros-dev/Development/ros2/install/rtabmap_sync:/workspaces/isaac_ros-dev/Development/ros2/install/rtabmap_conversions:/workspaces/isaac_ros-dev/Development/ros2/install/rtabmap_msgs:/workspaces/isaac_ros-dev/Development/ros2/install/rtabmap:/workspace/cartographer_ws/install/perception_pcl:/workspace/cartographer_ws/install/pcl_ros:/workspace/cartographer_ws/install/cartographer_rviz:/workspace/cartographer_ws/install/cartographer_ros:/workspace/cartographer_ws/install/pcl_conversions:/workspace/cartographer_ws/install/pcl_msgs:/workspace/cartographer_ws/install/isaac_ros_tensor_list_interfaces:/workspace/cartographer_ws/install/isaac_ros_pointcloud_interfaces:/workspace/cartographer_ws/install/isaac_ros_nova_interfaces:/workspace/cartographer_ws/install/isaac_ros_nitros_bridge_interfaces:/workspace/cartographer_ws/install/isaac_ros_common:/workspace/cartographer_ws/install/isaac_ros_bi3d_interfaces:/workspace/cartographer_ws/install/isaac_ros_apriltag_interfaces:/workspace/cartographer_ws/install/control_msgs:/workspace/cartographer_ws/install/cartographer_ros_msgs:/workspace/cartographer_ws/install/cartographer:/workspace/cartographer_ws/install/absl:/workspace/cartographer_ws/install/isaac_ros_test:/opt/ros/humble LD_LIBRARY_PATH=/workspaces/isaac_ros-dev/Development/ros2/install/rtabmap_util/lib:/workspaces/isaac_ros-dev/Development/ros2/install/rtabmap_sync/lib:/workspaces/isaac_ros-dev/Development/ros2/install/rtabmap_conversions/lib:/workspaces/isaac_ros-dev/Development/ros2/install/rtabmap_msgs/lib:/workspaces/isaac_ros-dev/Development/ros2/install/rtabmap/lib:${LD_LIBRARY_PATH} PATH=/workspaces/isaac_ros-dev/Development/ros2/install/rtabmap/bin:${PATH} PKG_CONFIG_PATH=/workspaces/isaac_ros-dev/Development/ros2/install/rtabmap/lib/x86_64-linux-gnu/pkgconfig:/workspaces/isaac_ros-dev/Development/ros2/install/rtabmap/lib/pkgconfig:${PKG_CONFIG_PATH} PYTHONPATH=/workspaces/isaac_ros-dev/Development/ros2/install/rtabmap_msgs/lib/python3.8/site-packages:${PYTHONPATH} /usr/bin/cmake --build /workspaces/isaac_ros-dev/Development/ros2/build/rtabmap_odom -- -j24 -l24
[116.409s] Invoking command in '/workspaces/isaac_ros-dev/Development/ros2/build/rtabmap_odom': AMENT_PREFIX_PATH=/workspaces/isaac_ros-dev/Development/ros2/install/rtabmap_util:/workspaces/isaac_ros-dev/Development/ros2/install/rtabmap_sync:/workspaces/isaac_ros-dev/Development/ros2/install/rtabmap_conversions:/workspaces/isaac_ros-dev/Development/ros2/install/rtabmap_msgs:${AMENT_PREFIX_PATH} CMAKE_PREFIX_PATH=/workspaces/isaac_ros-dev/Development/ros2/install/rtabmap_util:/workspaces/isaac_ros-dev/Development/ros2/install/rtabmap_sync:/workspaces/isaac_ros-dev/Development/ros2/install/rtabmap_conversions:/workspaces/isaac_ros-dev/Development/ros2/install/rtabmap_msgs:/workspaces/isaac_ros-dev/Development/ros2/install/rtabmap:/workspace/cartographer_ws/install/perception_pcl:/workspace/cartographer_ws/install/pcl_ros:/workspace/cartographer_ws/install/cartographer_rviz:/workspace/cartographer_ws/install/cartographer_ros:/workspace/cartographer_ws/install/pcl_conversions:/workspace/cartographer_ws/install/pcl_msgs:/workspace/cartographer_ws/install/isaac_ros_tensor_list_interfaces:/workspace/cartographer_ws/install/isaac_ros_pointcloud_interfaces:/workspace/cartographer_ws/install/isaac_ros_nova_interfaces:/workspace/cartographer_ws/install/isaac_ros_nitros_bridge_interfaces:/workspace/cartographer_ws/install/isaac_ros_common:/workspace/cartographer_ws/install/isaac_ros_bi3d_interfaces:/workspace/cartographer_ws/install/isaac_ros_apriltag_interfaces:/workspace/cartographer_ws/install/control_msgs:/workspace/cartographer_ws/install/cartographer_ros_msgs:/workspace/cartographer_ws/install/cartographer:/workspace/cartographer_ws/install/absl:/workspace/cartographer_ws/install/isaac_ros_test:/opt/ros/humble LD_LIBRARY_PATH=/workspaces/isaac_ros-dev/Development/ros2/install/rtabmap_util/lib:/workspaces/isaac_ros-dev/Development/ros2/install/rtabmap_sync/lib:/workspaces/isaac_ros-dev/Development/ros2/install/rtabmap_conversions/lib:/workspaces/isaac_ros-dev/Development/ros2/install/rtabmap_msgs/lib:/workspaces/isaac_ros-dev/Development/ros2/install/rtabmap/lib:${LD_LIBRARY_PATH} PATH=/workspaces/isaac_ros-dev/Development/ros2/install/rtabmap/bin:${PATH} PKG_CONFIG_PATH=/workspaces/isaac_ros-dev/Development/ros2/install/rtabmap/lib/x86_64-linux-gnu/pkgconfig:/workspaces/isaac_ros-dev/Development/ros2/install/rtabmap/lib/pkgconfig:${PKG_CONFIG_PATH} PYTHONPATH=/workspaces/isaac_ros-dev/Development/ros2/install/rtabmap_msgs/lib/python3.8/site-packages:${PYTHONPATH} /usr/bin/cmake --install /workspaces/isaac_ros-dev/Development/ros2/build/rtabmap_odom
[116.420s] -- Install configuration: "Release"
[116.421s] -- Execute custom install script
[116.421s] -- Symlinking: /workspaces/isaac_ros-dev/Development/ros2/install/rtabmap_odom/share/rtabmap_odom/environment/library_path.sh
[116.430s] -- Symlinking: /workspaces/isaac_ros-dev/Development/ros2/install/rtabmap_odom/share/rtabmap_odom/environment/library_path.dsv
[116.438s] -- Symlinking: /workspaces/isaac_ros-dev/Development/ros2/install/rtabmap_odom/lib/rtabmap_odom/rgbd_odometry
[116.445s] -- Symlinking: /workspaces/isaac_ros-dev/Development/ros2/install/rtabmap_odom/lib/rtabmap_odom/icp_odometry
[116.452s] -- Symlinking: /workspaces/isaac_ros-dev/Development/ros2/install/rtabmap_odom/lib/rtabmap_odom/stereo_odometry
[116.458s] -- Symlinking: /workspaces/isaac_ros-dev/Development/ros2/install/rtabmap_odom/share/ament_index/resource_index/package_run_dependencies/rtabmap_odom
[116.464s] -- Symlinking: /workspaces/isaac_ros-dev/Development/ros2/install/rtabmap_odom/share/ament_index/resource_index/parent_prefix_path/rtabmap_odom
[116.470s] -- Symlinking: /workspaces/isaac_ros-dev/Development/ros2/install/rtabmap_odom/share/rtabmap_odom/environment/ament_prefix_path.sh
[116.475s] -- Symlinking: /workspaces/isaac_ros-dev/Development/ros2/install/rtabmap_odom/share/rtabmap_odom/environment/ament_prefix_path.dsv
[116.482s] -- Symlinking: /workspaces/isaac_ros-dev/Development/ros2/install/rtabmap_odom/share/rtabmap_odom/environment/path.sh
[116.487s] -- Symlinking: /workspaces/isaac_ros-dev/Development/ros2/install/rtabmap_odom/share/rtabmap_odom/environment/path.dsv
[116.493s] -- Symlinking: /workspaces/isaac_ros-dev/Development/ros2/install/rtabmap_odom/share/rtabmap_odom/local_setup.bash
[116.499s] -- Symlinking: /workspaces/isaac_ros-dev/Development/ros2/install/rtabmap_odom/share/rtabmap_odom/local_setup.sh
[116.505s] -- Symlinking: /workspaces/isaac_ros-dev/Development/ros2/install/rtabmap_odom/share/rtabmap_odom/local_setup.zsh
[116.510s] -- Symlinking: /workspaces/isaac_ros-dev/Development/ros2/install/rtabmap_odom/share/rtabmap_odom/local_setup.dsv
[116.516s] -- Symlinking: /workspaces/isaac_ros-dev/Development/ros2/install/rtabmap_odom/share/rtabmap_odom/package.dsv
[116.522s] -- Symlinking: /workspaces/isaac_ros-dev/Development/ros2/install/rtabmap_odom/share/ament_index/resource_index/packages/rtabmap_odom
[116.528s] -- Symlinking: /workspaces/isaac_ros-dev/Development/ros2/install/rtabmap_odom/share/ament_index/resource_index/rclcpp_components/rtabmap_odom
[116.534s] -- Symlinking: /workspaces/isaac_ros-dev/Development/ros2/install/rtabmap_odom/share/rtabmap_odom/cmake/ament_cmake_export_dependencies-extras.cmake
[116.539s] -- Symlinking: /workspaces/isaac_ros-dev/Development/ros2/install/rtabmap_odom/share/rtabmap_odom/cmake/ament_cmake_export_include_directories-extras.cmake
[116.545s] -- Symlinking: /workspaces/isaac_ros-dev/Development/ros2/install/rtabmap_odom/share/rtabmap_odom/cmake/ament_cmake_export_targets-extras.cmake
[116.551s] -- Symlinking: /workspaces/isaac_ros-dev/Development/ros2/install/rtabmap_odom/share/rtabmap_odom/cmake/ament_cmake_export_libraries-extras.cmake
[116.557s] -- Symlinking: /workspaces/isaac_ros-dev/Development/ros2/install/rtabmap_odom/share/rtabmap_odom/cmake/rtabmap_odomConfig.cmake
[116.563s] -- Symlinking: /workspaces/isaac_ros-dev/Development/ros2/install/rtabmap_odom/share/rtabmap_odom/cmake/rtabmap_odomConfig-version.cmake
[116.569s] -- Symlinking: /workspaces/isaac_ros-dev/Development/ros2/install/rtabmap_odom/share/rtabmap_odom/package.xml
[116.574s] -- Installing: /workspaces/isaac_ros-dev/Development/ros2/install/rtabmap_odom/lib/librtabmap_odom.so
[116.578s] -- Set runtime path of "/workspaces/isaac_ros-dev/Development/ros2/install/rtabmap_odom/lib/librtabmap_odom.so" to ""
[116.579s] -- Installing: /workspaces/isaac_ros-dev/Development/ros2/install/rtabmap_odom/lib/librtabmap_odom_plugins.so
[116.590s] -- Set runtime path of "/workspaces/isaac_ros-dev/Development/ros2/install/rtabmap_odom/lib/librtabmap_odom_plugins.so" to ""
[116.590s] -- Installing: /workspaces/isaac_ros-dev/Development/ros2/install/rtabmap_odom/include
[116.590s] -- Installing: /workspaces/isaac_ros-dev/Development/ros2/install/rtabmap_odom/include/rtabmap_odom
[116.590s] -- Installing: /workspaces/isaac_ros-dev/Development/ros2/install/rtabmap_odom/include/rtabmap_odom/visibility.h
[116.590s] -- Installing: /workspaces/isaac_ros-dev/Development/ros2/install/rtabmap_odom/include/rtabmap_odom/OdometryROS.h
[116.590s] -- Installing: /workspaces/isaac_ros-dev/Development/ros2/install/rtabmap_odom/share/rtabmap_odom/cmake/rtabmap_odomExport.cmake
[116.590s] -- Installing: /workspaces/isaac_ros-dev/Development/ros2/install/rtabmap_odom/share/rtabmap_odom/cmake/rtabmap_odomExport-release.cmake
[116.593s] Invoked command in '/workspaces/isaac_ros-dev/Development/ros2/build/rtabmap_odom' returned '0': AMENT_PREFIX_PATH=/workspaces/isaac_ros-dev/Development/ros2/install/rtabmap_util:/workspaces/isaac_ros-dev/Development/ros2/install/rtabmap_sync:/workspaces/isaac_ros-dev/Development/ros2/install/rtabmap_conversions:/workspaces/isaac_ros-dev/Development/ros2/install/rtabmap_msgs:${AMENT_PREFIX_PATH} CMAKE_PREFIX_PATH=/workspaces/isaac_ros-dev/Development/ros2/install/rtabmap_util:/workspaces/isaac_ros-dev/Development/ros2/install/rtabmap_sync:/workspaces/isaac_ros-dev/Development/ros2/install/rtabmap_conversions:/workspaces/isaac_ros-dev/Development/ros2/install/rtabmap_msgs:/workspaces/isaac_ros-dev/Development/ros2/install/rtabmap:/workspace/cartographer_ws/install/perception_pcl:/workspace/cartographer_ws/install/pcl_ros:/workspace/cartographer_ws/install/cartographer_rviz:/workspace/cartographer_ws/install/cartographer_ros:/workspace/cartographer_ws/install/pcl_conversions:/workspace/cartographer_ws/install/pcl_msgs:/workspace/cartographer_ws/install/isaac_ros_tensor_list_interfaces:/workspace/cartographer_ws/install/isaac_ros_pointcloud_interfaces:/workspace/cartographer_ws/install/isaac_ros_nova_interfaces:/workspace/cartographer_ws/install/isaac_ros_nitros_bridge_interfaces:/workspace/cartographer_ws/install/isaac_ros_common:/workspace/cartographer_ws/install/isaac_ros_bi3d_interfaces:/workspace/cartographer_ws/install/isaac_ros_apriltag_interfaces:/workspace/cartographer_ws/install/control_msgs:/workspace/cartographer_ws/install/cartographer_ros_msgs:/workspace/cartographer_ws/install/cartographer:/workspace/cartographer_ws/install/absl:/workspace/cartographer_ws/install/isaac_ros_test:/opt/ros/humble LD_LIBRARY_PATH=/workspaces/isaac_ros-dev/Development/ros2/install/rtabmap_util/lib:/workspaces/isaac_ros-dev/Development/ros2/install/rtabmap_sync/lib:/workspaces/isaac_ros-dev/Development/ros2/install/rtabmap_conversions/lib:/workspaces/isaac_ros-dev/Development/ros2/install/rtabmap_msgs/lib:/workspaces/isaac_ros-dev/Development/ros2/install/rtabmap/lib:${LD_LIBRARY_PATH} PATH=/workspaces/isaac_ros-dev/Development/ros2/install/rtabmap/bin:${PATH} PKG_CONFIG_PATH=/workspaces/isaac_ros-dev/Development/ros2/install/rtabmap/lib/x86_64-linux-gnu/pkgconfig:/workspaces/isaac_ros-dev/Development/ros2/install/rtabmap/lib/pkgconfig:${PKG_CONFIG_PATH} PYTHONPATH=/workspaces/isaac_ros-dev/Development/ros2/install/rtabmap_msgs/lib/python3.8/site-packages:${PYTHONPATH} /usr/bin/cmake --install /workspaces/isaac_ros-dev/Development/ros2/build/rtabmap_odom
