[0.025s] Invoking command in '/home/nvidia/Documents/ACC_Development/Development/ros2/build/qcar2_nodes': AMENT_PREFIX_PATH=/home/nvidia/Documents/ACC_Development/Development/ros2/install/qcar2_interfaces CMAKE_PREFIX_PATH=/home/nvidia/Documents/ACC_Development/Development/ros2/install/qcar2_interfaces LD_LIBRARY_PATH=/home/nvidia/Documents/ACC_Development/Development/ros2/install/qcar2_interfaces/lib:/usr/local/cuda/lib64:/usr/local/cuda/lib64:/usr/local/cuda/lib64 PYTHONPATH=/home/nvidia/Documents/ACC_Development/Development/ros2/install/qcar2_interfaces/lib/python3.9/site-packages:${PYTHONPATH} /usr/bin/cmake --build /home/nvidia/Documents/ACC_Development/Development/ros2/build/qcar2_nodes -- -j8 -l8
[0.137s] [ 12%] Built target lidar
[0.143s] [ 25%] Built target rgbd
[0.148s] [ 37%] Built target fixed_lidar_frame_virtual
[0.150s] [ 62%] Built target qcar2_hardware
[0.150s] [ 62%] Built target command
[0.151s] [ 75%] Built target csi
[0.157s] [100%] Built target fixed_lidar_frame
[0.157s] [100%] Built target nav2_qcar2_converter
[0.177s] Invoked command in '/home/nvidia/Documents/ACC_Development/Development/ros2/build/qcar2_nodes' returned '0': AMENT_PREFIX_PATH=/home/nvidia/Documents/ACC_Development/Development/ros2/install/qcar2_interfaces CMAKE_PREFIX_PATH=/home/nvidia/Documents/ACC_Development/Development/ros2/install/qcar2_interfaces LD_LIBRARY_PATH=/home/nvidia/Documents/ACC_Development/Development/ros2/install/qcar2_interfaces/lib:/usr/local/cuda/lib64:/usr/local/cuda/lib64:/usr/local/cuda/lib64 PYTHONPATH=/home/nvidia/Documents/ACC_Development/Development/ros2/install/qcar2_interfaces/lib/python3.9/site-packages:${PYTHONPATH} /usr/bin/cmake --build /home/nvidia/Documents/ACC_Development/Development/ros2/build/qcar2_nodes -- -j8 -l8
[0.268s] Invoking command in '/home/nvidia/Documents/ACC_Development/Development/ros2/build/qcar2_nodes': AMENT_PREFIX_PATH=/home/nvidia/Documents/ACC_Development/Development/ros2/install/qcar2_interfaces CMAKE_PREFIX_PATH=/home/nvidia/Documents/ACC_Development/Development/ros2/install/qcar2_interfaces LD_LIBRARY_PATH=/home/nvidia/Documents/ACC_Development/Development/ros2/install/qcar2_interfaces/lib:/usr/local/cuda/lib64:/usr/local/cuda/lib64:/usr/local/cuda/lib64 PYTHONPATH=/home/nvidia/Documents/ACC_Development/Development/ros2/install/qcar2_interfaces/lib/python3.9/site-packages:${PYTHONPATH} /usr/bin/cmake --install /home/nvidia/Documents/ACC_Development/Development/ros2/build/qcar2_nodes
[0.284s] -- Install configuration: ""
[0.284s] -- Up-to-date: /home/nvidia/Documents/ACC_Development/Development/ros2/install/qcar2_nodes/lib/qcar2_nodes/qcar2_hardware
[0.284s] -- Up-to-date: /home/nvidia/Documents/ACC_Development/Development/ros2/install/qcar2_nodes/lib/qcar2_nodes/rgbd
[0.285s] -- Up-to-date: /home/nvidia/Documents/ACC_Development/Development/ros2/install/qcar2_nodes/lib/qcar2_nodes/lidar
[0.285s] -- Up-to-date: /home/nvidia/Documents/ACC_Development/Development/ros2/install/qcar2_nodes/lib/qcar2_nodes/csi
[0.285s] -- Up-to-date: /home/nvidia/Documents/ACC_Development/Development/ros2/install/qcar2_nodes/lib/qcar2_nodes/command
[0.286s] -- Up-to-date: /home/nvidia/Documents/ACC_Development/Development/ros2/install/qcar2_nodes/lib/qcar2_nodes/nav2_qcar2_converter
[0.286s] -- Up-to-date: /home/nvidia/Documents/ACC_Development/Development/ros2/install/qcar2_nodes/lib/qcar2_nodes/fixed_lidar_frame
[0.287s] -- Up-to-date: /home/nvidia/Documents/ACC_Development/Development/ros2/install/qcar2_nodes/lib/qcar2_nodes/fixed_lidar_frame_virtual
[0.287s] -- Up-to-date: /home/nvidia/Documents/ACC_Development/Development/ros2/install/qcar2_nodes/share/qcar2_nodes//launch
[0.287s] -- Installing: /home/nvidia/Documents/ACC_Development/Development/ros2/install/qcar2_nodes/share/qcar2_nodes//launch/qcar2_slam_and_nav_bringup_virtual_launch.py
[0.289s] -- Installing: /home/nvidia/Documents/ACC_Development/Development/ros2/install/qcar2_nodes/share/qcar2_nodes//launch/qcar2_slam_and_nav_bringup_launch.py
[0.290s] -- Up-to-date: /home/nvidia/Documents/ACC_Development/Development/ros2/install/qcar2_nodes/share/qcar2_nodes//launch/qcar2_manual_drive_launch.py
[0.290s] -- Installing: /home/nvidia/Documents/ACC_Development/Development/ros2/install/qcar2_nodes/share/qcar2_nodes//launch/qcar2_manual_cartographer_launch.py
[0.290s] -- Up-to-date: /home/nvidia/Documents/ACC_Development/Development/ros2/install/qcar2_nodes/share/qcar2_nodes//launch/__pycache__
[0.290s] -- Up-to-date: /home/nvidia/Documents/ACC_Development/Development/ros2/install/qcar2_nodes/share/qcar2_nodes//launch/__pycache__/qcar2_slam_and_nav_bringup_virtual_launch.cpython-38.pyc
[0.291s] -- Up-to-date: /home/nvidia/Documents/ACC_Development/Development/ros2/install/qcar2_nodes/share/qcar2_nodes//launch/__pycache__/qcar2_slam_and_nav_bringup_launch.cpython-38.pyc
[0.291s] -- Up-to-date: /home/nvidia/Documents/ACC_Development/Development/ros2/install/qcar2_nodes/share/qcar2_nodes//launch/qcar2_launch.py
[0.291s] -- Installing: /home/nvidia/Documents/ACC_Development/Development/ros2/install/qcar2_nodes/share/qcar2_nodes//launch/qcar2_cartographer_virtual_launch.py
[0.291s] -- Installing: /home/nvidia/Documents/ACC_Development/Development/ros2/install/qcar2_nodes/share/qcar2_nodes//launch/qcar2_cartographer_launch.py
[0.291s] -- Up-to-date: /home/nvidia/Documents/ACC_Development/Development/ros2/install/qcar2_nodes/share/qcar2_nodes//launch/qcar2_virtual_launch.py
[0.291s] -- Up-to-date: /home/nvidia/Documents/ACC_Development/Development/ros2/install/qcar2_nodes/share/qcar2_nodes//rt_models
[0.291s] -- Up-to-date: /home/nvidia/Documents/ACC_Development/Development/ros2/install/qcar2_nodes/share/qcar2_nodes//rt_models/dummy_model
[0.292s] -- Up-to-date: /home/nvidia/Documents/ACC_Development/Development/ros2/install/qcar2_nodes/share/qcar2_nodes//config
[0.292s] -- Up-to-date: /home/nvidia/Documents/ACC_Development/Development/ros2/install/qcar2_nodes/share/qcar2_nodes//config/qcar2_2d.lua
[0.292s] -- Up-to-date: /home/nvidia/Documents/ACC_Development/Development/ros2/install/qcar2_nodes/share/qcar2_nodes//config/qcar2_slam_and_nav.yaml
[0.292s] -- Up-to-date: /home/nvidia/Documents/ACC_Development/Development/ros2/install/qcar2_nodes/share/qcar2_nodes//config/qcar2_slam_and_nav_virtual.yaml
[0.292s] -- Up-to-date: /home/nvidia/Documents/ACC_Development/Development/ros2/install/qcar2_nodes/share/ament_index/resource_index/package_run_dependencies/qcar2_nodes
[0.292s] -- Up-to-date: /home/nvidia/Documents/ACC_Development/Development/ros2/install/qcar2_nodes/share/ament_index/resource_index/parent_prefix_path/qcar2_nodes
[0.292s] -- Up-to-date: /home/nvidia/Documents/ACC_Development/Development/ros2/install/qcar2_nodes/share/qcar2_nodes/environment/ament_prefix_path.sh
[0.293s] -- Up-to-date: /home/nvidia/Documents/ACC_Development/Development/ros2/install/qcar2_nodes/share/qcar2_nodes/environment/ament_prefix_path.dsv
[0.293s] -- Up-to-date: /home/nvidia/Documents/ACC_Development/Development/ros2/install/qcar2_nodes/share/qcar2_nodes/environment/path.sh
[0.293s] -- Up-to-date: /home/nvidia/Documents/ACC_Development/Development/ros2/install/qcar2_nodes/share/qcar2_nodes/environment/path.dsv
[0.294s] -- Up-to-date: /home/nvidia/Documents/ACC_Development/Development/ros2/install/qcar2_nodes/share/qcar2_nodes/local_setup.bash
[0.294s] -- Up-to-date: /home/nvidia/Documents/ACC_Development/Development/ros2/install/qcar2_nodes/share/qcar2_nodes/local_setup.sh
[0.294s] -- Up-to-date: /home/nvidia/Documents/ACC_Development/Development/ros2/install/qcar2_nodes/share/qcar2_nodes/local_setup.zsh
[0.294s] -- Up-to-date: /home/nvidia/Documents/ACC_Development/Development/ros2/install/qcar2_nodes/share/qcar2_nodes/local_setup.dsv
[0.294s] -- Installing: /home/nvidia/Documents/ACC_Development/Development/ros2/install/qcar2_nodes/share/qcar2_nodes/package.dsv
[0.294s] -- Up-to-date: /home/nvidia/Documents/ACC_Development/Development/ros2/install/qcar2_nodes/share/ament_index/resource_index/packages/qcar2_nodes
[0.295s] -- Up-to-date: /home/nvidia/Documents/ACC_Development/Development/ros2/install/qcar2_nodes/share/qcar2_nodes/cmake/qcar2_nodesConfig.cmake
[0.295s] -- Up-to-date: /home/nvidia/Documents/ACC_Development/Development/ros2/install/qcar2_nodes/share/qcar2_nodes/cmake/qcar2_nodesConfig-version.cmake
[0.295s] -- Up-to-date: /home/nvidia/Documents/ACC_Development/Development/ros2/install/qcar2_nodes/share/qcar2_nodes/package.xml
[0.297s] Invoked command in '/home/nvidia/Documents/ACC_Development/Development/ros2/build/qcar2_nodes' returned '0': AMENT_PREFIX_PATH=/home/nvidia/Documents/ACC_Development/Development/ros2/install/qcar2_interfaces CMAKE_PREFIX_PATH=/home/nvidia/Documents/ACC_Development/Development/ros2/install/qcar2_interfaces LD_LIBRARY_PATH=/home/nvidia/Documents/ACC_Development/Development/ros2/install/qcar2_interfaces/lib:/usr/local/cuda/lib64:/usr/local/cuda/lib64:/usr/local/cuda/lib64 PYTHONPATH=/home/nvidia/Documents/ACC_Development/Development/ros2/install/qcar2_interfaces/lib/python3.9/site-packages:${PYTHONPATH} /usr/bin/cmake --install /home/nvidia/Documents/ACC_Development/Development/ros2/build/qcar2_nodes
