[0.041s] Invoking command in '/workspaces/isaac_ros-dev/build/gxf_isaac_gxf_helpers': AMENT_PREFIX_PATH=/workspaces/isaac_ros-dev/install/gxf_isaac_gems:/workspaces/isaac_ros-dev/install/isaac_ros_gxf:${AMENT_PREFIX_PATH} CMAKE_PREFIX_PATH=/workspaces/isaac_ros-dev/install/gxf_isaac_gems:/workspaces/isaac_ros-dev/install/isaac_ros_gxf:/workspaces/isaac_ros-dev/install/qcar2_nodes:/workspaces/isaac_ros-dev/install/qcar2_interfaces:/workspace/cartographer_ws/install/perception_pcl:/workspace/cartographer_ws/install/pcl_ros:/workspace/cartographer_ws/install/cartographer_rviz:/workspace/cartographer_ws/install/cartographer_ros:/workspace/cartographer_ws/install/pcl_conversions:/workspace/cartographer_ws/install/pcl_msgs:/workspace/cartographer_ws/install/isaac_ros_tensor_list_interfaces:/workspace/cartographer_ws/install/isaac_ros_pointcloud_interfaces:/workspace/cartographer_ws/install/isaac_ros_nova_interfaces:/workspace/cartographer_ws/install/isaac_ros_nitros_bridge_interfaces:/workspace/cartographer_ws/install/isaac_ros_common:/workspace/cartographer_ws/install/isaac_ros_bi3d_interfaces:/workspace/cartographer_ws/install/isaac_ros_apriltag_interfaces:/workspace/cartographer_ws/install/control_msgs:/workspace/cartographer_ws/install/cartographer_ros_msgs:/workspace/cartographer_ws/install/cartographer:/workspace/cartographer_ws/install/absl:/workspaces/isaac_ros-dev/install/qcar2_autonomy:/workspace/cartographer_ws/install/isaac_ros_test:/opt/ros/humble LD_LIBRARY_PATH=/workspaces/isaac_ros-dev/install/gxf_isaac_gems/lib:/workspaces/isaac_ros-dev/install/isaac_ros_gxf/lib:${LD_LIBRARY_PATH} /usr/bin/cmake /workspaces/isaac_ros-dev/ros2/src/isaac_ros_nitros/isaac_ros_gxf_extensions/gxf_isaac_gxf_helpers -DAMENT_CMAKE_SYMLINK_INSTALL=1 -DCMAKE_INSTALL_PREFIX=/workspaces/isaac_ros-dev/install/gxf_isaac_gxf_helpers
[0.080s] -- The C compiler identification is GNU 9.4.0
[0.116s] -- The CXX compiler identification is GNU 9.4.0
[0.121s] -- Detecting C compiler ABI info
[0.165s] -- Detecting C compiler ABI info - done
[0.170s] -- Check for working C compiler: /usr/bin/cc - skipped
[0.170s] -- Detecting C compile features
[0.170s] -- Detecting C compile features - done
[0.172s] -- Detecting CXX compiler ABI info
[0.218s] -- Detecting CXX compiler ABI info - done
[0.224s] -- Check for working CXX compiler: /usr/bin/c++ - skipped
[0.224s] -- Detecting CXX compile features
[0.224s] -- Detecting CXX compile features - done
[0.227s] -- Found ament_cmake_auto: 1.3.5 (/opt/ros/humble/share/ament_cmake_auto/cmake)
[0.665s] -- Found Python3: /usr/bin/python3.8 (found version "3.8.10") found components: Interpreter 
[0.705s] -- Override CMake install command with custom implementation using symlinks instead of copying resources
[0.780s] -- Loading isaac_ros_common extras
[0.780s] -- CMAKE_BUILD_TYPE: Release
[0.793s] -- Looking for pthread.h
[0.838s] -- Looking for pthread.h - found
[0.838s] -- Performing Test CMAKE_HAVE_LIBC_PTHREAD
[0.882s] -- Performing Test CMAKE_HAVE_LIBC_PTHREAD - Failed
[0.883s] -- Looking for pthread_create in pthreads
[0.918s] -- Looking for pthread_create in pthreads - not found
[0.918s] -- Looking for pthread_create in pthread
[0.961s] -- Looking for pthread_create in pthread - found
[0.961s] -- Found Threads: TRUE  
[0.974s] -- Found CUDA: /usr/local/cuda (found version "11.8") 
[0.975s] -- Loading isaac_ros_common extras (modules)
[1.012s] -- Found rosidl_generator_c: 3.1.5 (/opt/ros/humble/share/rosidl_generator_c/cmake)
[1.018s] -- Found rosidl_adapter: 3.1.5 (/opt/ros/humble/share/rosidl_adapter/cmake)
[1.025s] -- Found rosidl_generator_cpp: 3.1.5 (/opt/ros/humble/share/rosidl_generator_cpp/cmake)
[1.037s] -- Using all available rosidl_typesupport_c: rosidl_typesupport_fastrtps_c;rosidl_typesupport_introspection_c
[1.053s] -- Using all available rosidl_typesupport_cpp: rosidl_typesupport_fastrtps_cpp;rosidl_typesupport_introspection_cpp
[1.108s] -- Found rmw_implementation_cmake: 6.1.1 (/opt/ros/humble/share/rmw_implementation_cmake/cmake)
[1.111s] -- Found rmw_fastrtps_cpp: 6.2.4 (/opt/ros/humble/share/rmw_fastrtps_cpp/cmake)
[1.213s] -- Found OpenSSL: /usr/lib/x86_64-linux-gnu/libcrypto.so (found version "1.1.1f")  
[1.234s] -- Found FastRTPS: /opt/ros/humble/include  
[1.283s] -- Using RMW implementation 'rmw_fastrtps_cpp' as default
[1.398s] -- Loading isaac_ros_gxf extras
[1.410s] -- Configuring done
[1.413s] -- Generating done
[1.413s] -- Build files have been written to: /workspaces/isaac_ros-dev/build/gxf_isaac_gxf_helpers
[1.422s] Invoked command in '/workspaces/isaac_ros-dev/build/gxf_isaac_gxf_helpers' returned '0': AMENT_PREFIX_PATH=/workspaces/isaac_ros-dev/install/gxf_isaac_gems:/workspaces/isaac_ros-dev/install/isaac_ros_gxf:${AMENT_PREFIX_PATH} CMAKE_PREFIX_PATH=/workspaces/isaac_ros-dev/install/gxf_isaac_gems:/workspaces/isaac_ros-dev/install/isaac_ros_gxf:/workspaces/isaac_ros-dev/install/qcar2_nodes:/workspaces/isaac_ros-dev/install/qcar2_interfaces:/workspace/cartographer_ws/install/perception_pcl:/workspace/cartographer_ws/install/pcl_ros:/workspace/cartographer_ws/install/cartographer_rviz:/workspace/cartographer_ws/install/cartographer_ros:/workspace/cartographer_ws/install/pcl_conversions:/workspace/cartographer_ws/install/pcl_msgs:/workspace/cartographer_ws/install/isaac_ros_tensor_list_interfaces:/workspace/cartographer_ws/install/isaac_ros_pointcloud_interfaces:/workspace/cartographer_ws/install/isaac_ros_nova_interfaces:/workspace/cartographer_ws/install/isaac_ros_nitros_bridge_interfaces:/workspace/cartographer_ws/install/isaac_ros_common:/workspace/cartographer_ws/install/isaac_ros_bi3d_interfaces:/workspace/cartographer_ws/install/isaac_ros_apriltag_interfaces:/workspace/cartographer_ws/install/control_msgs:/workspace/cartographer_ws/install/cartographer_ros_msgs:/workspace/cartographer_ws/install/cartographer:/workspace/cartographer_ws/install/absl:/workspaces/isaac_ros-dev/install/qcar2_autonomy:/workspace/cartographer_ws/install/isaac_ros_test:/opt/ros/humble LD_LIBRARY_PATH=/workspaces/isaac_ros-dev/install/gxf_isaac_gems/lib:/workspaces/isaac_ros-dev/install/isaac_ros_gxf/lib:${LD_LIBRARY_PATH} /usr/bin/cmake /workspaces/isaac_ros-dev/ros2/src/isaac_ros_nitros/isaac_ros_gxf_extensions/gxf_isaac_gxf_helpers -DAMENT_CMAKE_SYMLINK_INSTALL=1 -DCMAKE_INSTALL_PREFIX=/workspaces/isaac_ros-dev/install/gxf_isaac_gxf_helpers
[1.424s] Invoking command in '/workspaces/isaac_ros-dev/build/gxf_isaac_gxf_helpers': AMENT_PREFIX_PATH=/workspaces/isaac_ros-dev/install/gxf_isaac_gems:/workspaces/isaac_ros-dev/install/isaac_ros_gxf:${AMENT_PREFIX_PATH} CMAKE_PREFIX_PATH=/workspaces/isaac_ros-dev/install/gxf_isaac_gems:/workspaces/isaac_ros-dev/install/isaac_ros_gxf:/workspaces/isaac_ros-dev/install/qcar2_nodes:/workspaces/isaac_ros-dev/install/qcar2_interfaces:/workspace/cartographer_ws/install/perception_pcl:/workspace/cartographer_ws/install/pcl_ros:/workspace/cartographer_ws/install/cartographer_rviz:/workspace/cartographer_ws/install/cartographer_ros:/workspace/cartographer_ws/install/pcl_conversions:/workspace/cartographer_ws/install/pcl_msgs:/workspace/cartographer_ws/install/isaac_ros_tensor_list_interfaces:/workspace/cartographer_ws/install/isaac_ros_pointcloud_interfaces:/workspace/cartographer_ws/install/isaac_ros_nova_interfaces:/workspace/cartographer_ws/install/isaac_ros_nitros_bridge_interfaces:/workspace/cartographer_ws/install/isaac_ros_common:/workspace/cartographer_ws/install/isaac_ros_bi3d_interfaces:/workspace/cartographer_ws/install/isaac_ros_apriltag_interfaces:/workspace/cartographer_ws/install/control_msgs:/workspace/cartographer_ws/install/cartographer_ros_msgs:/workspace/cartographer_ws/install/cartographer:/workspace/cartographer_ws/install/absl:/workspaces/isaac_ros-dev/install/qcar2_autonomy:/workspace/cartographer_ws/install/isaac_ros_test:/opt/ros/humble LD_LIBRARY_PATH=/workspaces/isaac_ros-dev/install/gxf_isaac_gems/lib:/workspaces/isaac_ros-dev/install/isaac_ros_gxf/lib:${LD_LIBRARY_PATH} /usr/bin/cmake --build /workspaces/isaac_ros-dev/build/gxf_isaac_gxf_helpers -- -j20 -l20
[1.443s] Invoked command in '/workspaces/isaac_ros-dev/build/gxf_isaac_gxf_helpers' returned '0': AMENT_PREFIX_PATH=/workspaces/isaac_ros-dev/install/gxf_isaac_gems:/workspaces/isaac_ros-dev/install/isaac_ros_gxf:${AMENT_PREFIX_PATH} CMAKE_PREFIX_PATH=/workspaces/isaac_ros-dev/install/gxf_isaac_gems:/workspaces/isaac_ros-dev/install/isaac_ros_gxf:/workspaces/isaac_ros-dev/install/qcar2_nodes:/workspaces/isaac_ros-dev/install/qcar2_interfaces:/workspace/cartographer_ws/install/perception_pcl:/workspace/cartographer_ws/install/pcl_ros:/workspace/cartographer_ws/install/cartographer_rviz:/workspace/cartographer_ws/install/cartographer_ros:/workspace/cartographer_ws/install/pcl_conversions:/workspace/cartographer_ws/install/pcl_msgs:/workspace/cartographer_ws/install/isaac_ros_tensor_list_interfaces:/workspace/cartographer_ws/install/isaac_ros_pointcloud_interfaces:/workspace/cartographer_ws/install/isaac_ros_nova_interfaces:/workspace/cartographer_ws/install/isaac_ros_nitros_bridge_interfaces:/workspace/cartographer_ws/install/isaac_ros_common:/workspace/cartographer_ws/install/isaac_ros_bi3d_interfaces:/workspace/cartographer_ws/install/isaac_ros_apriltag_interfaces:/workspace/cartographer_ws/install/control_msgs:/workspace/cartographer_ws/install/cartographer_ros_msgs:/workspace/cartographer_ws/install/cartographer:/workspace/cartographer_ws/install/absl:/workspaces/isaac_ros-dev/install/qcar2_autonomy:/workspace/cartographer_ws/install/isaac_ros_test:/opt/ros/humble LD_LIBRARY_PATH=/workspaces/isaac_ros-dev/install/gxf_isaac_gems/lib:/workspaces/isaac_ros-dev/install/isaac_ros_gxf/lib:${LD_LIBRARY_PATH} /usr/bin/cmake --build /workspaces/isaac_ros-dev/build/gxf_isaac_gxf_helpers -- -j20 -l20
[1.470s] Invoking command in '/workspaces/isaac_ros-dev/build/gxf_isaac_gxf_helpers': AMENT_PREFIX_PATH=/workspaces/isaac_ros-dev/install/gxf_isaac_gems:/workspaces/isaac_ros-dev/install/isaac_ros_gxf:${AMENT_PREFIX_PATH} CMAKE_PREFIX_PATH=/workspaces/isaac_ros-dev/install/gxf_isaac_gems:/workspaces/isaac_ros-dev/install/isaac_ros_gxf:/workspaces/isaac_ros-dev/install/qcar2_nodes:/workspaces/isaac_ros-dev/install/qcar2_interfaces:/workspace/cartographer_ws/install/perception_pcl:/workspace/cartographer_ws/install/pcl_ros:/workspace/cartographer_ws/install/cartographer_rviz:/workspace/cartographer_ws/install/cartographer_ros:/workspace/cartographer_ws/install/pcl_conversions:/workspace/cartographer_ws/install/pcl_msgs:/workspace/cartographer_ws/install/isaac_ros_tensor_list_interfaces:/workspace/cartographer_ws/install/isaac_ros_pointcloud_interfaces:/workspace/cartographer_ws/install/isaac_ros_nova_interfaces:/workspace/cartographer_ws/install/isaac_ros_nitros_bridge_interfaces:/workspace/cartographer_ws/install/isaac_ros_common:/workspace/cartographer_ws/install/isaac_ros_bi3d_interfaces:/workspace/cartographer_ws/install/isaac_ros_apriltag_interfaces:/workspace/cartographer_ws/install/control_msgs:/workspace/cartographer_ws/install/cartographer_ros_msgs:/workspace/cartographer_ws/install/cartographer:/workspace/cartographer_ws/install/absl:/workspaces/isaac_ros-dev/install/qcar2_autonomy:/workspace/cartographer_ws/install/isaac_ros_test:/opt/ros/humble LD_LIBRARY_PATH=/workspaces/isaac_ros-dev/install/gxf_isaac_gems/lib:/workspaces/isaac_ros-dev/install/isaac_ros_gxf/lib:${LD_LIBRARY_PATH} /usr/bin/cmake --install /workspaces/isaac_ros-dev/build/gxf_isaac_gxf_helpers
[1.474s] -- Install configuration: "Release"
[1.474s] -- Execute custom install script
[1.474s] -- Symlinking: /workspaces/isaac_ros-dev/install/gxf_isaac_gxf_helpers/share/gxf_isaac_gxf_helpers/gxf/lib/libgxf_isaac_gxf_helpers.so
[1.478s] -- Symlinking: /workspaces/isaac_ros-dev/install/gxf_isaac_gxf_helpers/share/gxf_isaac_gxf_helpers/gxf/include/extensions/gxf_helpers/parameter_parser_isaac.hpp
[1.480s] -- Symlinking: /workspaces/isaac_ros-dev/install/gxf_isaac_gxf_helpers/share/gxf_isaac_gxf_helpers/gxf/include/extensions/gxf_helpers/parameter_wrapper_isaac.hpp
[1.482s] -- Symlinking: /workspaces/isaac_ros-dev/install/gxf_isaac_gxf_helpers/share/gxf_isaac_gxf_helpers/gxf/include/extensions/gxf_helpers/string_provider.hpp
[1.485s] -- Symlinking: /workspaces/isaac_ros-dev/install/gxf_isaac_gxf_helpers/share/gxf_isaac_gxf_helpers/environment/library_path.sh
[1.488s] -- Symlinking: /workspaces/isaac_ros-dev/install/gxf_isaac_gxf_helpers/share/gxf_isaac_gxf_helpers/environment/library_path.dsv
[1.491s] -- Symlinking: /workspaces/isaac_ros-dev/install/gxf_isaac_gxf_helpers/share/ament_index/resource_index/package_run_dependencies/gxf_isaac_gxf_helpers
[1.494s] -- Symlinking: /workspaces/isaac_ros-dev/install/gxf_isaac_gxf_helpers/share/ament_index/resource_index/parent_prefix_path/gxf_isaac_gxf_helpers
[1.496s] -- Symlinking: /workspaces/isaac_ros-dev/install/gxf_isaac_gxf_helpers/share/gxf_isaac_gxf_helpers/environment/ament_prefix_path.sh
[1.499s] -- Symlinking: /workspaces/isaac_ros-dev/install/gxf_isaac_gxf_helpers/share/gxf_isaac_gxf_helpers/environment/ament_prefix_path.dsv
[1.501s] -- Symlinking: /workspaces/isaac_ros-dev/install/gxf_isaac_gxf_helpers/share/gxf_isaac_gxf_helpers/environment/path.sh
[1.504s] -- Symlinking: /workspaces/isaac_ros-dev/install/gxf_isaac_gxf_helpers/share/gxf_isaac_gxf_helpers/environment/path.dsv
[1.507s] -- Symlinking: /workspaces/isaac_ros-dev/install/gxf_isaac_gxf_helpers/share/gxf_isaac_gxf_helpers/local_setup.bash
[1.509s] -- Symlinking: /workspaces/isaac_ros-dev/install/gxf_isaac_gxf_helpers/share/gxf_isaac_gxf_helpers/local_setup.sh
[1.511s] -- Symlinking: /workspaces/isaac_ros-dev/install/gxf_isaac_gxf_helpers/share/gxf_isaac_gxf_helpers/local_setup.zsh
[1.514s] -- Symlinking: /workspaces/isaac_ros-dev/install/gxf_isaac_gxf_helpers/share/gxf_isaac_gxf_helpers/local_setup.dsv
[1.516s] -- Symlinking: /workspaces/isaac_ros-dev/install/gxf_isaac_gxf_helpers/share/gxf_isaac_gxf_helpers/package.dsv
[1.519s] -- Symlinking: /workspaces/isaac_ros-dev/install/gxf_isaac_gxf_helpers/share/ament_index/resource_index/packages/gxf_isaac_gxf_helpers
[1.521s] -- Symlinking: /workspaces/isaac_ros-dev/install/gxf_isaac_gxf_helpers/share/gxf_isaac_gxf_helpers/cmake/ament_cmake_export_targets-extras.cmake
[1.524s] -- Symlinking: /workspaces/isaac_ros-dev/install/gxf_isaac_gxf_helpers/share/gxf_isaac_gxf_helpers/cmake/ament_cmake_export_dependencies-extras.cmake
[1.527s] -- Symlinking: /workspaces/isaac_ros-dev/install/gxf_isaac_gxf_helpers/share/gxf_isaac_gxf_helpers/cmake/gxf_isaac_gxf_helpersConfig.cmake
[1.530s] -- Symlinking: /workspaces/isaac_ros-dev/install/gxf_isaac_gxf_helpers/share/gxf_isaac_gxf_helpers/cmake/gxf_isaac_gxf_helpersConfig-version.cmake
[1.533s] -- Symlinking: /workspaces/isaac_ros-dev/install/gxf_isaac_gxf_helpers/share/gxf_isaac_gxf_helpers/package.xml
[1.535s] -- Installing: /workspaces/isaac_ros-dev/install/gxf_isaac_gxf_helpers/share/gxf_isaac_gxf_helpers/cmake/export_gxf_isaac_gxf_helpersExport.cmake
[1.555s] Invoked command in '/workspaces/isaac_ros-dev/build/gxf_isaac_gxf_helpers' returned '0': AMENT_PREFIX_PATH=/workspaces/isaac_ros-dev/install/gxf_isaac_gems:/workspaces/isaac_ros-dev/install/isaac_ros_gxf:${AMENT_PREFIX_PATH} CMAKE_PREFIX_PATH=/workspaces/isaac_ros-dev/install/gxf_isaac_gems:/workspaces/isaac_ros-dev/install/isaac_ros_gxf:/workspaces/isaac_ros-dev/install/qcar2_nodes:/workspaces/isaac_ros-dev/install/qcar2_interfaces:/workspace/cartographer_ws/install/perception_pcl:/workspace/cartographer_ws/install/pcl_ros:/workspace/cartographer_ws/install/cartographer_rviz:/workspace/cartographer_ws/install/cartographer_ros:/workspace/cartographer_ws/install/pcl_conversions:/workspace/cartographer_ws/install/pcl_msgs:/workspace/cartographer_ws/install/isaac_ros_tensor_list_interfaces:/workspace/cartographer_ws/install/isaac_ros_pointcloud_interfaces:/workspace/cartographer_ws/install/isaac_ros_nova_interfaces:/workspace/cartographer_ws/install/isaac_ros_nitros_bridge_interfaces:/workspace/cartographer_ws/install/isaac_ros_common:/workspace/cartographer_ws/install/isaac_ros_bi3d_interfaces:/workspace/cartographer_ws/install/isaac_ros_apriltag_interfaces:/workspace/cartographer_ws/install/control_msgs:/workspace/cartographer_ws/install/cartographer_ros_msgs:/workspace/cartographer_ws/install/cartographer:/workspace/cartographer_ws/install/absl:/workspaces/isaac_ros-dev/install/qcar2_autonomy:/workspace/cartographer_ws/install/isaac_ros_test:/opt/ros/humble LD_LIBRARY_PATH=/workspaces/isaac_ros-dev/install/gxf_isaac_gems/lib:/workspaces/isaac_ros-dev/install/isaac_ros_gxf/lib:${LD_LIBRARY_PATH} /usr/bin/cmake --install /workspaces/isaac_ros-dev/build/gxf_isaac_gxf_helpers
