[0.639s] Invoking command in '/workspaces/isaac_ros-dev/ros2/build/qcar2_autonomy': CMAKE_PREFIX_PATH=/workspaces/isaac_ros-dev/ros2/install/qcar2_interfaces:/workspaces/isaac_ros-dev/ros2/install/qcar2_nodes:/workspace/cartographer_ws/install/perception_pcl:/workspace/cartographer_ws/install/pcl_ros:/workspace/cartographer_ws/install/cartographer_rviz:/workspace/cartographer_ws/install/cartographer_ros:/workspace/cartographer_ws/install/pcl_conversions:/workspace/cartographer_ws/install/pcl_msgs:/workspace/cartographer_ws/install/isaac_ros_tensor_list_interfaces:/workspace/cartographer_ws/install/isaac_ros_pointcloud_interfaces:/workspace/cartographer_ws/install/isaac_ros_nova_interfaces:/workspace/cartographer_ws/install/isaac_ros_nitros_bridge_interfaces:/workspace/cartographer_ws/install/isaac_ros_common:/workspace/cartographer_ws/install/isaac_ros_bi3d_interfaces:/workspace/cartographer_ws/install/isaac_ros_apriltag_interfaces:/workspace/cartographer_ws/install/control_msgs:/workspace/cartographer_ws/install/cartographer_ros_msgs:/workspace/cartographer_ws/install/cartographer:/workspace/cartographer_ws/install/absl PYTHONPATH=/workspaces/isaac_ros-dev/ros2/build/qcar2_autonomy/prefix_override:/workspaces/isaac_ros-dev/ros2/install/qcar2_autonomy/lib/python3.8/site-packages:/workspaces/isaac_ros-dev/ros2/install/qcar2_interfaces/lib/python3.8/site-packages:/workspaces/isaac_ros-dev/ros2/build/qcar2_perception:/workspaces/isaac_ros-dev/ros2/install/qcar2_perception/lib/python3.8/site-packages:/workspaces/isaac_ros-dev/ros2/build/qcar2_autonomy:/workspaces/isaac_ros-dev/ros2/install/qcar2_autonomy/lib/python3.8/site-packages:/workspace/cartographer_ws/install/pcl_msgs/lib/python3.8/site-packages:/workspace/cartographer_ws/build/isaac_ros_test:/workspace/cartographer_ws/install/isaac_ros_test/lib/python3.8/site-packages:/workspace/cartographer_ws/install/isaac_ros_tensor_list_interfaces/lib/python3.8/site-packages:/workspace/cartographer_ws/install/isaac_ros_pointcloud_interfaces/lib/python3.8/site-packages:/workspace/cartographer_ws/install/isaac_ros_nova_interfaces/lib/python3.8/site-packages:/workspace/cartographer_ws/install/isaac_ros_nitros_bridge_interfaces/lib/python3.8/site-packages:/workspace/cartographer_ws/install/isaac_ros_bi3d_interfaces/lib/python3.8/site-packages:/workspace/cartographer_ws/install/isaac_ros_apriltag_interfaces/lib/python3.8/site-packages:/workspace/cartographer_ws/install/control_msgs/lib/python3.8/site-packages:/workspace/cartographer_ws/install/cartographer_ros_msgs/lib/python3.8/site-packages:/opt/ros/humble/lib/python3.8/site-packages:/home/Quanser/0_libraries/python _=/usr/bin/env /usr/bin/python3 setup.py develop --editable --build-directory /workspaces/isaac_ros-dev/ros2/build/qcar2_autonomy/build --no-deps install_data
[0.841s] running develop
[0.944s] running egg_info
[0.950s] writing qcar2_autonomy.egg-info/PKG-INFO
[0.950s] writing dependency_links to qcar2_autonomy.egg-info/dependency_links.txt
[0.950s] writing entry points to qcar2_autonomy.egg-info/entry_points.txt
[0.950s] writing requirements to qcar2_autonomy.egg-info/requires.txt
[0.950s] writing top-level names to qcar2_autonomy.egg-info/top_level.txt
[0.961s] reading manifest file 'qcar2_autonomy.egg-info/SOURCES.txt'
[0.961s] writing manifest file 'qcar2_autonomy.egg-info/SOURCES.txt'
[0.983s] running build_ext
[0.984s] Creating /workspaces/isaac_ros-dev/ros2/install/qcar2_autonomy/lib/python3.8/site-packages/qcar2-autonomy.egg-link (link to .)
[0.984s] Installing bev_csi_node script to /workspaces/isaac_ros-dev/ros2/install/qcar2_autonomy/lib/qcar2_autonomy
[0.984s] Installing bev_csi_seg script to /workspaces/isaac_ros-dev/ros2/install/qcar2_autonomy/lib/qcar2_autonomy
[0.985s] Installing controller_watchdog script to /workspaces/isaac_ros-dev/ros2/install/qcar2_autonomy/lib/qcar2_autonomy
[0.985s] Installing ekf_fusor script to /workspaces/isaac_ros-dev/ros2/install/qcar2_autonomy/lib/qcar2_autonomy
[0.985s] Installing lane_detection script to /workspaces/isaac_ros-dev/ros2/install/qcar2_autonomy/lib/qcar2_autonomy
[0.985s] Installing lane_stanley_node script to /workspaces/isaac_ros-dev/ros2/install/qcar2_autonomy/lib/qcar2_autonomy
[0.985s] Installing manual_drive script to /workspaces/isaac_ros-dev/ros2/install/qcar2_autonomy/lib/qcar2_autonomy
[0.985s] Installing path_follower script to /workspaces/isaac_ros-dev/ros2/install/qcar2_autonomy/lib/qcar2_autonomy
[0.985s] Installing pose_estimator script to /workspaces/isaac_ros-dev/ros2/install/qcar2_autonomy/lib/qcar2_autonomy
[0.985s] Installing qcar2_ekf_odometry script to /workspaces/isaac_ros-dev/ros2/install/qcar2_autonomy/lib/qcar2_autonomy
[0.985s] Installing roadmap_alignment_node script to /workspaces/isaac_ros-dev/ros2/install/qcar2_autonomy/lib/qcar2_autonomy
[0.985s] Installing sidewalk_detection script to /workspaces/isaac_ros-dev/ros2/install/qcar2_autonomy/lib/qcar2_autonomy
[0.985s] Installing stanley_live_plot script to /workspaces/isaac_ros-dev/ros2/install/qcar2_autonomy/lib/qcar2_autonomy
[0.985s] Installing trip_planner script to /workspaces/isaac_ros-dev/ros2/install/qcar2_autonomy/lib/qcar2_autonomy
[0.985s] Installing visual_odometry script to /workspaces/isaac_ros-dev/ros2/install/qcar2_autonomy/lib/qcar2_autonomy
[0.985s] 
[0.985s] Installed /workspaces/isaac_ros-dev/ros2/build/qcar2_autonomy
[0.985s] running install_data
[1.015s] Invoked command in '/workspaces/isaac_ros-dev/ros2/build/qcar2_autonomy' returned '0': CMAKE_PREFIX_PATH=/workspaces/isaac_ros-dev/ros2/install/qcar2_interfaces:/workspaces/isaac_ros-dev/ros2/install/qcar2_nodes:/workspace/cartographer_ws/install/perception_pcl:/workspace/cartographer_ws/install/pcl_ros:/workspace/cartographer_ws/install/cartographer_rviz:/workspace/cartographer_ws/install/cartographer_ros:/workspace/cartographer_ws/install/pcl_conversions:/workspace/cartographer_ws/install/pcl_msgs:/workspace/cartographer_ws/install/isaac_ros_tensor_list_interfaces:/workspace/cartographer_ws/install/isaac_ros_pointcloud_interfaces:/workspace/cartographer_ws/install/isaac_ros_nova_interfaces:/workspace/cartographer_ws/install/isaac_ros_nitros_bridge_interfaces:/workspace/cartographer_ws/install/isaac_ros_common:/workspace/cartographer_ws/install/isaac_ros_bi3d_interfaces:/workspace/cartographer_ws/install/isaac_ros_apriltag_interfaces:/workspace/cartographer_ws/install/control_msgs:/workspace/cartographer_ws/install/cartographer_ros_msgs:/workspace/cartographer_ws/install/cartographer:/workspace/cartographer_ws/install/absl PYTHONPATH=/workspaces/isaac_ros-dev/ros2/build/qcar2_autonomy/prefix_override:/workspaces/isaac_ros-dev/ros2/install/qcar2_autonomy/lib/python3.8/site-packages:/workspaces/isaac_ros-dev/ros2/install/qcar2_interfaces/lib/python3.8/site-packages:/workspaces/isaac_ros-dev/ros2/build/qcar2_perception:/workspaces/isaac_ros-dev/ros2/install/qcar2_perception/lib/python3.8/site-packages:/workspaces/isaac_ros-dev/ros2/build/qcar2_autonomy:/workspaces/isaac_ros-dev/ros2/install/qcar2_autonomy/lib/python3.8/site-packages:/workspace/cartographer_ws/install/pcl_msgs/lib/python3.8/site-packages:/workspace/cartographer_ws/build/isaac_ros_test:/workspace/cartographer_ws/install/isaac_ros_test/lib/python3.8/site-packages:/workspace/cartographer_ws/install/isaac_ros_tensor_list_interfaces/lib/python3.8/site-packages:/workspace/cartographer_ws/install/isaac_ros_pointcloud_interfaces/lib/python3.8/site-packages:/workspace/cartographer_ws/install/isaac_ros_nova_interfaces/lib/python3.8/site-packages:/workspace/cartographer_ws/install/isaac_ros_nitros_bridge_interfaces/lib/python3.8/site-packages:/workspace/cartographer_ws/install/isaac_ros_bi3d_interfaces/lib/python3.8/site-packages:/workspace/cartographer_ws/install/isaac_ros_apriltag_interfaces/lib/python3.8/site-packages:/workspace/cartographer_ws/install/control_msgs/lib/python3.8/site-packages:/workspace/cartographer_ws/install/cartographer_ros_msgs/lib/python3.8/site-packages:/opt/ros/humble/lib/python3.8/site-packages:/home/Quanser/0_libraries/python _=/usr/bin/env /usr/bin/python3 setup.py develop --editable --build-directory /workspaces/isaac_ros-dev/ros2/build/qcar2_autonomy/build --no-deps install_data
