[0.505s] Invoking command in '/home/bp02-ubuntu/Documents/GitHub/ACC_Development/Development/ros2/src/qcar2_perception': DEBUGINFOD_URLS=https://debuginfod.ubuntu.com PYTHONPATH=/home/bp02-ubuntu/Documents/GitHub/ACC_Development/Development/ros2/build/qcar2_perception/prefix_override:/usr/lib/python3/dist-packages/colcon_core/task/python/colcon_distutils_commands:/home/bp02-ubuntu/Documents/GitHub/ACC_Development/Development/ros2/install/qcar2_perception/lib/python3.12/site-packages:${PYTHONPATH} /usr/bin/python3 -W ignore:setup.py install is deprecated -W ignore:easy_install command is deprecated setup.py egg_info --egg-base ../../build/qcar2_perception build --build-base /home/bp02-ubuntu/Documents/GitHub/ACC_Development/Development/ros2/build/qcar2_perception/build install --record /home/bp02-ubuntu/Documents/GitHub/ACC_Development/Development/ros2/build/qcar2_perception/install.log --single-version-externally-managed install_data
[0.661s] running egg_info
[0.671s] writing ../../build/qcar2_perception/qcar2_perception.egg-info/PKG-INFO
[0.671s] writing dependency_links to ../../build/qcar2_perception/qcar2_perception.egg-info/dependency_links.txt
[0.671s] writing entry points to ../../build/qcar2_perception/qcar2_perception.egg-info/entry_points.txt
[0.671s] writing requirements to ../../build/qcar2_perception/qcar2_perception.egg-info/requires.txt
[0.671s] writing top-level names to ../../build/qcar2_perception/qcar2_perception.egg-info/top_level.txt
[0.692s] reading manifest file '../../build/qcar2_perception/qcar2_perception.egg-info/SOURCES.txt'
[0.692s] writing manifest file '../../build/qcar2_perception/qcar2_perception.egg-info/SOURCES.txt'
[0.692s] running build
[0.693s] running build_py
[0.693s] copying qcar2_perception/object_3d_estimator.py -> /home/bp02-ubuntu/Documents/GitHub/ACC_Development/Development/ros2/build/qcar2_perception/build/lib/qcar2_perception
[0.693s] copying qcar2_perception/semantic_landmark_mapper.py -> /home/bp02-ubuntu/Documents/GitHub/ACC_Development/Development/ros2/build/qcar2_perception/build/lib/qcar2_perception
[0.693s] running install
[0.697s] running install_lib
[0.709s] copying /home/bp02-ubuntu/Documents/GitHub/ACC_Development/Development/ros2/build/qcar2_perception/build/lib/qcar2_perception/object_3d_estimator.py -> /home/bp02-ubuntu/Documents/GitHub/ACC_Development/Development/ros2/install/qcar2_perception/lib/python3.12/site-packages/qcar2_perception
[0.709s] copying /home/bp02-ubuntu/Documents/GitHub/ACC_Development/Development/ros2/build/qcar2_perception/build/lib/qcar2_perception/semantic_landmark_mapper.py -> /home/bp02-ubuntu/Documents/GitHub/ACC_Development/Development/ros2/install/qcar2_perception/lib/python3.12/site-packages/qcar2_perception
[0.709s] byte-compiling /home/bp02-ubuntu/Documents/GitHub/ACC_Development/Development/ros2/install/qcar2_perception/lib/python3.12/site-packages/qcar2_perception/object_3d_estimator.py to object_3d_estimator.cpython-312.pyc
[0.710s] byte-compiling /home/bp02-ubuntu/Documents/GitHub/ACC_Development/Development/ros2/install/qcar2_perception/lib/python3.12/site-packages/qcar2_perception/semantic_landmark_mapper.py to semantic_landmark_mapper.cpython-312.pyc
[0.713s] running install_data
[0.713s] copying launch/perception_core_physical.launch.py -> /home/bp02-ubuntu/Documents/GitHub/ACC_Development/Development/ros2/install/qcar2_perception/share/qcar2_perception/launch
[0.713s] copying launch/perception_core_virtual.launch.py -> /home/bp02-ubuntu/Documents/GitHub/ACC_Development/Development/ros2/install/qcar2_perception/share/qcar2_perception/launch
[0.713s] copying maps/semantic_map.json -> /home/bp02-ubuntu/Documents/GitHub/ACC_Development/Development/ros2/install/qcar2_perception/share/qcar2_perception/maps
[0.713s] running install_egg_info
[0.725s] removing '/home/bp02-ubuntu/Documents/GitHub/ACC_Development/Development/ros2/install/qcar2_perception/lib/python3.12/site-packages/qcar2_perception-0.0.0-py3.12.egg-info' (and everything under it)
[0.725s] Copying ../../build/qcar2_perception/qcar2_perception.egg-info to /home/bp02-ubuntu/Documents/GitHub/ACC_Development/Development/ros2/install/qcar2_perception/lib/python3.12/site-packages/qcar2_perception-0.0.0-py3.12.egg-info
[0.725s] running install_scripts
[0.800s] Installing d435_aligned_source script to /home/bp02-ubuntu/Documents/GitHub/ACC_Development/Development/ros2/install/qcar2_perception/lib/qcar2_perception
[0.800s] Installing object_3d_estimator script to /home/bp02-ubuntu/Documents/GitHub/ACC_Development/Development/ros2/install/qcar2_perception/lib/qcar2_perception
[0.800s] Installing perception_behavior_interface script to /home/bp02-ubuntu/Documents/GitHub/ACC_Development/Development/ros2/install/qcar2_perception/lib/qcar2_perception
[0.800s] Installing semantic_consistency_monitor script to /home/bp02-ubuntu/Documents/GitHub/ACC_Development/Development/ros2/install/qcar2_perception/lib/qcar2_perception
[0.800s] Installing semantic_landmark_mapper script to /home/bp02-ubuntu/Documents/GitHub/ACC_Development/Development/ros2/install/qcar2_perception/lib/qcar2_perception
[0.800s] Installing semantic_yolo_detector script to /home/bp02-ubuntu/Documents/GitHub/ACC_Development/Development/ros2/install/qcar2_perception/lib/qcar2_perception
[0.800s] writing list of installed files to '/home/bp02-ubuntu/Documents/GitHub/ACC_Development/Development/ros2/build/qcar2_perception/install.log'
[0.822s] Invoked command in '/home/bp02-ubuntu/Documents/GitHub/ACC_Development/Development/ros2/src/qcar2_perception' returned '0': DEBUGINFOD_URLS=https://debuginfod.ubuntu.com PYTHONPATH=/home/bp02-ubuntu/Documents/GitHub/ACC_Development/Development/ros2/build/qcar2_perception/prefix_override:/usr/lib/python3/dist-packages/colcon_core/task/python/colcon_distutils_commands:/home/bp02-ubuntu/Documents/GitHub/ACC_Development/Development/ros2/install/qcar2_perception/lib/python3.12/site-packages:${PYTHONPATH} /usr/bin/python3 -W ignore:setup.py install is deprecated -W ignore:easy_install command is deprecated setup.py egg_info --egg-base ../../build/qcar2_perception build --build-base /home/bp02-ubuntu/Documents/GitHub/ACC_Development/Development/ros2/build/qcar2_perception/build install --record /home/bp02-ubuntu/Documents/GitHub/ACC_Development/Development/ros2/build/qcar2_perception/install.log --single-version-externally-managed install_data
