[0.069s] Invoking command in '/workspaces/isaac_ros-dev/build/magic_enum': CMAKE_PREFIX_PATH=${CMAKE_PREFIX_PATH}:/workspaces/isaac_ros-dev/install/qcar2_autonomy:/workspace/cartographer_ws/install/isaac_ros_test:/opt/ros/humble /usr/bin/cmake --build /workspaces/isaac_ros-dev/build/magic_enum -- -j20 -l20
[0.094s] [ 16%] Built target example_custom_name
[0.094s] [ 16%] Built target example_containers_array
[0.095s] [ 25%] Built target example
[0.095s] [ 33%] Built target example_containers_set
[0.095s] [ 41%] Built target example_switch
[0.096s] [ 50%] Built target test-cpp17
[0.097s] [ 58%] Built target example_containers_bitset
[0.097s] [ 75%] Built target test_aliases-cpp17
[0.097s] [ 75%] Built target test_flags-cpp17
[0.098s] [ 83%] Built target test_wchar_t-cpp17
[0.099s] [ 91%] Built target test_containers-cpp17
[0.100s] [100%] Built target enum_flag_example
[0.104s] Invoked command in '/workspaces/isaac_ros-dev/build/magic_enum' returned '0': CMAKE_PREFIX_PATH=${CMAKE_PREFIX_PATH}:/workspaces/isaac_ros-dev/install/qcar2_autonomy:/workspace/cartographer_ws/install/isaac_ros_test:/opt/ros/humble /usr/bin/cmake --build /workspaces/isaac_ros-dev/build/magic_enum -- -j20 -l20
[0.157s] Invoking command in '/workspaces/isaac_ros-dev/build/magic_enum': CMAKE_PREFIX_PATH=${CMAKE_PREFIX_PATH}:/workspaces/isaac_ros-dev/install/qcar2_autonomy:/workspace/cartographer_ws/install/isaac_ros_test:/opt/ros/humble /usr/bin/cmake --install /workspaces/isaac_ros-dev/build/magic_enum
[0.160s] -- Install configuration: ""
[0.160s] -- Up-to-date: /workspaces/isaac_ros-dev/install/magic_enum/include/magic_enum
[0.160s] -- Up-to-date: /workspaces/isaac_ros-dev/install/magic_enum/include/magic_enum/magic_enum_containers.hpp
[0.160s] -- Up-to-date: /workspaces/isaac_ros-dev/install/magic_enum/include/magic_enum/magic_enum_fuse.hpp
[0.160s] -- Up-to-date: /workspaces/isaac_ros-dev/install/magic_enum/include/magic_enum/magic_enum_switch.hpp
[0.160s] -- Up-to-date: /workspaces/isaac_ros-dev/install/magic_enum/include/magic_enum/magic_enum_utility.hpp
[0.160s] -- Up-to-date: /workspaces/isaac_ros-dev/install/magic_enum/include/magic_enum/magic_enum_iostream.hpp
[0.160s] -- Up-to-date: /workspaces/isaac_ros-dev/install/magic_enum/include/magic_enum/magic_enum_all.hpp
[0.160s] -- Up-to-date: /workspaces/isaac_ros-dev/install/magic_enum/include/magic_enum/magic_enum_format.hpp
[0.161s] -- Up-to-date: /workspaces/isaac_ros-dev/install/magic_enum/include/magic_enum/magic_enum_flags.hpp
[0.161s] -- Up-to-date: /workspaces/isaac_ros-dev/install/magic_enum/include/magic_enum/magic_enum.hpp
[0.161s] -- Up-to-date: /workspaces/isaac_ros-dev/install/magic_enum/share/cmake/magic_enum/magic_enumConfig.cmake
[0.161s] -- Up-to-date: /workspaces/isaac_ros-dev/install/magic_enum/share/cmake/magic_enum/magic_enumConfigVersion.cmake
[0.161s] -- Up-to-date: /workspaces/isaac_ros-dev/install/magic_enum/share/pkgconfig/magic_enum.pc
[0.161s] -- Up-to-date: /workspaces/isaac_ros-dev/install/magic_enum/share/magic_enum/package.xml
[0.161s] Invoked command in '/workspaces/isaac_ros-dev/build/magic_enum' returned '0': CMAKE_PREFIX_PATH=${CMAKE_PREFIX_PATH}:/workspaces/isaac_ros-dev/install/qcar2_autonomy:/workspace/cartographer_ws/install/isaac_ros_test:/opt/ros/humble /usr/bin/cmake --install /workspaces/isaac_ros-dev/build/magic_enum
