[0.148s] Invoking command in '/workspaces/isaac_ros-dev/build/gxf_isaac_gems': CMAKE_PREFIX_PATH=/workspaces/isaac_ros-dev/install/isaac_ros_gxf:/workspaces/isaac_ros-dev/install/magic_enum:/workspaces/isaac_ros-dev/install/gxf_isaac_sight:/workspaces/isaac_ros-dev/install/gxf_isaac_optimizer:/workspaces/isaac_ros-dev/install/gxf_isaac_message_compositor:/workspaces/isaac_ros-dev/install/gxf_isaac_gxf_helpers:/workspaces/isaac_ros-dev/install/gxf_isaac_atlas:/workspaces/isaac_ros-dev/install/gxf_isaac_gems:/workspaces/isaac_ros-dev/install/isaac_ros_visual_slam_interfaces:/workspaces/isaac_ros-dev/install/isaac_ros_nitros_interfaces:/workspaces/isaac_ros-dev/install/qcar2_nodes:/workspaces/isaac_ros-dev/install/qcar2_interfaces:/workspace/cartographer_ws/install/perception_pcl:/workspace/cartographer_ws/install/pcl_ros:/workspace/cartographer_ws/install/cartographer_rviz:/workspace/cartographer_ws/install/cartographer_ros:/workspace/cartographer_ws/install/pcl_conversions:/workspace/cartographer_ws/install/pcl_msgs:/workspace/cartographer_ws/install/isaac_ros_tensor_list_interfaces:/workspace/cartographer_ws/install/isaac_ros_pointcloud_interfaces:/workspace/cartographer_ws/install/isaac_ros_nova_interfaces:/workspace/cartographer_ws/install/isaac_ros_nitros_bridge_interfaces:/workspace/cartographer_ws/install/isaac_ros_common:/workspace/cartographer_ws/install/isaac_ros_bi3d_interfaces:/workspace/cartographer_ws/install/isaac_ros_apriltag_interfaces:/workspace/cartographer_ws/install/control_msgs:/workspace/cartographer_ws/install/cartographer_ros_msgs:/workspace/cartographer_ws/install/cartographer:/workspace/cartographer_ws/install/absl:/workspaces/isaac_ros-dev/install/qcar2_autonomy:/workspace/cartographer_ws/install/isaac_ros_test:/opt/ros/humble LD_LIBRARY_PATH=/workspaces/isaac_ros-dev/install/isaac_ros_gxf/lib:/workspaces/isaac_ros-dev/install/gxf_isaac_sight/lib:/workspaces/isaac_ros-dev/install/gxf_isaac_optimizer/lib:/workspaces/isaac_ros-dev/install/gxf_isaac_message_compositor/lib:/workspaces/isaac_ros-dev/install/gxf_isaac_gxf_helpers/lib:/workspaces/isaac_ros-dev/install/gxf_isaac_atlas/lib:/workspaces/isaac_ros-dev/install/gxf_isaac_gems/lib:/workspaces/isaac_ros-dev/install/isaac_ros_visual_slam_interfaces/lib:/workspaces/isaac_ros-dev/install/isaac_ros_nitros_interfaces/lib:/workspaces/isaac_ros-dev/install/qcar2_interfaces/lib:/workspace/cartographer_ws/install/pcl_ros/lib:/workspace/cartographer_ws/install/cartographer_rviz/lib:/workspace/cartographer_ws/install/cartographer_ros/lib:/workspace/cartographer_ws/install/pcl_msgs/lib:/workspace/cartographer_ws/install/isaac_ros_tensor_list_interfaces/lib:/workspace/cartographer_ws/install/isaac_ros_pointcloud_interfaces/lib:/workspace/cartographer_ws/install/isaac_ros_nova_interfaces/lib:/workspace/cartographer_ws/install/isaac_ros_nitros_bridge_interfaces/lib:/workspace/cartographer_ws/install/isaac_ros_common/lib:/workspace/cartographer_ws/install/isaac_ros_bi3d_interfaces/lib:/workspace/cartographer_ws/install/isaac_ros_apriltag_interfaces/lib:/workspace/cartographer_ws/install/control_msgs/lib:/workspace/cartographer_ws/install/cartographer_ros_msgs/lib:/opt/ros/humble/opt/rviz_ogre_vendor/lib:/opt/ros/humble/lib/x86_64-linux-gnu:/opt/ros/humble/lib:/opt/tritonserver/backends/onnxruntime:/usr/local/cuda/compat/lib:/usr/local/nvidia/lib:/usr/local/nvidia/lib64:/opt/tritonserver/lib /usr/bin/cmake /workspaces/isaac_ros-dev/ros2/src/isaac_ros_nitros/isaac_ros_gxf_extensions/gxf_isaac_gems -DAMENT_CMAKE_SYMLINK_INSTALL=1 -DCMAKE_INSTALL_PREFIX=/workspaces/isaac_ros-dev/install/gxf_isaac_gems
[0.191s] -- The C compiler identification is GNU 9.4.0
[0.235s] -- The CXX compiler identification is GNU 9.4.0
[0.236s] -- Detecting C compiler ABI info
[0.280s] -- Detecting C compiler ABI info - done
[0.285s] -- Check for working C compiler: /usr/bin/cc - skipped
[0.285s] -- Detecting C compile features
[0.285s] -- Detecting C compile features - done
[0.287s] -- Detecting CXX compiler ABI info
[0.339s] -- Detecting CXX compiler ABI info - done
[0.344s] -- Check for working CXX compiler: /usr/bin/c++ - skipped
[0.344s] -- Detecting CXX compile features
[0.344s] -- Detecting CXX compile features - done
[0.347s] -- Found ament_cmake_auto: 1.3.5 (/opt/ros/humble/share/ament_cmake_auto/cmake)
[0.826s] -- Found Python3: /usr/bin/python3.8 (found version "3.8.10") found components: Interpreter 
[0.867s] -- Override CMake install command with custom implementation using symlinks instead of copying resources
[0.954s] -- Loading isaac_ros_common extras
[0.954s] -- CMAKE_BUILD_TYPE: Release
[0.967s] -- Looking for pthread.h
[1.009s] -- Looking for pthread.h - found
[1.009s] -- Performing Test CMAKE_HAVE_LIBC_PTHREAD
[1.053s] -- Performing Test CMAKE_HAVE_LIBC_PTHREAD - Failed
[1.053s] -- Looking for pthread_create in pthreads
[1.088s] -- Looking for pthread_create in pthreads - not found
[1.088s] -- Looking for pthread_create in pthread
[1.128s] -- Looking for pthread_create in pthread - found
[1.129s] -- Found Threads: TRUE  
[1.142s] -- Found CUDA: /usr/local/cuda (found version "11.8") 
[1.143s] -- Loading isaac_ros_common extras (modules)
[1.184s] -- Found rosidl_generator_c: 3.1.5 (/opt/ros/humble/share/rosidl_generator_c/cmake)
[1.190s] -- Found rosidl_adapter: 3.1.5 (/opt/ros/humble/share/rosidl_adapter/cmake)
[1.199s] -- Found rosidl_generator_cpp: 3.1.5 (/opt/ros/humble/share/rosidl_generator_cpp/cmake)
[1.211s] -- Using all available rosidl_typesupport_c: rosidl_typesupport_fastrtps_c;rosidl_typesupport_introspection_c
[1.228s] -- Using all available rosidl_typesupport_cpp: rosidl_typesupport_fastrtps_cpp;rosidl_typesupport_introspection_cpp
[1.287s] -- Found rmw_implementation_cmake: 6.1.1 (/opt/ros/humble/share/rmw_implementation_cmake/cmake)
[1.291s] -- Found rmw_fastrtps_cpp: 6.2.4 (/opt/ros/humble/share/rmw_fastrtps_cpp/cmake)
[1.394s] -- Found OpenSSL: /usr/lib/x86_64-linux-gnu/libcrypto.so (found version "1.1.1f")  
[1.419s] -- Found FastRTPS: /opt/ros/humble/include  
[1.463s] -- Using RMW implementation 'rmw_fastrtps_cpp' as default
[1.576s] -- Loading isaac_ros_gxf extras
[1.585s] -- Configuring done
[1.588s] -- Generating done
[1.591s] -- Build files have been written to: /workspaces/isaac_ros-dev/build/gxf_isaac_gems
[1.594s] Invoked command in '/workspaces/isaac_ros-dev/build/gxf_isaac_gems' returned '0': CMAKE_PREFIX_PATH=/workspaces/isaac_ros-dev/install/isaac_ros_gxf:/workspaces/isaac_ros-dev/install/magic_enum:/workspaces/isaac_ros-dev/install/gxf_isaac_sight:/workspaces/isaac_ros-dev/install/gxf_isaac_optimizer:/workspaces/isaac_ros-dev/install/gxf_isaac_message_compositor:/workspaces/isaac_ros-dev/install/gxf_isaac_gxf_helpers:/workspaces/isaac_ros-dev/install/gxf_isaac_atlas:/workspaces/isaac_ros-dev/install/gxf_isaac_gems:/workspaces/isaac_ros-dev/install/isaac_ros_visual_slam_interfaces:/workspaces/isaac_ros-dev/install/isaac_ros_nitros_interfaces:/workspaces/isaac_ros-dev/install/qcar2_nodes:/workspaces/isaac_ros-dev/install/qcar2_interfaces:/workspace/cartographer_ws/install/perception_pcl:/workspace/cartographer_ws/install/pcl_ros:/workspace/cartographer_ws/install/cartographer_rviz:/workspace/cartographer_ws/install/cartographer_ros:/workspace/cartographer_ws/install/pcl_conversions:/workspace/cartographer_ws/install/pcl_msgs:/workspace/cartographer_ws/install/isaac_ros_tensor_list_interfaces:/workspace/cartographer_ws/install/isaac_ros_pointcloud_interfaces:/workspace/cartographer_ws/install/isaac_ros_nova_interfaces:/workspace/cartographer_ws/install/isaac_ros_nitros_bridge_interfaces:/workspace/cartographer_ws/install/isaac_ros_common:/workspace/cartographer_ws/install/isaac_ros_bi3d_interfaces:/workspace/cartographer_ws/install/isaac_ros_apriltag_interfaces:/workspace/cartographer_ws/install/control_msgs:/workspace/cartographer_ws/install/cartographer_ros_msgs:/workspace/cartographer_ws/install/cartographer:/workspace/cartographer_ws/install/absl:/workspaces/isaac_ros-dev/install/qcar2_autonomy:/workspace/cartographer_ws/install/isaac_ros_test:/opt/ros/humble LD_LIBRARY_PATH=/workspaces/isaac_ros-dev/install/isaac_ros_gxf/lib:/workspaces/isaac_ros-dev/install/gxf_isaac_sight/lib:/workspaces/isaac_ros-dev/install/gxf_isaac_optimizer/lib:/workspaces/isaac_ros-dev/install/gxf_isaac_message_compositor/lib:/workspaces/isaac_ros-dev/install/gxf_isaac_gxf_helpers/lib:/workspaces/isaac_ros-dev/install/gxf_isaac_atlas/lib:/workspaces/isaac_ros-dev/install/gxf_isaac_gems/lib:/workspaces/isaac_ros-dev/install/isaac_ros_visual_slam_interfaces/lib:/workspaces/isaac_ros-dev/install/isaac_ros_nitros_interfaces/lib:/workspaces/isaac_ros-dev/install/qcar2_interfaces/lib:/workspace/cartographer_ws/install/pcl_ros/lib:/workspace/cartographer_ws/install/cartographer_rviz/lib:/workspace/cartographer_ws/install/cartographer_ros/lib:/workspace/cartographer_ws/install/pcl_msgs/lib:/workspace/cartographer_ws/install/isaac_ros_tensor_list_interfaces/lib:/workspace/cartographer_ws/install/isaac_ros_pointcloud_interfaces/lib:/workspace/cartographer_ws/install/isaac_ros_nova_interfaces/lib:/workspace/cartographer_ws/install/isaac_ros_nitros_bridge_interfaces/lib:/workspace/cartographer_ws/install/isaac_ros_common/lib:/workspace/cartographer_ws/install/isaac_ros_bi3d_interfaces/lib:/workspace/cartographer_ws/install/isaac_ros_apriltag_interfaces/lib:/workspace/cartographer_ws/install/control_msgs/lib:/workspace/cartographer_ws/install/cartographer_ros_msgs/lib:/opt/ros/humble/opt/rviz_ogre_vendor/lib:/opt/ros/humble/lib/x86_64-linux-gnu:/opt/ros/humble/lib:/opt/tritonserver/backends/onnxruntime:/usr/local/cuda/compat/lib:/usr/local/nvidia/lib:/usr/local/nvidia/lib64:/opt/tritonserver/lib /usr/bin/cmake /workspaces/isaac_ros-dev/ros2/src/isaac_ros_nitros/isaac_ros_gxf_extensions/gxf_isaac_gems -DAMENT_CMAKE_SYMLINK_INSTALL=1 -DCMAKE_INSTALL_PREFIX=/workspaces/isaac_ros-dev/install/gxf_isaac_gems
[1.596s] Invoking command in '/workspaces/isaac_ros-dev/build/gxf_isaac_gems': CMAKE_PREFIX_PATH=/workspaces/isaac_ros-dev/install/isaac_ros_gxf:/workspaces/isaac_ros-dev/install/magic_enum:/workspaces/isaac_ros-dev/install/gxf_isaac_sight:/workspaces/isaac_ros-dev/install/gxf_isaac_optimizer:/workspaces/isaac_ros-dev/install/gxf_isaac_message_compositor:/workspaces/isaac_ros-dev/install/gxf_isaac_gxf_helpers:/workspaces/isaac_ros-dev/install/gxf_isaac_atlas:/workspaces/isaac_ros-dev/install/gxf_isaac_gems:/workspaces/isaac_ros-dev/install/isaac_ros_visual_slam_interfaces:/workspaces/isaac_ros-dev/install/isaac_ros_nitros_interfaces:/workspaces/isaac_ros-dev/install/qcar2_nodes:/workspaces/isaac_ros-dev/install/qcar2_interfaces:/workspace/cartographer_ws/install/perception_pcl:/workspace/cartographer_ws/install/pcl_ros:/workspace/cartographer_ws/install/cartographer_rviz:/workspace/cartographer_ws/install/cartographer_ros:/workspace/cartographer_ws/install/pcl_conversions:/workspace/cartographer_ws/install/pcl_msgs:/workspace/cartographer_ws/install/isaac_ros_tensor_list_interfaces:/workspace/cartographer_ws/install/isaac_ros_pointcloud_interfaces:/workspace/cartographer_ws/install/isaac_ros_nova_interfaces:/workspace/cartographer_ws/install/isaac_ros_nitros_bridge_interfaces:/workspace/cartographer_ws/install/isaac_ros_common:/workspace/cartographer_ws/install/isaac_ros_bi3d_interfaces:/workspace/cartographer_ws/install/isaac_ros_apriltag_interfaces:/workspace/cartographer_ws/install/control_msgs:/workspace/cartographer_ws/install/cartographer_ros_msgs:/workspace/cartographer_ws/install/cartographer:/workspace/cartographer_ws/install/absl:/workspaces/isaac_ros-dev/install/qcar2_autonomy:/workspace/cartographer_ws/install/isaac_ros_test:/opt/ros/humble LD_LIBRARY_PATH=/workspaces/isaac_ros-dev/install/isaac_ros_gxf/lib:/workspaces/isaac_ros-dev/install/gxf_isaac_sight/lib:/workspaces/isaac_ros-dev/install/gxf_isaac_optimizer/lib:/workspaces/isaac_ros-dev/install/gxf_isaac_message_compositor/lib:/workspaces/isaac_ros-dev/install/gxf_isaac_gxf_helpers/lib:/workspaces/isaac_ros-dev/install/gxf_isaac_atlas/lib:/workspaces/isaac_ros-dev/install/gxf_isaac_gems/lib:/workspaces/isaac_ros-dev/install/isaac_ros_visual_slam_interfaces/lib:/workspaces/isaac_ros-dev/install/isaac_ros_nitros_interfaces/lib:/workspaces/isaac_ros-dev/install/qcar2_interfaces/lib:/workspace/cartographer_ws/install/pcl_ros/lib:/workspace/cartographer_ws/install/cartographer_rviz/lib:/workspace/cartographer_ws/install/cartographer_ros/lib:/workspace/cartographer_ws/install/pcl_msgs/lib:/workspace/cartographer_ws/install/isaac_ros_tensor_list_interfaces/lib:/workspace/cartographer_ws/install/isaac_ros_pointcloud_interfaces/lib:/workspace/cartographer_ws/install/isaac_ros_nova_interfaces/lib:/workspace/cartographer_ws/install/isaac_ros_nitros_bridge_interfaces/lib:/workspace/cartographer_ws/install/isaac_ros_common/lib:/workspace/cartographer_ws/install/isaac_ros_bi3d_interfaces/lib:/workspace/cartographer_ws/install/isaac_ros_apriltag_interfaces/lib:/workspace/cartographer_ws/install/control_msgs/lib:/workspace/cartographer_ws/install/cartographer_ros_msgs/lib:/opt/ros/humble/opt/rviz_ogre_vendor/lib:/opt/ros/humble/lib/x86_64-linux-gnu:/opt/ros/humble/lib:/opt/tritonserver/backends/onnxruntime:/usr/local/cuda/compat/lib:/usr/local/nvidia/lib:/usr/local/nvidia/lib64:/opt/tritonserver/lib /usr/bin/cmake --build /workspaces/isaac_ros-dev/build/gxf_isaac_gems -- -j20 -l20
[1.612s] Invoked command in '/workspaces/isaac_ros-dev/build/gxf_isaac_gems' returned '0': CMAKE_PREFIX_PATH=/workspaces/isaac_ros-dev/install/isaac_ros_gxf:/workspaces/isaac_ros-dev/install/magic_enum:/workspaces/isaac_ros-dev/install/gxf_isaac_sight:/workspaces/isaac_ros-dev/install/gxf_isaac_optimizer:/workspaces/isaac_ros-dev/install/gxf_isaac_message_compositor:/workspaces/isaac_ros-dev/install/gxf_isaac_gxf_helpers:/workspaces/isaac_ros-dev/install/gxf_isaac_atlas:/workspaces/isaac_ros-dev/install/gxf_isaac_gems:/workspaces/isaac_ros-dev/install/isaac_ros_visual_slam_interfaces:/workspaces/isaac_ros-dev/install/isaac_ros_nitros_interfaces:/workspaces/isaac_ros-dev/install/qcar2_nodes:/workspaces/isaac_ros-dev/install/qcar2_interfaces:/workspace/cartographer_ws/install/perception_pcl:/workspace/cartographer_ws/install/pcl_ros:/workspace/cartographer_ws/install/cartographer_rviz:/workspace/cartographer_ws/install/cartographer_ros:/workspace/cartographer_ws/install/pcl_conversions:/workspace/cartographer_ws/install/pcl_msgs:/workspace/cartographer_ws/install/isaac_ros_tensor_list_interfaces:/workspace/cartographer_ws/install/isaac_ros_pointcloud_interfaces:/workspace/cartographer_ws/install/isaac_ros_nova_interfaces:/workspace/cartographer_ws/install/isaac_ros_nitros_bridge_interfaces:/workspace/cartographer_ws/install/isaac_ros_common:/workspace/cartographer_ws/install/isaac_ros_bi3d_interfaces:/workspace/cartographer_ws/install/isaac_ros_apriltag_interfaces:/workspace/cartographer_ws/install/control_msgs:/workspace/cartographer_ws/install/cartographer_ros_msgs:/workspace/cartographer_ws/install/cartographer:/workspace/cartographer_ws/install/absl:/workspaces/isaac_ros-dev/install/qcar2_autonomy:/workspace/cartographer_ws/install/isaac_ros_test:/opt/ros/humble LD_LIBRARY_PATH=/workspaces/isaac_ros-dev/install/isaac_ros_gxf/lib:/workspaces/isaac_ros-dev/install/gxf_isaac_sight/lib:/workspaces/isaac_ros-dev/install/gxf_isaac_optimizer/lib:/workspaces/isaac_ros-dev/install/gxf_isaac_message_compositor/lib:/workspaces/isaac_ros-dev/install/gxf_isaac_gxf_helpers/lib:/workspaces/isaac_ros-dev/install/gxf_isaac_atlas/lib:/workspaces/isaac_ros-dev/install/gxf_isaac_gems/lib:/workspaces/isaac_ros-dev/install/isaac_ros_visual_slam_interfaces/lib:/workspaces/isaac_ros-dev/install/isaac_ros_nitros_interfaces/lib:/workspaces/isaac_ros-dev/install/qcar2_interfaces/lib:/workspace/cartographer_ws/install/pcl_ros/lib:/workspace/cartographer_ws/install/cartographer_rviz/lib:/workspace/cartographer_ws/install/cartographer_ros/lib:/workspace/cartographer_ws/install/pcl_msgs/lib:/workspace/cartographer_ws/install/isaac_ros_tensor_list_interfaces/lib:/workspace/cartographer_ws/install/isaac_ros_pointcloud_interfaces/lib:/workspace/cartographer_ws/install/isaac_ros_nova_interfaces/lib:/workspace/cartographer_ws/install/isaac_ros_nitros_bridge_interfaces/lib:/workspace/cartographer_ws/install/isaac_ros_common/lib:/workspace/cartographer_ws/install/isaac_ros_bi3d_interfaces/lib:/workspace/cartographer_ws/install/isaac_ros_apriltag_interfaces/lib:/workspace/cartographer_ws/install/control_msgs/lib:/workspace/cartographer_ws/install/cartographer_ros_msgs/lib:/opt/ros/humble/opt/rviz_ogre_vendor/lib:/opt/ros/humble/lib/x86_64-linux-gnu:/opt/ros/humble/lib:/opt/tritonserver/backends/onnxruntime:/usr/local/cuda/compat/lib:/usr/local/nvidia/lib:/usr/local/nvidia/lib64:/opt/tritonserver/lib /usr/bin/cmake --build /workspaces/isaac_ros-dev/build/gxf_isaac_gems -- -j20 -l20
[1.640s] Invoking command in '/workspaces/isaac_ros-dev/build/gxf_isaac_gems': CMAKE_PREFIX_PATH=/workspaces/isaac_ros-dev/install/isaac_ros_gxf:/workspaces/isaac_ros-dev/install/magic_enum:/workspaces/isaac_ros-dev/install/gxf_isaac_sight:/workspaces/isaac_ros-dev/install/gxf_isaac_optimizer:/workspaces/isaac_ros-dev/install/gxf_isaac_message_compositor:/workspaces/isaac_ros-dev/install/gxf_isaac_gxf_helpers:/workspaces/isaac_ros-dev/install/gxf_isaac_atlas:/workspaces/isaac_ros-dev/install/gxf_isaac_gems:/workspaces/isaac_ros-dev/install/isaac_ros_visual_slam_interfaces:/workspaces/isaac_ros-dev/install/isaac_ros_nitros_interfaces:/workspaces/isaac_ros-dev/install/qcar2_nodes:/workspaces/isaac_ros-dev/install/qcar2_interfaces:/workspace/cartographer_ws/install/perception_pcl:/workspace/cartographer_ws/install/pcl_ros:/workspace/cartographer_ws/install/cartographer_rviz:/workspace/cartographer_ws/install/cartographer_ros:/workspace/cartographer_ws/install/pcl_conversions:/workspace/cartographer_ws/install/pcl_msgs:/workspace/cartographer_ws/install/isaac_ros_tensor_list_interfaces:/workspace/cartographer_ws/install/isaac_ros_pointcloud_interfaces:/workspace/cartographer_ws/install/isaac_ros_nova_interfaces:/workspace/cartographer_ws/install/isaac_ros_nitros_bridge_interfaces:/workspace/cartographer_ws/install/isaac_ros_common:/workspace/cartographer_ws/install/isaac_ros_bi3d_interfaces:/workspace/cartographer_ws/install/isaac_ros_apriltag_interfaces:/workspace/cartographer_ws/install/control_msgs:/workspace/cartographer_ws/install/cartographer_ros_msgs:/workspace/cartographer_ws/install/cartographer:/workspace/cartographer_ws/install/absl:/workspaces/isaac_ros-dev/install/qcar2_autonomy:/workspace/cartographer_ws/install/isaac_ros_test:/opt/ros/humble LD_LIBRARY_PATH=/workspaces/isaac_ros-dev/install/isaac_ros_gxf/lib:/workspaces/isaac_ros-dev/install/gxf_isaac_sight/lib:/workspaces/isaac_ros-dev/install/gxf_isaac_optimizer/lib:/workspaces/isaac_ros-dev/install/gxf_isaac_message_compositor/lib:/workspaces/isaac_ros-dev/install/gxf_isaac_gxf_helpers/lib:/workspaces/isaac_ros-dev/install/gxf_isaac_atlas/lib:/workspaces/isaac_ros-dev/install/gxf_isaac_gems/lib:/workspaces/isaac_ros-dev/install/isaac_ros_visual_slam_interfaces/lib:/workspaces/isaac_ros-dev/install/isaac_ros_nitros_interfaces/lib:/workspaces/isaac_ros-dev/install/qcar2_interfaces/lib:/workspace/cartographer_ws/install/pcl_ros/lib:/workspace/cartographer_ws/install/cartographer_rviz/lib:/workspace/cartographer_ws/install/cartographer_ros/lib:/workspace/cartographer_ws/install/pcl_msgs/lib:/workspace/cartographer_ws/install/isaac_ros_tensor_list_interfaces/lib:/workspace/cartographer_ws/install/isaac_ros_pointcloud_interfaces/lib:/workspace/cartographer_ws/install/isaac_ros_nova_interfaces/lib:/workspace/cartographer_ws/install/isaac_ros_nitros_bridge_interfaces/lib:/workspace/cartographer_ws/install/isaac_ros_common/lib:/workspace/cartographer_ws/install/isaac_ros_bi3d_interfaces/lib:/workspace/cartographer_ws/install/isaac_ros_apriltag_interfaces/lib:/workspace/cartographer_ws/install/control_msgs/lib:/workspace/cartographer_ws/install/cartographer_ros_msgs/lib:/opt/ros/humble/opt/rviz_ogre_vendor/lib:/opt/ros/humble/lib/x86_64-linux-gnu:/opt/ros/humble/lib:/opt/tritonserver/backends/onnxruntime:/usr/local/cuda/compat/lib:/usr/local/nvidia/lib:/usr/local/nvidia/lib64:/opt/tritonserver/lib /usr/bin/cmake --install /workspaces/isaac_ros-dev/build/gxf_isaac_gems
[1.644s] -- Install configuration: "Release"
[1.644s] -- Execute custom install script
[1.645s] -- Up-to-date symlink: /workspaces/isaac_ros-dev/install/gxf_isaac_gems/share/gxf_isaac_gems/gxf/include/gems/algorithm/string_utils.hpp
[1.645s] -- Up-to-date symlink: /workspaces/isaac_ros-dev/install/gxf_isaac_gems/share/gxf_isaac_gems/gxf/include/gems/common/composite_schema_uid.hpp
[1.645s] -- Up-to-date symlink: /workspaces/isaac_ros-dev/install/gxf_isaac_gems/share/gxf_isaac_gems/gxf/include/gems/common/pose_frame_uid.hpp
[1.645s] -- Up-to-date symlink: /workspaces/isaac_ros-dev/install/gxf_isaac_gems/share/gxf_isaac_gems/gxf/include/gems/composite/composite_from_tensor.hpp
[1.645s] -- Up-to-date symlink: /workspaces/isaac_ros-dev/install/gxf_isaac_gems/share/gxf_isaac_gems/gxf/include/gems/composite/composite_view.hpp
[1.645s] -- Up-to-date symlink: /workspaces/isaac_ros-dev/install/gxf_isaac_gems/share/gxf_isaac_gems/gxf/include/gems/composite/measure.hpp
[1.645s] -- Up-to-date symlink: /workspaces/isaac_ros-dev/install/gxf_isaac_gems/share/gxf_isaac_gems/gxf/include/gems/composite/quantity.hpp
[1.645s] -- Up-to-date symlink: /workspaces/isaac_ros-dev/install/gxf_isaac_gems/share/gxf_isaac_gems/gxf/include/gems/composite/schema.hpp
[1.645s] -- Up-to-date symlink: /workspaces/isaac_ros-dev/install/gxf_isaac_gems/share/gxf_isaac_gems/gxf/include/gems/composite/schema_tensor_archive.hpp
[1.645s] -- Up-to-date symlink: /workspaces/isaac_ros-dev/install/gxf_isaac_gems/share/gxf_isaac_gems/gxf/include/gems/coms/socket.hpp
[1.645s] -- Up-to-date symlink: /workspaces/isaac_ros-dev/install/gxf_isaac_gems/share/gxf_isaac_gems/gxf/include/gems/control_types/differential_drive.hpp
[1.645s] -- Up-to-date symlink: /workspaces/isaac_ros-dev/install/gxf_isaac_gems/share/gxf_isaac_gems/gxf/include/gems/core/allocator/allocator_base.hpp
[1.645s] -- Up-to-date symlink: /workspaces/isaac_ros-dev/install/gxf_isaac_gems/share/gxf_isaac_gems/gxf/include/gems/core/allocator/allocators.hpp
[1.646s] -- Up-to-date symlink: /workspaces/isaac_ros-dev/install/gxf_isaac_gems/share/gxf_isaac_gems/gxf/include/gems/core/assert.hpp
[1.646s] -- Up-to-date symlink: /workspaces/isaac_ros-dev/install/gxf_isaac_gems/share/gxf_isaac_gems/gxf/include/gems/core/buffers/algorithm.hpp
[1.646s] -- Up-to-date symlink: /workspaces/isaac_ros-dev/install/gxf_isaac_gems/share/gxf_isaac_gems/gxf/include/gems/core/buffers/buffer.hpp
[1.646s] -- Up-to-date symlink: /workspaces/isaac_ros-dev/install/gxf_isaac_gems/share/gxf_isaac_gems/gxf/include/gems/core/buffers/traits.hpp
[1.646s] -- Up-to-date symlink: /workspaces/isaac_ros-dev/install/gxf_isaac_gems/share/gxf_isaac_gems/gxf/include/gems/core/byte.hpp
[1.646s] -- Up-to-date symlink: /workspaces/isaac_ros-dev/install/gxf_isaac_gems/share/gxf_isaac_gems/gxf/include/gems/core/constants.hpp
[1.646s] -- Up-to-date symlink: /workspaces/isaac_ros-dev/install/gxf_isaac_gems/share/gxf_isaac_gems/gxf/include/gems/core/epsilon.hpp
[1.646s] -- Up-to-date symlink: /workspaces/isaac_ros-dev/install/gxf_isaac_gems/share/gxf_isaac_gems/gxf/include/gems/core/image/image.hpp
[1.646s] -- Up-to-date symlink: /workspaces/isaac_ros-dev/install/gxf_isaac_gems/share/gxf_isaac_gems/gxf/include/gems/core/logger.hpp
[1.646s] -- Up-to-date symlink: /workspaces/isaac_ros-dev/install/gxf_isaac_gems/share/gxf_isaac_gems/gxf/include/gems/core/math/macros.hpp
[1.646s] -- Up-to-date symlink: /workspaces/isaac_ros-dev/install/gxf_isaac_gems/share/gxf_isaac_gems/gxf/include/gems/core/math/pose2.hpp
[1.646s] -- Up-to-date symlink: /workspaces/isaac_ros-dev/install/gxf_isaac_gems/share/gxf_isaac_gems/gxf/include/gems/core/math/pose3.hpp
[1.646s] -- Up-to-date symlink: /workspaces/isaac_ros-dev/install/gxf_isaac_gems/share/gxf_isaac_gems/gxf/include/gems/core/math/so2.hpp
[1.646s] -- Up-to-date symlink: /workspaces/isaac_ros-dev/install/gxf_isaac_gems/share/gxf_isaac_gems/gxf/include/gems/core/math/so3.hpp
[1.646s] -- Up-to-date symlink: /workspaces/isaac_ros-dev/install/gxf_isaac_gems/share/gxf_isaac_gems/gxf/include/gems/core/math/types.hpp
[1.646s] -- Up-to-date symlink: /workspaces/isaac_ros-dev/install/gxf_isaac_gems/share/gxf_isaac_gems/gxf/include/gems/core/math/utils.hpp
[1.646s] -- Up-to-date symlink: /workspaces/isaac_ros-dev/install/gxf_isaac_gems/share/gxf_isaac_gems/gxf/include/gems/core/optional.hpp
[1.646s] -- Up-to-date symlink: /workspaces/isaac_ros-dev/install/gxf_isaac_gems/share/gxf_isaac_gems/gxf/include/gems/core/tensor/sample_cloud.hpp
[1.646s] -- Up-to-date symlink: /workspaces/isaac_ros-dev/install/gxf_isaac_gems/share/gxf_isaac_gems/gxf/include/gems/core/tensor/tensor.hpp
[1.646s] -- Up-to-date symlink: /workspaces/isaac_ros-dev/install/gxf_isaac_gems/share/gxf_isaac_gems/gxf/include/gems/cuda_utils/launch_utils.hpp
[1.646s] -- Up-to-date symlink: /workspaces/isaac_ros-dev/install/gxf_isaac_gems/share/gxf_isaac_gems/gxf/include/gems/cuda_utils/stride_pointer.hpp
[1.647s] -- Up-to-date symlink: /workspaces/isaac_ros-dev/install/gxf_isaac_gems/share/gxf_isaac_gems/gxf/include/gems/cuda_utils/stride_pointer_3d.hpp
[1.647s] -- Up-to-date symlink: /workspaces/isaac_ros-dev/install/gxf_isaac_gems/share/gxf_isaac_gems/gxf/include/gems/cuda_utils/vector_math.hpp
[1.647s] -- Up-to-date symlink: /workspaces/isaac_ros-dev/install/gxf_isaac_gems/share/gxf_isaac_gems/gxf/include/gems/flatscan/flatscan_info.hpp
[1.647s] -- Up-to-date symlink: /workspaces/isaac_ros-dev/install/gxf_isaac_gems/share/gxf_isaac_gems/gxf/include/gems/flatscan/flatscan_types.hpp
[1.647s] -- Up-to-date symlink: /workspaces/isaac_ros-dev/install/gxf_isaac_gems/share/gxf_isaac_gems/gxf/include/gems/geometry/line.hpp
[1.647s] -- Up-to-date symlink: /workspaces/isaac_ros-dev/install/gxf_isaac_gems/share/gxf_isaac_gems/gxf/include/gems/geometry/line_segment.hpp
[1.647s] -- Up-to-date symlink: /workspaces/isaac_ros-dev/install/gxf_isaac_gems/share/gxf_isaac_gems/gxf/include/gems/geometry/line_utils.hpp
[1.647s] -- Up-to-date symlink: /workspaces/isaac_ros-dev/install/gxf_isaac_gems/share/gxf_isaac_gems/gxf/include/gems/geometry/n_cuboid.hpp
[1.648s] -- Up-to-date symlink: /workspaces/isaac_ros-dev/install/gxf_isaac_gems/share/gxf_isaac_gems/gxf/include/gems/geometry/n_sphere.hpp
[1.648s] -- Up-to-date symlink: /workspaces/isaac_ros-dev/install/gxf_isaac_gems/share/gxf_isaac_gems/gxf/include/gems/geometry/pinhole.hpp
[1.648s] -- Up-to-date symlink: /workspaces/isaac_ros-dev/install/gxf_isaac_gems/share/gxf_isaac_gems/gxf/include/gems/geometry/plane.hpp
[1.648s] -- Up-to-date symlink: /workspaces/isaac_ros-dev/install/gxf_isaac_gems/share/gxf_isaac_gems/gxf/include/gems/geometry/polygon.hpp
[1.648s] -- Up-to-date symlink: /workspaces/isaac_ros-dev/install/gxf_isaac_gems/share/gxf_isaac_gems/gxf/include/gems/geometry/polyline.hpp
[1.648s] -- Up-to-date symlink: /workspaces/isaac_ros-dev/install/gxf_isaac_gems/share/gxf_isaac_gems/gxf/include/gems/geometry/types.hpp
[1.648s] -- Up-to-date symlink: /workspaces/isaac_ros-dev/install/gxf_isaac_gems/share/gxf_isaac_gems/gxf/include/gems/gxf_helpers/expected_macro_abstract.hpp
[1.649s] -- Up-to-date symlink: /workspaces/isaac_ros-dev/install/gxf_isaac_gems/share/gxf_isaac_gems/gxf/include/gems/gxf_helpers/expected_macro_common.hpp
[1.649s] -- Up-to-date symlink: /workspaces/isaac_ros-dev/install/gxf_isaac_gems/share/gxf_isaac_gems/gxf/include/gems/gxf_helpers/expected_macro_cuda.hpp
[1.649s] -- Up-to-date symlink: /workspaces/isaac_ros-dev/install/gxf_isaac_gems/share/gxf_isaac_gems/gxf/include/gems/gxf_helpers/expected_macro_gxf.hpp
[1.649s] -- Up-to-date symlink: /workspaces/isaac_ros-dev/install/gxf_isaac_gems/share/gxf_isaac_gems/gxf/include/gems/gxf_helpers/expected_macro_isaac.hpp
[1.649s] -- Up-to-date symlink: /workspaces/isaac_ros-dev/install/gxf_isaac_gems/share/gxf_isaac_gems/gxf/include/gems/gxf_helpers/image_view.hpp
[1.649s] -- Up-to-date symlink: /workspaces/isaac_ros-dev/install/gxf_isaac_gems/share/gxf_isaac_gems/gxf/include/gems/image/color.hpp
[1.649s] -- Up-to-date symlink: /workspaces/isaac_ros-dev/install/gxf_isaac_gems/share/gxf_isaac_gems/gxf/include/gems/image/io.hpp
[1.649s] -- Up-to-date symlink: /workspaces/isaac_ros-dev/install/gxf_isaac_gems/share/gxf_isaac_gems/gxf/include/gems/image/utils.hpp
[1.649s] -- Up-to-date symlink: /workspaces/isaac_ros-dev/install/gxf_isaac_gems/share/gxf_isaac_gems/gxf/include/gems/pose_tree/pose_tree.hpp
[1.649s] -- Up-to-date symlink: /workspaces/isaac_ros-dev/install/gxf_isaac_gems/share/gxf_isaac_gems/gxf/include/gems/pose_tree/pose_tree_edge_history.hpp
[1.649s] -- Up-to-date symlink: /workspaces/isaac_ros-dev/install/gxf_isaac_gems/share/gxf_isaac_gems/gxf/include/gems/serialization/base64.hpp
[1.649s] -- Up-to-date symlink: /workspaces/isaac_ros-dev/install/gxf_isaac_gems/share/gxf_isaac_gems/gxf/include/gems/serialization/json.hpp
[1.649s] -- Up-to-date symlink: /workspaces/isaac_ros-dev/install/gxf_isaac_gems/share/gxf_isaac_gems/gxf/include/gems/serialization/json_formatter.hpp
[1.649s] -- Up-to-date symlink: /workspaces/isaac_ros-dev/install/gxf_isaac_gems/share/gxf_isaac_gems/gxf/include/gems/sight/sop.hpp
[1.649s] -- Up-to-date symlink: /workspaces/isaac_ros-dev/install/gxf_isaac_gems/share/gxf_isaac_gems/gxf/include/gems/sight/sop_asset.hpp
[1.649s] -- Up-to-date symlink: /workspaces/isaac_ros-dev/install/gxf_isaac_gems/share/gxf_isaac_gems/gxf/include/gems/sight/sop_image.hpp
[1.649s] -- Up-to-date symlink: /workspaces/isaac_ros-dev/install/gxf_isaac_gems/share/gxf_isaac_gems/gxf/include/gems/sight/sop_mesh.hpp
[1.649s] -- Up-to-date symlink: /workspaces/isaac_ros-dev/install/gxf_isaac_gems/share/gxf_isaac_gems/gxf/include/gems/sight/sop_point_cloud.hpp
[1.649s] -- Up-to-date symlink: /workspaces/isaac_ros-dev/install/gxf_isaac_gems/share/gxf_isaac_gems/gxf/include/gems/sight/sop_style.hpp
[1.649s] -- Up-to-date symlink: /workspaces/isaac_ros-dev/install/gxf_isaac_gems/share/gxf_isaac_gems/gxf/include/gems/sight/sop_text.hpp
[1.649s] -- Up-to-date symlink: /workspaces/isaac_ros-dev/install/gxf_isaac_gems/share/gxf_isaac_gems/gxf/include/gems/sight/sop_transform.hpp
[1.649s] -- Up-to-date symlink: /workspaces/isaac_ros-dev/install/gxf_isaac_gems/share/gxf_isaac_gems/gxf/include/gems/uuid/uuid.hpp
[1.649s] -- Up-to-date symlink: /workspaces/isaac_ros-dev/install/gxf_isaac_gems/share/gxf_isaac_gems/gxf/include/gems/video_buffer/allocator.hpp
[1.650s] -- Up-to-date symlink: /workspaces/isaac_ros-dev/install/gxf_isaac_gems/share/gxf_isaac_gems/gxf/include/third_party/nlohmann/json.hpp
[1.650s] -- Up-to-date symlink: /workspaces/isaac_ros-dev/install/gxf_isaac_gems/share/gxf_isaac_gems/environment/library_path.sh
[1.650s] -- Up-to-date symlink: /workspaces/isaac_ros-dev/install/gxf_isaac_gems/share/gxf_isaac_gems/environment/library_path.dsv
[1.650s] -- Up-to-date symlink: /workspaces/isaac_ros-dev/install/gxf_isaac_gems/share/ament_index/resource_index/package_run_dependencies/gxf_isaac_gems
[1.650s] -- Up-to-date symlink: /workspaces/isaac_ros-dev/install/gxf_isaac_gems/share/ament_index/resource_index/parent_prefix_path/gxf_isaac_gems
[1.650s] -- Up-to-date symlink: /workspaces/isaac_ros-dev/install/gxf_isaac_gems/share/gxf_isaac_gems/environment/ament_prefix_path.sh
[1.650s] -- Up-to-date symlink: /workspaces/isaac_ros-dev/install/gxf_isaac_gems/share/gxf_isaac_gems/environment/ament_prefix_path.dsv
[1.650s] -- Up-to-date symlink: /workspaces/isaac_ros-dev/install/gxf_isaac_gems/share/gxf_isaac_gems/environment/path.sh
[1.650s] -- Up-to-date symlink: /workspaces/isaac_ros-dev/install/gxf_isaac_gems/share/gxf_isaac_gems/environment/path.dsv
[1.650s] -- Up-to-date symlink: /workspaces/isaac_ros-dev/install/gxf_isaac_gems/share/gxf_isaac_gems/local_setup.bash
[1.650s] -- Up-to-date symlink: /workspaces/isaac_ros-dev/install/gxf_isaac_gems/share/gxf_isaac_gems/local_setup.sh
[1.650s] -- Up-to-date symlink: /workspaces/isaac_ros-dev/install/gxf_isaac_gems/share/gxf_isaac_gems/local_setup.zsh
[1.651s] -- Up-to-date symlink: /workspaces/isaac_ros-dev/install/gxf_isaac_gems/share/gxf_isaac_gems/local_setup.dsv
[1.651s] -- Symlinking: /workspaces/isaac_ros-dev/install/gxf_isaac_gems/share/gxf_isaac_gems/package.dsv
[1.652s] -- Up-to-date symlink: /workspaces/isaac_ros-dev/install/gxf_isaac_gems/share/ament_index/resource_index/packages/gxf_isaac_gems
[1.653s] -- Up-to-date symlink: /workspaces/isaac_ros-dev/install/gxf_isaac_gems/share/gxf_isaac_gems/cmake/ament_cmake_export_targets-extras.cmake
[1.653s] -- Up-to-date symlink: /workspaces/isaac_ros-dev/install/gxf_isaac_gems/share/gxf_isaac_gems/cmake/ament_cmake_export_dependencies-extras.cmake
[1.653s] -- Up-to-date symlink: /workspaces/isaac_ros-dev/install/gxf_isaac_gems/share/gxf_isaac_gems/cmake/gxf_isaac_gemsConfig.cmake
[1.653s] -- Up-to-date symlink: /workspaces/isaac_ros-dev/install/gxf_isaac_gems/share/gxf_isaac_gems/cmake/gxf_isaac_gemsConfig-version.cmake
[1.653s] -- Up-to-date symlink: /workspaces/isaac_ros-dev/install/gxf_isaac_gems/share/gxf_isaac_gems/package.xml
[1.653s] -- Up-to-date: /workspaces/isaac_ros-dev/install/gxf_isaac_gems/share/gxf_isaac_gems/cmake/export_gxf_isaac_gemsExport.cmake
[1.690s] Invoked command in '/workspaces/isaac_ros-dev/build/gxf_isaac_gems' returned '0': CMAKE_PREFIX_PATH=/workspaces/isaac_ros-dev/install/isaac_ros_gxf:/workspaces/isaac_ros-dev/install/magic_enum:/workspaces/isaac_ros-dev/install/gxf_isaac_sight:/workspaces/isaac_ros-dev/install/gxf_isaac_optimizer:/workspaces/isaac_ros-dev/install/gxf_isaac_message_compositor:/workspaces/isaac_ros-dev/install/gxf_isaac_gxf_helpers:/workspaces/isaac_ros-dev/install/gxf_isaac_atlas:/workspaces/isaac_ros-dev/install/gxf_isaac_gems:/workspaces/isaac_ros-dev/install/isaac_ros_visual_slam_interfaces:/workspaces/isaac_ros-dev/install/isaac_ros_nitros_interfaces:/workspaces/isaac_ros-dev/install/qcar2_nodes:/workspaces/isaac_ros-dev/install/qcar2_interfaces:/workspace/cartographer_ws/install/perception_pcl:/workspace/cartographer_ws/install/pcl_ros:/workspace/cartographer_ws/install/cartographer_rviz:/workspace/cartographer_ws/install/cartographer_ros:/workspace/cartographer_ws/install/pcl_conversions:/workspace/cartographer_ws/install/pcl_msgs:/workspace/cartographer_ws/install/isaac_ros_tensor_list_interfaces:/workspace/cartographer_ws/install/isaac_ros_pointcloud_interfaces:/workspace/cartographer_ws/install/isaac_ros_nova_interfaces:/workspace/cartographer_ws/install/isaac_ros_nitros_bridge_interfaces:/workspace/cartographer_ws/install/isaac_ros_common:/workspace/cartographer_ws/install/isaac_ros_bi3d_interfaces:/workspace/cartographer_ws/install/isaac_ros_apriltag_interfaces:/workspace/cartographer_ws/install/control_msgs:/workspace/cartographer_ws/install/cartographer_ros_msgs:/workspace/cartographer_ws/install/cartographer:/workspace/cartographer_ws/install/absl:/workspaces/isaac_ros-dev/install/qcar2_autonomy:/workspace/cartographer_ws/install/isaac_ros_test:/opt/ros/humble LD_LIBRARY_PATH=/workspaces/isaac_ros-dev/install/isaac_ros_gxf/lib:/workspaces/isaac_ros-dev/install/gxf_isaac_sight/lib:/workspaces/isaac_ros-dev/install/gxf_isaac_optimizer/lib:/workspaces/isaac_ros-dev/install/gxf_isaac_message_compositor/lib:/workspaces/isaac_ros-dev/install/gxf_isaac_gxf_helpers/lib:/workspaces/isaac_ros-dev/install/gxf_isaac_atlas/lib:/workspaces/isaac_ros-dev/install/gxf_isaac_gems/lib:/workspaces/isaac_ros-dev/install/isaac_ros_visual_slam_interfaces/lib:/workspaces/isaac_ros-dev/install/isaac_ros_nitros_interfaces/lib:/workspaces/isaac_ros-dev/install/qcar2_interfaces/lib:/workspace/cartographer_ws/install/pcl_ros/lib:/workspace/cartographer_ws/install/cartographer_rviz/lib:/workspace/cartographer_ws/install/cartographer_ros/lib:/workspace/cartographer_ws/install/pcl_msgs/lib:/workspace/cartographer_ws/install/isaac_ros_tensor_list_interfaces/lib:/workspace/cartographer_ws/install/isaac_ros_pointcloud_interfaces/lib:/workspace/cartographer_ws/install/isaac_ros_nova_interfaces/lib:/workspace/cartographer_ws/install/isaac_ros_nitros_bridge_interfaces/lib:/workspace/cartographer_ws/install/isaac_ros_common/lib:/workspace/cartographer_ws/install/isaac_ros_bi3d_interfaces/lib:/workspace/cartographer_ws/install/isaac_ros_apriltag_interfaces/lib:/workspace/cartographer_ws/install/control_msgs/lib:/workspace/cartographer_ws/install/cartographer_ros_msgs/lib:/opt/ros/humble/opt/rviz_ogre_vendor/lib:/opt/ros/humble/lib/x86_64-linux-gnu:/opt/ros/humble/lib:/opt/tritonserver/backends/onnxruntime:/usr/local/cuda/compat/lib:/usr/local/nvidia/lib:/usr/local/nvidia/lib64:/opt/tritonserver/lib /usr/bin/cmake --install /workspaces/isaac_ros-dev/build/gxf_isaac_gems
