[0.000000] (-) TimerEvent: {}
[0.000091] (qcar2_interfaces) JobQueued: {'identifier': 'qcar2_interfaces', 'dependencies': OrderedDict()}
[0.000133] (qcar2_autonomy) JobQueued: {'identifier': 'qcar2_autonomy', 'dependencies': OrderedDict([('qcar2_interfaces', '/workspaces/isaac_ros-dev/install/qcar2_interfaces')])}
[0.000149] (qcar2_nodes) JobQueued: {'identifier': 'qcar2_nodes', 'dependencies': OrderedDict([('qcar2_interfaces', '/workspaces/isaac_ros-dev/install/qcar2_interfaces')])}
[0.000401] (qcar2_interfaces) JobStarted: {'identifier': 'qcar2_interfaces'}
[0.045442] (qcar2_interfaces) JobProgress: {'identifier': 'qcar2_interfaces', 'progress': 'cmake'}
[0.045998] (qcar2_interfaces) JobProgress: {'identifier': 'qcar2_interfaces', 'progress': 'build'}
[0.046583] (qcar2_interfaces) Command: {'cmd': ['/usr/bin/cmake', '--build', '/workspaces/isaac_ros-dev/build/qcar2_interfaces', '--', '-j28', '-l28'], 'cwd': '/workspaces/isaac_ros-dev/build/qcar2_interfaces', 'env': OrderedDict([('DALI_BUILD', '5838886'), ('LIBRARY_PATH', '/usr/local/cuda/lib64/stubs:'), ('NVIDIA_CTK_LIBCUDA_DIR', '/usr/lib/x86_64-linux-gnu'), ('PYTHONWARNINGS', 'ignore:::setuptools.command.install,ignore:::setuptools.command.easy_install,ignore:::pkg_resources'), ('USER', 'quanser'), ('TF_ADJUST_SATURATION_FUSED', '1'), ('CUSOLVER_VERSION', '11.4.1.48'), ('HOSTNAME', 'quanser-System-Product-Name'), ('CUTENSOR_VERSION', '1.6.1.5'), ('SHLVL', '2'), ('LD_LIBRARY_PATH', '/workspaces/isaac_ros-dev/install/qcar2_interfaces/lib:/workspace/cartographer_ws/install/pcl_ros/lib:/workspace/cartographer_ws/install/cartographer_rviz/lib:/workspace/cartographer_ws/install/cartographer_ros/lib:/workspace/cartographer_ws/install/pcl_msgs/lib:/workspace/cartographer_ws/install/isaac_ros_tensor_list_interfaces/lib:/workspace/cartographer_ws/install/isaac_ros_pointcloud_interfaces/lib:/workspace/cartographer_ws/install/isaac_ros_nova_interfaces/lib:/workspace/cartographer_ws/install/isaac_ros_nitros_bridge_interfaces/lib:/workspace/cartographer_ws/install/isaac_ros_common/lib:/workspace/cartographer_ws/install/isaac_ros_bi3d_interfaces/lib:/workspace/cartographer_ws/install/isaac_ros_apriltag_interfaces/lib:/workspace/cartographer_ws/install/control_msgs/lib:/workspace/cartographer_ws/install/cartographer_ros_msgs/lib:/opt/ros/humble/opt/rviz_ogre_vendor/lib:/opt/ros/humble/lib/x86_64-linux-gnu:/opt/ros/humble/lib:/opt/tritonserver/backends/onnxruntime:/usr/local/cuda/compat/lib:/usr/local/nvidia/lib:/usr/local/nvidia/lib64:/opt/tritonserver/lib'), ('HOME', '/home/admin'), ('NVIDIA_TRITON_SERVER_VERSION', '22.09'), ('OLDPWD', '/workspaces/isaac_ros-dev/ros2'), ('CUDA_CACHE_DISABLE', '1'), ('ROS_PYTHON_VERSION', '3'), ('USER_UID', '1000'), ('ENV', '/etc/shinit_v2'), ('RDMACORE_VERSION', '36.0'), ('NVJPEG_VERSION', '11.9.0.86'), ('NVIDIA_BUILD_ID', '44909143'), ('CUDA_VERSION', '11.8.0.062'), ('CUBLAS_VERSION', '11.11.3.6'), ('NSIGHT_SYSTEMS_VERSION', '2022.3.1.43'), ('COLCON_PREFIX_PATH', '/workspaces/isaac_ros-dev/install:/workspace/cartographer_ws/install'), ('ROS_DISTRO', 'humble'), ('OPAL_PREFIX', '/opt/hpcx/ompi'), ('NVIDIA_REQUIRE_CUDA', 'cuda>=9.0'), ('TRT_VERSION', '8.5.0.12'), ('GDRCOPY_VERSION', '2.3'), ('_', '/usr/bin/colcon'), ('ROS_VERSION', '2'), ('PKG_CONFIG_PATH', '/workspace/cartographer_ws/install/cartographer/lib/x86_64-linux-gnu/pkgconfig:/workspace/cartographer_ws/install/cartographer/lib/pkgconfig'), ('NVIDIA_DRIVER_CAPABILITIES', 'all'), ('POLYGRAPHY_VERSION', '0.38.0'), ('CURAND_VERSION', '10.3.0.86'), ('MOFED_VERSION', '5.4-rdmacore36.0'), ('USERNAME', 'admin'), ('TERM', 'xterm'), ('ROS_LOCALHOST_ONLY', '0'), ('PATH', '/workspace/cartographer_ws/install/cartographer/bin:/opt/ros/humble/bin:/opt/tritonserver/bin:/usr/local/mpi/bin:/usr/local/nvidia/bin:/usr/local/cuda/bin:/usr/local/sbin:/usr/local/bin:/usr/sbin:/usr/bin:/sbin:/bin:/usr/local/ucx/bin:/opt/nvidia/tao'), ('FASTRTPS_DEFAULT_PROFILES_FILE', '/usr/local/share/middleware_profiles/rtps_udp_profile.xml'), ('CUDA_DRIVER_VERSION', '520.61.03'), ('_CUDA_COMPAT_STATUS', 'System has unsupported display driver / cuda driver combination (CUDA_ERROR_SYSTEM_DRIVER_MISMATCH) cuInit()=803'), ('DISPLAY', ':1'), ('NVIDIA_PRODUCT_NAME', 'Triton Server'), ('LANG', 'en_US.UTF-8'), ('RMW_IMPLEMENTATION', 'rmw_fastrtps_cpp'), ('NPP_VERSION', '11.8.0.86'), ('ROS_ROOT', '/opt/ros/humble'), ('CUFFT_VERSION', '10.9.0.58'), ('TF_ENABLE_WINOGRAD_NONFUSED', '1'), ('AMENT_PREFIX_PATH', '/workspaces/isaac_ros-dev/install/qcar2_nodes:/workspaces/isaac_ros-dev/install/qcar2_autonomy:/workspaces/isaac_ros-dev/install/qcar2_interfaces:/workspace/cartographer_ws/install/perception_pcl:/workspace/cartographer_ws/install/pcl_ros:/workspace/cartographer_ws/install/cartographer_rviz:/workspace/cartographer_ws/install/cartographer_ros:/workspace/cartographer_ws/install/pcl_conversions:/workspace/cartographer_ws/install/pcl_msgs:/workspace/cartographer_ws/install/isaac_ros_test:/workspace/cartographer_ws/install/isaac_ros_tensor_list_interfaces:/workspace/cartographer_ws/install/isaac_ros_pointcloud_interfaces:/workspace/cartographer_ws/install/isaac_ros_nova_interfaces:/workspace/cartographer_ws/install/isaac_ros_nitros_bridge_interfaces:/workspace/cartographer_ws/install/isaac_ros_common:/workspace/cartographer_ws/install/isaac_ros_bi3d_interfaces:/workspace/cartographer_ws/install/isaac_ros_apriltag_interfaces:/workspace/cartographer_ws/install/control_msgs:/workspace/cartographer_ws/install/cartographer_ros_msgs:/opt/ros/humble'), ('CUDNN_VERSION', '8.6.0.163'), ('NSIGHT_COMPUTE_VERSION', '2022.3.0.22'), ('DALI_VERSION', '1.17.0'), ('DEBIAN_FRONTEND', 'noninteractive'), ('SHELL', '/bin/bash'), ('DCGM_VERSION', '2.2.9'), ('OPENMPI_VERSION', '4.1.4'), ('TRTOSS_VERSION', ''), ('OMPI_MCA_coll_hcoll_enable', '0'), ('CUSPARSE_VERSION', '11.7.5.86'), ('TRITON_SERVER_GPU_ENABLED', '1'), ('TRITON_SERVER_VERSION', '2.26.0'), ('BASH_ENV', '/etc/bash.bashrc'), ('PWD', '/workspaces/isaac_ros-dev/build/qcar2_interfaces'), ('PYTHONPATH', '/workspaces/isaac_ros-dev/install/qcar2_autonomy/lib/python3.8/site-packages:/workspaces/isaac_ros-dev/install/qcar2_interfaces/lib/python3.8/site-packages:/workspace/cartographer_ws/install/pcl_msgs/lib/python3.8/site-packages:/workspace/cartographer_ws/build/isaac_ros_test:/workspace/cartographer_ws/install/isaac_ros_test/lib/python3.8/site-packages:/workspace/cartographer_ws/install/isaac_ros_tensor_list_interfaces/lib/python3.8/site-packages:/workspace/cartographer_ws/install/isaac_ros_pointcloud_interfaces/lib/python3.8/site-packages:/workspace/cartographer_ws/install/isaac_ros_nova_interfaces/lib/python3.8/site-packages:/workspace/cartographer_ws/install/isaac_ros_nitros_bridge_interfaces/lib/python3.8/site-packages:/workspace/cartographer_ws/install/isaac_ros_bi3d_interfaces/lib/python3.8/site-packages:/workspace/cartographer_ws/install/isaac_ros_apriltag_interfaces/lib/python3.8/site-packages:/workspace/cartographer_ws/install/control_msgs/lib/python3.8/site-packages:/workspace/cartographer_ws/install/cartographer_ros_msgs/lib/python3.8/site-packages:/opt/ros/humble/lib/python3.8/site-packages:/home/Quanser/0_libraries/python'), ('_CUDA_COMPAT_PATH', '/usr/local/cuda/compat'), ('TRITON_SERVER_USER', 'triton-server'), ('TF_ADJUST_HUE_FUSED', '1'), ('NVIDIA_VISIBLE_DEVICES', 'void'), ('NCCL_VERSION', '2.15.1'), ('USER_GID', '1000'), ('COLCON', '1'), ('OPENUCX_VERSION', '1.14.0'), ('HPCX_VERSION', '2.12.1a0'), ('SHARP_COLL_ENABLE_CUDA', '0'), ('CMAKE_PREFIX_PATH', '/workspaces/isaac_ros-dev/install/qcar2_nodes:/workspaces/isaac_ros-dev/install/qcar2_interfaces:/workspace/cartographer_ws/install/perception_pcl:/workspace/cartographer_ws/install/pcl_ros:/workspace/cartographer_ws/install/cartographer_rviz:/workspace/cartographer_ws/install/cartographer_ros:/workspace/cartographer_ws/install/pcl_conversions:/workspace/cartographer_ws/install/pcl_msgs:/workspace/cartographer_ws/install/isaac_ros_tensor_list_interfaces:/workspace/cartographer_ws/install/isaac_ros_pointcloud_interfaces:/workspace/cartographer_ws/install/isaac_ros_nova_interfaces:/workspace/cartographer_ws/install/isaac_ros_nitros_bridge_interfaces:/workspace/cartographer_ws/install/isaac_ros_common:/workspace/cartographer_ws/install/isaac_ros_bi3d_interfaces:/workspace/cartographer_ws/install/isaac_ros_apriltag_interfaces:/workspace/cartographer_ws/install/control_msgs:/workspace/cartographer_ws/install/cartographer_ros_msgs:/workspace/cartographer_ws/install/cartographer:/workspace/cartographer_ws/install/absl:/workspaces/isaac_ros-dev/install/qcar2_autonomy:/workspace/cartographer_ws/install/isaac_ros_test:/opt/ros/humble'), ('TF_AUTOTUNE_THRESHOLD', '2')]), 'shell': False}
[0.074902] (qcar2_interfaces) StdoutLine: {'line': b'[  2%] Built target qcar2_interfaces__cpp\n'}
[0.077888] (qcar2_interfaces) StdoutLine: {'line': b'[ 12%] Built target qcar2_interfaces__rosidl_generator_c\n'}
[0.078046] (qcar2_interfaces) StdoutLine: {'line': b'[ 12%] Built target ament_cmake_python_symlink_qcar2_interfaces\n'}
[0.087923] (qcar2_interfaces) StdoutLine: {'line': b'[ 23%] Built target qcar2_interfaces__rosidl_typesupport_fastrtps_cpp\n'}
[0.088171] (qcar2_interfaces) StdoutLine: {'line': b'[ 33%] Built target qcar2_interfaces__rosidl_typesupport_cpp\n'}
[0.089223] (qcar2_interfaces) StdoutLine: {'line': b'[ 43%] Built target qcar2_interfaces__rosidl_typesupport_introspection_cpp\n'}
[0.089549] (qcar2_interfaces) StdoutLine: {'line': b'[ 53%] Built target qcar2_interfaces__rosidl_typesupport_introspection_c\n'}
[0.089619] (qcar2_interfaces) StdoutLine: {'line': b'[ 64%] Built target qcar2_interfaces__rosidl_typesupport_c\n'}
[0.090690] (qcar2_interfaces) StdoutLine: {'line': b'[ 74%] Built target qcar2_interfaces__rosidl_typesupport_fastrtps_c\n'}
[0.099854] (-) TimerEvent: {}
[0.103505] (qcar2_interfaces) StdoutLine: {'line': b'[ 74%] Built target qcar2_interfaces\n'}
[0.117719] (qcar2_interfaces) StdoutLine: {'line': b'[ 76%] Built target qcar2_interfaces__py\n'}
[0.135596] (qcar2_interfaces) StdoutLine: {'line': b'[ 84%] Built target qcar2_interfaces__rosidl_generator_py\n'}
[0.149880] (qcar2_interfaces) StdoutLine: {'line': b'[ 89%] Built target qcar2_interfaces__rosidl_typesupport_fastrtps_c__pyext\n'}
[0.150917] (qcar2_interfaces) StdoutLine: {'line': b'[ 94%] Built target qcar2_interfaces__rosidl_typesupport_c__pyext\n'}
[0.151138] (qcar2_interfaces) StdoutLine: {'line': b'[100%] Built target qcar2_interfaces__rosidl_typesupport_introspection_c__pyext\n'}
[0.199931] (-) TimerEvent: {}
[0.209556] (qcar2_interfaces) StderrLine: {'line': b'Traceback (most recent call last):\n'}
[0.209754] (qcar2_interfaces) StderrLine: {'line': b'  File "<frozen importlib._bootstrap_external>", line 148, in _path_is_mode_type\n'}
[0.209801] (qcar2_interfaces) StderrLine: {'line': b'  File "<frozen importlib._bootstrap_external>", line 142, in _path_stat\n'}
[0.209839] (qcar2_interfaces) StderrLine: {'line': b"FileNotFoundError: [Errno 2] No such file or directory: '/usr/lib/python3/dist-packages/zope/__init__.abi3.so'\n"}
[0.209879] (qcar2_interfaces) StderrLine: {'line': b'\n'}
[0.209920] (qcar2_interfaces) StderrLine: {'line': b'During handling of the above exception, another exception occurred:\n'}
[0.209962] (qcar2_interfaces) StderrLine: {'line': b'\n'}
[0.210000] (qcar2_interfaces) StderrLine: {'line': b'Traceback (most recent call last):\n'}
[0.210041] (qcar2_interfaces) StderrLine: {'line': b'  File "setup.py", line 1, in <module>\n'}
[0.210083] (qcar2_interfaces) StderrLine: {'line': b'    from setuptools import find_packages\n'}
[0.210125] (qcar2_interfaces) StderrLine: {'line': b'  File "/usr/local/lib/python3.8/dist-packages/setuptools/__init__.py", line 16, in <module>\n'}
[0.210327] (qcar2_interfaces) StderrLine: {'line': b'    import setuptools.version\n'}
[0.210380] (qcar2_interfaces) StderrLine: {'line': b'  File "/usr/local/lib/python3.8/dist-packages/setuptools/version.py", line 1, in <module>\n'}
[0.210455] (qcar2_interfaces) StderrLine: {'line': b'    import pkg_resources\n'}
[0.210485] (qcar2_interfaces) StderrLine: {'line': b'  File "/usr/local/lib/python3.8/dist-packages/pkg_resources/__init__.py", line 3260, in <module>\n'}
[0.210986] (qcar2_interfaces) StderrLine: {'line': b'    def _initialize_master_working_set():\n'}
[0.211023] (qcar2_interfaces) StderrLine: {'line': b'  File "/usr/local/lib/python3.8/dist-packages/pkg_resources/__init__.py", line 3234, in _call_aside\n'}
[0.211208] (qcar2_interfaces) StderrLine: {'line': b'    f(*args, **kwargs)\n'}
[0.211238] (qcar2_interfaces) StderrLine: {'line': b'  File "/usr/local/lib/python3.8/dist-packages/pkg_resources/__init__.py", line 3285, in _initialize_master_working_set\n'}
[0.211414] (qcar2_interfaces) StderrLine: {'line': b'    tuple(\n'}
[0.211443] (qcar2_interfaces) StderrLine: {'line': b'  File "/usr/local/lib/python3.8/dist-packages/pkg_resources/__init__.py", line 3286, in <genexpr>\n'}
[0.211610] (qcar2_interfaces) StderrLine: {'line': b'    dist.activate(replace=False)\n'}
[0.211640] (qcar2_interfaces) StderrLine: {'line': b'  File "/usr/local/lib/python3.8/dist-packages/pkg_resources/__init__.py", line 2801, in activate\n'}
[0.211799] (qcar2_interfaces) StderrLine: {'line': b'    fixup_namespace_packages(self.location)\n'}
[0.211830] (qcar2_interfaces) StderrLine: {'line': b'  File "/usr/local/lib/python3.8/dist-packages/pkg_resources/__init__.py", line 2328, in fixup_namespace_packages\n'}
[0.211958] (qcar2_interfaces) StderrLine: {'line': b'    subpath = _handle_ns(package, path_item)\n'}
[0.211991] (qcar2_interfaces) StderrLine: {'line': b'  File "/usr/local/lib/python3.8/dist-packages/pkg_resources/__init__.py", line 2227, in _handle_ns\n'}
[0.212100] (qcar2_interfaces) StderrLine: {'line': b'    spec = importer.find_spec(packageName)\n'}
[0.212131] (qcar2_interfaces) StderrLine: {'line': b'  File "<frozen importlib._bootstrap_external>", line 1525, in find_spec\n'}
[0.212179] (qcar2_interfaces) StderrLine: {'line': b'  File "<frozen importlib._bootstrap_external>", line 156, in _path_isfile\n'}
[0.212234] (qcar2_interfaces) StderrLine: {'line': b'  File "<frozen importlib._bootstrap_external>", line 148, in _path_is_mode_type\n'}
[0.212286] (qcar2_interfaces) StderrLine: {'line': b'KeyboardInterrupt\n'}
[0.221108] (qcar2_interfaces) StderrLine: {'line': b'make[2]: *** [CMakeFiles/ament_cmake_python_build_qcar2_interfaces_egg.dir/build.make:70: CMakeFiles/ament_cmake_python_build_qcar2_interfaces_egg] Interrupt\n'}
[0.221253] (qcar2_interfaces) StderrLine: {'line': b'make[1]: *** [CMakeFiles/Makefile2:447: CMakeFiles/ament_cmake_python_build_qcar2_interfaces_egg.dir/all] Interrupt\n'}
[0.221428] (qcar2_interfaces) StderrLine: {'line': b'make: *** [Makefile:146: all] Interrupt\n'}
[0.222272] (qcar2_interfaces) CommandEnded: {'returncode': -2}
[0.300050] (-) TimerEvent: {}
[0.408776] (-) TimerEvent: {}
[0.422786] (qcar2_interfaces) JobEnded: {'identifier': 'qcar2_interfaces', 'rc': 'SIGINT'}
[0.433140] (qcar2_autonomy) JobSkipped: {'identifier': 'qcar2_autonomy'}
[0.433218] (qcar2_nodes) JobSkipped: {'identifier': 'qcar2_nodes'}
[0.433237] (-) EventReactorShutdown: {}
