-- The C compiler identification is GNU 13.3.0
-- The CXX compiler identification is GNU 13.3.0
-- Detecting C compiler ABI info
-- Detecting C compiler ABI info - done
-- Check for working C compiler: /usr/bin/cc - skipped
-- Detecting C compile features
-- Detecting C compile features - done
-- Detecting CXX compiler ABI info
-- Detecting CXX compiler ABI info - done
-- Check for working CXX compiler: /usr/bin/c++ - skipped
-- Detecting CXX compile features
-- Detecting CXX compile features - done
-- Found ament_cmake: 2.7.5 (/opt/ros/kilted/share/ament_cmake/cmake)
-- Found Python3: /usr/bin/python3 (found version "3.12.3") found components: Interpreter 
-- Override CMake install command with custom implementation using symlinks instead of copying resources
-- Found rosidl_default_generators: 1.7.2 (/opt/ros/kilted/share/rosidl_default_generators/cmake)
-- Using all available rosidl_typesupport_c: rosidl_typesupport_fastrtps_c;rosidl_typesupport_introspection_c
-- Using all available rosidl_typesupport_cpp: rosidl_typesupport_fastrtps_cpp;rosidl_typesupport_introspection_cpp
-- Found rosidl_adapter: 4.9.6 (/opt/ros/kilted/share/rosidl_adapter/cmake)
-- Found ament_cmake_ros_core: 0.14.7 (/opt/ros/kilted/share/ament_cmake_ros_core/cmake)
-- Using all available rosidl_typesupport_c: rosidl_typesupport_fastrtps_c;rosidl_typesupport_introspection_c
-- Using all available rosidl_typesupport_cpp: rosidl_typesupport_fastrtps_cpp;rosidl_typesupport_introspection_cpp
-- Found Python3: /usr/bin/python3 (found version "3.12.3") found components: Interpreter Development NumPy Development.Module Development.Embed 
-- Found Python3: /usr/bin/python3 (found version "3.12.3") found components: Interpreter 
-- Found ament_lint_auto: 0.19.2 (/opt/ros/kilted/share/ament_lint_auto/cmake)
-- Added test 'lint_cmake' to check CMake code style
-- Added test 'xmllint' to check XML markup files
-- Configuring done (2.6s)
-- Generating done (0.0s)
-- Build files have been written to: /home/arturo-noble/Documents/GitHub/ACC_Development/Development/ros2/build/qcar2_interfaces
[  4%] Generating type hashes for ROS interfaces
[  4%] Generating Rust code for ROS interfaces
[  4%] Built target ament_cmake_python_symlink_qcar2_interfaces
running egg_info
creating qcar2_interfaces.egg-info
writing qcar2_interfaces.egg-info/PKG-INFO
writing dependency_links to qcar2_interfaces.egg-info/dependency_links.txt
writing top-level names to qcar2_interfaces.egg-info/top_level.txt
writing manifest file 'qcar2_interfaces.egg-info/SOURCES.txt'
reading manifest file 'qcar2_interfaces.egg-info/SOURCES.txt'
writing manifest file 'qcar2_interfaces.egg-info/SOURCES.txt'
[  4%] Built target ament_cmake_python_build_qcar2_interfaces_egg
[  4%] Built target qcar2_interfaces__rs
[  4%] Built target qcar2_interfaces__rosidl_generator_type_description
[  6%] Generating C code for ROS interfaces
[  8%] Generating C++ code for ROS interfaces
[  8%] Built target qcar2_interfaces__cpp
[ 20%] Building C object CMakeFiles/qcar2_interfaces__rosidl_generator_c.dir/rosidl_generator_c/qcar2_interfaces/msg/detail/motor_commands__functions.c.o
[ 20%] Building C object CMakeFiles/qcar2_interfaces__rosidl_generator_c.dir/rosidl_generator_c/qcar2_interfaces/msg/detail/motor_commands__description.c.o
[ 20%] Building C object CMakeFiles/qcar2_interfaces__rosidl_generator_c.dir/rosidl_generator_c/qcar2_interfaces/msg/detail/motor_commands__type_support.c.o
[ 20%] Building C object CMakeFiles/qcar2_interfaces__rosidl_generator_c.dir/rosidl_generator_c/qcar2_interfaces/msg/detail/boolean_leds__type_support.c.o
[ 20%] Building C object CMakeFiles/qcar2_interfaces__rosidl_generator_c.dir/rosidl_generator_c/qcar2_interfaces/msg/detail/boolean_leds__functions.c.o
[ 22%] Building C object CMakeFiles/qcar2_interfaces__rosidl_generator_c.dir/rosidl_generator_c/qcar2_interfaces/msg/detail/boolean_leds__description.c.o
[ 24%] Linking C shared library libqcar2_interfaces__rosidl_generator_c.so
[ 24%] Built target qcar2_interfaces__rosidl_generator_c
[ 33%] Generating C++ introspection for ROS interfaces
[ 31%] Generating C type support for eProsima Fast-RTPS
[ 31%] Generating C type support dispatch for ROS interfaces
[ 33%] Generating C++ type support dispatch for ROS interfaces
[ 37%] Generating C++ type support for eProsima Fast-RTPS
[ 37%] Generating C introspection for ROS interfaces
[ 42%] Building CXX object CMakeFiles/qcar2_interfaces__rosidl_typesupport_fastrtps_c.dir/rosidl_typesupport_fastrtps_c/qcar2_interfaces/msg/detail/boolean_leds__type_support_c.cpp.o
[ 42%] Building CXX object CMakeFiles/qcar2_interfaces__rosidl_typesupport_fastrtps_c.dir/rosidl_typesupport_fastrtps_c/qcar2_interfaces/msg/detail/motor_commands__type_support_c.cpp.o
[ 46%] Building C object CMakeFiles/qcar2_interfaces__rosidl_typesupport_introspection_c.dir/rosidl_typesupport_introspection_c/qcar2_interfaces/msg/detail/motor_commands__type_support.c.o
[ 46%] Building C object CMakeFiles/qcar2_interfaces__rosidl_typesupport_introspection_c.dir/rosidl_typesupport_introspection_c/qcar2_interfaces/msg/detail/boolean_leds__type_support.c.o
[ 55%] Building CXX object CMakeFiles/qcar2_interfaces__rosidl_typesupport_fastrtps_cpp.dir/rosidl_typesupport_fastrtps_cpp/qcar2_interfaces/msg/detail/dds_fastrtps/motor_commands__type_support.cpp.o
[ 55%] Building CXX object CMakeFiles/qcar2_interfaces__rosidl_typesupport_cpp.dir/rosidl_typesupport_cpp/qcar2_interfaces/msg/motor_commands__type_support.cpp.o
[ 55%] Building CXX object CMakeFiles/qcar2_interfaces__rosidl_typesupport_cpp.dir/rosidl_typesupport_cpp/qcar2_interfaces/msg/boolean_leds__type_support.cpp.o
[ 55%] Building CXX object CMakeFiles/qcar2_interfaces__rosidl_typesupport_fastrtps_cpp.dir/rosidl_typesupport_fastrtps_cpp/qcar2_interfaces/msg/detail/dds_fastrtps/boolean_leds__type_support.cpp.o
[ 57%] Linking C shared library libqcar2_interfaces__rosidl_typesupport_introspection_c.so
[ 60%] Building CXX object CMakeFiles/qcar2_interfaces__rosidl_typesupport_c.dir/rosidl_typesupport_c/qcar2_interfaces/msg/boolean_leds__type_support.cpp.o
[ 62%] Building CXX object CMakeFiles/qcar2_interfaces__rosidl_typesupport_c.dir/rosidl_typesupport_c/qcar2_interfaces/msg/motor_commands__type_support.cpp.o
[ 64%] Building CXX object CMakeFiles/qcar2_interfaces__rosidl_typesupport_introspection_cpp.dir/rosidl_typesupport_introspection_cpp/qcar2_interfaces/msg/detail/boolean_leds__type_support.cpp.o
[ 66%] Building CXX object CMakeFiles/qcar2_interfaces__rosidl_typesupport_introspection_cpp.dir/rosidl_typesupport_introspection_cpp/qcar2_interfaces/msg/detail/motor_commands__type_support.cpp.o
[ 66%] Built target qcar2_interfaces__rosidl_typesupport_introspection_c
[ 68%] Linking CXX shared library libqcar2_interfaces__rosidl_typesupport_c.so
[ 68%] Built target qcar2_interfaces__rosidl_typesupport_c
[ 71%] Linking CXX shared library libqcar2_interfaces__rosidl_typesupport_cpp.so
[ 71%] Built target qcar2_interfaces__rosidl_typesupport_cpp
[ 73%] Linking CXX shared library libqcar2_interfaces__rosidl_typesupport_fastrtps_c.so
[ 75%] Linking CXX shared library libqcar2_interfaces__rosidl_typesupport_introspection_cpp.so
[ 75%] Built target qcar2_interfaces__rosidl_typesupport_fastrtps_c
[ 75%] Built target qcar2_interfaces__rosidl_typesupport_introspection_cpp
[ 77%] Linking CXX shared library libqcar2_interfaces__rosidl_typesupport_fastrtps_cpp.so
[ 77%] Built target qcar2_interfaces__rosidl_typesupport_fastrtps_cpp
[ 77%] Built target qcar2_interfaces
[ 80%] Generating Python code for ROS interfaces
[ 80%] Built target qcar2_interfaces__py
[ 82%] Building C object CMakeFiles/qcar2_interfaces__rosidl_generator_py.dir/rosidl_generator_py/qcar2_interfaces/msg/_boolean_leds_s.c.o
[ 84%] Building C object CMakeFiles/qcar2_interfaces__rosidl_generator_py.dir/rosidl_generator_py/qcar2_interfaces/msg/_motor_commands_s.c.o
[ 86%] Linking C shared library libqcar2_interfaces__rosidl_generator_py.so
[ 86%] Built target qcar2_interfaces__rosidl_generator_py
[ 93%] Building C object CMakeFiles/qcar2_interfaces_s__rosidl_typesupport_c.dir/rosidl_generator_py/qcar2_interfaces/_qcar2_interfaces_s.ep.rosidl_typesupport_c.c.o
[ 93%] Building C object CMakeFiles/qcar2_interfaces_s__rosidl_typesupport_fastrtps_c.dir/rosidl_generator_py/qcar2_interfaces/_qcar2_interfaces_s.ep.rosidl_typesupport_fastrtps_c.c.o
[ 93%] Building C object CMakeFiles/qcar2_interfaces_s__rosidl_typesupport_introspection_c.dir/rosidl_generator_py/qcar2_interfaces/_qcar2_interfaces_s.ep.rosidl_typesupport_introspection_c.c.o
[ 95%] Linking C shared module rosidl_generator_py/qcar2_interfaces/qcar2_interfaces_s__rosidl_typesupport_c.so
[ 97%] Linking C shared module rosidl_generator_py/qcar2_interfaces/qcar2_interfaces_s__rosidl_typesupport_introspection_c.so
[100%] Linking C shared module rosidl_generator_py/qcar2_interfaces/qcar2_interfaces_s__rosidl_typesupport_fastrtps_c.so
[100%] Built target qcar2_interfaces_s__rosidl_typesupport_c
[100%] Built target qcar2_interfaces_s__rosidl_typesupport_introspection_c
[100%] Built target qcar2_interfaces_s__rosidl_typesupport_fastrtps_c
-- Install configuration: ""
-- Execute custom install script
-- Symlinking: /home/arturo-noble/Documents/GitHub/ACC_Development/Development/ros2/install/qcar2_interfaces/share/ament_index/resource_index/rosidl_interfaces/qcar2_interfaces
-- Symlinking: /home/arturo-noble/Documents/GitHub/ACC_Development/Development/ros2/install/qcar2_interfaces/share/qcar2_interfaces/msg/MotorCommands.json
-- Symlinking: /home/arturo-noble/Documents/GitHub/ACC_Development/Development/ros2/install/qcar2_interfaces/share/qcar2_interfaces/msg/BooleanLeds.json
-- Symlinking: /home/arturo-noble/Documents/GitHub/ACC_Development/Development/ros2/install/qcar2_interfaces/include/qcar2_interfaces/qcar2_interfaces/msg/boolean_leds.h
-- Symlinking: /home/arturo-noble/Documents/GitHub/ACC_Development/Development/ros2/install/qcar2_interfaces/include/qcar2_interfaces/qcar2_interfaces/msg/detail/boolean_leds__functions.h
-- Symlinking: /home/arturo-noble/Documents/GitHub/ACC_Development/Development/ros2/install/qcar2_interfaces/include/qcar2_interfaces/qcar2_interfaces/msg/detail/boolean_leds__struct.h
-- Symlinking: /home/arturo-noble/Documents/GitHub/ACC_Development/Development/ros2/install/qcar2_interfaces/include/qcar2_interfaces/qcar2_interfaces/msg/detail/boolean_leds__type_support.h
-- Symlinking: /home/arturo-noble/Documents/GitHub/ACC_Development/Development/ros2/install/qcar2_interfaces/include/qcar2_interfaces/qcar2_interfaces/msg/detail/motor_commands__functions.h
-- Symlinking: /home/arturo-noble/Documents/GitHub/ACC_Development/Development/ros2/install/qcar2_interfaces/include/qcar2_interfaces/qcar2_interfaces/msg/detail/motor_commands__struct.h
-- Symlinking: /home/arturo-noble/Documents/GitHub/ACC_Development/Development/ros2/install/qcar2_interfaces/include/qcar2_interfaces/qcar2_interfaces/msg/detail/motor_commands__type_support.h
-- Symlinking: /home/arturo-noble/Documents/GitHub/ACC_Development/Development/ros2/install/qcar2_interfaces/include/qcar2_interfaces/qcar2_interfaces/msg/motor_commands.h
-- Symlinking: /home/arturo-noble/Documents/GitHub/ACC_Development/Development/ros2/install/qcar2_interfaces/include/qcar2_interfaces/qcar2_interfaces/msg/rosidl_generator_c__visibility_control.h
-- Symlinking: /home/arturo-noble/Documents/GitHub/ACC_Development/Development/ros2/install/qcar2_interfaces/share/qcar2_interfaces/environment/library_path.sh
-- Symlinking: /home/arturo-noble/Documents/GitHub/ACC_Development/Development/ros2/install/qcar2_interfaces/share/qcar2_interfaces/environment/library_path.dsv
-- Symlinking: /home/arturo-noble/Documents/GitHub/ACC_Development/Development/ros2/install/qcar2_interfaces/include/qcar2_interfaces/qcar2_interfaces/msg/detail/boolean_leds__rosidl_typesupport_fastrtps_c.h
-- Symlinking: /home/arturo-noble/Documents/GitHub/ACC_Development/Development/ros2/install/qcar2_interfaces/include/qcar2_interfaces/qcar2_interfaces/msg/detail/motor_commands__rosidl_typesupport_fastrtps_c.h
-- Symlinking: /home/arturo-noble/Documents/GitHub/ACC_Development/Development/ros2/install/qcar2_interfaces/include/qcar2_interfaces/qcar2_interfaces/msg/rosidl_typesupport_fastrtps_c__visibility_control.h
-- Symlinking: /home/arturo-noble/Documents/GitHub/ACC_Development/Development/ros2/install/qcar2_interfaces/include/qcar2_interfaces/qcar2_interfaces/msg/detail/boolean_leds__rosidl_typesupport_introspection_c.h
-- Symlinking: /home/arturo-noble/Documents/GitHub/ACC_Development/Development/ros2/install/qcar2_interfaces/include/qcar2_interfaces/qcar2_interfaces/msg/detail/motor_commands__rosidl_typesupport_introspection_c.h
-- Symlinking: /home/arturo-noble/Documents/GitHub/ACC_Development/Development/ros2/install/qcar2_interfaces/include/qcar2_interfaces/qcar2_interfaces/msg/rosidl_typesupport_introspection_c__visibility_control.h
-- Symlinking: /home/arturo-noble/Documents/GitHub/ACC_Development/Development/ros2/install/qcar2_interfaces/include/qcar2_interfaces/qcar2_interfaces/msg/boolean_leds.hpp
-- Symlinking: /home/arturo-noble/Documents/GitHub/ACC_Development/Development/ros2/install/qcar2_interfaces/include/qcar2_interfaces/qcar2_interfaces/msg/detail/boolean_leds__builder.hpp
-- Symlinking: /home/arturo-noble/Documents/GitHub/ACC_Development/Development/ros2/install/qcar2_interfaces/include/qcar2_interfaces/qcar2_interfaces/msg/detail/boolean_leds__struct.hpp
-- Symlinking: /home/arturo-noble/Documents/GitHub/ACC_Development/Development/ros2/install/qcar2_interfaces/include/qcar2_interfaces/qcar2_interfaces/msg/detail/boolean_leds__traits.hpp
-- Symlinking: /home/arturo-noble/Documents/GitHub/ACC_Development/Development/ros2/install/qcar2_interfaces/include/qcar2_interfaces/qcar2_interfaces/msg/detail/boolean_leds__type_support.hpp
-- Symlinking: /home/arturo-noble/Documents/GitHub/ACC_Development/Development/ros2/install/qcar2_interfaces/include/qcar2_interfaces/qcar2_interfaces/msg/detail/motor_commands__builder.hpp
-- Symlinking: /home/arturo-noble/Documents/GitHub/ACC_Development/Development/ros2/install/qcar2_interfaces/include/qcar2_interfaces/qcar2_interfaces/msg/detail/motor_commands__struct.hpp
-- Symlinking: /home/arturo-noble/Documents/GitHub/ACC_Development/Development/ros2/install/qcar2_interfaces/include/qcar2_interfaces/qcar2_interfaces/msg/detail/motor_commands__traits.hpp
-- Symlinking: /home/arturo-noble/Documents/GitHub/ACC_Development/Development/ros2/install/qcar2_interfaces/include/qcar2_interfaces/qcar2_interfaces/msg/detail/motor_commands__type_support.hpp
-- Symlinking: /home/arturo-noble/Documents/GitHub/ACC_Development/Development/ros2/install/qcar2_interfaces/include/qcar2_interfaces/qcar2_interfaces/msg/motor_commands.hpp
-- Symlinking: /home/arturo-noble/Documents/GitHub/ACC_Development/Development/ros2/install/qcar2_interfaces/include/qcar2_interfaces/qcar2_interfaces/msg/rosidl_generator_cpp__visibility_control.hpp
-- Symlinking: /home/arturo-noble/Documents/GitHub/ACC_Development/Development/ros2/install/qcar2_interfaces/include/qcar2_interfaces/qcar2_interfaces/msg/detail/boolean_leds__rosidl_typesupport_fastrtps_cpp.hpp
-- Symlinking: /home/arturo-noble/Documents/GitHub/ACC_Development/Development/ros2/install/qcar2_interfaces/include/qcar2_interfaces/qcar2_interfaces/msg/detail/motor_commands__rosidl_typesupport_fastrtps_cpp.hpp
-- Symlinking: /home/arturo-noble/Documents/GitHub/ACC_Development/Development/ros2/install/qcar2_interfaces/include/qcar2_interfaces/qcar2_interfaces/msg/rosidl_typesupport_fastrtps_cpp__visibility_control.h
-- Symlinking: /home/arturo-noble/Documents/GitHub/ACC_Development/Development/ros2/install/qcar2_interfaces/include/qcar2_interfaces/qcar2_interfaces/msg/detail/boolean_leds__rosidl_typesupport_introspection_cpp.hpp
-- Symlinking: /home/arturo-noble/Documents/GitHub/ACC_Development/Development/ros2/install/qcar2_interfaces/include/qcar2_interfaces/qcar2_interfaces/msg/detail/motor_commands__rosidl_typesupport_introspection_cpp.hpp
-- Symlinking: /home/arturo-noble/Documents/GitHub/ACC_Development/Development/ros2/install/qcar2_interfaces/share/qcar2_interfaces/environment/pythonpath.sh
-- Symlinking: /home/arturo-noble/Documents/GitHub/ACC_Development/Development/ros2/install/qcar2_interfaces/share/qcar2_interfaces/environment/pythonpath.dsv
-- Symlinking: /home/arturo-noble/Documents/GitHub/ACC_Development/Development/ros2/install/qcar2_interfaces/lib/python3.12/site-packages/qcar2_interfaces-0.0.0-py3.12.egg-info/PKG-INFO
-- Symlinking: /home/arturo-noble/Documents/GitHub/ACC_Development/Development/ros2/install/qcar2_interfaces/lib/python3.12/site-packages/qcar2_interfaces-0.0.0-py3.12.egg-info/SOURCES.txt
-- Symlinking: /home/arturo-noble/Documents/GitHub/ACC_Development/Development/ros2/install/qcar2_interfaces/lib/python3.12/site-packages/qcar2_interfaces-0.0.0-py3.12.egg-info/dependency_links.txt
-- Symlinking: /home/arturo-noble/Documents/GitHub/ACC_Development/Development/ros2/install/qcar2_interfaces/lib/python3.12/site-packages/qcar2_interfaces-0.0.0-py3.12.egg-info/top_level.txt
-- Symlinking: /home/arturo-noble/Documents/GitHub/ACC_Development/Development/ros2/install/qcar2_interfaces/lib/python3.12/site-packages/qcar2_interfaces/__init__.py
-- Symlinking: /home/arturo-noble/Documents/GitHub/ACC_Development/Development/ros2/install/qcar2_interfaces/lib/python3.12/site-packages/qcar2_interfaces/_qcar2_interfaces_s.ep.rosidl_typesupport_c.c
-- Symlinking: /home/arturo-noble/Documents/GitHub/ACC_Development/Development/ros2/install/qcar2_interfaces/lib/python3.12/site-packages/qcar2_interfaces/_qcar2_interfaces_s.ep.rosidl_typesupport_fastrtps_c.c
-- Symlinking: /home/arturo-noble/Documents/GitHub/ACC_Development/Development/ros2/install/qcar2_interfaces/lib/python3.12/site-packages/qcar2_interfaces/_qcar2_interfaces_s.ep.rosidl_typesupport_introspection_c.c
-- Symlinking: /home/arturo-noble/Documents/GitHub/ACC_Development/Development/ros2/install/qcar2_interfaces/lib/python3.12/site-packages/qcar2_interfaces/msg/__init__.py
-- Symlinking: /home/arturo-noble/Documents/GitHub/ACC_Development/Development/ros2/install/qcar2_interfaces/lib/python3.12/site-packages/qcar2_interfaces/msg/_boolean_leds.py
-- Symlinking: /home/arturo-noble/Documents/GitHub/ACC_Development/Development/ros2/install/qcar2_interfaces/lib/python3.12/site-packages/qcar2_interfaces/msg/_boolean_leds_s.c
-- Symlinking: /home/arturo-noble/Documents/GitHub/ACC_Development/Development/ros2/install/qcar2_interfaces/lib/python3.12/site-packages/qcar2_interfaces/msg/_motor_commands.py
-- Symlinking: /home/arturo-noble/Documents/GitHub/ACC_Development/Development/ros2/install/qcar2_interfaces/lib/python3.12/site-packages/qcar2_interfaces/msg/_motor_commands_s.c
-- Symlinking: /home/arturo-noble/Documents/GitHub/ACC_Development/Development/ros2/install/qcar2_interfaces/lib/python3.12/site-packages/qcar2_interfaces/qcar2_interfaces_s__rosidl_typesupport_c.so
-- Symlinking: /home/arturo-noble/Documents/GitHub/ACC_Development/Development/ros2/install/qcar2_interfaces/lib/python3.12/site-packages/qcar2_interfaces/qcar2_interfaces_s__rosidl_typesupport_fastrtps_c.so
-- Symlinking: /home/arturo-noble/Documents/GitHub/ACC_Development/Development/ros2/install/qcar2_interfaces/lib/python3.12/site-packages/qcar2_interfaces/qcar2_interfaces_s__rosidl_typesupport_introspection_c.so
-- Up-to-date symlink: /home/arturo-noble/Documents/GitHub/ACC_Development/Development/ros2/install/qcar2_interfaces/lib/python3.12/site-packages/qcar2_interfaces/qcar2_interfaces_s__rosidl_typesupport_fastrtps_c.so
-- Up-to-date symlink: /home/arturo-noble/Documents/GitHub/ACC_Development/Development/ros2/install/qcar2_interfaces/lib/python3.12/site-packages/qcar2_interfaces/qcar2_interfaces_s__rosidl_typesupport_introspection_c.so
-- Up-to-date symlink: /home/arturo-noble/Documents/GitHub/ACC_Development/Development/ros2/install/qcar2_interfaces/lib/python3.12/site-packages/qcar2_interfaces/qcar2_interfaces_s__rosidl_typesupport_c.so
-- Symlinking: /home/arturo-noble/Documents/GitHub/ACC_Development/Development/ros2/install/qcar2_interfaces/share/ament_index/resource_index/rust_packages/qcar2_interfaces
-- Symlinking: /home/arturo-noble/Documents/GitHub/ACC_Development/Development/ros2/install/qcar2_interfaces/share/qcar2_interfaces/rust/Cargo.toml
-- Symlinking: /home/arturo-noble/Documents/GitHub/ACC_Development/Development/ros2/install/qcar2_interfaces/share/qcar2_interfaces/rust/build.rs
-- Symlinking: /home/arturo-noble/Documents/GitHub/ACC_Development/Development/ros2/install/qcar2_interfaces/share/qcar2_interfaces/rust/src/lib.rs
-- Symlinking: /home/arturo-noble/Documents/GitHub/ACC_Development/Development/ros2/install/qcar2_interfaces/share/qcar2_interfaces/rust/src/msg.rs
-- Symlinking: /home/arturo-noble/Documents/GitHub/ACC_Development/Development/ros2/install/qcar2_interfaces/share/qcar2_interfaces/rust/src/msg/rmw.rs
-- Symlinking: /home/arturo-noble/Documents/GitHub/ACC_Development/Development/ros2/install/qcar2_interfaces/share/qcar2_interfaces/msg/MotorCommands.idl
-- Symlinking: /home/arturo-noble/Documents/GitHub/ACC_Development/Development/ros2/install/qcar2_interfaces/share/qcar2_interfaces/msg/BooleanLeds.idl
-- Symlinking: /home/arturo-noble/Documents/GitHub/ACC_Development/Development/ros2/install/qcar2_interfaces/share/qcar2_interfaces/msg/MotorCommands.msg
-- Symlinking: /home/arturo-noble/Documents/GitHub/ACC_Development/Development/ros2/install/qcar2_interfaces/share/qcar2_interfaces/msg/BooleanLeds.msg
-- Symlinking: /home/arturo-noble/Documents/GitHub/ACC_Development/Development/ros2/install/qcar2_interfaces/share/ament_index/resource_index/package_run_dependencies/qcar2_interfaces
-- Symlinking: /home/arturo-noble/Documents/GitHub/ACC_Development/Development/ros2/install/qcar2_interfaces/share/ament_index/resource_index/parent_prefix_path/qcar2_interfaces
-- Symlinking: /home/arturo-noble/Documents/GitHub/ACC_Development/Development/ros2/install/qcar2_interfaces/share/qcar2_interfaces/environment/ament_prefix_path.sh
-- Symlinking: /home/arturo-noble/Documents/GitHub/ACC_Development/Development/ros2/install/qcar2_interfaces/share/qcar2_interfaces/environment/ament_prefix_path.dsv
-- Symlinking: /home/arturo-noble/Documents/GitHub/ACC_Development/Development/ros2/install/qcar2_interfaces/share/qcar2_interfaces/environment/path.sh
-- Symlinking: /home/arturo-noble/Documents/GitHub/ACC_Development/Development/ros2/install/qcar2_interfaces/share/qcar2_interfaces/environment/path.dsv
-- Symlinking: /home/arturo-noble/Documents/GitHub/ACC_Development/Development/ros2/install/qcar2_interfaces/share/qcar2_interfaces/local_setup.bash
-- Symlinking: /home/arturo-noble/Documents/GitHub/ACC_Development/Development/ros2/install/qcar2_interfaces/share/qcar2_interfaces/local_setup.sh
-- Symlinking: /home/arturo-noble/Documents/GitHub/ACC_Development/Development/ros2/install/qcar2_interfaces/share/qcar2_interfaces/local_setup.zsh
-- Symlinking: /home/arturo-noble/Documents/GitHub/ACC_Development/Development/ros2/install/qcar2_interfaces/share/qcar2_interfaces/local_setup.dsv
-- Symlinking: /home/arturo-noble/Documents/GitHub/ACC_Development/Development/ros2/install/qcar2_interfaces/share/qcar2_interfaces/package.dsv
-- Symlinking: /home/arturo-noble/Documents/GitHub/ACC_Development/Development/ros2/install/qcar2_interfaces/share/ament_index/resource_index/packages/qcar2_interfaces
-- Symlinking: /home/arturo-noble/Documents/GitHub/ACC_Development/Development/ros2/install/qcar2_interfaces/share/qcar2_interfaces/cmake/rosidl_cmake-extras.cmake
-- Symlinking: /home/arturo-noble/Documents/GitHub/ACC_Development/Development/ros2/install/qcar2_interfaces/share/qcar2_interfaces/cmake/ament_cmake_export_include_directories-extras.cmake
-- Symlinking: /home/arturo-noble/Documents/GitHub/ACC_Development/Development/ros2/install/qcar2_interfaces/share/qcar2_interfaces/cmake/ament_cmake_export_libraries-extras.cmake
-- Symlinking: /home/arturo-noble/Documents/GitHub/ACC_Development/Development/ros2/install/qcar2_interfaces/share/qcar2_interfaces/cmake/ament_cmake_export_targets-extras.cmake
-- Symlinking: /home/arturo-noble/Documents/GitHub/ACC_Development/Development/ros2/install/qcar2_interfaces/share/qcar2_interfaces/cmake/rosidl_cmake_export_typesupport_targets-extras.cmake
-- Symlinking: /home/arturo-noble/Documents/GitHub/ACC_Development/Development/ros2/install/qcar2_interfaces/share/qcar2_interfaces/cmake/ament_cmake_export_dependencies-extras.cmake
-- Symlinking: /home/arturo-noble/Documents/GitHub/ACC_Development/Development/ros2/install/qcar2_interfaces/share/qcar2_interfaces/cmake/rosidl_cmake_export_typesupport_libraries-extras.cmake
-- Symlinking: /home/arturo-noble/Documents/GitHub/ACC_Development/Development/ros2/install/qcar2_interfaces/share/qcar2_interfaces/cmake/qcar2_interfacesConfig.cmake
-- Symlinking: /home/arturo-noble/Documents/GitHub/ACC_Development/Development/ros2/install/qcar2_interfaces/share/qcar2_interfaces/cmake/qcar2_interfacesConfig-version.cmake
-- Symlinking: /home/arturo-noble/Documents/GitHub/ACC_Development/Development/ros2/install/qcar2_interfaces/share/qcar2_interfaces/package.xml
-- Installing: /home/arturo-noble/Documents/GitHub/ACC_Development/Development/ros2/install/qcar2_interfaces/lib/libqcar2_interfaces__rosidl_generator_c.so
-- Set non-toolchain portion of runtime path of "/home/arturo-noble/Documents/GitHub/ACC_Development/Development/ros2/install/qcar2_interfaces/lib/libqcar2_interfaces__rosidl_generator_c.so" to ""
-- Installing: /home/arturo-noble/Documents/GitHub/ACC_Development/Development/ros2/install/qcar2_interfaces/lib/libqcar2_interfaces__rosidl_typesupport_fastrtps_c.so
-- Set non-toolchain portion of runtime path of "/home/arturo-noble/Documents/GitHub/ACC_Development/Development/ros2/install/qcar2_interfaces/lib/libqcar2_interfaces__rosidl_typesupport_fastrtps_c.so" to ""
-- Installing: /home/arturo-noble/Documents/GitHub/ACC_Development/Development/ros2/install/qcar2_interfaces/lib/libqcar2_interfaces__rosidl_typesupport_introspection_c.so
-- Set non-toolchain portion of runtime path of "/home/arturo-noble/Documents/GitHub/ACC_Development/Development/ros2/install/qcar2_interfaces/lib/libqcar2_interfaces__rosidl_typesupport_introspection_c.so" to ""
-- Installing: /home/arturo-noble/Documents/GitHub/ACC_Development/Development/ros2/install/qcar2_interfaces/lib/libqcar2_interfaces__rosidl_typesupport_c.so
-- Set non-toolchain portion of runtime path of "/home/arturo-noble/Documents/GitHub/ACC_Development/Development/ros2/install/qcar2_interfaces/lib/libqcar2_interfaces__rosidl_typesupport_c.so" to ""
-- Installing: /home/arturo-noble/Documents/GitHub/ACC_Development/Development/ros2/install/qcar2_interfaces/lib/libqcar2_interfaces__rosidl_typesupport_fastrtps_cpp.so
-- Set non-toolchain portion of runtime path of "/home/arturo-noble/Documents/GitHub/ACC_Development/Development/ros2/install/qcar2_interfaces/lib/libqcar2_interfaces__rosidl_typesupport_fastrtps_cpp.so" to ""
-- Installing: /home/arturo-noble/Documents/GitHub/ACC_Development/Development/ros2/install/qcar2_interfaces/lib/libqcar2_interfaces__rosidl_typesupport_introspection_cpp.so
-- Set non-toolchain portion of runtime path of "/home/arturo-noble/Documents/GitHub/ACC_Development/Development/ros2/install/qcar2_interfaces/lib/libqcar2_interfaces__rosidl_typesupport_introspection_cpp.so" to ""
-- Installing: /home/arturo-noble/Documents/GitHub/ACC_Development/Development/ros2/install/qcar2_interfaces/lib/libqcar2_interfaces__rosidl_typesupport_cpp.so
-- Set non-toolchain portion of runtime path of "/home/arturo-noble/Documents/GitHub/ACC_Development/Development/ros2/install/qcar2_interfaces/lib/libqcar2_interfaces__rosidl_typesupport_cpp.so" to ""
Listing '/home/arturo-noble/Documents/GitHub/ACC_Development/Development/ros2/install/qcar2_interfaces/lib/python3.12/site-packages/qcar2_interfaces'...
Compiling '/home/arturo-noble/Documents/GitHub/ACC_Development/Development/ros2/install/qcar2_interfaces/lib/python3.12/site-packages/qcar2_interfaces/__init__.py'...
Listing '/home/arturo-noble/Documents/GitHub/ACC_Development/Development/ros2/install/qcar2_interfaces/lib/python3.12/site-packages/qcar2_interfaces/msg'...
Compiling '/home/arturo-noble/Documents/GitHub/ACC_Development/Development/ros2/install/qcar2_interfaces/lib/python3.12/site-packages/qcar2_interfaces/msg/__init__.py'...
Compiling '/home/arturo-noble/Documents/GitHub/ACC_Development/Development/ros2/install/qcar2_interfaces/lib/python3.12/site-packages/qcar2_interfaces/msg/_boolean_leds.py'...
Compiling '/home/arturo-noble/Documents/GitHub/ACC_Development/Development/ros2/install/qcar2_interfaces/lib/python3.12/site-packages/qcar2_interfaces/msg/_motor_commands.py'...
-- Installing: /home/arturo-noble/Documents/GitHub/ACC_Development/Development/ros2/install/qcar2_interfaces/lib/libqcar2_interfaces__rosidl_generator_py.so
-- Set non-toolchain portion of runtime path of "/home/arturo-noble/Documents/GitHub/ACC_Development/Development/ros2/install/qcar2_interfaces/lib/libqcar2_interfaces__rosidl_generator_py.so" to ""
-- Installing: /home/arturo-noble/Documents/GitHub/ACC_Development/Development/ros2/install/qcar2_interfaces/share/qcar2_interfaces/cmake/export_qcar2_interfaces__rosidl_generator_cExport.cmake
-- Installing: /home/arturo-noble/Documents/GitHub/ACC_Development/Development/ros2/install/qcar2_interfaces/share/qcar2_interfaces/cmake/export_qcar2_interfaces__rosidl_generator_cExport-noconfig.cmake
-- Installing: /home/arturo-noble/Documents/GitHub/ACC_Development/Development/ros2/install/qcar2_interfaces/share/qcar2_interfaces/cmake/export_qcar2_interfaces__rosidl_typesupport_fastrtps_cExport.cmake
-- Installing: /home/arturo-noble/Documents/GitHub/ACC_Development/Development/ros2/install/qcar2_interfaces/share/qcar2_interfaces/cmake/export_qcar2_interfaces__rosidl_typesupport_fastrtps_cExport-noconfig.cmake
-- Installing: /home/arturo-noble/Documents/GitHub/ACC_Development/Development/ros2/install/qcar2_interfaces/share/qcar2_interfaces/cmake/qcar2_interfaces__rosidl_typesupport_introspection_cExport.cmake
-- Installing: /home/arturo-noble/Documents/GitHub/ACC_Development/Development/ros2/install/qcar2_interfaces/share/qcar2_interfaces/cmake/qcar2_interfaces__rosidl_typesupport_introspection_cExport-noconfig.cmake
-- Installing: /home/arturo-noble/Documents/GitHub/ACC_Development/Development/ros2/install/qcar2_interfaces/share/qcar2_interfaces/cmake/qcar2_interfaces__rosidl_typesupport_cExport.cmake
-- Installing: /home/arturo-noble/Documents/GitHub/ACC_Development/Development/ros2/install/qcar2_interfaces/share/qcar2_interfaces/cmake/qcar2_interfaces__rosidl_typesupport_cExport-noconfig.cmake
-- Installing: /home/arturo-noble/Documents/GitHub/ACC_Development/Development/ros2/install/qcar2_interfaces/share/qcar2_interfaces/cmake/export_qcar2_interfaces__rosidl_generator_cppExport.cmake
-- Installing: /home/arturo-noble/Documents/GitHub/ACC_Development/Development/ros2/install/qcar2_interfaces/share/qcar2_interfaces/cmake/export_qcar2_interfaces__rosidl_typesupport_fastrtps_cppExport.cmake
-- Installing: /home/arturo-noble/Documents/GitHub/ACC_Development/Development/ros2/install/qcar2_interfaces/share/qcar2_interfaces/cmake/export_qcar2_interfaces__rosidl_typesupport_fastrtps_cppExport-noconfig.cmake
-- Installing: /home/arturo-noble/Documents/GitHub/ACC_Development/Development/ros2/install/qcar2_interfaces/share/qcar2_interfaces/cmake/qcar2_interfaces__rosidl_typesupport_introspection_cppExport.cmake
-- Installing: /home/arturo-noble/Documents/GitHub/ACC_Development/Development/ros2/install/qcar2_interfaces/share/qcar2_interfaces/cmake/qcar2_interfaces__rosidl_typesupport_introspection_cppExport-noconfig.cmake
-- Installing: /home/arturo-noble/Documents/GitHub/ACC_Development/Development/ros2/install/qcar2_interfaces/share/qcar2_interfaces/cmake/qcar2_interfaces__rosidl_typesupport_cppExport.cmake
-- Installing: /home/arturo-noble/Documents/GitHub/ACC_Development/Development/ros2/install/qcar2_interfaces/share/qcar2_interfaces/cmake/qcar2_interfaces__rosidl_typesupport_cppExport-noconfig.cmake
-- Installing: /home/arturo-noble/Documents/GitHub/ACC_Development/Development/ros2/install/qcar2_interfaces/share/qcar2_interfaces/cmake/export_qcar2_interfaces__rosidl_generator_pyExport.cmake
-- Installing: /home/arturo-noble/Documents/GitHub/ACC_Development/Development/ros2/install/qcar2_interfaces/share/qcar2_interfaces/cmake/export_qcar2_interfaces__rosidl_generator_pyExport-noconfig.cmake
