-- Install configuration: "Release"
-- Execute custom install script
-- Up-to-date symlink: /workspaces/isaac_ros-dev/install/gxf_isaac_gxf_helpers/share/gxf_isaac_gxf_helpers/gxf/lib/libgxf_isaac_gxf_helpers.so
-- Up-to-date symlink: /workspaces/isaac_ros-dev/install/gxf_isaac_gxf_helpers/share/gxf_isaac_gxf_helpers/gxf/include/extensions/gxf_helpers/parameter_parser_isaac.hpp
-- Up-to-date symlink: /workspaces/isaac_ros-dev/install/gxf_isaac_gxf_helpers/share/gxf_isaac_gxf_helpers/gxf/include/extensions/gxf_helpers/parameter_wrapper_isaac.hpp
-- Up-to-date symlink: /workspaces/isaac_ros-dev/install/gxf_isaac_gxf_helpers/share/gxf_isaac_gxf_helpers/gxf/include/extensions/gxf_helpers/string_provider.hpp
-- Up-to-date symlink: /workspaces/isaac_ros-dev/install/gxf_isaac_gxf_helpers/share/gxf_isaac_gxf_helpers/environment/library_path.sh
-- Up-to-date symlink: /workspaces/isaac_ros-dev/install/gxf_isaac_gxf_helpers/share/gxf_isaac_gxf_helpers/environment/library_path.dsv
-- Up-to-date symlink: /workspaces/isaac_ros-dev/install/gxf_isaac_gxf_helpers/share/ament_index/resource_index/package_run_dependencies/gxf_isaac_gxf_helpers
-- Up-to-date symlink: /workspaces/isaac_ros-dev/install/gxf_isaac_gxf_helpers/share/ament_index/resource_index/parent_prefix_path/gxf_isaac_gxf_helpers
-- Up-to-date symlink: /workspaces/isaac_ros-dev/install/gxf_isaac_gxf_helpers/share/gxf_isaac_gxf_helpers/environment/ament_prefix_path.sh
-- Up-to-date symlink: /workspaces/isaac_ros-dev/install/gxf_isaac_gxf_helpers/share/gxf_isaac_gxf_helpers/environment/ament_prefix_path.dsv
-- Up-to-date symlink: /workspaces/isaac_ros-dev/install/gxf_isaac_gxf_helpers/share/gxf_isaac_gxf_helpers/environment/path.sh
-- Up-to-date symlink: /workspaces/isaac_ros-dev/install/gxf_isaac_gxf_helpers/share/gxf_isaac_gxf_helpers/environment/path.dsv
-- Up-to-date symlink: /workspaces/isaac_ros-dev/install/gxf_isaac_gxf_helpers/share/gxf_isaac_gxf_helpers/local_setup.bash
-- Up-to-date symlink: /workspaces/isaac_ros-dev/install/gxf_isaac_gxf_helpers/share/gxf_isaac_gxf_helpers/local_setup.sh
-- Up-to-date symlink: /workspaces/isaac_ros-dev/install/gxf_isaac_gxf_helpers/share/gxf_isaac_gxf_helpers/local_setup.zsh
-- Up-to-date symlink: /workspaces/isaac_ros-dev/install/gxf_isaac_gxf_helpers/share/gxf_isaac_gxf_helpers/local_setup.dsv
-- Symlinking: /workspaces/isaac_ros-dev/install/gxf_isaac_gxf_helpers/share/gxf_isaac_gxf_helpers/package.dsv
-- Up-to-date symlink: /workspaces/isaac_ros-dev/install/gxf_isaac_gxf_helpers/share/ament_index/resource_index/packages/gxf_isaac_gxf_helpers
-- Up-to-date symlink: /workspaces/isaac_ros-dev/install/gxf_isaac_gxf_helpers/share/gxf_isaac_gxf_helpers/cmake/ament_cmake_export_targets-extras.cmake
-- Up-to-date symlink: /workspaces/isaac_ros-dev/install/gxf_isaac_gxf_helpers/share/gxf_isaac_gxf_helpers/cmake/ament_cmake_export_dependencies-extras.cmake
-- Up-to-date symlink: /workspaces/isaac_ros-dev/install/gxf_isaac_gxf_helpers/share/gxf_isaac_gxf_helpers/cmake/gxf_isaac_gxf_helpersConfig.cmake
-- Up-to-date symlink: /workspaces/isaac_ros-dev/install/gxf_isaac_gxf_helpers/share/gxf_isaac_gxf_helpers/cmake/gxf_isaac_gxf_helpersConfig-version.cmake
-- Up-to-date symlink: /workspaces/isaac_ros-dev/install/gxf_isaac_gxf_helpers/share/gxf_isaac_gxf_helpers/package.xml
-- Up-to-date: /workspaces/isaac_ros-dev/install/gxf_isaac_gxf_helpers/share/gxf_isaac_gxf_helpers/cmake/export_gxf_isaac_gxf_helpersExport.cmake
