[0.752s] Invoking command in '/workspaces/isaac_ros-dev/ros2/build/qcar2_autonomy': AMENT_PREFIX_PATH=/workspaces/isaac_ros-dev/ros2/install/qcar2_interfaces:${AMENT_PREFIX_PATH} CMAKE_PREFIX_PATH=/workspaces/isaac_ros-dev/ros2/install/qcar2_interfaces:${CMAKE_PREFIX_PATH} LD_LIBRARY_PATH=/workspaces/isaac_ros-dev/ros2/install/qcar2_interfaces/lib:${LD_LIBRARY_PATH} PYTHONPATH=/workspaces/isaac_ros-dev/ros2/build/qcar2_autonomy/prefix_override:/workspaces/isaac_ros-dev/ros2/install/qcar2_autonomy/lib/python3.8/site-packages:/workspaces/isaac_ros-dev/ros2/install/qcar2_interfaces/lib/python3.8/site-packages:${PYTHONPATH} /usr/bin/python3 setup.py develop --editable --build-directory /workspaces/isaac_ros-dev/ros2/build/qcar2_autonomy/build --no-deps install_data
[0.938s] running develop
[1.039s] running egg_info
[1.044s] writing qcar2_autonomy.egg-info/PKG-INFO
[1.044s] writing dependency_links to qcar2_autonomy.egg-info/dependency_links.txt
[1.045s] writing entry points to qcar2_autonomy.egg-info/entry_points.txt
[1.045s] writing requirements to qcar2_autonomy.egg-info/requires.txt
[1.045s] writing top-level names to qcar2_autonomy.egg-info/top_level.txt
[1.055s] reading manifest file 'qcar2_autonomy.egg-info/SOURCES.txt'
[1.055s] writing manifest file 'qcar2_autonomy.egg-info/SOURCES.txt'
[1.078s] running build_ext
[1.078s] Creating /workspaces/isaac_ros-dev/ros2/install/qcar2_autonomy/lib/python3.8/site-packages/qcar2-autonomy.egg-link (link to .)
[1.078s] Installing bev_csi_node script to /workspaces/isaac_ros-dev/ros2/install/qcar2_autonomy/lib/qcar2_autonomy
[1.079s] Installing bev_csi_seg script to /workspaces/isaac_ros-dev/ros2/install/qcar2_autonomy/lib/qcar2_autonomy
[1.079s] Installing controller_watchdog script to /workspaces/isaac_ros-dev/ros2/install/qcar2_autonomy/lib/qcar2_autonomy
[1.079s] Installing ekf_fusor script to /workspaces/isaac_ros-dev/ros2/install/qcar2_autonomy/lib/qcar2_autonomy
[1.079s] Installing lane_detection script to /workspaces/isaac_ros-dev/ros2/install/qcar2_autonomy/lib/qcar2_autonomy
[1.079s] Installing lane_stanley_node script to /workspaces/isaac_ros-dev/ros2/install/qcar2_autonomy/lib/qcar2_autonomy
[1.079s] Installing manual_drive script to /workspaces/isaac_ros-dev/ros2/install/qcar2_autonomy/lib/qcar2_autonomy
[1.079s] Installing path_follower script to /workspaces/isaac_ros-dev/ros2/install/qcar2_autonomy/lib/qcar2_autonomy
[1.079s] Installing pose_estimator script to /workspaces/isaac_ros-dev/ros2/install/qcar2_autonomy/lib/qcar2_autonomy
[1.079s] Installing qcar2_ekf_odometry script to /workspaces/isaac_ros-dev/ros2/install/qcar2_autonomy/lib/qcar2_autonomy
[1.079s] Installing roadmap_alignment_node script to /workspaces/isaac_ros-dev/ros2/install/qcar2_autonomy/lib/qcar2_autonomy
[1.079s] Installing sidewalk_detection script to /workspaces/isaac_ros-dev/ros2/install/qcar2_autonomy/lib/qcar2_autonomy
[1.079s] Installing stanley_live_plot script to /workspaces/isaac_ros-dev/ros2/install/qcar2_autonomy/lib/qcar2_autonomy
[1.079s] Installing trip_planner script to /workspaces/isaac_ros-dev/ros2/install/qcar2_autonomy/lib/qcar2_autonomy
[1.079s] Installing visual_odometry script to /workspaces/isaac_ros-dev/ros2/install/qcar2_autonomy/lib/qcar2_autonomy
[1.079s] 
[1.079s] Installed /workspaces/isaac_ros-dev/ros2/build/qcar2_autonomy
[1.079s] running install_data
[1.080s] copying launch/autonomy_planner_launch.py -> /workspaces/isaac_ros-dev/ros2/install/qcar2_autonomy/share/qcar2_autonomy/launch
[1.130s] Invoked command in '/workspaces/isaac_ros-dev/ros2/build/qcar2_autonomy' returned '0': AMENT_PREFIX_PATH=/workspaces/isaac_ros-dev/ros2/install/qcar2_interfaces:${AMENT_PREFIX_PATH} CMAKE_PREFIX_PATH=/workspaces/isaac_ros-dev/ros2/install/qcar2_interfaces:${CMAKE_PREFIX_PATH} LD_LIBRARY_PATH=/workspaces/isaac_ros-dev/ros2/install/qcar2_interfaces/lib:${LD_LIBRARY_PATH} PYTHONPATH=/workspaces/isaac_ros-dev/ros2/build/qcar2_autonomy/prefix_override:/workspaces/isaac_ros-dev/ros2/install/qcar2_autonomy/lib/python3.8/site-packages:/workspaces/isaac_ros-dev/ros2/install/qcar2_interfaces/lib/python3.8/site-packages:${PYTHONPATH} /usr/bin/python3 setup.py develop --editable --build-directory /workspaces/isaac_ros-dev/ros2/build/qcar2_autonomy/build --no-deps install_data
