[1.680s] Invoking command in '/home/nvidia/Documents/ACC_Development/Development/ros2/src/qcar2_autonomy': AMENT_PREFIX_PATH=/home/nvidia/Documents/ACC_Development/Development/ros2/install/qcar2_interfaces CMAKE_PREFIX_PATH=/home/nvidia/Documents/ACC_Development/Development/ros2/install/qcar2_interfaces LD_LIBRARY_PATH=/home/nvidia/Documents/ACC_Development/Development/ros2/install/qcar2_interfaces/lib:/usr/local/cuda/lib64:/usr/local/cuda/lib64:/usr/local/cuda/lib64 PYTHONPATH=/home/nvidia/Documents/ACC_Development/Development/ros2/build/qcar2_autonomy/prefix_override:/usr/lib/python3/dist-packages/colcon_core/task/python/colcon_distutils_commands:/home/nvidia/Documents/ACC_Development/Development/ros2/install/qcar2_autonomy/lib/python3.8/site-packages:/home/nvidia/Documents/ACC_Development/Development/ros2/install/qcar2_interfaces/lib/python3.9/site-packages:${PYTHONPATH} /usr/bin/python3 -W ignore:setup.py install is deprecated setup.py egg_info --egg-base ../../build/qcar2_autonomy build --build-base /home/nvidia/Documents/ACC_Development/Development/ros2/build/qcar2_autonomy/build install --record /home/nvidia/Documents/ACC_Development/Development/ros2/build/qcar2_autonomy/install.log --single-version-externally-managed install_data
[2.226s] running egg_info
[2.244s] writing ../../build/qcar2_autonomy/qcar2_autonomy.egg-info/PKG-INFO
[2.244s] writing dependency_links to ../../build/qcar2_autonomy/qcar2_autonomy.egg-info/dependency_links.txt
[2.245s] writing entry points to ../../build/qcar2_autonomy/qcar2_autonomy.egg-info/entry_points.txt
[2.245s] writing requirements to ../../build/qcar2_autonomy/qcar2_autonomy.egg-info/requires.txt
[2.246s] writing top-level names to ../../build/qcar2_autonomy/qcar2_autonomy.egg-info/top_level.txt
[2.284s] reading manifest file '../../build/qcar2_autonomy/qcar2_autonomy.egg-info/SOURCES.txt'
[2.287s] writing manifest file '../../build/qcar2_autonomy/qcar2_autonomy.egg-info/SOURCES.txt'
[2.287s] running build
[2.287s] running build_py
[2.288s] copying autonomy/yolo_detector.py -> /home/nvidia/Documents/ACC_Development/Development/ros2/build/qcar2_autonomy/build/lib/autonomy
[2.288s] copying autonomy/cuda_utils.py -> /home/nvidia/Documents/ACC_Development/Development/ros2/build/qcar2_autonomy/build/lib/autonomy
[2.288s] copying autonomy/sidewalk_detection.py -> /home/nvidia/Documents/ACC_Development/Development/ros2/build/qcar2_autonomy/build/lib/autonomy
[2.289s] copying autonomy/lane_detection.py -> /home/nvidia/Documents/ACC_Development/Development/ros2/build/qcar2_autonomy/build/lib/autonomy
[2.289s] running install
[2.298s] running install_lib
[2.316s] copying /home/nvidia/Documents/ACC_Development/Development/ros2/build/qcar2_autonomy/build/lib/autonomy/yolo_detector.py -> /home/nvidia/Documents/ACC_Development/Development/ros2/install/qcar2_autonomy/lib/python3.8/site-packages/autonomy
[2.316s] copying /home/nvidia/Documents/ACC_Development/Development/ros2/build/qcar2_autonomy/build/lib/autonomy/cuda_utils.py -> /home/nvidia/Documents/ACC_Development/Development/ros2/install/qcar2_autonomy/lib/python3.8/site-packages/autonomy
[2.317s] copying /home/nvidia/Documents/ACC_Development/Development/ros2/build/qcar2_autonomy/build/lib/autonomy/sidewalk_detection.py -> /home/nvidia/Documents/ACC_Development/Development/ros2/install/qcar2_autonomy/lib/python3.8/site-packages/autonomy
[2.317s] copying /home/nvidia/Documents/ACC_Development/Development/ros2/build/qcar2_autonomy/build/lib/autonomy/lane_detection.py -> /home/nvidia/Documents/ACC_Development/Development/ros2/install/qcar2_autonomy/lib/python3.8/site-packages/autonomy
[2.318s] byte-compiling /home/nvidia/Documents/ACC_Development/Development/ros2/install/qcar2_autonomy/lib/python3.8/site-packages/autonomy/yolo_detector.py to yolo_detector.cpython-38.pyc
[2.321s] byte-compiling /home/nvidia/Documents/ACC_Development/Development/ros2/install/qcar2_autonomy/lib/python3.8/site-packages/autonomy/cuda_utils.py to cuda_utils.cpython-38.pyc
[2.323s] byte-compiling /home/nvidia/Documents/ACC_Development/Development/ros2/install/qcar2_autonomy/lib/python3.8/site-packages/autonomy/sidewalk_detection.py to sidewalk_detection.cpython-38.pyc
[2.325s] byte-compiling /home/nvidia/Documents/ACC_Development/Development/ros2/install/qcar2_autonomy/lib/python3.8/site-packages/autonomy/lane_detection.py to lane_detection.cpython-38.pyc
[2.327s] running install_data
[2.327s] running install_egg_info
[2.347s] removing '/home/nvidia/Documents/ACC_Development/Development/ros2/install/qcar2_autonomy/lib/python3.8/site-packages/qcar2_autonomy-0.0.0-py3.8.egg-info' (and everything under it)
[2.348s] Copying ../../build/qcar2_autonomy/qcar2_autonomy.egg-info to /home/nvidia/Documents/ACC_Development/Development/ros2/install/qcar2_autonomy/lib/python3.8/site-packages/qcar2_autonomy-0.0.0-py3.8.egg-info
[2.350s] running install_scripts
[2.456s] Installing auto_teach_mapper script to /home/nvidia/Documents/ACC_Development/Development/ros2/install/qcar2_autonomy/lib/qcar2_autonomy
[2.457s] Installing bev_csi_node script to /home/nvidia/Documents/ACC_Development/Development/ros2/install/qcar2_autonomy/lib/qcar2_autonomy
[2.457s] Installing bev_csi_seg script to /home/nvidia/Documents/ACC_Development/Development/ros2/install/qcar2_autonomy/lib/qcar2_autonomy
[2.458s] Installing controller_drive script to /home/nvidia/Documents/ACC_Development/Development/ros2/install/qcar2_autonomy/lib/qcar2_autonomy
[2.458s] Installing lane_assist_blend script to /home/nvidia/Documents/ACC_Development/Development/ros2/install/qcar2_autonomy/lib/qcar2_autonomy
[2.458s] Installing lane_detection script to /home/nvidia/Documents/ACC_Development/Development/ros2/install/qcar2_autonomy/lib/qcar2_autonomy
[2.459s] Installing lane_stanley_node script to /home/nvidia/Documents/ACC_Development/Development/ros2/install/qcar2_autonomy/lib/qcar2_autonomy
[2.459s] Installing manual_drive script to /home/nvidia/Documents/ACC_Development/Development/ros2/install/qcar2_autonomy/lib/qcar2_autonomy
[2.459s] Installing path_follower script to /home/nvidia/Documents/ACC_Development/Development/ros2/install/qcar2_autonomy/lib/qcar2_autonomy
[2.459s] Installing path_teacher script to /home/nvidia/Documents/ACC_Development/Development/ros2/install/qcar2_autonomy/lib/qcar2_autonomy
[2.459s] Installing recorded_map_visualizer script to /home/nvidia/Documents/ACC_Development/Development/ros2/install/qcar2_autonomy/lib/qcar2_autonomy
[2.459s] Installing sidewalk_detection script to /home/nvidia/Documents/ACC_Development/Development/ros2/install/qcar2_autonomy/lib/qcar2_autonomy
[2.460s] Installing stanley_live_plot script to /home/nvidia/Documents/ACC_Development/Development/ros2/install/qcar2_autonomy/lib/qcar2_autonomy
[2.460s] Installing traffic_system_detector script to /home/nvidia/Documents/ACC_Development/Development/ros2/install/qcar2_autonomy/lib/qcar2_autonomy
[2.460s] Installing trip_planner script to /home/nvidia/Documents/ACC_Development/Development/ros2/install/qcar2_autonomy/lib/qcar2_autonomy
[2.460s] Installing yolo_detector script to /home/nvidia/Documents/ACC_Development/Development/ros2/install/qcar2_autonomy/lib/qcar2_autonomy
[2.460s] writing list of installed files to '/home/nvidia/Documents/ACC_Development/Development/ros2/build/qcar2_autonomy/install.log'
[2.563s] Invoked command in '/home/nvidia/Documents/ACC_Development/Development/ros2/src/qcar2_autonomy' returned '0': AMENT_PREFIX_PATH=/home/nvidia/Documents/ACC_Development/Development/ros2/install/qcar2_interfaces CMAKE_PREFIX_PATH=/home/nvidia/Documents/ACC_Development/Development/ros2/install/qcar2_interfaces LD_LIBRARY_PATH=/home/nvidia/Documents/ACC_Development/Development/ros2/install/qcar2_interfaces/lib:/usr/local/cuda/lib64:/usr/local/cuda/lib64:/usr/local/cuda/lib64 PYTHONPATH=/home/nvidia/Documents/ACC_Development/Development/ros2/build/qcar2_autonomy/prefix_override:/usr/lib/python3/dist-packages/colcon_core/task/python/colcon_distutils_commands:/home/nvidia/Documents/ACC_Development/Development/ros2/install/qcar2_autonomy/lib/python3.8/site-packages:/home/nvidia/Documents/ACC_Development/Development/ros2/install/qcar2_interfaces/lib/python3.9/site-packages:${PYTHONPATH} /usr/bin/python3 -W ignore:setup.py install is deprecated setup.py egg_info --egg-base ../../build/qcar2_autonomy build --build-base /home/nvidia/Documents/ACC_Development/Development/ros2/build/qcar2_autonomy/build install --record /home/nvidia/Documents/ACC_Development/Development/ros2/build/qcar2_autonomy/install.log --single-version-externally-managed install_data
