[0.181s] Invoking command in '/workspaces/isaac_ros-dev/build/isaac_ros_nitros_interfaces': CMAKE_PREFIX_PATH=${CMAKE_PREFIX_PATH}:/workspaces/isaac_ros-dev/install/qcar2_autonomy:/workspace/cartographer_ws/install/isaac_ros_test:/opt/ros/humble /usr/bin/cmake /workspaces/isaac_ros-dev/ros2/src/isaac_ros_nitros/isaac_ros_nitros_interfaces -DCMAKE_INSTALL_PREFIX=/workspaces/isaac_ros-dev/install/isaac_ros_nitros_interfaces
[0.193s] -- Found ament_cmake_auto: 1.3.5 (/opt/ros/humble/share/ament_cmake_auto/cmake)
[0.284s] -- Override CMake install command with custom implementation using symlinks instead of copying resources
[0.334s] -- Using all available rosidl_typesupport_c: rosidl_typesupport_fastrtps_c;rosidl_typesupport_introspection_c
[0.337s] -- Found rosidl_adapter: 3.1.5 (/opt/ros/humble/share/rosidl_adapter/cmake)
[0.359s] -- Using all available rosidl_typesupport_cpp: rosidl_typesupport_fastrtps_cpp;rosidl_typesupport_introspection_cpp
[0.377s] -- Loading isaac_ros_common extras
[0.377s] -- CMAKE_BUILD_TYPE: Release
[0.387s] -- Loading isaac_ros_common extras (modules)
[0.431s] -- Found rmw_implementation_cmake: 6.1.1 (/opt/ros/humble/share/rmw_implementation_cmake/cmake)
[0.433s] -- Found rmw_fastrtps_cpp: 6.2.4 (/opt/ros/humble/share/rmw_fastrtps_cpp/cmake)
[0.551s] -- Using RMW implementation 'rmw_fastrtps_cpp' as default
[0.740s] -- Found ament_cmake_ros: 0.10.0 (/opt/ros/humble/share/ament_cmake_ros/cmake)
[0.818s] -- Using all available rosidl_typesupport_c: rosidl_typesupport_fastrtps_c;rosidl_typesupport_introspection_c
[0.917s] -- Using all available rosidl_typesupport_cpp: rosidl_typesupport_fastrtps_cpp;rosidl_typesupport_introspection_cpp
[0.938s] -- Found python_cmake_module: 0.10.0 (/opt/ros/humble/share/python_cmake_module/cmake)
[0.957s] -- Using PYTHON_EXECUTABLE: /usr/bin/python3
[0.957s] -- Using PYTHON_INCLUDE_DIRS: /usr/include/python3.8
[0.957s] -- Using PYTHON_LIBRARIES: /usr/lib/x86_64-linux-gnu/libpython3.8.so
[0.970s] -- Found ament_lint_auto: 0.12.8 (/opt/ros/humble/share/ament_lint_auto/cmake)
[0.978s] -- Added test 'lint_cmake' to check CMake code style
[0.978s] -- Added test 'xmllint' to check XML markup files
[0.979s] -- Configuring done
[0.996s] -- Generating done
[0.998s] -- Build files have been written to: /workspaces/isaac_ros-dev/build/isaac_ros_nitros_interfaces
[1.036s] Invoked command in '/workspaces/isaac_ros-dev/build/isaac_ros_nitros_interfaces' returned '0': CMAKE_PREFIX_PATH=${CMAKE_PREFIX_PATH}:/workspaces/isaac_ros-dev/install/qcar2_autonomy:/workspace/cartographer_ws/install/isaac_ros_test:/opt/ros/humble /usr/bin/cmake /workspaces/isaac_ros-dev/ros2/src/isaac_ros_nitros/isaac_ros_nitros_interfaces -DCMAKE_INSTALL_PREFIX=/workspaces/isaac_ros-dev/install/isaac_ros_nitros_interfaces
[1.039s] Invoking command in '/workspaces/isaac_ros-dev/build/isaac_ros_nitros_interfaces': CMAKE_PREFIX_PATH=${CMAKE_PREFIX_PATH}:/workspaces/isaac_ros-dev/install/qcar2_autonomy:/workspace/cartographer_ws/install/isaac_ros_test:/opt/ros/humble /usr/bin/cmake --build /workspaces/isaac_ros-dev/build/isaac_ros_nitros_interfaces -- -j20 -l20
[1.057s] [35m[1mConsolidate compiler generated dependencies of target isaac_ros_nitros_interfaces__rosidl_generator_c[0m
[1.061s] [  3%] Built target isaac_ros_nitros_interfaces__cpp
[1.063s] [  3%] Built target ament_cmake_python_symlink_isaac_ros_nitros_interfaces
[1.063s] [ 12%] Built target isaac_ros_nitros_interfaces__rosidl_generator_c
[1.066s] [35m[1mConsolidate compiler generated dependencies of target isaac_ros_nitros_interfaces__rosidl_typesupport_cpp[0m
[1.066s] [35m[1mConsolidate compiler generated dependencies of target isaac_ros_nitros_interfaces__rosidl_typesupport_fastrtps_cpp[0m
[1.066s] [35m[1mConsolidate compiler generated dependencies of target isaac_ros_nitros_interfaces__rosidl_typesupport_introspection_cpp[0m
[1.068s] [35m[1mConsolidate compiler generated dependencies of target isaac_ros_nitros_interfaces__rosidl_typesupport_c[0m
[1.069s] [35m[1mConsolidate compiler generated dependencies of target isaac_ros_nitros_interfaces__rosidl_typesupport_fastrtps_c[0m
[1.071s] [35m[1mConsolidate compiler generated dependencies of target isaac_ros_nitros_interfaces__rosidl_typesupport_introspection_c[0m
[1.072s] [ 22%] Built target isaac_ros_nitros_interfaces__rosidl_typesupport_introspection_cpp
[1.072s] [ 32%] Built target isaac_ros_nitros_interfaces__rosidl_typesupport_cpp
[1.073s] [ 41%] Built target isaac_ros_nitros_interfaces__rosidl_typesupport_fastrtps_cpp
[1.074s] [ 51%] Built target isaac_ros_nitros_interfaces__rosidl_typesupport_c
[1.076s] [ 61%] Built target isaac_ros_nitros_interfaces__rosidl_typesupport_fastrtps_c
[1.077s] [ 70%] Built target isaac_ros_nitros_interfaces__rosidl_typesupport_introspection_c
[1.087s] [ 70%] Built target isaac_ros_nitros_interfaces
[1.096s] [ 74%] Built target isaac_ros_nitros_interfaces__py
[1.102s] [35m[1mConsolidate compiler generated dependencies of target isaac_ros_nitros_interfaces__rosidl_generator_py[0m
[1.108s] [ 80%] Built target isaac_ros_nitros_interfaces__rosidl_generator_py
[1.113s] [35m[1mConsolidate compiler generated dependencies of target isaac_ros_nitros_interfaces__rosidl_typesupport_introspection_c__pyext[0m
[1.113s] [35m[1mConsolidate compiler generated dependencies of target isaac_ros_nitros_interfaces__rosidl_typesupport_fastrtps_c__pyext[0m
[1.116s] [35m[1mConsolidate compiler generated dependencies of target isaac_ros_nitros_interfaces__rosidl_typesupport_c__pyext[0m
[1.121s] [ 87%] Built target isaac_ros_nitros_interfaces__rosidl_typesupport_introspection_c__pyext
[1.121s] [ 93%] Built target isaac_ros_nitros_interfaces__rosidl_typesupport_fastrtps_c__pyext
[1.122s] [100%] Built target isaac_ros_nitros_interfaces__rosidl_typesupport_c__pyext
[1.279s] running egg_info
[1.286s] writing isaac_ros_nitros_interfaces.egg-info/PKG-INFO
[1.286s] writing dependency_links to isaac_ros_nitros_interfaces.egg-info/dependency_links.txt
[1.286s] writing top-level names to isaac_ros_nitros_interfaces.egg-info/top_level.txt
[1.308s] reading manifest file 'isaac_ros_nitros_interfaces.egg-info/SOURCES.txt'
[1.308s] writing manifest file 'isaac_ros_nitros_interfaces.egg-info/SOURCES.txt'
[1.339s] [100%] Built target ament_cmake_python_build_isaac_ros_nitros_interfaces_egg
[1.343s] Invoked command in '/workspaces/isaac_ros-dev/build/isaac_ros_nitros_interfaces' returned '0': CMAKE_PREFIX_PATH=${CMAKE_PREFIX_PATH}:/workspaces/isaac_ros-dev/install/qcar2_autonomy:/workspace/cartographer_ws/install/isaac_ros_test:/opt/ros/humble /usr/bin/cmake --build /workspaces/isaac_ros-dev/build/isaac_ros_nitros_interfaces -- -j20 -l20
[1.476s] Invoking command in '/workspaces/isaac_ros-dev/build/isaac_ros_nitros_interfaces': CMAKE_PREFIX_PATH=${CMAKE_PREFIX_PATH}:/workspaces/isaac_ros-dev/install/qcar2_autonomy:/workspace/cartographer_ws/install/isaac_ros_test:/opt/ros/humble /usr/bin/cmake --install /workspaces/isaac_ros-dev/build/isaac_ros_nitros_interfaces
[1.480s] -- Install configuration: "Release"
[1.480s] -- Execute custom install script
[1.481s] -- Symlinking: /workspaces/isaac_ros-dev/install/isaac_ros_nitros_interfaces/share/ament_index/resource_index/rosidl_interfaces/isaac_ros_nitros_interfaces
[1.484s] -- Symlinking: /workspaces/isaac_ros-dev/install/isaac_ros_nitros_interfaces/include/isaac_ros_nitros_interfaces/isaac_ros_nitros_interfaces/msg/detail/topic_statistics__functions.h
[1.486s] -- Symlinking: /workspaces/isaac_ros-dev/install/isaac_ros_nitros_interfaces/include/isaac_ros_nitros_interfaces/isaac_ros_nitros_interfaces/msg/detail/topic_statistics__struct.h
[1.489s] -- Symlinking: /workspaces/isaac_ros-dev/install/isaac_ros_nitros_interfaces/include/isaac_ros_nitros_interfaces/isaac_ros_nitros_interfaces/msg/detail/topic_statistics__type_support.h
[1.491s] -- Symlinking: /workspaces/isaac_ros-dev/install/isaac_ros_nitros_interfaces/include/isaac_ros_nitros_interfaces/isaac_ros_nitros_interfaces/msg/rosidl_generator_c__visibility_control.h
[1.495s] -- Symlinking: /workspaces/isaac_ros-dev/install/isaac_ros_nitros_interfaces/include/isaac_ros_nitros_interfaces/isaac_ros_nitros_interfaces/msg/topic_statistics.h
[1.498s] -- Symlinking: /workspaces/isaac_ros-dev/install/isaac_ros_nitros_interfaces/share/isaac_ros_nitros_interfaces/environment/library_path.sh
[1.501s] -- Symlinking: /workspaces/isaac_ros-dev/install/isaac_ros_nitros_interfaces/share/isaac_ros_nitros_interfaces/environment/library_path.dsv
[1.503s] -- Symlinking: /workspaces/isaac_ros-dev/install/isaac_ros_nitros_interfaces/include/isaac_ros_nitros_interfaces/isaac_ros_nitros_interfaces/msg/detail/topic_statistics__rosidl_typesupport_fastrtps_c.h
[1.506s] -- Symlinking: /workspaces/isaac_ros-dev/install/isaac_ros_nitros_interfaces/include/isaac_ros_nitros_interfaces/isaac_ros_nitros_interfaces/msg/rosidl_typesupport_fastrtps_c__visibility_control.h
[1.508s] -- Symlinking: /workspaces/isaac_ros-dev/install/isaac_ros_nitros_interfaces/include/isaac_ros_nitros_interfaces/isaac_ros_nitros_interfaces/msg/detail/topic_statistics__rosidl_typesupport_introspection_c.h
[1.512s] -- Symlinking: /workspaces/isaac_ros-dev/install/isaac_ros_nitros_interfaces/include/isaac_ros_nitros_interfaces/isaac_ros_nitros_interfaces/msg/rosidl_typesupport_introspection_c__visibility_control.h
[1.516s] -- Symlinking: /workspaces/isaac_ros-dev/install/isaac_ros_nitros_interfaces/include/isaac_ros_nitros_interfaces/isaac_ros_nitros_interfaces/msg/detail/topic_statistics__builder.hpp
[1.519s] -- Symlinking: /workspaces/isaac_ros-dev/install/isaac_ros_nitros_interfaces/include/isaac_ros_nitros_interfaces/isaac_ros_nitros_interfaces/msg/detail/topic_statistics__struct.hpp
[1.521s] -- Symlinking: /workspaces/isaac_ros-dev/install/isaac_ros_nitros_interfaces/include/isaac_ros_nitros_interfaces/isaac_ros_nitros_interfaces/msg/detail/topic_statistics__traits.hpp
[1.523s] -- Symlinking: /workspaces/isaac_ros-dev/install/isaac_ros_nitros_interfaces/include/isaac_ros_nitros_interfaces/isaac_ros_nitros_interfaces/msg/topic_statistics.hpp
[1.526s] -- Symlinking: /workspaces/isaac_ros-dev/install/isaac_ros_nitros_interfaces/include/isaac_ros_nitros_interfaces/isaac_ros_nitros_interfaces/msg/detail/topic_statistics__rosidl_typesupport_fastrtps_cpp.hpp
[1.529s] -- Symlinking: /workspaces/isaac_ros-dev/install/isaac_ros_nitros_interfaces/include/isaac_ros_nitros_interfaces/isaac_ros_nitros_interfaces/msg/rosidl_typesupport_fastrtps_cpp__visibility_control.h
[1.532s] -- Symlinking: /workspaces/isaac_ros-dev/install/isaac_ros_nitros_interfaces/include/isaac_ros_nitros_interfaces/isaac_ros_nitros_interfaces/msg/detail/topic_statistics__rosidl_typesupport_introspection_cpp.hpp
[1.535s] -- Symlinking: /workspaces/isaac_ros-dev/install/isaac_ros_nitros_interfaces/share/isaac_ros_nitros_interfaces/environment/pythonpath.sh
[1.538s] -- Symlinking: /workspaces/isaac_ros-dev/install/isaac_ros_nitros_interfaces/share/isaac_ros_nitros_interfaces/environment/pythonpath.dsv
[1.541s] -- Symlinking: /workspaces/isaac_ros-dev/install/isaac_ros_nitros_interfaces/lib/python3.8/site-packages/isaac_ros_nitros_interfaces-3.1.0-py3.8.egg-info/PKG-INFO
[1.543s] -- Symlinking: /workspaces/isaac_ros-dev/install/isaac_ros_nitros_interfaces/lib/python3.8/site-packages/isaac_ros_nitros_interfaces-3.1.0-py3.8.egg-info/SOURCES.txt
[1.547s] -- Symlinking: /workspaces/isaac_ros-dev/install/isaac_ros_nitros_interfaces/lib/python3.8/site-packages/isaac_ros_nitros_interfaces-3.1.0-py3.8.egg-info/dependency_links.txt
[1.551s] -- Symlinking: /workspaces/isaac_ros-dev/install/isaac_ros_nitros_interfaces/lib/python3.8/site-packages/isaac_ros_nitros_interfaces-3.1.0-py3.8.egg-info/top_level.txt
[1.554s] -- Symlinking: /workspaces/isaac_ros-dev/install/isaac_ros_nitros_interfaces/lib/python3.8/site-packages/isaac_ros_nitros_interfaces/__init__.py
[1.556s] -- Symlinking: /workspaces/isaac_ros-dev/install/isaac_ros_nitros_interfaces/lib/python3.8/site-packages/isaac_ros_nitros_interfaces/_isaac_ros_nitros_interfaces_s.ep.rosidl_typesupport_c.c
[1.558s] -- Symlinking: /workspaces/isaac_ros-dev/install/isaac_ros_nitros_interfaces/lib/python3.8/site-packages/isaac_ros_nitros_interfaces/_isaac_ros_nitros_interfaces_s.ep.rosidl_typesupport_fastrtps_c.c
[1.561s] -- Symlinking: /workspaces/isaac_ros-dev/install/isaac_ros_nitros_interfaces/lib/python3.8/site-packages/isaac_ros_nitros_interfaces/_isaac_ros_nitros_interfaces_s.ep.rosidl_typesupport_introspection_c.c
[1.564s] -- Symlinking: /workspaces/isaac_ros-dev/install/isaac_ros_nitros_interfaces/lib/python3.8/site-packages/isaac_ros_nitros_interfaces/isaac_ros_nitros_interfaces_s__rosidl_typesupport_c.cpython-38-x86_64-linux-gnu.so
[1.568s] -- Symlinking: /workspaces/isaac_ros-dev/install/isaac_ros_nitros_interfaces/lib/python3.8/site-packages/isaac_ros_nitros_interfaces/isaac_ros_nitros_interfaces_s__rosidl_typesupport_fastrtps_c.cpython-38-x86_64-linux-gnu.so
[1.570s] -- Symlinking: /workspaces/isaac_ros-dev/install/isaac_ros_nitros_interfaces/lib/python3.8/site-packages/isaac_ros_nitros_interfaces/isaac_ros_nitros_interfaces_s__rosidl_typesupport_introspection_c.cpython-38-x86_64-linux-gnu.so
[1.573s] -- Symlinking: /workspaces/isaac_ros-dev/install/isaac_ros_nitros_interfaces/lib/python3.8/site-packages/isaac_ros_nitros_interfaces/libisaac_ros_nitros_interfaces__rosidl_generator_py.so
[1.576s] -- Symlinking: /workspaces/isaac_ros-dev/install/isaac_ros_nitros_interfaces/lib/python3.8/site-packages/isaac_ros_nitros_interfaces/msg/__init__.py
[1.579s] -- Symlinking: /workspaces/isaac_ros-dev/install/isaac_ros_nitros_interfaces/lib/python3.8/site-packages/isaac_ros_nitros_interfaces/msg/_topic_statistics.py
[1.582s] -- Symlinking: /workspaces/isaac_ros-dev/install/isaac_ros_nitros_interfaces/lib/python3.8/site-packages/isaac_ros_nitros_interfaces/msg/_topic_statistics_s.c
[1.586s] -- Up-to-date symlink: /workspaces/isaac_ros-dev/install/isaac_ros_nitros_interfaces/lib/python3.8/site-packages/isaac_ros_nitros_interfaces/isaac_ros_nitros_interfaces_s__rosidl_typesupport_fastrtps_c.cpython-38-x86_64-linux-gnu.so
[1.587s] -- Up-to-date symlink: /workspaces/isaac_ros-dev/install/isaac_ros_nitros_interfaces/lib/python3.8/site-packages/isaac_ros_nitros_interfaces/isaac_ros_nitros_interfaces_s__rosidl_typesupport_introspection_c.cpython-38-x86_64-linux-gnu.so
[1.587s] -- Up-to-date symlink: /workspaces/isaac_ros-dev/install/isaac_ros_nitros_interfaces/lib/python3.8/site-packages/isaac_ros_nitros_interfaces/isaac_ros_nitros_interfaces_s__rosidl_typesupport_c.cpython-38-x86_64-linux-gnu.so
[1.587s] -- Symlinking: /workspaces/isaac_ros-dev/install/isaac_ros_nitros_interfaces/share/isaac_ros_nitros_interfaces/msg/TopicStatistics.idl
[1.589s] -- Symlinking: /workspaces/isaac_ros-dev/install/isaac_ros_nitros_interfaces/share/isaac_ros_nitros_interfaces/msg/TopicStatistics.msg
[1.592s] -- Symlinking: /workspaces/isaac_ros-dev/install/isaac_ros_nitros_interfaces/share/ament_index/resource_index/package_run_dependencies/isaac_ros_nitros_interfaces
[1.595s] -- Symlinking: /workspaces/isaac_ros-dev/install/isaac_ros_nitros_interfaces/share/ament_index/resource_index/parent_prefix_path/isaac_ros_nitros_interfaces
[1.597s] -- Symlinking: /workspaces/isaac_ros-dev/install/isaac_ros_nitros_interfaces/share/isaac_ros_nitros_interfaces/environment/ament_prefix_path.sh
[1.599s] -- Symlinking: /workspaces/isaac_ros-dev/install/isaac_ros_nitros_interfaces/share/isaac_ros_nitros_interfaces/environment/ament_prefix_path.dsv
[1.602s] -- Symlinking: /workspaces/isaac_ros-dev/install/isaac_ros_nitros_interfaces/share/isaac_ros_nitros_interfaces/environment/path.sh
[1.605s] -- Symlinking: /workspaces/isaac_ros-dev/install/isaac_ros_nitros_interfaces/share/isaac_ros_nitros_interfaces/environment/path.dsv
[1.609s] -- Symlinking: /workspaces/isaac_ros-dev/install/isaac_ros_nitros_interfaces/share/isaac_ros_nitros_interfaces/local_setup.bash
[1.612s] -- Symlinking: /workspaces/isaac_ros-dev/install/isaac_ros_nitros_interfaces/share/isaac_ros_nitros_interfaces/local_setup.sh
[1.615s] -- Symlinking: /workspaces/isaac_ros-dev/install/isaac_ros_nitros_interfaces/share/isaac_ros_nitros_interfaces/local_setup.zsh
[1.618s] -- Symlinking: /workspaces/isaac_ros-dev/install/isaac_ros_nitros_interfaces/share/isaac_ros_nitros_interfaces/local_setup.dsv
[1.620s] -- Symlinking: /workspaces/isaac_ros-dev/install/isaac_ros_nitros_interfaces/share/isaac_ros_nitros_interfaces/package.dsv
[1.622s] -- Symlinking: /workspaces/isaac_ros-dev/install/isaac_ros_nitros_interfaces/share/ament_index/resource_index/packages/isaac_ros_nitros_interfaces
[1.626s] -- Symlinking: /workspaces/isaac_ros-dev/install/isaac_ros_nitros_interfaces/share/isaac_ros_nitros_interfaces/cmake/rosidl_cmake-extras.cmake
[1.630s] -- Symlinking: /workspaces/isaac_ros-dev/install/isaac_ros_nitros_interfaces/share/isaac_ros_nitros_interfaces/cmake/ament_cmake_export_include_directories-extras.cmake
[1.635s] -- Symlinking: /workspaces/isaac_ros-dev/install/isaac_ros_nitros_interfaces/share/isaac_ros_nitros_interfaces/cmake/ament_cmake_export_libraries-extras.cmake
[1.635s] -- Symlinking: /workspaces/isaac_ros-dev/install/isaac_ros_nitros_interfaces/share/isaac_ros_nitros_interfaces/cmake/ament_cmake_export_targets-extras.cmake
[1.637s] -- Symlinking: /workspaces/isaac_ros-dev/install/isaac_ros_nitros_interfaces/share/isaac_ros_nitros_interfaces/cmake/rosidl_cmake_export_typesupport_targets-extras.cmake
[1.640s] -- Symlinking: /workspaces/isaac_ros-dev/install/isaac_ros_nitros_interfaces/share/isaac_ros_nitros_interfaces/cmake/ament_cmake_export_dependencies-extras.cmake
[1.644s] -- Symlinking: /workspaces/isaac_ros-dev/install/isaac_ros_nitros_interfaces/share/isaac_ros_nitros_interfaces/cmake/rosidl_cmake_export_typesupport_libraries-extras.cmake
[1.647s] -- Symlinking: /workspaces/isaac_ros-dev/install/isaac_ros_nitros_interfaces/share/isaac_ros_nitros_interfaces/cmake/isaac_ros_nitros_interfacesConfig.cmake
[1.652s] -- Symlinking: /workspaces/isaac_ros-dev/install/isaac_ros_nitros_interfaces/share/isaac_ros_nitros_interfaces/cmake/isaac_ros_nitros_interfacesConfig-version.cmake
[1.653s] -- Symlinking: /workspaces/isaac_ros-dev/install/isaac_ros_nitros_interfaces/share/isaac_ros_nitros_interfaces/package.xml
[1.655s] -- Installing: /workspaces/isaac_ros-dev/install/isaac_ros_nitros_interfaces/lib/libisaac_ros_nitros_interfaces__rosidl_generator_c.so
[1.656s] -- Set runtime path of "/workspaces/isaac_ros-dev/install/isaac_ros_nitros_interfaces/lib/libisaac_ros_nitros_interfaces__rosidl_generator_c.so" to ""
[1.656s] -- Installing: /workspaces/isaac_ros-dev/install/isaac_ros_nitros_interfaces/lib/libisaac_ros_nitros_interfaces__rosidl_typesupport_fastrtps_c.so
[1.656s] -- Set runtime path of "/workspaces/isaac_ros-dev/install/isaac_ros_nitros_interfaces/lib/libisaac_ros_nitros_interfaces__rosidl_typesupport_fastrtps_c.so" to ""
[1.656s] -- Installing: /workspaces/isaac_ros-dev/install/isaac_ros_nitros_interfaces/lib/libisaac_ros_nitros_interfaces__rosidl_typesupport_introspection_c.so
[1.656s] -- Set runtime path of "/workspaces/isaac_ros-dev/install/isaac_ros_nitros_interfaces/lib/libisaac_ros_nitros_interfaces__rosidl_typesupport_introspection_c.so" to ""
[1.656s] -- Installing: /workspaces/isaac_ros-dev/install/isaac_ros_nitros_interfaces/lib/libisaac_ros_nitros_interfaces__rosidl_typesupport_c.so
[1.656s] -- Set runtime path of "/workspaces/isaac_ros-dev/install/isaac_ros_nitros_interfaces/lib/libisaac_ros_nitros_interfaces__rosidl_typesupport_c.so" to ""
[1.656s] -- Installing: /workspaces/isaac_ros-dev/install/isaac_ros_nitros_interfaces/lib/libisaac_ros_nitros_interfaces__rosidl_typesupport_fastrtps_cpp.so
[1.656s] -- Set runtime path of "/workspaces/isaac_ros-dev/install/isaac_ros_nitros_interfaces/lib/libisaac_ros_nitros_interfaces__rosidl_typesupport_fastrtps_cpp.so" to ""
[1.656s] -- Installing: /workspaces/isaac_ros-dev/install/isaac_ros_nitros_interfaces/lib/libisaac_ros_nitros_interfaces__rosidl_typesupport_introspection_cpp.so
[1.656s] -- Set runtime path of "/workspaces/isaac_ros-dev/install/isaac_ros_nitros_interfaces/lib/libisaac_ros_nitros_interfaces__rosidl_typesupport_introspection_cpp.so" to ""
[1.656s] -- Installing: /workspaces/isaac_ros-dev/install/isaac_ros_nitros_interfaces/lib/libisaac_ros_nitros_interfaces__rosidl_typesupport_cpp.so
[1.656s] -- Set runtime path of "/workspaces/isaac_ros-dev/install/isaac_ros_nitros_interfaces/lib/libisaac_ros_nitros_interfaces__rosidl_typesupport_cpp.so" to ""
[1.682s] Listing '/workspaces/isaac_ros-dev/install/isaac_ros_nitros_interfaces/lib/python3.8/site-packages/isaac_ros_nitros_interfaces'...
[1.682s] Compiling '/workspaces/isaac_ros-dev/install/isaac_ros_nitros_interfaces/lib/python3.8/site-packages/isaac_ros_nitros_interfaces/__init__.py'...
[1.682s] Listing '/workspaces/isaac_ros-dev/install/isaac_ros_nitros_interfaces/lib/python3.8/site-packages/isaac_ros_nitros_interfaces/msg'...
[1.682s] Compiling '/workspaces/isaac_ros-dev/install/isaac_ros_nitros_interfaces/lib/python3.8/site-packages/isaac_ros_nitros_interfaces/msg/__init__.py'...
[1.682s] Compiling '/workspaces/isaac_ros-dev/install/isaac_ros_nitros_interfaces/lib/python3.8/site-packages/isaac_ros_nitros_interfaces/msg/_topic_statistics.py'...
[1.685s] -- Installing: /workspaces/isaac_ros-dev/install/isaac_ros_nitros_interfaces/lib/libisaac_ros_nitros_interfaces__rosidl_generator_py.so
[1.685s] -- Set runtime path of "/workspaces/isaac_ros-dev/install/isaac_ros_nitros_interfaces/lib/libisaac_ros_nitros_interfaces__rosidl_generator_py.so" to ""
[1.685s] -- Installing: /workspaces/isaac_ros-dev/install/isaac_ros_nitros_interfaces/share/isaac_ros_nitros_interfaces/cmake/export_isaac_ros_nitros_interfaces__rosidl_generator_cExport.cmake
[1.685s] -- Installing: /workspaces/isaac_ros-dev/install/isaac_ros_nitros_interfaces/share/isaac_ros_nitros_interfaces/cmake/export_isaac_ros_nitros_interfaces__rosidl_generator_cExport-release.cmake
[1.685s] -- Installing: /workspaces/isaac_ros-dev/install/isaac_ros_nitros_interfaces/share/isaac_ros_nitros_interfaces/cmake/export_isaac_ros_nitros_interfaces__rosidl_typesupport_fastrtps_cExport.cmake
[1.686s] -- Installing: /workspaces/isaac_ros-dev/install/isaac_ros_nitros_interfaces/share/isaac_ros_nitros_interfaces/cmake/export_isaac_ros_nitros_interfaces__rosidl_typesupport_fastrtps_cExport-release.cmake
[1.686s] -- Installing: /workspaces/isaac_ros-dev/install/isaac_ros_nitros_interfaces/share/isaac_ros_nitros_interfaces/cmake/isaac_ros_nitros_interfaces__rosidl_typesupport_introspection_cExport.cmake
[1.686s] -- Installing: /workspaces/isaac_ros-dev/install/isaac_ros_nitros_interfaces/share/isaac_ros_nitros_interfaces/cmake/isaac_ros_nitros_interfaces__rosidl_typesupport_introspection_cExport-release.cmake
[1.686s] -- Installing: /workspaces/isaac_ros-dev/install/isaac_ros_nitros_interfaces/share/isaac_ros_nitros_interfaces/cmake/isaac_ros_nitros_interfaces__rosidl_typesupport_cExport.cmake
[1.686s] -- Installing: /workspaces/isaac_ros-dev/install/isaac_ros_nitros_interfaces/share/isaac_ros_nitros_interfaces/cmake/isaac_ros_nitros_interfaces__rosidl_typesupport_cExport-release.cmake
[1.686s] -- Installing: /workspaces/isaac_ros-dev/install/isaac_ros_nitros_interfaces/share/isaac_ros_nitros_interfaces/cmake/export_isaac_ros_nitros_interfaces__rosidl_generator_cppExport.cmake
[1.686s] -- Installing: /workspaces/isaac_ros-dev/install/isaac_ros_nitros_interfaces/share/isaac_ros_nitros_interfaces/cmake/export_isaac_ros_nitros_interfaces__rosidl_typesupport_fastrtps_cppExport.cmake
[1.686s] -- Installing: /workspaces/isaac_ros-dev/install/isaac_ros_nitros_interfaces/share/isaac_ros_nitros_interfaces/cmake/export_isaac_ros_nitros_interfaces__rosidl_typesupport_fastrtps_cppExport-release.cmake
[1.687s] -- Installing: /workspaces/isaac_ros-dev/install/isaac_ros_nitros_interfaces/share/isaac_ros_nitros_interfaces/cmake/isaac_ros_nitros_interfaces__rosidl_typesupport_introspection_cppExport.cmake
[1.687s] -- Installing: /workspaces/isaac_ros-dev/install/isaac_ros_nitros_interfaces/share/isaac_ros_nitros_interfaces/cmake/isaac_ros_nitros_interfaces__rosidl_typesupport_introspection_cppExport-release.cmake
[1.687s] -- Installing: /workspaces/isaac_ros-dev/install/isaac_ros_nitros_interfaces/share/isaac_ros_nitros_interfaces/cmake/isaac_ros_nitros_interfaces__rosidl_typesupport_cppExport.cmake
[1.687s] -- Installing: /workspaces/isaac_ros-dev/install/isaac_ros_nitros_interfaces/share/isaac_ros_nitros_interfaces/cmake/isaac_ros_nitros_interfaces__rosidl_typesupport_cppExport-release.cmake
[1.687s] -- Installing: /workspaces/isaac_ros-dev/install/isaac_ros_nitros_interfaces/share/isaac_ros_nitros_interfaces/cmake/export_isaac_ros_nitros_interfaces__rosidl_generator_pyExport.cmake
[1.687s] -- Installing: /workspaces/isaac_ros-dev/install/isaac_ros_nitros_interfaces/share/isaac_ros_nitros_interfaces/cmake/export_isaac_ros_nitros_interfaces__rosidl_generator_pyExport-release.cmake
[1.687s] Invoked command in '/workspaces/isaac_ros-dev/build/isaac_ros_nitros_interfaces' returned '0': CMAKE_PREFIX_PATH=${CMAKE_PREFIX_PATH}:/workspaces/isaac_ros-dev/install/qcar2_autonomy:/workspace/cartographer_ws/install/isaac_ros_test:/opt/ros/humble /usr/bin/cmake --install /workspaces/isaac_ros-dev/build/isaac_ros_nitros_interfaces
